   Compiling copybook-cli v0.4.3 (H:\Code\Rust\copybook-rs\crates\copybook-cli)
   Compiling copybook-bench v0.4.3 (H:\Code\Rust\copybook-rs\tools\copybook-bench)
   Compiling copybook-corruption-rdw v0.4.3 (H:\Code\Rust\copybook-rs\crates\copybook-corruption-rdw)
   Compiling copybook-corruption v0.4.3 (H:\Code\Rust\copybook-rs\crates\copybook-corruption)
   Compiling copybook-rdw v0.4.3 (H:\Code\Rust\copybook-rs\crates\copybook-rdw)
   Compiling copybook-fixed v0.4.3 (H:\Code\Rust\copybook-rs\crates\copybook-fixed)
   Compiling copybook-corruption-detectors v0.4.3 (H:\Code\Rust\copybook-rs\crates\copybook-corruption-detectors)
   Compiling copybook-charset v0.4.3 (H:\Code\Rust\copybook-rs\crates\copybook-charset)
   Compiling copybook-codepage v0.4.3 (H:\Code\Rust\copybook-rs\crates\copybook-codepage)
   Compiling copybook-dialect v0.4.3 (H:\Code\Rust\copybook-rs\crates\copybook-dialect)
   Compiling copybook-sequence-ring v0.4.3 (H:\Code\Rust\copybook-rs\crates\copybook-sequence-ring)
    Finished `test` profile [unoptimized + debuginfo] target(s) in 6.77s
     Running unittests src\lib.rs (target\debug\deps\copybook_arrow-feade6a789975ba9.exe)

running 16 tests
test schema_convert::tests::test_filler_included_when_configured ... ok
test schema_convert::tests::test_filler_skipped ... ok
test schema_convert::tests::test_zoned_decimal_to_decimal128 ... ok
test schema_convert::tests::test_condition_and_renames_skipped ... ok
test schema_convert::tests::test_float_types ... ok
test schema_convert::tests::test_packed_decimal_to_decimal128 ... ok
test schema_convert::tests::test_group_flattening ... ok
test schema_convert::tests::test_alphanum_to_utf8 ... ok
test schema_convert::tests::test_wide_decimal_falls_back_to_utf8 ... ok
test tests::test_legacy_json_to_schema ... ok
test tests::test_legacy_arrow_writer ... ok
test batch_builder::tests::test_batch_builder_flush ... ok
test tests::test_legacy_json_to_record_batch ... ok
test batch_builder::tests::test_batch_builder_auto_flush ... ok
test schema_convert::tests::test_binary_int_types ... ok
test tests::test_legacy_parquet_writer_roundtrip ... ok

test result: ok. 16 passed; 0 failed; 0 ignored; 0 measured; 0 filtered out; finished in 0.00s

     Running tests\arrow_comprehensive_tests.rs (target\debug\deps\arrow_comprehensive_tests-9ba7212c29a6dc18.exe)

running 22 tests
test all_cobol_types_single_schema_maps_correctly ... ok
test empty_batch_flush_returns_none ... ok
test group_produces_struct_with_multiple_children ... ok
test float_values_decoded_correctly ... ok
test binary_int_negative_values_decoded ... ok
test decode_multi_type_records_column_and_row_counts ... ok
test multiple_auto_flush_cycles ... ok
test occurs_fixed_on_binary_int_produces_fixed_list ... ok
test occurs_odo_on_binary_int_produces_list ... ok
test null_handling_partial_record_multi_column ... ok
test packed_decimal_negative_values_decoded_correctly ... ok
test schema_only_filler_fields_emitted_when_configured ... ok
test schema_only_filler_fields_produces_empty_arrow_schema ... ok
test single_record_produces_valid_batch ... ok
test streaming_empty_input_returns_no_batches ... ok
test stream_to_batches_with_schema_returns_correct_schema ... ok
test zoned_decimal_cp037_signed_streaming ... ok
test large_batch_1000_records_streaming ... ok
test ipc_roundtrip_multi_type_data ... ok
test parquet_gzip_roundtrip_data_preserved ... ok
test large_batch_parquet_roundtrip ... ok
test parquet_zstd_roundtrip_multi_type ... ok

test result: ok. 22 passed; 0 failed; 0 ignored; 0 measured; 0 filtered out; finished in 0.01s

     Running tests\arrow_edge_cases.rs (target\debug\deps\arrow_edge_cases-0e69249332da4f3f.exe)

running 68 tests
test arrow_error_column_build_variant ... ok
test arrow_error_codec_variant ... ok
test arrow_error_io_conversion ... ok
test arrow_options_default_values ... ok
test comp1_maps_to_float32 ... ok
test fixed_occurs_alphanum_wraps_in_fixed_size_list ... ok
test arrow_error_ipc_write_variant ... ok
test comp2_maps_to_float64 ... ok
test deeply_nested_group_as_struct ... ok
test batch_builder_float64_ieee ... ok
test batch_builder_float32_ieee ... ok
test batch_builder_packed_decimal_zero_value ... ok
test deeply_nested_group_flattened ... ok
test edited_pic_default_is_decimal ... ok
test batch_builder_alphanum_ascii_decode ... ok
test batch_builder_all_int_widths ... ok
test comp3_various_precisions ... ok
test empty_schema_produces_no_arrow_fields ... ok
test filler_lowercase_skipped ... ok
test empty_record_produces_null_for_all_fields ... ok
test fixed_occurs_on_zoned_decimal_wraps_correctly ... ok
test fixed_occurs_on_group_wraps_struct_in_list ... ok
test group_with_mixed_storage_and_nonstorage_children ... ok
test float32_too_short_data_becomes_null ... ok
test flush_empty_builder_returns_none ... ok
test flush_after_auto_flush_with_no_additional_records ... ok
test filler_skipped_in_batch_builder_decode ... ok
test group_with_only_conditions_omitted_in_struct_mode ... ok
test edited_pic_as_string_option ... ok
test float64_infinity_becomes_null ... ok
test float32_nan_becomes_null ... ok
test filler_uppercase_skipped ... ok
test multi_column_mixed_types_decode ... ok
test odo_on_packed_decimal_wraps_in_list ... ok
test odo_alphanum_wraps_in_variable_list ... ok
test multiple_records_to_single_batch_with_values ... ok
test filler_emitted_when_configured ... ok
test record_batch_schema_matches_copybook_field_names ... ok
test schema_type_mapping_binary_int_to_int64 ... ok
test roundtrip_column_names_match_field_names ... ok
test schema_type_mapping_comp3_to_decimal128 ... ok
test schema_type_mapping_pic_x_to_utf8 ... ok
test schema_type_mapping_pic_9_to_decimal128 ... ok
test schema_with_only_conditions_produces_no_fields ... ok
test schema_with_only_renames_produces_no_fields ... ok
test short_record_alphanum_produces_null ... ok
test short_record_int_produces_null ... ok
test single_alphanum_field_schema ... ok
test single_packed_decimal_field_schema ... ok
test stream_without_lrecl_returns_error ... ok
test streaming_batch_boundary_plus_remainder ... ok
test streaming_empty_input_produces_no_batches ... ok
test streaming_exact_batch_boundary ... ok
test streaming_multi_field_records ... ok
test streaming_single_record_produces_one_batch ... ok
test ipc_empty_batch_list_writes_valid_file ... ok
test unsupported_binary_int_8bit_returns_error ... ok
test zoned_decimal_display_negative_decode ... ok
test zoned_decimal_display_multiple_records ... ok
test streaming_packed_decimal_multiple_records ... ok
test unsupported_binary_int_128bit_returns_error ... ok
test zoned_decimal_display_positive_decode ... ok
test zoned_decimal_max_arrow_precision ... ok
test zoned_decimal_over_max_precision_falls_to_utf8 ... ok
test zoned_decimal_zero_scale ... ok
test parquet_snappy_compression_writes_valid_file ... ok
test parquet_multiple_batches_writes_valid_file ... ok
test parquet_with_metadata_embedding ... ok

test result: ok. 68 passed; 0 failed; 0 ignored; 0 measured; 0 filtered out; finished in 0.01s

     Running tests\arrow_integration_comprehensive.rs (target\debug\deps\arrow_integration_comprehensive-a9a6f589faa37c42.exe)

running 29 tests
test test_arrow_error_from_io ... ok
test test_arrow_error_display ... ok
test test_arrow_error_from_arrow ... ok
test test_json_to_schema_not_object ... ok
test test_arrow_writer_from_json_schema_invalid ... ok
test test_json_to_schema_simple ... ok
test test_json_to_schema_special_float_values ... ok
test test_json_to_schema_with_special_characters ... ok
test test_arrow_writer_schema_field_order ... ok
test test_arrow_writer_add_batch ... ok
test test_json_to_record_batch_mixed_types ... ok
test test_json_to_record_batch_all_nulls ... ok
test test_json_to_record_batch_empty_array ... ok
test test_json_to_record_batch_simple ... ok
test test_json_to_record_batch_zero_values ... ok
test test_json_to_record_batch_unicode ... ok
test test_json_to_schema_empty_object ... ok
test test_json_to_record_batch_not_object ... ok
test test_json_to_schema_nested ... ok
test test_json_to_record_batch_negative_values ... ok
test test_arrow_writer_add_json_record ... ok
test test_arrow_writer_add_json_record_schema_mismatch ... ok
test test_arrow_writer_from_json_schema ... ok
test test_arrow_writer_multiple_batches ... ok
test test_arrow_writer_new ... ok
test test_json_to_record_batch_empty_object ... ok
test test_json_to_record_batch_empty_string ... ok
test test_json_to_schema_large_integers ... ok
test test_json_to_record_batch_missing_field ... ok

test result: ok. 29 passed; 0 failed; 0 ignored; 0 measured; 0 filtered out; finished in 0.00s

     Running tests\arrow_parquet_roundtrip.rs (target\debug\deps\arrow_parquet_roundtrip-fc05ba2c2c586b24.exe)

running 7 tests
test parquet_metadata_preserved_through_roundtrip ... ok
test parquet_schema_field_names_preserved ... ok
test parquet_multiple_batches_mixed_types_roundtrip ... ok
test parquet_alphanum_single_batch_data_roundtrip ... ok
test parquet_multiple_batches_data_roundtrip ... ok
test parquet_packed_decimal_data_roundtrip ... ok
test parquet_mixed_types_full_data_roundtrip ... ok

test result: ok. 7 passed; 0 failed; 0 ignored; 0 measured; 0 filtered out; finished in 0.01s

     Running tests\arrow_typed_api_tests.rs (target\debug\deps\arrow_typed_api_tests-48c40499d66c23fc.exe)

running 23 tests
test arrow_options_defaults ... ok
test arrow_error_display_all_variants ... ok
test odo_on_binary_int_wraps_in_list ... ok
test empty_group_is_omitted_when_not_flattened ... ok
test empty_schema_produces_empty_arrow_schema ... ok
test nested_group_without_flattening_produces_struct ... ok
test fixed_occurs_on_packed_decimal_wraps_in_list ... ok
test mixed_schema_all_scalar_types ... ok
test edited_pic_decimal_vs_string_schema_mapping ... ok
test streaming_respects_batch_size_boundary ... ok
test batch_builder_float64_ieee_big_endian ... ok
test batch_builder_int32_signed ... ok
test batch_builder_negative_packed_decimal ... ok
test stream_empty_input_produces_no_batches ... ok
test stream_to_batches_decodes_packed_decimal ... ok
test short_record_produces_null_column ... ok
test stream_to_batches_with_schema_returns_correct_schema ... ok
test stream_without_lrecl_returns_error ... ok
test filler_named_uppercase_is_skipped ... ok
test unsupported_binary_int_width_returns_error ... ok
test ipc_roundtrip_write_read ... ok
test parquet_roundtrip_write ... ok
test parquet_embeds_copybook_text_when_configured ... ok

test result: ok. 23 passed; 0 failed; 0 ignored; 0 measured; 0 filtered out; finished in 0.01s

     Running tests\batch_builder_tests.rs (target\debug\deps\batch_builder_tests-98a065308508303a.exe)

running 7 tests
test empty_flush_returns_none ... ok
test build_batch_from_packed_decimal_records ... ok
test build_batch_from_ibm_hex_float_records ... ok
test build_batch_from_alphanum_records ... ok
test batch_auto_flushes_at_batch_size ... ok
test packed_decimal_odd_digits_ignores_trailing_bytes ... ok
test multi_column_batch ... ok

test result: ok. 7 passed; 0 failed; 0 ignored; 0 measured; 0 filtered out; finished in 0.00s

     Running tests\schema_convert_tests.rs (target\debug\deps\schema_convert_tests-a55add0e06785834.exe)

running 13 tests
test odo_wraps_in_list ... ok
test alphanum_maps_to_utf8 ... ok
test binary_int_maps_to_correct_types ... ok
test zoned_decimal_maps_to_decimal128 ... ok
test edited_pic_as_string ... ok
test filler_fields_skipped_by_default ... ok
test fixed_occurs_wraps_in_fixed_size_list ... ok
test float_types ... ok
test group_flattening_promotes_children ... ok
test condition_and_renames_skipped ... ok
test wide_decimal_falls_back_to_utf8 ... ok
test packed_decimal_maps_to_decimal128 ... ok
test edited_pic_as_decimal ... ok

test result: ok. 13 passed; 0 failed; 0 ignored; 0 measured; 0 filtered out; finished in 0.00s

     Running unittests bdd.rs (target\debug\deps\bdd-2b90bd88989bdd8b.exe)

running 0 tests

test result: ok. 0 passed; 0 failed; 0 ignored; 0 measured; 0 filtered out; finished in 0.00s

     Running bdd_smoke.rs (target\debug\deps\bdd_smoke-93907b0f8e86289a.exe)
Feature: CLI Exit Codes
  Scenario: Success returns exit code 0
   Γ£ö  Given a copybook with content:
   Γ£ö  And ASCII codepage
   Γ£ö  And binary data: "HELLOWORLD"
   Γ£ö  When the binary data is decoded
   Γ£ö  When the exit code is computed from the error
   Γ£ö  Then the exit code should be 0
  Scenario: Parse error returns non-zero exit code
   Γ£ö  Given a copybook with content:
   Γ£ö  When the copybook is parsed
   Γ£ö  When the exit code is computed from the error
   Γ£ö  Then the exit code should be 1
  Scenario: Exit code 0 means success
   Γ£ö  Then exit code 0 means success
  Scenario: Valid decode has exit code 0
   Γ£ö  Given a copybook with content:
   Γ£ö  And ASCII codepage
   Γ£ö  And binary data: "HELLO"
   Γ£ö  When the binary data is decoded
   Γ£ö  When the exit code is computed from the error
   Γ£ö  Then the exit code should be 0
  Scenario: Valid encode has exit code 0
   Γ£ö  Given a copybook with content:
   Γ£ö  And ASCII codepage
   Γ£ö  And JSON data: "{\"FIELD-A\":\"HELLO\"}"
   Γ£ö  When the JSON data is encoded
   Γ£ö  When the exit code is computed from the error
   Γ£ö  Then the exit code should be 0
  Scenario: Successful round-trip has exit code 0
   Γ£ö  Given a copybook with content:
   Γ£ö  And ASCII codepage
   Γ£ö  And binary data: "HELLOWORLD"
   Γ£ö  When the data is round-tripped
   Γ£ö  When the exit code is computed from the error
   Γ£ö  Then the exit code should be 0
  Scenario: Successful parse has exit code 0
   Γ£ö  Given a copybook with content:
   Γ£ö  When the copybook is parsed
   Γ£ö  Then parsing should succeed
   Γ£ö  When the exit code is computed from the error
   Γ£ö  Then the exit code should be 0
  Scenario: Valid copybook with numeric fields exits 0
   Γ£ö  Given a copybook with content:
   Γ£ö  And ASCII codepage
   Γ£ö  And binary data: "12345"
   Γ£ö  When the binary data is decoded
   Γ£ö  When the exit code is computed from the error
   Γ£ö  Then the exit code should be 0
  Scenario: Valid COMP-3 decode exits 0
   Γ£ö  Given a copybook with content:
   Γ£ö  And ASCII codepage
   Γ£ö  And binary data: "\x01\x23\x4C"
   Γ£ö  When the binary data is decoded
   Γ£ö  When the exit code is computed from the error
   Γ£ö  Then the exit code should be 0
  Scenario: Valid binary integer decode exits 0
   Γ£ö  Given a copybook with content:
   Γ£ö  And ASCII codepage
   Γ£ö  And binary data: "\x00\x2A"
   Γ£ö  When the binary data is decoded
   Γ£ö  When the exit code is computed from the error
   Γ£ö  Then the exit code should be 0
Feature: Codec Edge Cases
  Scenario: Decoding empty record (zero-length binary)
   Γ£ö> Given ASCII codepage
   Γ£ö  Given a copybook with content:
   Γ£ö  And binary data: ""
   Γ£ö  When the binary data is decoded
   Γ£ö  Then decoding should succeed
  Scenario: Decoding record shorter than schema expects
   Γ£ö> Given ASCII codepage
   Γ£ö  Given a copybook with content:
   Γ£ö  And binary data: "SHORT"
   Γ£ö  When the binary data is decoded
   Γ£ö  Then decoding should succeed
  Scenario: Decoding record longer than schema with extra trailing data
   Γ£ö> Given ASCII codepage
   Γ£ö  Given a copybook with content:
   Γ£ö  And binary data: "HELLOEXTRA_TRAILING_BYTES"
   Γ£ö  When the binary data is decoded
   Γ£ö  Then decoding should succeed
   Γ£ö  And the decoded output should be valid JSON
   Γ£ö  And decoded field FIELD-A should be "HELLO"
  Scenario: COMP-3 packed decimal with invalid nibbles
   Γ£ö> Given ASCII codepage
   Γ£ö  Given a copybook with content:
   Γ£ö  And binary data: "\xFF\xFF\xFF\xFF\xFF"
   Γ£ö  When the binary data is decoded
   Γ£ö  Then decoding should succeed
  Scenario: COMP-3 with positive sign nibble C
   Γ£ö> Given ASCII codepage
   Γ£ö  Given a copybook with content:
   Γ£ö  And binary data: "\x12\x3C"
   Γ£ö  When the binary data is decoded
   Γ£ö  Then decoding should succeed
   Γ£ö  And the decoded output should be valid JSON
  Scenario: COMP-3 with negative sign nibble D
   Γ£ö> Given ASCII codepage
   Γ£ö  Given a copybook with content:
   Γ£ö  And binary data: "\x12\x3D"
   Γ£ö  When the binary data is decoded
   Γ£ö  Then decoding should succeed
   Γ£ö  And the decoded output should be valid JSON
  Scenario: COMP-3 with unsigned sign nibble F
   Γ£ö> Given ASCII codepage
   Γ£ö  Given a copybook with content:
   Γ£ö  And binary data: "\x12\x3F"
   Γ£ö  When the binary data is decoded
   Γ£ö  Then decoding should succeed
   Γ£ö  And the decoded output should be valid JSON
  Scenario: DISPLAY numeric with leading spaces
   Γ£ö> Given ASCII codepage
   Γ£ö  Given a copybook with content:
   Γ£ö  And binary data: "  123"
   Γ£ö  When the binary data is decoded
   Γ£ö  Then decoding should succeed
  Scenario: DISPLAY numeric with trailing spaces
   Γ£ö> Given ASCII codepage
   Γ£ö  Given a copybook with content:
   Γ£ö  And binary data: "123  "
   Γ£ö  When the binary data is decoded
   Γ£ö  Then decoding should succeed
  Scenario: PIC X field with all-spaces content
   Γ£ö> Given ASCII codepage
   Γ£ö  Given a copybook with content:
   Γ£ö  And binary data: "          "
   Γ£ö  When the binary data is decoded
   Γ£ö  Then decoding should succeed
   Γ£ö  And the decoded output should be valid JSON
  Scenario: PIC X field with binary zeros
   Γ£ö> Given ASCII codepage
   Γ£ö  Given a copybook with content:
   Γ£ö  And binary data: "\x00\x00\x00\x00"
   Γ£ö  When the binary data is decoded
   Γ£ö  Then decoding should succeed
   Γ£ö  And the decoded output should be valid JSON
  Scenario: PIC 9 field containing alphabetic characters
   Γ£ö> Given ASCII codepage
   Γ£ö  Given a copybook with content:
   Γ£ö  And binary data: "ABCDE"
   Γ£ö  When the binary data is decoded
   Γ£ö  Then decoding should succeed
  Scenario: PIC 9 field containing mixed alpha-numeric
   Γ£ö> Given ASCII codepage
   Γ£ö  Given a copybook with content:
   Γ£ö  And binary data: "12A45"
   Γ£ö  When the binary data is decoded
   Γ£ö  Then decoding should succeed
  Scenario: Signed zoned decimal with positive overpunch
   Γ£ö> Given ASCII codepage
   Γ£ö  Given a copybook with content:
   Γ£ö  And binary data: "1234{"
   Γ£ö  When the binary data is decoded
   Γ£ö  Then decoding should succeed
   Γ£ö  And the decoded output should be valid JSON
  Scenario: Signed zoned decimal with negative overpunch
   Γ£ö> Given ASCII codepage
   Γ£ö  Given a copybook with content:
   Γ£ö  And binary data: "1234}"
   Γ£ö  When the binary data is decoded
   Γ£ö  Then decoding should succeed
   Γ£ö  And the decoded output should be valid JSON
  Scenario: COMP binary field with zero value
   Γ£ö> Given ASCII codepage
   Γ£ö  Given a copybook with content:
   Γ£ö  And binary data: "\x00\x00"
   Γ£ö  When the binary data is decoded
   Γ£ö  Then decoding should succeed
   Γ£ö  And the decoded output should be valid JSON
  Scenario: COMP binary field with max positive halfword
   Γ£ö> Given ASCII codepage
   Γ£ö  Given a copybook with content:
   Γ£ö  And binary data: "\x7F\xFF"
   Γ£ö  When the binary data is decoded
   Γ£ö  Then decoding should succeed
   Γ£ö  And the decoded output should be valid JSON
  Scenario: COMP binary field with min negative halfword
   Γ£ö> Given ASCII codepage
   Γ£ö  Given a copybook with content:
   Γ£ö  And binary data: "\x80\x00"
   Γ£ö  When the binary data is decoded
   Γ£ö  Then decoding should succeed
   Γ£ö  And the decoded output should be valid JSON
  Scenario: COMP binary fullword with zero
   Γ£ö> Given ASCII codepage
   Γ£ö  Given a copybook with content:
   Γ£ö  And binary data: "\x00\x00\x00\x00"
   Γ£ö  When the binary data is decoded
   Γ£ö  Then decoding should succeed
   Γ£ö  And the decoded output should be valid JSON
  Scenario: COMP binary fullword with max positive value
   Γ£ö> Given ASCII codepage
   Γ£ö  Given a copybook with content:
   Γ£ö  And binary data: "\x7F\xFF\xFF\xFF"
   Γ£ö  When the binary data is decoded
   Γ£ö  Then decoding should succeed
   Γ£ö  And the decoded output should be valid JSON
  Scenario: COMP binary fullword with min negative value
   Γ£ö> Given ASCII codepage
   Γ£ö  Given a copybook with content:
   Γ£ö  And binary data: "\x80\x00\x00\x00"
   Γ£ö  When the binary data is decoded
   Γ£ö  Then decoding should succeed
   Γ£ö  And the decoded output should be valid JSON
Feature: Copybook Parsing
  Scenario: Parse a simple copybook with a single field
   Γ£ö  Given a simple copybook with a single field
   Γ£ö  When the copybook is parsed
   Γ£ö  Then the schema should be successfully parsed
   ?  And the schema should contain 1 top-level field(s)
      Step skipped: ?\H:\Code\Rust\copybook-rs\tests\bdd\features\copybook_parsing.feature:12:5
  Scenario: Parse a copybook with numeric fields
   Γ£ö  Given a copybook with numeric fields
   Γ£ö  When the copybook is parsed
   Γ£ö  Then the schema should be successfully parsed
   ?  And the schema should contain 1 top-level field(s)
      Step skipped: ?\H:\Code\Rust\copybook-rs\tests\bdd\features\copybook_parsing.feature:20:5
  Scenario: Parse a copybook with OCCURS clause
   Γ£ö  Given a copybook with OCCURS clause
   Γ£ö  When the copybook is parsed
   Γ£ö  Then the schema should be successfully parsed
   ?  And the schema should contain 1 top-level field(s)
      Step skipped: ?\H:\Code\Rust\copybook-rs\tests\bdd\features\copybook_parsing.feature:29:5
  Scenario: Parse a copybook with ODO (OCCURS DEPENDING ON)
   Γ£ö  Given a copybook with ODO (OCCURS DEPENDING ON)
   Γ£ö  When the copybook is parsed
   Γ£ö  Then the schema should be successfully parsed
   ?  And the schema should contain 1 top-level field(s)
      Step skipped: ?\H:\Code\Rust\copybook-rs\tests\bdd\features\copybook_parsing.feature:36:5
  Scenario: Parse a copybook with REDEFINES clause
   Γ£ö  Given a copybook with REDEFINES clause
   Γ£ö  When the copybook is parsed
   Γ£ö  Then the schema should be successfully parsed
   ?  And the schema should contain 1 top-level field(s)
      Step skipped: ?\H:\Code\Rust\copybook-rs\tests\bdd\features\copybook_parsing.feature:44:5
  Scenario: Parse a copybook with Level-88 condition values
   Γ£ö  Given a copybook with Level-88 condition values
   Γ£ö  When the copybook is parsed
   Γ£ö  Then the schema should be successfully parsed
   ?  And the schema should contain 1 top-level field(s)
      Step skipped: ?\H:\Code\Rust\copybook-rs\tests\bdd\features\copybook_parsing.feature:52:5
  Scenario: Parse copybook in strict mode
   Γ£ö  Given strict parsing mode
   Γ£ö  And a copybook with content:
   Γ£ö  When the copybook is parsed
   Γ£ö  Then the schema should be successfully parsed
  Scenario: Parse copybook in tolerant mode
   Γ£ö  Given tolerant parsing mode
   Γ£ö  And a copybook with content:
   Γ£ö  When the copybook is parsed
   Γ£ö  Then the schema should be successfully parsed
  Scenario: Parse copybook with inline comments
   Γ£ö  Given a copybook with content:
   Γ£ö  When the copybook is parsed
   Γ£ö  Then the schema should be successfully parsed
   ?  And the schema should contain 1 top-level field(s)
      Step skipped: ?\H:\Code\Rust\copybook-rs\tests\bdd\features\copybook_parsing.feature:85:5
  Scenario: Verify field offsets are calculated correctly
   Γ£ö  Given a copybook with content:
   Γ£ö  When the copybook is parsed
   Γ£ö  Then the schema should be successfully parsed
   Γ£ö  And the field "FIELD-1" should have offset 0
   Γ£ö  And the field "FIELD-1" should have length 5
   Γ£ö  And the field "FIELD-2" should have offset 5
   Γ£ö  And the field "FIELD-2" should have length 5
   Γ£ö  And the field "FIELD-3" should have offset 10
   Γ£ö  And the field "FIELD-3" should have length 10
  Scenario: Parse copybook with nested group structures
   Γ£ö  Given a copybook with content:
   Γ£ö  When the copybook is parsed
   Γ£ö  Then the schema should be successfully parsed
   ?  And the schema should contain 1 top-level field(s)
      Step skipped: ?\H:\Code\Rust\copybook-rs\tests\bdd\features\copybook_parsing.feature:116:5
  Scenario: Parse level-88 VALUE list commas without treating them as edited picture tokens
   Γ£ö  Given a copybook with an inline VALUE-list for Level-88
   Γ£ö  When the copybook is parsed
   Γ£ö  Then the schema should be successfully parsed
   ?  And the schema should contain 1 top-level field(s)
      Step skipped: ?\H:\Code\Rust\copybook-rs\tests\bdd\features\copybook_parsing.feature:124:5
Feature: Decode Numeric COBOL Types
  Scenario: Decode unsigned display numeric PIC 9(5)
   Γ£ö  Given a copybook with content:
   Γ£ö  And ASCII codepage
   Γ£ö  And binary data: "12345"
   Γ£ö  When the binary data is decoded
   Γ£ö  Then decoding should succeed
   Γ£ö  And the decoded output should be valid JSON
   Γ£ö  And the decoded output should contain "AMOUNT"
  Scenario: Decode unsigned display numeric with leading zeros
   Γ£ö  Given a copybook with content:
   Γ£ö  And ASCII codepage
   Γ£ö  And binary data: "00042"
   Γ£ö  When the binary data is decoded
   Γ£ö  Then decoding should succeed
   Γ£ö  And the decoded output should be valid JSON
  Scenario: Decode unsigned display numeric all zeros
   Γ£ö  Given a copybook with content:
   Γ£ö  And ASCII codepage
   Γ£ö  And binary data: "00000"
   Γ£ö  When the binary data is decoded
   Γ£ö  Then decoding should succeed
   Γ£ö  And the decoded output should be valid JSON
  Scenario: Decode signed display numeric positive overpunch
   Γ£ö  Given a copybook with content:
   Γ£ö  And ASCII codepage
   Γ£ö  And binary data: "1234{"
   Γ£ö  When the binary data is decoded
   Γ£ö  Then decoding should succeed
   Γ£ö  And the decoded output should be valid JSON
   Γ£ö  And the decoded output should contain "BALANCE"
  Scenario: Decode signed display numeric negative overpunch
   Γ£ö  Given a copybook with content:
   Γ£ö  And ASCII codepage
   Γ£ö  And binary data: "1234}"
   Γ£ö  When the binary data is decoded
   Γ£ö  Then decoding should succeed
   Γ£ö  And the decoded output should be valid JSON
  Scenario: Decode COMP-3 packed decimal positive value
   Γ£ö  Given a copybook with content:
   Γ£ö  And ASCII codepage
   Γ£ö  And binary data: "\x01\x23\x4C"
   Γ£ö  When the binary data is decoded
   Γ£ö  Then decoding should succeed
   Γ£ö  And the decoded output should be valid JSON
   Γ£ö  And the decoded output should contain "AMOUNT"
  Scenario: Decode COMP-3 packed decimal negative value
   Γ£ö  Given a copybook with content:
   Γ£ö  And ASCII codepage
   Γ£ö  And binary data: "\x01\x23\x4D"
   Γ£ö  When the binary data is decoded
   Γ£ö  Then decoding should succeed
   Γ£ö  And the decoded output should be valid JSON
  Scenario: Decode COMP-3 packed decimal zero
   Γ£ö  Given a copybook with content:
   Γ£ö  And ASCII codepage
   Γ£ö  And binary data: "\x00\x00\x0C"
   Γ£ö  When the binary data is decoded
   Γ£ö  Then decoding should succeed
   Γ£ö  And the decoded output should be valid JSON
  Scenario: Decode COMP-3 with decimal scale
   Γ£ö  Given a copybook with content:
   Γ£ö  And ASCII codepage
   Γ£ö  And binary data: "\x01\x23\x45\x6C"
   Γ£ö  When the binary data is decoded
   Γ£ö  Then decoding should succeed
   Γ£ö  And the decoded output should be valid JSON
   Γ£ö  And the decoded output should contain "PRICE"
  Scenario: Decode COMP binary halfword (2 bytes)
   Γ£ö  Given a copybook with content:
   Γ£ö  And ASCII codepage
   Γ£ö  And binary data: "\x00\x2A"
   Γ£ö  When the binary data is decoded
   Γ£ö  Then decoding should succeed
   Γ£ö  And the decoded output should be valid JSON
   Γ£ö  And the decoded output should contain "COUNT-FIELD"
  Scenario: Decode COMP binary fullword (4 bytes)
   Γ£ö  Given a copybook with content:
   Γ£ö  And ASCII codepage
   Γ£ö  And binary data: "\x00\x01\xE2\x40"
   Γ£ö  When the binary data is decoded
   Γ£ö  Then decoding should succeed
   Γ£ö  And the decoded output should be valid JSON
   Γ£ö  And the decoded output should contain "TOTAL"
  Scenario: Decode COMP binary negative value
   Γ£ö  Given a copybook with content:
   Γ£ö  And ASCII codepage
   Γ£ö  And binary data: "\xFF\xD6"
   Γ£ö  When the binary data is decoded
   Γ£ö  Then decoding should succeed
   Γ£ö  And the decoded output should be valid JSON
  Scenario: Decode COMP binary zero
   Γ£ö  Given a copybook with content:
   Γ£ö  And ASCII codepage
   Γ£ö  And binary data: "\x00\x00"
   Γ£ö  When the binary data is decoded
   Γ£ö  Then decoding should succeed
   Γ£ö  And the decoded output should be valid JSON
  Scenario: Decode zoned decimal with implied decimal point
   Γ£ö  Given a copybook with content:
   Γ£ö  And ASCII codepage
   Γ£ö  And binary data: "12345"
   Γ£ö  When the binary data is decoded
   Γ£ö  Then decoding should succeed
   Γ£ö  And the decoded output should be valid JSON
   Γ£ö  And the decoded output should contain "RATE"
  Scenario: Decode packed decimal with implied decimal point
   Γ£ö  Given a copybook with content:
   Γ£ö  And ASCII codepage
   Γ£ö  And binary data: "\x12\x34\x5C"
   Γ£ö  When the binary data is decoded
   Γ£ö  Then decoding should succeed
   Γ£ö  And the decoded output should be valid JSON
  Scenario: Decode SIGN SEPARATE LEADING positive
   Γ£ö  Given a copybook with SIGN SEPARATE LEADING
   Γ£ö  And ASCII codepage
   Γ£ö  And binary data: "+12345"
   Γ£ö  When the binary data is decoded
   Γ£ö  Then decoding should succeed
   Γ£ö  And the decoded output should be valid JSON
   Γ£ö  And the decoded output should contain "AMOUNT"
  Scenario: Decode SIGN SEPARATE LEADING negative
   Γ£ö  Given a copybook with SIGN SEPARATE LEADING
   Γ£ö  And ASCII codepage
   Γ£ö  And binary data: "-12345"
   Γ£ö  When the binary data is decoded
   Γ£ö  Then decoding should succeed
   Γ£ö  And the decoded output should be valid JSON
  Scenario: Decode SIGN SEPARATE TRAILING positive
   Γ£ö  Given a copybook with SIGN SEPARATE TRAILING
   Γ£ö  And ASCII codepage
   Γ£ö  And binary data: "12345+"
   Γ£ö  When the binary data is decoded
   Γ£ö  Then decoding should succeed
   Γ£ö  And the decoded output should be valid JSON
  Scenario: Decode SIGN SEPARATE TRAILING negative
   Γ£ö  Given a copybook with SIGN SEPARATE TRAILING
   Γ£ö  And ASCII codepage
   Γ£ö  And binary data: "12345-"
   Γ£ö  When the binary data is decoded
   Γ£ö  Then decoding should succeed
   Γ£ö  And the decoded output should be valid JSON
  Scenario: Decode record with multiple numeric types
   Γ£ö  Given a copybook with content:
   Γ£ö  And ASCII codepage
   Γ£ö  And binary data for all fields
   Γ£ö  When the binary data is decoded
   Γ£ö  Then decoding should succeed
   Γ£ö  And the decoded output should be valid JSON
   Γ£ö  And the decoded output should contain "DISPLAY-NUM"
   Γ£ö  And the decoded output should contain "SIGNED-ZONED"
   Γ£ö  And the decoded output should contain "PACKED-AMT"
   Γ£ö  And the decoded output should contain "BINARY-CNT"
  Scenario: Parse PIC 9(n) as zoned decimal type
   Γ£ö  Given a copybook with content:
   Γ£ö  When the copybook is parsed
   Γ£ö  Then the schema should be successfully parsed
   Γ£ö  And the field "DISPLAY-FIELD" should have type "zoned"
  Scenario: Parse PIC S9(n) COMP-3 as packed decimal type
   Γ£ö  Given a copybook with content:
   Γ£ö  When the copybook is parsed
   Γ£ö  Then the schema should be successfully parsed
   Γ£ö  And the field "PACKED-FIELD" should have type "packed"
  Scenario: Parse PIC S9(n) COMP as binary type
   Γ£ö  Given a copybook with content:
   Γ£ö  When the copybook is parsed
   Γ£ö  Then the schema should be successfully parsed
   Γ£ö  And the field "BINARY-FIELD" should have type "binary"
Feature: Determinism Validation
  Scenario: Decode determinism with identical output
   Γ£ö  Given a simple copybook with a single field
   Γ£ö  And ASCII codepage
   Γ£ö  And binary data: "ABCDEFGHIJ"
   Γ£ö  When decode determinism is checked
   Γ£ö  Then the decode should be deterministic
   Γ£ö  And the round 1 hash should equal to round 2 hash
   Γ£ö  And there should be no byte differences
  Scenario: Encode determinism with identical output
   Γ£ö  Given a simple copybook with a single field
   Γ£ö  And ASCII codepage
   Γ£ö  And JSON data:
   Γ£ö  When encode determinism is checked
   Γ£ö  Then the encode should be deterministic
   Γ£ö  And the round 1 hash should equal to round 2 hash
   Γ£ö  And there should be no byte differences
  Scenario: Round-trip determinism with identical output
   Γ£ö  Given a simple copybook with a single field
   Γ£ö  And ASCII codepage
   Γ£ö  And binary data: "ABCDEFGHIJ"
   Γ£ö  When round-trip determinism is checked
   Γ£ö  Then the round-trip should be deterministic
   Γ£ö  And the round 1 hash should equal to round 2 hash
   Γ£ö  And there should be no byte differences
  Scenario: Decode determinism with multiple fields
   Γ£ö  Given a copybook with content:
   Γ£ö  And ASCII codepage
   Γ£ö  And binary data: "ABCDE12345"
   Γ£ö  When decode determinism is checked
   Γ£ö  Then the decode should be deterministic
   Γ£ö  And the round 1 hash should equal to round 2 hash
  Scenario: Encode determinism with multiple fields
   Γ£ö  Given a copybook with content:
   Γ£ö  And ASCII codepage
   Γ£ö  And JSON data:
   Γ£ö  When encode determinism is checked
   Γ£ö  Then the encode should be deterministic
   Γ£ö  And the round 1 hash should equal to round 2 hash
  Scenario: Determinism result generates JSON output for CI integration
   Γ£ö  Given a simple copybook with a single field
   Γ£ö  And ASCII codepage
   Γ£ö  And binary data: "ABCDEFGHIJ"
   Γ£ö  When decode determinism is checked
   Γ£ö  Then the JSON should contain "mode"
   Γ£ö  And the JSON should contain "round1_hash"
   Γ£ö  And the JSON should contain "round2_hash"
   Γ£ö  And the JSON should contain "is_deterministic"
  Scenario: Human-readable determinism output shows verdict
   Γ£ö  Given a simple copybook with a single field
   Γ£ö  And ASCII codepage
   Γ£ö  And binary data: "ABCDEFGHIJ"
   Γ£ö  When decode determinism is checked
   Γ£ö  Then the human-readable output should show "DETERMINISTIC"
   Γ£ö  And the output should contain "Round 1 hash"
   Γ£ö  And the output should contain "Round 2 hash"
  Scenario: Determinism hashes use canonical BLAKE3 hex shape
   Γ£ö  Given a simple copybook with a single field
   Γ£ö  And ASCII codepage
   Γ£ö  And binary data: "ABCDEFGHIJ"
   Γ£ö  When decode determinism is checked
   Γ£ö  Then the round 1 hash should be canonical blake3 hex
   Γ£ö  And the round 2 hash should be canonical blake3 hex
Feature: Dialect Lever Behavior
  Scenario: Normative dialect preserves declared min_count
   Γ£ö  Given a copybook with content:
   Γ£ö  And Normative dialect
   Γ£ö  When the copybook is parsed
   Γ£ö  Then the schema should be successfully parsed
   Γ£ö  And field ITEMS should have ODO with min 3 and max 10
  Scenario: Normative dialect rejects count below declared minimum
   Γ£ö  Given a copybook with content:
   Γ£ö  And Normative dialect
   Γ£ö  And ASCII codepage
   Γ£ö  And binary data: "001AAAAA"
   Γ£ö  When the binary data is decoded
   Γ£ö  Then decoding should succeed
   Γ£ö  And the decoded output should be valid JSON
  Scenario: Normative dialect accepts count at declared minimum
   Γ£ö  Given a copybook with content:
   Γ£ö  And Normative dialect
   Γ£ö  And ASCII codepage
   Γ£ö  And binary data: "003AAAAABBBBBCCCCC"
   Γ£ö  When the binary data is decoded
   Γ£ö  Then decoding should succeed
   Γ£ö  And the decoded output should be valid JSON
  Scenario: Normative dialect accepts count at declared maximum
   Γ£ö  Given a copybook with content:
   Γ£ö  And Normative dialect
   Γ£ö  And ASCII codepage
   Γ£ö  And binary data: "003AAAABBBBCCCC"
   Γ£ö  When the binary data is decoded
   Γ£ö  Then decoding should succeed
   Γ£ö  And the decoded output should be valid JSON
  Scenario: Zero-tolerant dialect ignores min_count and allows zero
   Γ£ö  Given a copybook with content:
   Γ£ö  And Zero-Tolerant dialect
   Γ£ö  And ASCII codepage
   Γ£ö  And binary data: "000"
   Γ£ö  When the binary data is decoded
   Γ£ö  Then decoding should succeed
   Γ£ö  And the decoded output should be valid JSON
  Scenario: Zero-tolerant dialect allows count below declared min
   Γ£ö  Given a copybook with content:
   Γ£ö  And Zero-Tolerant dialect
   Γ£ö  And ASCII codepage
   Γ£ö  And binary data: "002AAAABBBB"
   Γ£ö  When the binary data is decoded
   Γ£ö  Then decoding should succeed
   Γ£ö  And the decoded output should be valid JSON
  Scenario: Zero-tolerant dialect still enforces max_count
   Γ£ö  Given a copybook with content:
   Γ£ö  And Zero-Tolerant dialect
   Γ£ö  And ASCII codepage
   Γ£ö  And binary data: "005AAAABBBBCCCCDDDDEEEE"
   Γ£ö  When the binary data is decoded
   Γ£ö  Then decoding should succeed
   Γ£ö  And the decoded output should be valid JSON
  Scenario: Zero-tolerant dialect schema shows min_count as 0
   Γ£ö  Given a copybook with content:
   Γ£ö  And Zero-Tolerant dialect
   Γ£ö  When the copybook is parsed
   Γ£ö  Then the schema should be successfully parsed
   Γ£ö  And field ITEMS should have ODO with min 0 and max 20
  Scenario: One-tolerant dialect clamps min_count to at least 1
   Γ£ö  Given a copybook with content:
   Γ£ö  And One-Tolerant dialect
   Γ£ö  When the copybook is parsed
   Γ£ö  Then the schema should be successfully parsed
   Γ£ö  And field ITEMS should have ODO with min 1 and max 20
  Scenario: One-tolerant dialect rejects zero count
   Γ£ö  Given a copybook with content:
   Γ£ö  And One-Tolerant dialect
   Γ£ö  And ASCII codepage
   Γ£ö  And binary data: "000"
   Γ£ö  When the binary data is decoded
   Γ£ö  Then decoding should succeed
   Γ£ö  And the decoded output should be valid JSON
  Scenario: One-tolerant dialect accepts count of 1
   Γ£ö  Given a copybook with content:
   Γ£ö  And One-Tolerant dialect
   Γ£ö  And ASCII codepage
   Γ£ö  And binary data: "001AAAA"
   Γ£ö  When the binary data is decoded
   Γ£ö  Then decoding should succeed
   Γ£ö  And the decoded output should be valid JSON
  Scenario: Dialect does not affect fixed OCCURS parsing
   Γ£ö  Given a copybook with content:
   Γ£ö  And Zero-Tolerant dialect
   Γ£ö  When the copybook is parsed
   Γ£ö  Then the schema should be successfully parsed
   Γ£ö  And field ITEMS should have OCCURS count 5
  Scenario: Dialect does not affect simple alphanumeric field
   Γ£ö  Given a copybook with content:
   Γ£ö  And One-Tolerant dialect
   Γ£ö  When the copybook is parsed
   Γ£ö  Then the schema should be successfully parsed
   Γ£ö  And the field "NAME-FIELD" should have type "alphanumeric"
Feature: Edited PIC BDD Coverage
  Scenario: Decode zero-suppressed field PIC ZZZ9
   Γ£ö> Given ASCII codepage
   Γ£ö  Given a copybook with edited PIC:
   Γ£ö  And binary data: " 123"
   Γ£ö  When the binary data is decoded
   Γ£ö  Then decoding should succeed
   Γ£ö  And the decoded output should be valid JSON
  Scenario: Decode zero-suppressed field with all leading spaces
   Γ£ö> Given ASCII codepage
   Γ£ö  Given a copybook with edited PIC:
   Γ£ö  And binary data: "   0"
   Γ£ö  When the binary data is decoded
   Γ£ö  Then decoding should succeed
   Γ£ö  And the decoded output should be valid JSON
  Scenario: Decode zero-suppressed field with decimal PIC ZZZ9.99
   Γ£ö> Given ASCII codepage
   Γ£ö  Given a copybook with edited PIC:
   Γ£ö  And binary data: "  12.34"
   Γ£ö  When the binary data is decoded
   Γ£ö  Then decoding should succeed
   Γ£ö  And the decoded output should be valid JSON
  Scenario: Decode currency-edited field PIC $ZZ,ZZZ.99
   Γ£ö> Given ASCII codepage
   Γ£ö  Given a copybook with edited PIC:
   Γ£ö  And binary data: "$ 1,234.56"
   Γ£ö  When the binary data is decoded
   Γ£ö  Then decoding should succeed
   Γ£ö  And the decoded output should be valid JSON
  Scenario: Decode currency-edited field with small value
   Γ£ö> Given ASCII codepage
   Γ£ö  Given a copybook with edited PIC:
   Γ£ö  And binary data: "$     5.00"
   Γ£ö  When the binary data is decoded
   Γ£ö  Then decoding should succeed
   Γ£ö  And the decoded output should be valid JSON
  Scenario: Decode check-protect field PIC ***9.99
   Γ£ö> Given ASCII codepage
   Γ£ö  Given a copybook with edited PIC:
   Γ£ö  And binary data: "**12.34"
   Γ£ö  When the binary data is decoded
   Γ£ö  Then decoding should succeed
   Γ£ö  And the decoded output should be valid JSON
  Scenario: Decode check-protect field with zero value
   Γ£ö> Given ASCII codepage
   Γ£ö  Given a copybook with edited PIC:
   Γ£ö  And binary data: "***0.00"
   Γ£ö  When the binary data is decoded
   Γ£ö  Then decoding should succeed
   Γ£ö  And the decoded output should be valid JSON
  Scenario: Decode leading-plus sign-edited field positive value
   Γ£ö> Given ASCII codepage
   Γ£ö  Given a copybook with edited PIC:
   Γ£ö  And binary data: "+ 123"
   Γ£ö  When the binary data is decoded
   Γ£ö  Then decoding should succeed
   Γ£ö  And the decoded output should be valid JSON
  Scenario: Decode leading-minus sign-edited field negative value
   Γ£ö> Given ASCII codepage
   Γ£ö  Given a copybook with edited PIC:
   Γ£ö  And binary data: "-  42"
   Γ£ö  When the binary data is decoded
   Γ£ö  Then decoding should succeed
   Γ£ö  And the decoded output should be valid JSON
  Scenario: Decode leading-minus sign-edited field positive value
   Γ£ö> Given ASCII codepage
   Γ£ö  Given a copybook with edited PIC:
   Γ£ö  And binary data: "  123"
   Γ£ö  When the binary data is decoded
   Γ£ö  Then decoding should succeed
   Γ£ö  And the decoded output should be valid JSON
  Scenario: Decode BLANK WHEN ZERO field with zero value
   Γ£ö> Given ASCII codepage
   Γ£ö  Given a copybook with edited PIC:
   Γ£ö  And binary data: "    "
   Γ£ö  When the binary data is decoded
   Γ£ö  Then decoding should succeed
   Γ£ö  And the decoded output should be valid JSON
  Scenario: Decode BLANK WHEN ZERO field with non-zero value
   Γ£ö> Given ASCII codepage
   Γ£ö  Given a copybook with edited PIC:
   Γ£ö  And binary data: "  42"
   Γ£ö  When the binary data is decoded
   Γ£ö  Then decoding should succeed
   Γ£ö  And the decoded output should be valid JSON
  Scenario: Round-trip edited PIC with zero suppression
   Γ£ö> Given ASCII codepage
   Γ£ö  Given a copybook with edited PIC:
   Γ£ö  And binary data: " 123"
   Γ£ö  When the data is round-tripped
   Γ£ö  Then the round-trip should be lossless
   Γ£ö  And decoding should succeed
   Γ£ö  And encoding should succeed
  Scenario: Round-trip edited PIC with currency and comma
   Γ£ö> Given ASCII codepage
   Γ£ö  Given a copybook with edited PIC:
   Γ£ö  And binary data: "$123"
   Γ£ö  When the data is round-tripped
   Γ£ö  Then the round-trip should be lossless
   Γ£ö  And decoding should succeed
   Γ£ö  And encoding should succeed
  Scenario: Round-trip edited PIC with check-protect
   Γ£ö> Given ASCII codepage
   Γ£ö  Given a copybook with edited PIC:
   Γ£ö  And binary data: "*123"
   Γ£ö  When the data is round-tripped
   Γ£ö  Then the round-trip should be lossless
   Γ£ö  And decoding should succeed
   Γ£ö  And encoding should succeed
  Scenario: Round-trip edited PIC with leading sign
   Γ£ö> Given ASCII codepage
   Γ£ö  Given a copybook with edited PIC:
   Γ£ö  And binary data: "+123"
   Γ£ö  When the data is round-tripped
   Γ£ö  Then the round-trip should be lossless
   Γ£ö  And decoding should succeed
   Γ£ö  And encoding should succeed
Feature: Encode Round-Trip and Edge Cases
  Scenario: Round-trip simple alphanumeric field
   Γ£ö  Given a copybook with content:
   Γ£ö  And ASCII codepage
   Γ£ö  And binary data: "JOHN DOE  "
   Γ£ö  When the data is round-tripped
   Γ£ö  Then the round-trip should be lossless
   Γ£ö  And decoding should succeed
   Γ£ö  And encoding should succeed
  Scenario: Round-trip zoned decimal field
   Γ£ö  Given a copybook with content:
   Γ£ö  And ASCII codepage
   Γ£ö  And binary data: "12345"
   Γ£ö  When the data is round-tripped
   Γ£ö  Then the round-trip should be lossless
   Γ£ö  And decoding should succeed
   Γ£ö  And encoding should succeed
  Scenario: Round-trip nested group structure
   Γ£ö  Given a copybook with content:
   Γ£ö  And ASCII codepage
   Γ£ö  And binary data: "ABCDE12300000000"
   Γ£ö  When the data is round-tripped
   Γ£ö  Then the round-trip should be lossless
   Γ£ö  And decoding should succeed
   Γ£ö  And encoding should succeed
  Scenario: Round-trip OCCURS array
   Γ£ö  Given a copybook with OCCURS clause
   Γ£ö  And ASCII codepage
   Γ£ö  And binary data for all fields
   Γ£ö  When the data is round-tripped
   Γ£ö  Then decoding should succeed
   Γ£ö  And encoding should succeed
  Scenario: Encode numeric value that overflows field capacity
   Γ£ö  Given a copybook with content:
   Γ£ö  And ASCII codepage
   Γ£ö  And JSON data:
   Γ£ö  When the JSON data is encoded
   Γ£ö  Then encoding should succeed
  Scenario: Encode string that exceeds field length
   Γ£ö  Given a copybook with content:
   Γ£ö  And ASCII codepage
   Γ£ö  And JSON data:
   Γ£ö  When the JSON data is encoded
   Γ£ö  Then encoding should succeed
  Scenario: Decode with field projection selects subset of fields
   Γ£ö  Given a copybook with content:
   Γ£ö  And ASCII codepage
   Γ£ö  And field selection: "FIELD-A,FIELD-C"
   Γ£ö  When field projection is applied
   Γ£ö  Then the projection should succeed
   Γ£ö  And the field "FIELD-A" should be included in projection
   Γ£ö  And the field "FIELD-C" should be included in projection
   Γ£ö  And the field "FIELD-B" should not be included in projection
  Scenario: Projection with nonexistent field produces error
   Γ£ö  Given a copybook with content:
   Γ£ö  And ASCII codepage
   Γ£ö  And field selection: "NONEXISTENT-FIELD"
   Γ£ö  When field projection is applied
   Γ£ö  Then the projection should fail
   Γ£ö  And an error should occur
  Scenario: Round-trip with EBCDIC codepage
   Γ£ö  Given a simple copybook with a single field
   Γ£ö  And EBCDIC codepage
   Γ£ö  And binary data: "\xC1\xC2\xC3\xC4\xC5\xC6\xC7\xC8\xC9\xD1"
   Γ£ö  When the data is round-tripped
   Γ£ö  Then the round-trip should be lossless
   Γ£ö  And decoding should succeed
   Γ£ö  And encoding should succeed
  Scenario: Encode zero-value numeric field
   Γ£ö  Given a copybook with content:
   Γ£ö  And ASCII codepage
   Γ£ö  And JSON data:
   Γ£ö  When the JSON data is encoded
   Γ£ö  Then encoding should succeed
   Γ£ö  And the encoded output should be 5 bytes
Feature: Enterprise Audit System
  Scenario: SOX compliance audit trail
   Γ£ö> Given the audit system is enabled
   Γ£ö> And an audit context is initialized
   Γ£ö  Given a financial SOX compliance copybook
   Γ£ö  When the copybook is processed with audit
   Γ£ö  Then the audit event type should be "CopybookParse"
   Γ£ö  And the audit event severity should be "Info"
   Γ£ö  And the audit context should have compliance profile "SOX"
   Γ£ö  And the audit event user should be "bdd_test_user"
   Γ£ö  And the audit event timestamp should be non-empty
   Γ£ö  And the audit event integrity hash should be non-empty
   Γ£ö  And the audit output should be in valid JSON format
  Scenario: HIPAA data processing
   Γ£ö> Given the audit system is enabled
   Γ£ö> And an audit context is initialized
   Γ£ö  Given a healthcare HIPAA compliance copybook
   Γ£ö  When the copybook is processed with audit
   Γ£ö  Then the audit event type should be "CopybookParse"
   Γ£ö  And the audit context should have compliance profile "HIPAA"
   Γ£ö  And the audit context should have security classification "PHI"
   Γ£ö  And the audit context metadata should contain "data_classification"
  Scenario: GDPR audit report
   Γ£ö> Given the audit system is enabled
   Γ£ö> And an audit context is initialized
   Γ£ö  Given a GDPR personal data copybook
   Γ£ö  When the copybook is processed with audit
   Γ£ö  Then the audit event type should be "CopybookParse"
   Γ£ö  And the audit context should have compliance profile "GDPR"
   Γ£ö  And the audit context metadata should contain "legal_basis"
   Γ£ö  And the audit context metadata should contain "processing_purpose"
  Scenario: PCI DSS compliance
   Γ£ö> Given the audit system is enabled
   Γ£ö> And an audit context is initialized
   Γ£ö  Given a PCI DSS payment card copybook
   Γ£ö  When the copybook is processed with audit
   Γ£ö  Then the audit event type should be "CopybookParse"
   Γ£ö  And the audit context should have compliance profile "PciDss"
   Γ£ö  And the audit context metadata should contain "cardholder_data"
  Scenario: Decode operation audit
   Γ£ö> Given the audit system is enabled
   Γ£ö> And an audit context is initialized
   Γ£ö  Given a simple audit copybook
   Γ£ö  When a decode audit event is created
   Γ£ö  Then the audit event type should be "DataTransformation"
   Γ£ö  And the audit payload should contain "Decode"
   Γ£ö  And the audit payload should contain "records_processed"
  Scenario: Encode operation audit
   Γ£ö> Given the audit system is enabled
   Γ£ö> And an audit context is initialized
   Γ£ö  Given a simple audit copybook
   Γ£ö  When an encode audit event is created
   Γ£ö  Then the audit event type should be "DataTransformation"
   Γ£ö  And the audit payload should contain "Encode"
  Scenario: Field projection audit
   Γ£ö> Given the audit system is enabled
   Γ£ö> And an audit context is initialized
   Γ£ö  Given a simple audit copybook
   Γ£ö  When a projection audit event is created
   Γ£ö  Then the audit event type should be "DataValidation"
   Γ£ö  And the audit payload should contain "validation_rules"
  Scenario: Dialect configuration change audit
   Γ£ö> Given the audit system is enabled
   Γ£ö> And an audit context is initialized
   Γ£ö  Given a simple audit copybook
   Γ£ö  When a configuration change audit event is created
   Γ£ö  Then the audit event type should be "ConfigurationChange"
   Γ£ö  And the audit payload should contain "old_configuration"
   Γ£ö  And the audit payload should contain "change_reason"
  Scenario: Security classification
   Γ£ö> Given the audit system is enabled
   Γ£ö> And an audit context is initialized
   Γ£ö  Given security classification "Confidential"
   Γ£ö  When a security event is created
   Γ£ö  Then the audit event type should be "SecurityEvent"
   Γ£ö  And the audit event severity should be "High"
   Γ£ö  And the audit context should have security classification "Confidential"
  Scenario: Access event success
   Γ£ö> Given the audit system is enabled
   Γ£ö> And an audit context is initialized
   Γ£ö  When an access event is created with result "Success"
   Γ£ö  Then the audit event type should be "AccessEvent"
   Γ£ö  And the audit event severity should be "Info"
   Γ£ö  And the audit payload should contain "Success"
  Scenario: Access event denied
   Γ£ö> Given the audit system is enabled
   Γ£ö> And an audit context is initialized
   Γ£ö  When an access event is created with result "Denied"
   Γ£ö  Then the audit event type should be "AccessEvent"
   Γ£ö  And the audit event severity should be "Medium"
   Γ£ö  And the audit payload should contain "Denied"
  Scenario: Error audit event
   Γ£ö> Given the audit system is enabled
   Γ£ö> And an audit context is initialized
   Γ£ö  When an error audit event is created
   Γ£ö  Then the audit event type should be "ErrorEvent"
   Γ£ö  And the audit payload should contain "error_code"
   Γ£ö  And the audit payload should contain "error_message"
   Γ£ö  And the audit payload should contain "user_impact"
  Scenario: Performance measurement
   Γ£ö> Given the audit system is enabled
   Γ£ö> And an audit context is initialized
   Γ£ö  When a performance measurement event is created
   Γ£ö  Then the audit event type should be "PerformanceMeasurement"
   Γ£ö  And the audit payload should contain "metrics"
   Γ£ö  And the audit event severity should be "Info"
  Scenario: Performance regression detected
   Γ£ö> Given the audit system is enabled
   Γ£ö> And an audit context is initialized
   Γ£ö  Given throughput metrics below baseline
   Γ£ö  When a performance measurement event is created
   Γ£ö  Then the audit event type should be "PerformanceMeasurement"
   Γ£ö  And the audit event severity should be "Medium"
   Γ£ö  And the audit payload should contain "regression_detected"
  Scenario: Audit events JSON serialization
   Γ£ö> Given the audit system is enabled
   Γ£ö> And an audit context is initialized
   Γ£ö  Given a financial SOX compliance copybook
   Γ£ö  When the copybook is processed with audit
   Γ£ö  And a security event is created
   Γ£ö  Then the audit trail should have 2 events
   Γ£ö  And all audit events should have required fields
   Γ£ö  And the audit output should be in valid JSON format
  Scenario: Audit chain integrity
   Γ£ö> Given the audit system is enabled
   Γ£ö> And an audit context is initialized
   Γ£ö  Given a financial SOX compliance copybook
   Γ£ö  When the copybook is processed with audit
   Γ£ö  And a security event is created
   Γ£ö  Then the audit chain should be valid
  Scenario: Multi-framework compliance
   Γ£ö> Given the audit system is enabled
   Γ£ö> And an audit context is initialized
   Γ£ö  Given compliance profile "SOX"
   Γ£ö  And compliance profile "HIPAA"
   Γ£ö  And compliance profile "GDPR"
   Γ£ö  When a compliance check event is created
   Γ£ö  Then the audit event type should be "ComplianceCheck"
   Γ£ö  And the audit context should have compliance profile "SOX"
   Γ£ö  And the audit context should have compliance profile "HIPAA"
   Γ£ö  And the audit context should have compliance profile "GDPR"
  Scenario: Child context for nested operations
   Γ£ö> Given the audit system is enabled
   Γ£ö> And an audit context is initialized
   Γ£ö  When a child context is created for "nested_decode"
   Γ£ö  Then the child context should have parent operation
   Γ£ö  And the child context operation id should differ from parent
Feature: Error Handling Strategies
  Scenario: Strict mode with short PIC X data succeeds after padding
   Γ£ö> Given a copybook with content:
   Γ£ö  Given ASCII codepage
   Γ£ö  And strict mode
   Γ£ö  And binary data: "AB"
   Γ£ö  When the binary data is decoded
   Γ£ö  Then decoding should succeed
  Scenario: Lenient mode handles short data
   Γ£ö> Given a copybook with content:
   Γ£ö  Given ASCII codepage
   Γ£ö  And lenient mode
   Γ£ö  And binary data: "HELLOWORLD"
   Γ£ö  When the binary data is decoded
   Γ£ö  Then decoding should succeed
  Scenario: Max errors limits error accumulation
   Γ£ö> Given a copybook with content:
   Γ£ö  Given ASCII codepage
   Γ£ö  And max errors 5
   Γ£ö  And binary data: "HELLOWORLD"
   Γ£ö  When the binary data is decoded
   Γ£ö  Then decoding should succeed
  Scenario: Max errors unlimited allows all errors
   Γ£ö> Given a copybook with content:
   Γ£ö  Given ASCII codepage
   Γ£ö  And max errors unlimited
   Γ£ö  And binary data: "HELLOWORLD"
   Γ£ö  When the binary data is decoded
   Γ£ö  Then decoding should succeed
  Scenario: Strict mode with valid data succeeds
   Γ£ö> Given a copybook with content:
   Γ£ö  Given ASCII codepage
   Γ£ö  And strict mode
   Γ£ö  And binary data: "HELLOWORLD"
   Γ£ö  When the binary data is decoded
   Γ£ö  Then decoding should succeed
  Scenario: Lenient mode with valid data succeeds
   Γ£ö> Given a copybook with content:
   Γ£ö  Given ASCII codepage
   Γ£ö  And lenient mode
   Γ£ö  And binary data: "HELLOWORLD"
   Γ£ö  When the binary data is decoded
   Γ£ö  Then decoding should succeed
  Scenario: Max errors with encoding
   Γ£ö> Given a copybook with content:
   Γ£ö  Given ASCII codepage
   Γ£ö  And max errors 3
   Γ£ö  And JSON data: "{\"DATA-FIELD\":\"TESTDATA01\"}"
   Γ£ö  When the JSON data is encoded
   Γ£ö  Then encoding should succeed
  Scenario: Strict mode encoding with valid JSON
   Γ£ö> Given a copybook with content:
   Γ£ö  Given ASCII codepage
   Γ£ö  And strict mode
   Γ£ö  And JSON data: "{\"DATA-FIELD\":\"TESTDATA01\"}"
   Γ£ö  When the JSON data is encoded
   Γ£ö  Then encoding should succeed
  Scenario: Lenient mode encoding
   Γ£ö> Given a copybook with content:
   Γ£ö  Given ASCII codepage
   Γ£ö  And lenient mode
   Γ£ö  And JSON data: "{\"DATA-FIELD\":\"TESTDATA01\"}"
   Γ£ö  When the JSON data is encoded
   Γ£ö  Then encoding should succeed
  Scenario: Max errors with round-trip
   Γ£ö> Given a copybook with content:
   Γ£ö  Given ASCII codepage
   Γ£ö  And max errors 10
   Γ£ö  And binary data: "HELLOWORLD"
   Γ£ö  When the data is round-tripped
   Γ£ö  Then the round-trip should be lossless
  Scenario: Strict mode with numeric field
   Γ£ö> Given a copybook with content:
   Γ£ö  Given a copybook with content:
   Γ£ö  And ASCII codepage
   Γ£ö  And strict mode
   Γ£ö  And binary data: "12345"
   Γ£ö  When the binary data is decoded
   Γ£ö  Then decoding should succeed
  Scenario: Max errors set to 1
   Γ£ö> Given a copybook with content:
   Γ£ö  Given ASCII codepage
   Γ£ö  And max errors 1
   Γ£ö  And binary data: "HELLOWORLD"
   Γ£ö  When the binary data is decoded
   Γ£ö  Then decoding should succeed
Feature: Field Projection
  Scenario: Decode with simple field selection
   Γ£ö> Given ASCII codepage
   Γ£ö  Given a copybook with content:
   Γ£ö  And binary data: "000123JOHN DOE                           123 MAIN STREET                        "
   Γ£ö  And field selection: "CUSTOMER-ID"
   Γ£ö  When the copybook is parsed
   Γ£ö  And the schema is projected with selected fields
   Γ£ö  Then the projection should succeed
   ?  And the projected schema should contain 1 top-level field(s)
      Step skipped: ?\H:\Code\Rust\copybook-rs\tests\bdd\features\field_projection.feature:24:5
  Scenario: Decode with multiple field selection
   Γ£ö> Given ASCII codepage
   Γ£ö  Given a copybook with content:
   Γ£ö  And binary data: "000123JOHN DOE                           123 MAIN STREET                        555-1234567890  "
   Γ£ö  And field selection: "CUSTOMER-ID,CUSTOMER-NAME"
   Γ£ö  When the copybook is parsed
   Γ£ö  And the schema is projected with selected fields
   Γ£ö  Then the projection should succeed
   ?  And the projected schema should contain 1 top-level field(s)
      Step skipped: ?\H:\Code\Rust\copybook-rs\tests\bdd\features\field_projection.feature:43:5
  Scenario: Decode with group selection
   Γ£ö> Given ASCII codepage
   Γ£ö  Given a copybook with content:
   Γ£ö  And binary data: "000123JOHN DOE                           00000001020240117"
   Γ£ö  And field selection: "CUSTOMER-INFO"
   Γ£ö  When the copybook is parsed
   Γ£ö  And the schema is projected with selected fields
   Γ£ö  Then the projection should succeed
   ?  And the projected schema should contain 1 top-level field(s)
      Step skipped: ?\H:\Code\Rust\copybook-rs\tests\bdd\features\field_projection.feature:65:5
  Scenario: Decode with ODO auto-counter inclusion
   Γ£ö> Given ASCII codepage
   Γ£ö  Given a copybook with content:
   Γ£ö  And binary data: "00200000000100000100000000000002000000020000020000000000000"
   Γ£ö  And field selection: "ORDERS"
   Γ£ö  When the copybook is parsed
   Γ£ö  And the schema is projected with selected fields
   Γ£ö  Then the projection should succeed
   ?  And the projected schema should contain 1 top-level field(s)
      Step skipped: ?\H:\Code\Rust\copybook-rs\tests\bdd\features\field_projection.feature:86:5
  Scenario: Decode with RENAMES alias resolution
   Γ£ö> Given ASCII codepage
   Γ£ö  Given a copybook with content:
   Γ£ö  And binary data: "JOHN              DOE               M123 MAIN STREET                        "
   Γ£ö  And field selection: "FULL-NAME"
   Γ£ö  When the copybook is parsed
   Γ£ö  And the schema is projected with selected fields
   Γ£ö  Then the projection should succeed
   ?  And the projected schema should contain 1 top-level field(s)
      Step skipped: ?\H:\Code\Rust\copybook-rs\tests\bdd\features\field_projection.feature:106:5
  Scenario: Decode with RENAMES alias and regular fields
   Γ£ö> Given ASCII codepage
   Γ£ö  Given a copybook with content:
   Γ£ö  And binary data: "JOHN              DOE               000123"
   Γ£ö  And field selection: "FULL-NAME,CUSTOMER-ID"
   Γ£ö  When the copybook is parsed
   Γ£ö  And the schema is projected with selected fields
   Γ£ö  Then the projection should succeed
   ?  And the projected schema should contain 1 top-level field(s)
      Step skipped: ?\H:\Code\Rust\copybook-rs\tests\bdd\features\field_projection.feature:127:5
  Scenario: Error when field not found in projection
   Γ£ö> Given ASCII codepage
   Γ£ö  Given a copybook with content:
   Γ£ö  And field selection: "NONEXISTENT-FIELD"
   Γ£ö  When the copybook is parsed
   Γ£ö  And the schema is projected with selected fields
   Γ£ö  Then the projection should fail
   Γ£ö  And the error message should contain "NONEXISTENT-FIELD"
   Γ£ö  And the error code should be "CBKS703_PROJECTION_FIELD_NOT_FOUND"
  Scenario: Encode with field projection
   Γ£ö> Given ASCII codepage
   Γ£ö  Given a copybook with content:
   Γ£ö  And JSON data:
   Γ£ö  And field selection: "CUSTOMER-ID,CUSTOMER-NAME"
   Γ£ö  When the copybook is parsed
   Γ£ö  And the schema is projected with selected fields
   Γ£ö  Then the projection should succeed
   ?  And the projected schema should contain 1 top-level field(s)
      Step skipped: ?\H:\Code\Rust\copybook-rs\tests\bdd\features\field_projection.feature:162:5
  Scenario: Verify with field projection
   Γ£ö> Given ASCII codepage
   Γ£ö  Given a copybook with content:
   Γ£ö  And field selection: "TRANSACTION-ID,TRANSACTION-AMT"
   Γ£ö  When the copybook is parsed
   Γ£ö  And the schema is projected with selected fields
   Γ£ö  Then the projection should succeed
   ?  And the projected schema should contain 1 top-level field(s)
      Step skipped: ?\H:\Code\Rust\copybook-rs\tests\bdd\features\field_projection.feature:180:5
  Scenario: Empty field selection
   Γ£ö> Given ASCII codepage
   Γ£ö  Given a copybook with content:
   Γ£ö  And field selection: ""
   Γ£ö  When the copybook is parsed
   Γ£ö  And the schema is projected with selected fields
   Γ£ö  Then the projection should succeed
   ?  And the projected schema should contain 0 top-level field(s)
      Step skipped: ?\H:\Code\Rust\copybook-rs\tests\bdd\features\field_projection.feature:197:5
Feature: Fixed Record Framing
  Scenario: Encoded fixed output round-trips through the fixed microcrate
   Γ£ö  Given a copybook with content:
   Γ£ö  And fixed record format
   Γ£ö  And ASCII codepage
   Γ£ö  And JSON data:
   Γ£ö  When the JSON data is encoded
   Γ£ö  Then encoding should succeed
   Γ£ö  And the encoded output should be 8 bytes
   Γ£ö  And the encoded output should round-trip through the fixed microcrate with LRECL 8
  Scenario: Raw binary input is readable through the fixed microcrate
   Γ£ö  Given a simple copybook with a single field
   Γ£ö  And fixed record format
   Γ£ö  And ASCII codepage
   Γ£ö  And binary data: "HELLO     "
   Γ£ö  Then the binary input should be readable by the fixed microcrate with LRECL 10
Feature: Governance flag synchronization
  Scenario: All stable features are enabled by default
   Γ£ö  Given the default feature flags
   Γ£ö  Then all stable features should be enabled
  Scenario: Experimental features are disabled by default
   Γ£ö  Given the default feature flags
   Γ£ö  Then experimental features should be disabled
  Scenario: Enterprise features can be enabled
   Γ£ö  Given feature flags with Enterprise category enabled
   Γ£ö  Then enterprise features should be accessible
  Scenario: Support matrix matches governance flags
   Γ£ö  Given the default feature flags
   Γ£ö  Then the support matrix should list all governed features
  Scenario: Feature flags are serializable
   Γ£ö  Given feature flags with all categories enabled
   Γ£ö  When the flags are serialized to JSON
   Γ£ö  Then the JSON should be valid and round-trip
  Scenario: Runtime state evaluation matches flags
   Γ£ö  Given feature flags with Experimental category enabled
   Γ£ö  When runtime state is evaluated
   Γ£ö  Then experimental features should report as enabled
Feature: Metadata Emission
  Scenario: Emit meta enabled includes metadata fields
   Γ£ö> Given a copybook with content:
   Γ£ö> And ASCII codepage
   Γ£ö  Given emit_meta is true
   Γ£ö  And binary data: "HELLOWORLD"
   Γ£ö  When the binary data is decoded
   Γ£ö  Then decoding should succeed
   Γ£ö  And the decoded output should contain "schema_fingerprint"
  Scenario: Emit meta disabled excludes metadata fields
   Γ£ö> Given a copybook with content:
   Γ£ö> And ASCII codepage
   Γ£ö  Given emit_meta is false
   Γ£ö  And binary data: "HELLOWORLD"
   Γ£ö  When the binary data is decoded
   Γ£ö  Then decoding should succeed
   Γ£ö  And the decoded output should not contain "schema_fingerprint"
  Scenario: Metadata contains record_index
   Γ£ö> Given a copybook with content:
   Γ£ö> And ASCII codepage
   Γ£ö  Given emit_meta is true
   Γ£ö  And binary data: "HELLOWORLD"
   Γ£ö  When the binary data is decoded
   Γ£ö  Then decoding should succeed
   Γ£ö  And the decoded output should contain "record_index"
  Scenario: Metadata with multi-field copybook
   Γ£ö> Given a copybook with content:
   Γ£ö> And ASCII codepage
   Γ£ö  Given a copybook with content:
   Γ£ö  And ASCII codepage
   Γ£ö  And emit_meta is true
   Γ£ö  And binary data: "HELLO042"
   Γ£ö  When the binary data is decoded
   Γ£ö  Then decoding should succeed
   Γ£ö  And the decoded output should contain "schema_fingerprint"
  Scenario: Emit meta with COMP-3 field
   Γ£ö> Given a copybook with content:
   Γ£ö> And ASCII codepage
   Γ£ö  Given a copybook with content:
   Γ£ö  And ASCII codepage
   Γ£ö  And emit_meta is true
   Γ£ö  And binary data: "\x01\x23\x4C"
   Γ£ö  When the binary data is decoded
   Γ£ö  Then decoding should succeed
   Γ£ö  And the decoded output should contain "schema_fingerprint"
  Scenario: Default emit_meta is enabled
   Γ£ö> Given a copybook with content:
   Γ£ö> And ASCII codepage
   Γ£ö  Given emit_meta is true
   Γ£ö  And binary data: "HELLOWORLD"
   Γ£ö  When the binary data is decoded
   Γ£ö  Then decoding should succeed
   Γ£ö  And the decoded output should contain "schema_fingerprint"
  Scenario: Emit meta does not affect round-trip
   Γ£ö> Given a copybook with content:
   Γ£ö> And ASCII codepage
   Γ£ö  Given emit_meta is true
   Γ£ö  And binary data: "HELLOWORLD"
   Γ£ö  When the data is round-tripped
   Γ£ö  Then the round-trip should be lossless
  Scenario: Emit meta with valid JSON output
   Γ£ö> Given a copybook with content:
   Γ£ö> And ASCII codepage
   Γ£ö  Given emit_meta is true
   Γ£ö  And binary data: "TESTDATA10"
   Γ£ö  When the binary data is decoded
   Γ£ö  Then decoding should succeed
   Γ£ö  And the decoded output should be valid JSON
Feature: Options Microcrate Contracts
  Scenario: Decode options builder applies contract fields
   Γ£ö  Given default decode options
   Γ£ö  When decode record format is set to "rdw"
   Γ£ö  And decode json number mode is set to "native"
   Γ£ö  And decode raw mode is set to "record+rdw"
   Γ£ö  Then decode options format should be "rdw"
   Γ£ö  And decode options json number mode should be "native"
   Γ£ö  And decode options raw mode should be "record+rdw"
  Scenario: Encode options builder applies override and float format
   Γ£ö  Given default encode options
   Γ£ö  When encode zoned override is set to "ascii"
   Γ£ö  And encode float format is set to "ibm-hex"
   Γ£ö  Then encode options zoned override should be "ascii"
   Γ£ö  And encode options float format should be "ibm-hex"
  Scenario: Zoned detection recognizes nibble signatures
   Γ£ö  When zoned encoding is detected from byte "0x35"
   Γ£ö  Then detected zoned encoding should be "ascii"
   Γ£ö  When zoned encoding is detected from byte "0xF7"
   Γ£ö  Then detected zoned encoding should be "ebcdic"
Feature: Parallel Processing
  Scenario: Single-threaded decode
   Γ£ö> Given a copybook with content:
   Γ£ö> And ASCII codepage
   Γ£ö  Given thread count 1
   Γ£ö  And multi-record binary data with 10 records
   ?  When the data is decoded with 1 thread(s)
      Step skipped: ?\H:\Code\Rust\copybook-rs\tests\bdd\features\parallel_processing.feature:16:5
  Scenario: Multi-threaded decode with 2 threads
   Γ£ö> Given a copybook with content:
   Γ£ö> And ASCII codepage
   Γ£ö  Given thread count 2
   Γ£ö  And multi-record binary data with 10 records
   ?  When the data is decoded with 2 thread(s)
      Step skipped: ?\H:\Code\Rust\copybook-rs\tests\bdd\features\parallel_processing.feature:23:5
  Scenario: Multi-threaded decode with 4 threads
   Γ£ö> Given a copybook with content:
   Γ£ö> And ASCII codepage
   Γ£ö  Given thread count 4
   Γ£ö  And multi-record binary data with 20 records
   ?  When the data is decoded with 4 thread(s)
      Step skipped: ?\H:\Code\Rust\copybook-rs\tests\bdd\features\parallel_processing.feature:30:5
  Scenario: Multi-threaded decode with 8 threads
   Γ£ö> Given a copybook with content:
   Γ£ö> And ASCII codepage
   Γ£ö  Given thread count 8
   Γ£ö  And multi-record binary data with 100 records
   ?  When the data is decoded with 8 thread(s)
      Step skipped: ?\H:\Code\Rust\copybook-rs\tests\bdd\features\parallel_processing.feature:37:5
  Scenario: Output determinism across thread counts
   Γ£ö> Given a copybook with content:
   Γ£ö> And ASCII codepage
   Γ£ö  Given multi-record binary data with 10 records
   ?  When the data is decoded with 1 thread(s)
      Step skipped: ?\H:\Code\Rust\copybook-rs\tests\bdd\features\parallel_processing.feature:43:5
  Scenario: Single record with multiple threads
   Γ£ö> Given a copybook with content:
   Γ£ö> And ASCII codepage
   Γ£ö  Given thread count 4
   Γ£ö  And multi-record binary data with 1 records
   ?  When the data is decoded with 4 thread(s)
      Step skipped: ?\H:\Code\Rust\copybook-rs\tests\bdd\features\parallel_processing.feature:51:5
  Scenario: Empty data with threads
   Γ£ö> Given a copybook with content:
   Γ£ö> And ASCII codepage
   Γ£ö  Given thread count 2
   Γ£ö  And binary data: ""
   Γ£ö  When the binary data is decoded
   Γ£ö  Then decoding should succeed
  Scenario: Thread count of 1 is single-threaded
   Γ£ö> Given a copybook with content:
   Γ£ö> And ASCII codepage
   Γ£ö  Given thread count 1
   Γ£ö  And binary data for all fields
   Γ£ö  When the binary data is decoded
   Γ£ö  Then decoding should succeed
   Γ£ö  And the decoded output should be valid JSON
  Scenario: Large record count with threads
   Γ£ö> Given a copybook with content:
   Γ£ö> And ASCII codepage
   Γ£ö  Given thread count 4
   Γ£ö  And multi-record binary data with 50 records
   ?  When the data is decoded with 4 thread(s)
      Step skipped: ?\H:\Code\Rust\copybook-rs\tests\bdd\features\parallel_processing.feature:71:5
  Scenario: Thread count does not affect output validity
   Γ£ö> Given a copybook with content:
   Γ£ö> And ASCII codepage
   Γ£ö  Given thread count 2
   Γ£ö  And multi-record binary data with 5 records
   ?  When the data is decoded with 2 thread(s)
      Step skipped: ?\H:\Code\Rust\copybook-rs\tests\bdd\features\parallel_processing.feature:78:5
  Scenario: Determinism with 4 threads
   Γ£ö> Given a copybook with content:
   Γ£ö> And ASCII codepage
   Γ£ö  Given multi-record binary data with 20 records
   ?  When the data is decoded with 1 thread(s)
      Step skipped: ?\H:\Code\Rust\copybook-rs\tests\bdd\features\parallel_processing.feature:84:5
  Scenario: Decode with default thread count
   Γ£ö> Given a copybook with content:
   Γ£ö> And ASCII codepage
   Γ£ö  Given binary data for all fields
   Γ£ö  When the binary data is decoded
   Γ£ö  Then decoding should succeed
Feature: Parsing Modes
  Scenario: Strict parsing of valid copybook
   Γ£ö  Given strict parsing mode
   Γ£ö  And a copybook with content:
   Γ£ö  When the copybook is parsed
   Γ£ö  Then parsing should succeed
  Scenario: Tolerant parsing of valid copybook
   Γ£ö  Given tolerant parsing mode
   Γ£ö  And a copybook with content:
   Γ£ö  When the copybook is parsed
   Γ£ö  Then parsing should succeed
  Scenario: Default parsing mode succeeds on valid input
   Γ£ö  Given a copybook with content:
   Γ£ö  When the copybook is parsed
   Γ£ö  Then parsing should succeed
  Scenario: Strict comments mode
   Γ£ö  Given strict_comments mode
   Γ£ö  And a copybook with content:
   Γ£ö  When the copybook is parsed
   Γ£ö  Then parsing should succeed
  Scenario: Inline comments disabled
   Γ£ö  Given inline comments disabled
   Γ£ö  And a copybook with content:
   Γ£ö  When the copybook is parsed
   Γ£ö  Then parsing should succeed
  Scenario: Strict parsing rejects invalid syntax
   Γ£ö  Given strict parsing mode
   Γ£ö  And a copybook with content:
   Γ£ö  When the copybook is parsed
   Γ£ö  Then parsing should fail
  Scenario: Tolerant parsing with OCCURS
   Γ£ö  Given tolerant parsing mode
   Γ£ö  And a copybook with content:
   Γ£ö  When the copybook is parsed
   Γ£ö  Then parsing should succeed
  Scenario: Strict parsing with Level-88
   Γ£ö  Given strict parsing mode
   Γ£ö  And a copybook with content:
   Γ£ö  When the copybook is parsed
   Γ£ö  Then parsing should succeed
  Scenario: Strict parsing with REDEFINES
   Γ£ö  Given strict parsing mode
   Γ£ö  And a copybook with content:
   Γ£ö  When the copybook is parsed
   Γ£ö  Then parsing should succeed
  Scenario: Default mode handles complex copybook
   Γ£ö  Given a copybook with content:
   Γ£ö  When the copybook is parsed
   Γ£ö  Then parsing should succeed
   ?  And the schema should contain 1 top-level field(s)
      Step skipped: ?\H:\Code\Rust\copybook-rs\tests\bdd\features\parsing_modes.feature:110:5
Feature: Advanced Field Projection
  Scenario: Select non-existent field returns CBKS703
   Γ£ö> Given ASCII codepage
   Γ£ö  Given a copybook with content:
   Γ£ö  And field selection: "DOES-NOT-EXIST"
   Γ£ö  When the copybook is parsed
   Γ£ö  And the schema is projected with selected fields
   Γ£ö  Then the projection should fail
   Γ£ö  And the error code should be "CBKS703_PROJECTION_FIELD_NOT_FOUND"
   Γ£ö  And the error message should contain "DOES-NOT-EXIST"
  Scenario: Select ODO array auto-includes counter field
   Γ£ö> Given ASCII codepage
   Γ£ö  Given a copybook with content:
   Γ£ö  And field selection: "ORDER-ITEMS"
   Γ£ö  When the copybook is parsed
   Γ£ö  And the schema is projected with selected fields
   Γ£ö  Then the projection should succeed
   Γ£ö  And the field "ORDER-ITEMS" should be included in projection
   Γ£ö  And the field "ORDER-COUNT" should be included in projection
   Γ£ö  And the field "ITEM-ID" should be included in projection
  Scenario: Select RENAMES alias resolves to storage fields
   Γ£ö> Given ASCII codepage
   Γ£ö  Given a copybook with content:
   Γ£ö  And field selection: "FULL-NAME"
   Γ£ö  When the copybook is parsed
   Γ£ö  And the schema is projected with selected fields
   Γ£ö  Then the projection should succeed
   Γ£ö  And the field "FIRST-NAME" should be included in projection
   Γ£ö  And the field "LAST-NAME" should be included in projection
   Γ£ö  And the field "AGE" should not be included in projection
  Scenario: Select multiple fields from nested groups
   Γ£ö> Given ASCII codepage
   Γ£ö  Given a copybook with content:
   Γ£ö  And field selection: "ACCT-ID,BALANCE"
   Γ£ö  When the copybook is parsed
   Γ£ö  And the schema is projected with selected fields
   Γ£ö  Then the projection should succeed
   Γ£ö  And the field "ACCT-ID" should be included in projection
   Γ£ö  And the field "BALANCE" should be included in projection
   Γ£ö  And the field "ACCT-NAME" should not be included in projection
   Γ£ö  And the field "CREDIT-LIMIT" should not be included in projection
  Scenario: Select all leaf fields produces identity projection
   Γ£ö> Given ASCII codepage
   Γ£ö  Given a copybook with content:
   Γ£ö  And field selection: "FIELD-A,FIELD-B,FIELD-C"
   Γ£ö  When the copybook is parsed
   Γ£ö  And the schema is projected with selected fields
   Γ£ö  Then the projection should succeed
   Γ£ö  And the field "FIELD-A" should be included in projection
   Γ£ö  And the field "FIELD-B" should be included in projection
   Γ£ö  And the field "FIELD-C" should be included in projection
  Scenario: Select group field includes all children
   Γ£ö> Given ASCII codepage
   Γ£ö  Given a copybook with content:
   Γ£ö  And field selection: "HEADER-GROUP"
   Γ£ö  When the copybook is parsed
   Γ£ö  And the schema is projected with selected fields
   Γ£ö  Then the projection should succeed
   Γ£ö  And the field "HEADER-GROUP" should be included in projection
   Γ£ö  And the field "HDR-TYPE" should be included in projection
   Γ£ö  And the field "HDR-LEN" should be included in projection
   Γ£ö  And the field "DETAIL-FIELD" should not be included in projection
  Scenario: Select mix of valid and non-existent fields fails
   Γ£ö> Given ASCII codepage
   Γ£ö  Given a copybook with content:
   Γ£ö  And field selection: "REAL-FIELD,GHOST-FIELD"
   Γ£ö  When the copybook is parsed
   Γ£ö  And the schema is projected with selected fields
   Γ£ö  Then the projection should fail
   Γ£ö  And the error code should be "CBKS703_PROJECTION_FIELD_NOT_FOUND"
Feature: Raw Data Capture
  Scenario: Raw mode off does not emit __raw_b64
   Γ£ö> Given a copybook with content:
   Γ£ö> And ASCII codepage
   Γ£ö  Given raw mode "off"
   Γ£ö  And binary data: "HELLOWORLD"
   Γ£ö  When the binary data is decoded
   Γ£ö  Then decoding should succeed
   Γ£ö  And the decoded output should not contain "__raw_b64"
  Scenario: Raw mode record emits __raw_b64
   Γ£ö> Given a copybook with content:
   Γ£ö> And ASCII codepage
   Γ£ö  Given raw mode "record"
   Γ£ö  And binary data: "HELLOWORLD"
   Γ£ö  When the binary data is decoded
   Γ£ö  Then decoding should succeed
   Γ£ö  And the decoded output should contain "__raw_b64"
  Scenario: Raw mode record base64 decodes to original payload
   Γ£ö> Given a copybook with content:
   Γ£ö> And ASCII codepage
   Γ£ö  Given raw mode "record"
   Γ£ö  And binary data: "HELLOWORLD"
   Γ£ö  When the binary data is decoded
   Γ£ö  Then decoding should succeed
   Γ£ö  And the raw_b64 field should decode to the original binary data
  Scenario: Raw mode field emits field-level raw
   Γ£ö> Given a copybook with content:
   Γ£ö> And ASCII codepage
   Γ£ö  Given raw mode "field"
   Γ£ö  And binary data: "HELLOWORLD"
   Γ£ö  When the binary data is decoded
   Γ£ö  Then decoding should succeed
  Scenario: Raw mode record preserves binary literal bytes
   Γ£ö> Given a copybook with content:
   Γ£ö> And ASCII codepage
   Γ£ö  Given raw mode "record"
   Γ£ö  And binary data: "\x41\x42\x43\x44\x45\x46\x47\x48\x49\x4A"
   Γ£ö  When the binary data is decoded
   Γ£ö  Then decoding should succeed
   Γ£ö  And the raw_b64 field should decode to the original binary data
  Scenario: Default raw mode is off
   Γ£ö> Given a copybook with content:
   Γ£ö> And ASCII codepage
   Γ£ö  Given binary data: "HELLOWORLD"
   Γ£ö  When the binary data is decoded
   Γ£ö  Then decoding should succeed
   Γ£ö  And the decoded output should not contain "__raw_b64"
  Scenario: Raw mode record with COMP-3 field
   Γ£ö> Given a copybook with content:
   Γ£ö> And ASCII codepage
   Γ£ö  Given a copybook with content:
   Γ£ö  And ASCII codepage
   Γ£ö  And raw mode "record"
   Γ£ö  And binary data: "\x01\x23\x4C"
   Γ£ö  When the binary data is decoded
   Γ£ö  Then decoding should succeed
   Γ£ö  And the decoded output should contain "__raw_b64"
  Scenario: Raw mode off with multiple fields
   Γ£ö> Given a copybook with content:
   Γ£ö> And ASCII codepage
   Γ£ö  Given a copybook with content:
   Γ£ö  And ASCII codepage
   Γ£ö  And raw mode "off"
   Γ£ö  And binary data: "HELLOWORLD"
   Γ£ö  When the binary data is decoded
   Γ£ö  Then decoding should succeed
   Γ£ö  And the decoded output should not contain "__raw_b64"
  Scenario: Raw mode record with JSON validity
   Γ£ö> Given a copybook with content:
   Γ£ö> And ASCII codepage
   Γ£ö  Given raw mode "record"
   Γ£ö  And binary data: "ABCDEFGHIJ"
   Γ£ö  When the binary data is decoded
   Γ£ö  Then decoding should succeed
   Γ£ö  And the decoded output should be valid JSON
  Scenario: Raw mode with empty field
   Γ£ö> Given a copybook with content:
   Γ£ö> And ASCII codepage
   Γ£ö  Given raw mode "record"
   Γ£ö  And binary data: "          "
   Γ£ö  When the binary data is decoded
   Γ£ö  Then decoding should succeed
   Γ£ö  And the decoded output should contain "__raw_b64"
  Scenario: use_raw enabled for encode
   Γ£ö> Given a copybook with content:
   Γ£ö> And ASCII codepage
   Γ£ö  Given use_raw enabled for encode
   Γ£ö  And raw mode "record"
   Γ£ö  And binary data: "HELLOWORLD"
   Γ£ö  When the binary data is decoded
   Γ£ö  Then decoding should succeed
  Scenario: Raw mode record preserves all data
   Γ£ö> Given a copybook with content:
   Γ£ö> And ASCII codepage
   Γ£ö  Given raw mode "record"
   Γ£ö  And binary data: "TESTDATA12"
   Γ£ö  When the binary data is decoded
   Γ£ö  Then decoding should succeed
   Γ£ö  And the decoded output should be valid JSON
   Γ£ö  And the decoded output should contain "__raw_b64"
  Scenario: Raw mode off with round-trip
   Γ£ö> Given a copybook with content:
   Γ£ö> And ASCII codepage
   Γ£ö  Given raw mode "off"
   Γ£ö  And binary data: "HELLOWORLD"
   Γ£ö  When the data is round-tripped
   Γ£ö  Then the round-trip should be lossless
  Scenario: Raw mode field with numeric data
   Γ£ö> Given a copybook with content:
   Γ£ö> And ASCII codepage
   Γ£ö  Given a copybook with content:
   Γ£ö  And ASCII codepage
   Γ£ö  And raw mode "field"
   Γ£ö  And binary data: "12345"
   Γ£ö  When the binary data is decoded
   Γ£ö  Then decoding should succeed
  Scenario: Multiple records with raw mode record
   Γ£ö> Given a copybook with content:
   Γ£ö> And ASCII codepage
   Γ£ö  Given a copybook with content:
   Γ£ö  And ASCII codepage
   Γ£ö  And raw mode "record"
   Γ£ö  And binary data: "HELLOWORLD"
   Γ£ö  When the binary data is decoded
   Γ£ö  Then decoding should succeed
  Scenario: Raw mode with EBCDIC codepage
   Γ£ö> Given a copybook with content:
   Γ£ö> And ASCII codepage
   Γ£ö  Given a copybook with content:
   Γ£ö  And codepage "CP037"
   Γ£ö  And raw mode "record"
   Γ£ö  And binary data for all fields
   Γ£ö  When the binary data is decoded
   Γ£ö  Then decoding should succeed
   Γ£ö  And the decoded output should contain "__raw_b64"
  Scenario: Decode output is valid JSON with all raw modes
   Γ£ö> Given a copybook with content:
   Γ£ö> And ASCII codepage
   Γ£ö  Given raw mode "off"
   Γ£ö  And binary data: "HELLOWORLD"
   Γ£ö  When the binary data is decoded
   Γ£ö  Then the decoded output should be valid JSON
  Scenario: Raw mode record with round-trip preserves structure
   Γ£ö> Given a copybook with content:
   Γ£ö> And ASCII codepage
   Γ£ö  Given raw mode "record"
   Γ£ö  And binary data: "TESTRECORD"
   Γ£ö  When the binary data is decoded
   Γ£ö  Then decoding should succeed
   Γ£ö  And the decoded output should contain "__raw_b64"
Feature: RDW corruption heuristic
  Scenario: detect an ASCII digit length header
   Γ£ö  When the rdw ascii-corruption heuristic evaluates header "\x31\x32\x00\x00"
   Γ£ö  Then the rdw ascii-corruption heuristic should report ASCII corruption
  Scenario: detect an ascii-corruption RDW header in detector
   Γ£ö  When the rdw corruption detector evaluates header "\x31\x32\x00\x00"
   Γ£ö  Then the rdw corruption detector should report corruption
  Scenario: ignore a non-ASCII length header
   Γ£ö  When the rdw ascii-corruption heuristic evaluates header "\x00\x05\x00\x00"
   Γ£ö  Then the rdw ascii-corruption heuristic should not report ASCII corruption
  Scenario: ignore a clean RDW header in detector
   Γ£ö  When the rdw corruption detector evaluates header "\x00\x05\x00\x00"
   Γ£ö  Then the rdw corruption detector should not report corruption
  Scenario: detect a corrupted EBCDIC control byte
   Γ£ö  When the ebcdic corruption predicate evaluates bytes "\x00"
   Γ£ö  Then the ebcdic corruption predicate should detect corruption
  Scenario: ignore a clean EBCDIC control-free byte sequence
   Γ£ö  When the ebcdic corruption predicate evaluates bytes "\x41\x42\x43"
   Γ£ö  Then the ebcdic corruption predicate should not detect corruption
  Scenario: detect invalid packed-decimal nibbles
   Γ£ö  When the packed corruption predicate evaluates bytes "\xA2\x34\x5A"
   Γ£ö  Then the packed corruption predicate should detect corruption
  Scenario: ignore valid packed-decimal data
   Γ£ö  When the packed corruption predicate evaluates bytes "\x12\x34\x5C"
   Γ£ö  Then the packed corruption predicate should not detect corruption
  Scenario: detect corrupted EBCDIC bytes in detector
   Γ£ö  When the ebcdic corruption detector evaluates bytes "\x00"
   Γ£ö  Then the ebcdic corruption detector should report corruption
  Scenario: ignore clean EBCDIC bytes in detector
   Γ£ö  When the ebcdic corruption detector evaluates bytes "\x41\x42\x43"
   Γ£ö  Then the ebcdic corruption detector should not report corruption
  Scenario: detect packed-decimal corruption in detector
   Γ£ö  When the packed corruption detector evaluates bytes "\xA2\x34\x5A"
   Γ£ö  Then the packed corruption detector should report corruption
  Scenario: ignore valid packed-decimal data in detector
   Γ£ö  When the packed corruption detector evaluates bytes "\x12\x34\x5C"
   Γ£ö  Then the packed corruption detector should not report corruption
Feature: Record I/O Dispatch Microcrate
  Scenario: Fixed encode output round-trips through record I/O dispatch
   Γ£ö  Given a copybook with content:
   Γ£ö  And fixed record format
   Γ£ö  And ASCII codepage
   Γ£ö  And JSON data:
   Γ£ö  When the JSON data is encoded
   Γ£ö  Then encoding should succeed
   Γ£ö  And the encoded output should round-trip through the record I/O microcrate in fixed mode with LRECL 8
  Scenario: RDW encode output round-trips through record I/O dispatch
   Γ£ö  Given a copybook with content:
   Γ£ö  And RDW record format
   Γ£ö  And ASCII codepage
   Γ£ö  And JSON data:
   Γ£ö  When the JSON data is encoded
   Γ£ö  Then encoding should succeed
   Γ£ö  And the encoded output should round-trip through the record I/O microcrate in RDW mode
Feature: Safe operations contract
  Scenario: parse a valid unsigned integer
   Γ£ö  Given the safe-op input is "2048"
   Γ£ö  When safe_ops parses the input as usize
   Γ£ö  Then the parse result should be 2048
  Scenario: parse an invalid unsigned integer
   Γ£ö  Given the safe-op input is "not-a-number"
   Γ£ö  When safe_ops parses the input as usize
   Γ£ö  Then safe_ops should report a syntax error
  Scenario: compute checked array bounds
   Γ£ö  When safe_array_bound is called with base 10, count 3, and item size 4
   Γ£ö  Then safe_array_bound should return 22
  Scenario: handle divide-by-zero without panic
   Γ£ö  When safe_divide is called with numerator 10 and denominator 0
   Γ£ö  Then safe_ops should report a syntax error
  Scenario: parse a valid signed integer via safe-text
   Γ£ö  Given the safe-op input is "-42"
   Γ£ö  When safe_text parses the input as isize
   Γ£ö  Then the safe-text isize parse result should be -42
  Scenario: parse a valid u16 via safe-text
   Γ£ö  Given the safe-op input is "65535"
   Γ£ö  When safe_text parses the input as u16
   Γ£ö  Then the safe-text u16 parse result should be 65535
  Scenario: read a string character in safe-text
   Γ£ö  Given the safe-op input is "abc"
   Γ£ö  When safe_text gets character at index 1
   Γ£ö  Then the safe-text character should be "b"
  Scenario: safe-text reports char out-of-range error
   Γ£ö  Given the safe-op input is "abc"
   Γ£ö  When safe_text gets character at index 10
   Γ£ö  Then safe_ops should report a syntax error
  Scenario: read an in-range index via safe-index
   Γ£ö  When safe_index gets element at index 1
   Γ£ö  Then safe_index should return 20
  Scenario: report error for out-of-range safe-index access
   Γ£ö  When safe_index gets element at index 99
   Γ£ö  Then safe_ops should report a syntax error
Feature: Support Command
  Scenario: Query all features in support matrix
   Γ£ö  When the support matrix is queried
   Γ£ö  Then the matrix should include "Level88Conditions" feature
  Scenario: Check Level-88 conditions feature
   Γ£ö  When feature "level-88" is checked
   Γ£ö  Then the feature should have status "Supported"
  Scenario: Check Level-66 RENAMES feature
   Γ£ö  When feature "level-66-renames" is checked
   Γ£ö  Then the feature should have status "Partial"
  Scenario: Check OCCURS DEPENDING ON feature
   Γ£ö  When feature "occurs-depending" is checked
   Γ£ö  Then the feature should have status "Partial"
  Scenario: Check Edited PIC feature
   Γ£ö  When feature "edited-pic" is checked
   Γ£ö  Then the feature should have status "Supported"
  Scenario: Check SIGN SEPARATE feature
   Γ£ö  When feature "sign-separate" is checked
   Γ£ö  Then the feature should have status "Supported"
  Scenario: Matrix includes multiple features
   Γ£ö  When the support matrix is queried
   Γ£ö  Then the matrix should include "Level66Renames" feature
  Scenario: Unknown feature returns error
   Γ£ö  When feature "nonexistent-feature" is checked
   Γ£ö  Then an error should occur
  Scenario: Feature-governance mapping for signed separate
   Γ£ö  When the governance mapping is checked for feature "sign-separate"
   Γ£ö  Then the governance mapping should include feature flag "sign_separate"
  Scenario: Feature-governance mapping for COMP-1/COMP-2
   Γ£ö  When the governance mapping is checked for feature "comp-1-comp-2"
   Γ£ö  Then the governance mapping should include feature flag "comp_1"
   Γ£ö  And the governance mapping should include feature flag "comp_2"
  Scenario: Governance summary is complete
   Γ£ö  When the governance grid summary is checked
   Γ£ö  Then the governance summary should map 7 support entries
   Γ£ö  And the matrix should include "EditedPic" feature
  Scenario: Governance runtime summary reports feature-flag gating state
   Γ£ö  When the support matrix runtime availability is checked
   Γ£ö  Then the command output should report 7 runtime enabled and 0 runtime disabled support entries
  Scenario: Governance runtime summary reflects disabled feature flags
   Γ£ö  When the support matrix runtime availability is checked with sign-separate disabled
   Γ£ö  Then the command output should report 6 runtime enabled and 1 runtime disabled support entries
Feature: Test Projection Minimal
  Scenario: Test simple projection
   Γ£ö> Given ASCII codepage
   Γ£ö  Given a copybook with content:
   Γ£ö  And field selection: "TEST-FIELD"
   Γ£ö  When the copybook is parsed
   Γ£ö  And the schema is projected with selected fields
   Γ£ö  Then the projection should succeed
Feature: Verify Command
  Scenario: Verify valid fixed-length data
   Γ£ö  Given a copybook with content:
   Γ£ö  And ASCII codepage
   Γ£ö  And binary data: "JOHN DOE  025"
   Γ£ö  When the data is verified
   Γ£ö  Then verification should succeed
   Γ£ö  And the verify report should contain 0 errors
  Scenario: Verify truncated data fails
   Γ£ö  Given a copybook with content:
   Γ£ö  And ASCII codepage
   Γ£ö  And binary data: "SHORT"
   Γ£ö  When the data is verified
   Γ£ö  Then verification should fail
  Scenario: Verify valid numeric data
   Γ£ö  Given a copybook with content:
   Γ£ö  And ASCII codepage
   Γ£ö  And binary data: "001234599"
   Γ£ö  When the data is verified
   Γ£ö  Then verification should succeed
  Scenario: Verify with JSON report format
   Γ£ö  Given a copybook with content:
   Γ£ö  And ASCII codepage
   Γ£ö  And binary data: "HELLO"
   Γ£ö  When the data is verified with JSON report
   Γ£ö  Then verification should succeed
   Γ£ö  And the verify report should be valid JSON
  Scenario: Verify with field projection
   Γ£ö  Given a copybook with content:
   Γ£ö  And ASCII codepage
   Γ£ö  And field selection: "FIELD-A"
   Γ£ö  And binary data: "HELLOWORLD"
   Γ£ö  When the data is verified
   Γ£ö  Then verification should succeed
  Scenario: Verify all-spaces data
   Γ£ö  Given a copybook with content:
   Γ£ö  And ASCII codepage
   Γ£ö  And binary data: "          "
   Γ£ö  When the data is verified
   Γ£ö  Then verification should succeed
  Scenario: Verify COMP-3 data
   Γ£ö  Given a copybook with content:
   Γ£ö  And ASCII codepage
   Γ£ö  And binary data: "\x01\x23\x4C"
   Γ£ö  When the data is verified
   Γ£ö  Then verification should succeed
  Scenario: Verify with strict mode
   Γ£ö  Given a copybook with content:
   Γ£ö  And ASCII codepage
   Γ£ö  And strict mode
   Γ£ö  And binary data: "ABCDEFGHIJ"
   Γ£ö  When the data is verified
   Γ£ö  Then verification should succeed
  Scenario: Verify with lenient mode
   Γ£ö  Given a copybook with content:
   Γ£ö  And ASCII codepage
   Γ£ö  And lenient mode
   Γ£ö  And binary data: "ABCDEFGHIJ"
   Γ£ö  When the data is verified
   Γ£ö  Then verification should succeed
  Scenario: Verify empty record
   Γ£ö  Given a copybook with content:
   Γ£ö  And ASCII codepage
   Γ£ö  And binary data: ""
   Γ£ö  When the data is verified
   Γ£ö  Then verification should succeed
  Scenario: Verify group-level copybook
   Γ£ö  Given a copybook with content:
   Γ£ö  And ASCII codepage
   Γ£ö  And binary data: "HELLO123WORLD"
   Γ£ö  When the data is verified
   Γ£ö  Then verification should succeed
  Scenario: Verify with Normative dialect
   Γ£ö  Given a copybook with content:
   Γ£ö  And Normative dialect
   Γ£ö  And ASCII codepage
   Γ£ö  And binary data: "002ITEM1ITEM2"
   Γ£ö  When the copybook is parsed
   Γ£ö  Then parsing should succeed
  Scenario: Verify JSON report contains status
   Γ£ö  Given a copybook with content:
   Γ£ö  And ASCII codepage
   Γ£ö  And binary data: "HELLO"
   Γ£ö  When the data is verified with JSON report
   Γ£ö  Then the verify report should be valid JSON
  Scenario: Verify binary integer data
   Γ£ö  Given a copybook with content:
   Γ£ö  And ASCII codepage
   Γ£ö  And binary data: "\x00\x2A"
   Γ£ö  When the data is verified
   Γ£ö  Then verification should succeed
[Summary]
25 features
271 scenarios (243 passed, 28 skipped)
1516 steps (1488 passed, 28 skipped)
     Running unittests src\lib.rs (target\debug\deps\copybook_bench-b23bcddfd29e1fd9.exe)

running 23 tests
test baseline::tests::test_baseline_store_creation ... ok
test baseline::tests::test_baseline_promotion ... ok
test baseline::tests::test_regression_detection ... ok
test baseline::tests::test_verbose_no_baseline ... ok
test regression::tests::test_generate_baseline_id_not_empty ... ok
test reporting::tests::test_slo_validation_pass ... ok
test health::tests::test_baseline_missing_is_warning ... ok
test regression::tests::test_alert_system ... ok
test regression::tests::test_ci_integrator ... ok
test regression::tests::test_baseline_repository ... ok
test regression::tests::test_detector_creation ... ok
test regression::tests::test_establish_baseline_returns_valid_id ... ok
test baseline::tests::test_verbose_regression_detection ... ok
test regression::tests::test_performance_regression_detector_baseline_workflow ... ok
test regression::tests::test_statistical_analyzer ... ok
test regression::tests::test_utils_create_detectors ... ok
test reporting::tests::test_performance_report_creation ... ok
test reporting::tests::test_pr_summary_format ... ok
test health::tests::test_baseline_exists ... ok
test health::tests::test_disk_space_check ... ok
test reporting::tests::test_slo_validation_failure ... ok
test health::tests::test_rust_version_check ... ok
test health::tests::test_health_checks_run ... ok

test result: ok. 23 passed; 0 failed; 0 ignored; 0 measured; 0 filtered out; finished in 0.16s

     Running unittests src\bin\bench-report.rs (target\debug\deps\bench_report-ab8fbf78ded4c245.exe)

running 0 tests

test result: ok. 0 passed; 0 failed; 0 ignored; 0 measured; 0 filtered out; finished in 0.00s

     Running tests\audit_performance_simple.rs (target\debug\deps\audit_performance_simple-a9acadf0cdb37641.exe)

running 4 tests
test test_performance_regression_detection_scaffolding ... ok
test test_audit_performance_baseline_scaffolding ... ok
test test_audit_overhead_scaffolding ... ok
test test_audit_system_scalability_scaffolding ... ok

test result: ok. 4 passed; 0 failed; 0 ignored; 0 measured; 0 filtered out; finished in 0.07s

     Running tests\baseline_management_mutation.rs (target\debug\deps\baseline_management_mutation-8a474862a01d1972.exe)

running 8 tests
test test_baseline_promotion_mutations ... ok
test test_regression_detection_mutations ... ok
test test_edge_case_mutations ... ok
test test_summary_formatting_mutations ... ok
test test_retention_policy_mutations ... ok
test test_baseline_store_serialization_mutations ... ok
test test_invalid_data_mutations ... ok
test test_concurrent_access_mutations ... ok

test result: ok. 8 passed; 0 failed; 0 ignored; 0 measured; 0 filtered out; finished in 0.03s

     Running tests\baseline_reconciliation.rs (target\debug\deps\baseline_reconciliation-a01a2d915281039b.exe)

running 10 tests
test test_baseline_reconciliation_complete ... ok
test test_baseline_quality_metrics ... ok
test test_baseline_variance_threshold ... ok
test test_baseline_documentation ... ok
test test_canonical_baseline_measurement ... ok
test test_baseline_archival ... ok
test test_baseline_measurement_reproducibility ... ok
test test_baseline_measurement_methodology ... ok
test test_baseline_promotion ... ok
test test_baseline_persistence ... ok

test result: ok. 10 passed; 0 failed; 0 ignored; 0 measured; 0 filtered out; finished in 0.06s

     Running tests\ci_integration.rs (target\debug\deps\ci_integration-ba93f67e393e42af.exe)

running 11 tests
test test_pr_comment_generation ... ok
test test_artifact_naming ... ok
test test_missing_baseline_neutral_ci ... ok
test test_artifact_structure ... ok
test test_ci_exit_codes ... ok
test test_artifact_retention_policy ... ok
test test_pr_comment_updates ... ok
test test_pr_comment_with_regressions ... ok
test test_timeout_protection ... ok
test test_baseline_promotion_on_main ... ok
test test_baseline_no_promotion_on_feature_branch ... ok

test result: ok. 11 passed; 0 failed; 0 ignored; 0 measured; 0 filtered out; finished in 0.00s

     Running tests\cli_tool_mutation_testing.rs (target\debug\deps\cli_tool_mutation_testing-79fe3660f613bbfd.exe)

running 8 tests
test test_cli_permission_mutations ... ok
test test_cli_help_command ... ok
test test_cli_summary_mutations ... ok
test test_cli_compare_mutations ... ok
test test_cli_edge_case_mutations ... ok
test test_cli_baseline_mutations ... ok
test test_cli_validate_command_mutations ... ok
test test_cli_invalid_arguments_mutations ... ok

test result: ok. 8 passed; 0 failed; 0 ignored; 0 measured; 0 filtered out; finished in 13.13s

     Running tests\diagnostics.rs (target\debug\deps\diagnostics-ad3af91f98908df8.exe)

running 14 tests
test test_diagnostic_benchmark_naming ... ok
test test_diagnostic_output_validation ... ok
test test_troubleshooting_documentation ... ok
test test_memory_tracking_accuracy ... ok
test test_resource_monitoring_platform_compatibility ... ok
test test_verbose_flag_handling ... ok
test test_verbose_regression_logging ... ok
test test_verbose_logging ... ok
test test_diagnostic_benchmarks ... ok
test test_resource_monitoring ... ok
test test_health_check_output_format ... ok
test test_health_check_exit_codes ... ok
test test_health_check_components ... ok
test test_health_check_validation ... ok

test result: ok. 14 passed; 0 failed; 0 ignored; 0 measured; 0 filtered out; finished in 0.13s

     Running tests\issue_35_security_scanning_integration.rs (target\debug\deps\issue_35_security_scanning_integration-ad7e251df28f43b1.exe)

running 18 tests
test performance_validation_tests::test_ac7_ci_performance_overhead_within_budget ... ignored, Requires CI timing data from GitHub Actions
test test_ac9_end_to_end_ci_integration ... ignored, Requires full CI environment with GitHub Actions
test test_ac3_dependabot_configuration_validation ... ok
test workflow_validation_tests::test_config_fixtures_exist ... ok
test test_ac9_workflow_yaml_syntax_validation ... ok
test workflow_validation_tests::test_workflow_fixtures_exist ... ok
test test_ac5_test_fixtures_conform_to_schema ... ok
test test_ac5_security_receipt_schema_completeness ... ok
test workflow_validation_tests::test_receipt_fixtures_exist ... ok
test test_ac1_security_receipt_generation ... ok
test test_ac5_security_receipts_validate_against_schema ... ok
test test_ac6_cargo_geiger_validates_zero_unsafe ... ok
test test_ac6_cargo_geiger_json_output_structure ... ok
test test_ac4_deny_toml_rejects_unsound_advisories ... ok
test test_ac1_cargo_audit_produces_json_output ... ok
test test_ac4_deny_toml_rejects_wildcard_dependencies ... ok
test test_ac4_deny_toml_rejects_yanked_dependencies ... ok
test test_ac4_deny_toml_rejects_unknown_sources ... ok

test result: ok. 16 passed; 0 failed; 2 ignored; 0 measured; 0 filtered out; finished in 6.49s

     Running tests\json_fuzzing_tests.rs (target\debug\deps\json_fuzzing_tests-b29f9c4b185eeef7.exe)

running 9 tests
test test_injection_resistance_fuzzing ... ok
test test_edge_case_numbers ... ok
test test_type_mismatch_fuzzing ... ok
test test_unicode_fuzzing ... ok
test test_extreme_values_fuzzing ... ok
test test_malformed_json_fuzzing ... ok
test test_concurrent_json_processing ... ok
test test_large_data_fuzzing ... ok
test test_property_based_fuzzing ... ok

test result: ok. 9 passed; 0 failed; 0 ignored; 0 measured; 0 filtered out; finished in 0.00s

     Running tests\json_schema_validation_ac2.rs (target\debug\deps\json_schema_validation_ac2-211eca65f0c868be.exe)

running 5 tests
test test_invalid_json_handling ... ok
test test_performance_report_serialization ... ok
test test_performance_metrics_validation ... ok
test test_json_schema_edge_cases ... ok
test test_slo_validation_mutation ... ok

test result: ok. 5 passed; 0 failed; 0 ignored; 0 measured; 0 filtered out; finished in 0.00s

     Running tests\progressive_complexity.rs (target\debug\deps\progressive_complexity-733ea72792ba9131.exe)

running 12 tests
test test_bailout_threshold_configuration ... ok
test test_incremental_scale_factor ... ok
test test_perf_mode_only_execution ... ok
test test_memory_usage_bounded ... ok
test test_progressive_execution_order ... ok
test test_flamegraph_integration ... ok
test test_benchmark_naming_convention ... ok
test test_state_cleanup_between_iterations ... ok
test test_progressive_data_generation ... ok
test test_progressive_benchmark_output ... ok
test test_progressive_scaling_1kb_to_1mb ... ok
test test_early_bailout_threshold ... ok

test result: ok. 12 passed; 0 failed; 0 ignored; 0 measured; 0 filtered out; finished in 1.51s

     Running tests\regression_detection.rs (target\debug\deps\regression_detection-a68fb12957c54d63.exe)

running 18 tests
test test_missing_performance_metrics ... ok
test test_comp3_only_regression ... ok
test test_enterprise_performance_context ... ok
test test_failure_threshold_10_percent ... ok
test test_missing_baseline_neutral ... ok
test test_display_only_regression ... ok
test test_multiple_metric_regression ... ok
test test_warning_threshold_5_percent ... ok
test test_regression_message_formatting ... ok
test test_regression_failure_threshold ... ok
test test_regression_pass_no_change ... ok
test test_threshold_boundary_conditions ... ok
test test_very_large_regression ... ok
test test_regression_calculation_accuracy ... ok
test test_zero_baseline_protection ... ok
test test_regression_warning_threshold ... ok
test test_performance_improvement ... ok
test test_very_small_regression ... ok

test result: ok. 18 passed; 0 failed; 0 ignored; 0 measured; 0 filtered out; finished in 0.00s

     Running tests\zoned_encoding_performance_tests.rs (target\debug\deps\zoned_encoding_performance_tests-fa040458d4e6e046.exe)

running 7 tests
test test_comp3_throughput_with_minimal_regression ... ignored, perf-only
test test_display_throughput_with_encoding_detection ... ignored, perf-only
test test_large_scale_performance_stress ... ignored, Long-running performance test - use 'cargo test -- --ignored' to run
test test_encoding_format_lookup_performance ... ok
test test_parallel_processing_performance_regression ... ok
test test_encoding_detection_algorithm_performance ... ok
test test_encoding_detection_overhead_within_limits ... ok

test result: ok. 4 passed; 0 failed; 3 ignored; 0 measured; 0 filtered out; finished in 0.02s

     Running unittests src\lib.rs (target\debug\deps\copybook_charset-6791f942656211cf.exe)

running 59 tests
test tests::test_codepage_is_ascii ... ok
test tests::test_allowed_control_chars_tab_lf_cr_all_codepages ... ok
test tests::test_codepage_code_page_number ... ok
test tests::test_cp037_currency_sign_at_9f ... ok
test tests::test_control_chars_error_policy_all_codepages ... ok
test tests::test_control_chars_replace_policy_all_codepages ... ok
test tests::test_codepage_is_ebcdic ... ok
test tests::test_ebcdic_to_utf8_all_codepages_digits ... ok
test tests::test_cp273_national_chars ... ok
test tests::test_cp1140_vs_cp037_difference ... ok
test tests::test_control_chars_skip_policy_all_codepages ... ok
test tests::test_ebcdic_to_utf8_cp037_cr_allowed ... ok
test tests::test_ebcdic_to_utf8_cp037_lowercase ... ok
test tests::test_ebcdic_roundtrip_cp1047 ... ok
test tests::test_ebcdic_to_utf8_ascii_passthrough ... ok
test tests::test_ebcdic_to_utf8_ascii_passthrough_non_utf8 ... ok
test tests::test_ebcdic_to_utf8_empty_input ... ok
test tests::test_ebcdic_to_utf8_unmappable_skip_policy ... ok
test tests::test_ebcdic_to_utf8_cp037_lf_allowed ... ok
test tests::test_ebcdic_to_utf8_cp037_space ... ok
test tests::test_ebcdic_roundtrip_cp500 ... ok
test tests::test_ebcdic_to_utf8_cp037_tab_allowed ... ok
test tests::test_ebcdic_to_utf8_cp037_uppercase ... ok
test tests::test_cp1140_euro_sign_roundtrip ... ok
test tests::test_ebcdic_to_utf8_cp1140_euro_sign ... ok
test tests::test_ebcdic_to_utf8_mixed_valid_and_unmappable_skip ... ok
test tests::test_digits_all_codepages ... ok
test tests::test_ebcdic_to_utf8_unmappable_error_policy ... ok
test tests::test_ebcdic_roundtrip_cp037 ... ok
test tests::test_ebcdic_to_utf8_unmappable_replace_policy ... ok
test tests::test_ebcdic_to_utf8_cp037_digits ... ok
test tests::test_empty_input_all_codepages_both_directions ... ok
test tests::test_mixed_valid_and_control_replace_all_codepages ... ok
test tests::test_mixed_valid_and_control_skip_preserves_valid ... ok
test tests::test_large_buffer_decode_cp037 ... ok
test tests::test_printable_ascii_roundtrip_cp037 ... ok
test tests::test_printable_ascii_roundtrip_cp1047 ... ok
test tests::test_printable_ascii_roundtrip_cp1140 ... ok
test tests::test_space_byte_ebcdic ... ok
test tests::test_printable_ascii_roundtrip_cp273 ... ok
test tests::test_printable_ascii_roundtrip_cp500 ... ok
test tests::test_space_byte_ascii ... ok
test tests::test_lowercase_letters_all_codepages ... ok
test tests::test_utf8_to_ebcdic_ascii_passthrough ... ok
test tests::test_utf8_to_ebcdic_cp037_digits ... ok
test tests::test_utf8_to_ebcdic_cp037_space ... ok
test tests::test_utf8_to_ebcdic_cp037_uppercase ... ok
test tests::test_utf8_to_ebcdic_emoji_unmappable ... ok
test tests::test_utf8_to_ebcdic_empty_input ... ok
test tests::test_utf8_to_ebcdic_unmappable_character ... ok
test tests::test_uppercase_letters_all_codepages ... ok
test tests::test_utf8_to_ebcdic_unmappable_cjk_all_codepages ... ok
test tests::test_large_buffer_encode_cp037 ... ok
test tests::test_large_buffer_roundtrip_all_codepages ... ok
test tests::test_full_byte_roundtrip_cp037 ... ok
test tests::test_full_byte_roundtrip_cp1140 ... ok
test tests::test_full_byte_roundtrip_cp500 ... ok
test tests::test_full_byte_roundtrip_cp273 ... ok
test tests::test_full_byte_roundtrip_cp1047 ... ok

test result: ok. 59 passed; 0 failed; 0 ignored; 0 measured; 0 filtered out; finished in 0.02s

     Running tests\charset_comprehensive.rs (target\debug\deps\charset_comprehensive-3030b974a0acfcc2.exe)

running 45 tests
test alternating_valid_invalid_bytes_error_stops_at_second ... ok
test all_control_bytes_skip_produces_empty ... ok
test all_0xff_buffer_decode ... ok
test alternating_valid_invalid_bytes_replace ... ok
test all_zeros_buffer_all_policies ... ok
test all_control_bytes_replace_all_become_fffd ... ok
test alternating_valid_invalid_bytes_skip ... ok
test ascii_passthrough_non_utf8_uses_lossy ... ok
test cp273_german_umlauts_in_sentence ... ok
test cp1140_euro_in_mixed_string ... ok
test at_sign_position_differs_between_cp037_and_cp273 ... ok
test ascii_passthrough_preserves_all_bytes ... ok
test cobol_mixed_content_record ... ok
test euro_sign_is_3_utf8_bytes_but_1_ebcdic_byte ... ok
test cent_sign_available_on_cp037_cp1047_cp1140 ... ok
test currency_sign_general_roundtrip_all_codepages ... ok
test cobol_alphanumeric_field_trailing_spaces ... ok
test pound_sign_roundtrip_all_codepages ... ok
test bracket_positions_differ_between_codepages ... ok
test encode_decode_deterministic_across_calls ... ok
test nbsp_0x41_roundtrip_all_codepages ... ok
test cp1047_square_bracket_positions ... ok
test cp1140_cp037_identical_for_printable_ascii_strings ... ok
test cobol_numeric_display_field_leading_zeros ... ok
test replace_policy_count_matches_unmappable_count ... ok
test cp500_exclamation_mark_position_differs ... ok
test same_bytes_decode_differently_across_codepages ... ok
test euro_sign_only_available_on_cp1140 ... ok
test latin1_extended_chars_string_roundtrip ... ok
test single_byte_0x40_space_all_policies ... ok
test unmappable_ebcdic_error_contains_byte_info ... ok
test unmappable_policy_display_format ... ok
test unmappable_utf8_error_contains_character_info ... ok
test skip_policy_length_reflects_mappable_count ... ok
test cp273_eszett_roundtrip ... ok
test utf8_encode_partial_failure_stops_at_unmappable ... ok
test wrong_codepage_decode_produces_different_text ... ok
test utf8_encode_fails_on_4byte_emoji ... ok
test utf8_encode_fails_on_2byte_unmappable ... ok
test utf8_multibyte_to_single_ebcdic_byte ... ok
test large_mixed_content_roundtrip ... ok
test leading_trailing_embedded_spaces_roundtrip ... ok
test repeated_single_char_encodes_to_repeated_byte ... ok
test encode_concatenation_equals_concat_of_encodings ... ok
test boundary_length_strings_roundtrip ... ok

test result: ok. 45 passed; 0 failed; 0 ignored; 0 measured; 0 filtered out; finished in 0.01s

     Running tests\codepage_exhaustive.rs (target\debug\deps\codepage_exhaustive-987966d2678ecac3.exe)

running 44 tests
test all_codepages_have_consistent_table_coverage ... ok
test ascii_passthrough_is_identity ... ok
test cp037_0xff_is_not_euro ... ok
test cp1140_0xff_is_euro_sign ... ok
test empty_byte_slice_decodes_to_empty_string ... ok
test cp1140_differs_from_cp037_only_at_0x9f ... ok
test low_value_0x00_handling_all_codepages ... ok
test ebcdic_0x40_decodes_to_space_all_codepages ... ok
test roundtrip_all_printable_ascii_cp037 ... ok
test ebcdic_control_range_0x00_0x3f_contains_unmappable_bytes ... ok
test digits_0_9_encode_to_0xf0_0xf9_all_codepages ... ok
test high_value_0xff_handling_all_codepages ... ok
test empty_string_encodes_to_empty_bytes ... ok
test digits_encode_identically_across_all_codepages ... ok
test roundtrip_all_printable_ascii_cp1047 ... ok
test roundtrip_all_printable_ascii_cp1140 ... ok
test roundtrip_all_printable_ascii_cp273 ... ok
test roundtrip_all_printable_ascii_cp500 ... ok
test lowercase_a_z_identical_across_cp037_cp1047_cp1140 ... ok
test encode_decode_full_printable_set_preserves_order ... ok
test tab_lf_cr_are_mappable_all_codepages ... ok
test space_byte_helper_agrees_with_encoding_all_codepages ... ok
test single_byte_roundtrip_space ... ok
test unmappable_error_returns_cbkc301_for_nul ... ok
test unmappable_replace_inserts_fffd_for_nul ... ok
test unmappable_skip_omits_nul ... ok
test space_0x20_encodes_to_0x40_all_codepages ... ok
test unmappable_error_fails_on_first_bad_byte ... ok
test unmappable_replace_preserves_surrounding_chars ... ok
test uppercase_a_z_identical_across_cp037_cp1047_cp1140 ... ok
test unmappable_skip_preserves_surrounding_chars ... ok
test all_spaces_string_roundtrip ... ok
test utf8_to_ebcdic_rejects_cjk_all_codepages ... ok
test utf8_to_ebcdic_rejects_emoji_all_codepages ... ok
test utf8_to_ebcdic_rejects_null_char_all_codepages ... ok
test single_byte_roundtrip_each_digit ... ok
test full_byte_range_decode_reencode_cp273 ... ok
test full_byte_range_decode_reencode_cp1140 ... ok
test full_byte_range_decode_reencode_cp037 ... ok
test full_byte_range_decode_reencode_cp1047 ... ok
test full_byte_range_decode_reencode_cp500 ... ok
test single_char_encode_decode_every_letter ... ok
test no_two_ascii_chars_encode_to_same_ebcdic_byte ... ok
test roundtrip_individual_printable_chars_all_codepages ... ok

test result: ok. 44 passed; 0 failed; 0 ignored; 0 measured; 0 filtered out; finished in 0.05s

     Running tests\comprehensive.rs (target\debug\deps\comprehensive-54d505cfca58d6f5.exe)

running 37 tests
test allowed_control_chars_tab_lf_cr ... ok
test ascii_space_is_0x20 ... ok
test cp037_space_is_0x40 ... ok
test cp1140_euro_sign_at_0xff ... ok
test cp1140_space_is_0x40 ... ok
test empty_bytes_decode_all_codepages ... ok
test cp273_space_is_0x40 ... ok
test cp1140_euro_sign_roundtrip ... ok
test single_char_ascii_passthrough ... ok
test cp500_space_is_0x40 ... ok
test all_codepages_uppercase_consistency ... ok
test ebcdic_to_utf8_binary_data_with_replace_policy ... ok
test unmappable_mixed_with_valid_chars_replace ... ok
test all_codepages_lowercase_consistency ... ok
test ebcdic_to_utf8_packed_decimal_bytes_replaced ... ok
test empty_ascii_passthrough ... ok
test ebcdic_to_utf8_all_printable_chars_per_codepage ... ok
test full_byte_range_replace_does_not_panic ... ok
test full_byte_range_skip_produces_valid_utf8 ... ok
test cp1047_space_is_0x40 ... ok
test unmappable_error_policy_rejects_nul ... ok
test cp273_german_chars_roundtrip ... ok
test unmappable_mixed_with_valid_chars_skip ... ok
test empty_string_encode_all_codepages ... ok
test unmappable_replace_policy_inserts_replacement_char ... ok
test ebcdic_to_utf8_binary_data_with_skip_policy ... ok
test unmappable_skip_policy_omits_byte ... ok
test single_char_digit_zero_all_codepages ... ok
test single_char_space_all_codepages ... ok
test ebcdic_to_utf8_digits_are_f0_f9_all_codepages ... ok
test utf8_to_ebcdic_unmappable_emoji_rejected ... ok
test single_char_letter_a_all_codepages ... ok
test all_codepages_special_punctuation ... ok
test utf8_to_ebcdic_unmappable_cjk_rejected_all_codepages ... ok
test utf8_to_ebcdic_preserves_byte_length ... ok
test utf8_to_ebcdic_and_back_roundtrip_all_codepages ... ok
test ebcdic_to_utf8_individual_printable_chars_cp037 ... ok

test result: ok. 37 passed; 0 failed; 0 ignored; 0 measured; 0 filtered out; finished in 0.01s

     Running unittests src\main.rs (target\debug\deps\copybook-762c70494dfed680.exe)

running 17 tests
test commands::support::tests::test_all_features_nonempty ... ok
test commands::support::tests::test_format_flags_none ... ok
test commands::support::tests::test_find_feature_level88 ... ok
test commands::support::tests::test_find_feature_unknown ... ok
test exit_codes::tests::exit_code_serializes_to_tag ... ok
test exit_codes::tests::exit_code_deserializes_from_tag_or_number ... ok
test commands::support::tests::test_format_flags_values ... ok
test exit_codes::tests::readme_exit_code_table_matches_source_of_truth ... ok
test utils::tests::test_determine_exit_code ... ok
test tests::maps_cbkf_family_to_exit_code ... ok
test tests::exit_code_precedence_is_deterministic ... ok
test commands::support::tests::test_json_feature_set_equality ... ok
test utils::tests::test_temp_path_for ... ok
test tests::selects_highest_precedence_exit_code_from_error_chain ... ok
test utils::tests::test_atomic_write_failure_leaves_no_file ... ok
test tests::exit_code_precedence_respects_permutations ... ok
test utils::tests::test_atomic_write_success ... ok

test result: ok. 17 passed; 0 failed; 0 ignored; 0 measured; 0 filtered out; finished in 0.02s

     Running tests\audit_cli_comprehensive.rs (target\debug\deps\audit_cli_comprehensive-8faa75014416b5a3.exe)

running 0 tests

test result: ok. 0 passed; 0 failed; 0 ignored; 0 measured; 0 filtered out; finished in 0.00s

     Running tests\broken_pipe.rs (target\debug\deps\broken_pipe-6840bd4f8eb7ffa0.exe)

running 2 tests
test stderr_broken_pipe_is_ok_windows ... ok
test stdout_broken_pipe_is_ok_windows ... ok

test result: ok. 2 passed; 0 failed; 0 ignored; 0 measured; 0 filtered out; finished in 0.21s

     Running tests\cli_argument_parsing.rs (target\debug\deps\cli_argument_parsing-229dde58e879192f.exe)

running 48 tests
test test_cli_decode_command_basic ... ok
test test_cli_command_help ... ok
test test_cli_inspect_command_basic ... ok
test test_cli_audit_command_basic ... ok
test test_cli_color_output ... ok
test test_cli_encode_command_basic ... ok
test test_cli_error_exit_codes ... ok
test test_cli_missing_copybook ... ok
test test_cli_parse_command_basic ... ok
test test_cli_progress_reporting ... ok
test test_cli_invalid_codepage ... ok
test test_cli_with_codepage_option ... ok
test test_cli_input_from_stdin ... ok
test test_cli_output_formatting ... ok
test test_cli_with_emit_meta ... ok
test test_cli_with_format_option ... ok
test test_cli_invalid_format ... ok
test test_cli_missing_input ... ok
test test_cli_multiple_options ... ok
test test_cli_path_handling ... ok
test test_cli_with_json_number_mode ... ok
test test_cli_invalid_threads ... ok
test test_cli_stdout_pipe ... ok
test test_cli_large_file_handling ... ok
test test_cli_verify_command_basic ... ok
test test_cli_with_bench ... ok
test test_cli_with_dialect ... ok
test test_cli_with_emit_filler ... ok
test test_cli_with_emit_raw ... ok
test test_cli_with_help ... ok
test test_cli_output_to_stdout ... ok
test test_cli_stdin_pipe ... ok
test test_cli_with_determinism_check ... ok
test test_cli_with_overwrite ... ok
test test_cli_with_output_format_json ... ok
test test_cli_with_output_file ... ok
test test_cli_with_max_errors ... ok
test test_cli_with_projection ... ok
test test_cli_with_output_format_jsonl ... ok
test test_cli_with_quiet ... ok
test test_cli_with_preserve_encoding ... ok
test test_cli_with_strict_mode ... ok
test test_cli_with_verify_report ... ok
test test_cli_with_verbose ... ok
test test_cli_with_threads ... ok
test test_cli_with_support_info ... ok
test test_cli_with_zoned_encoding_override ... ok
test test_cli_with_version ... ok

test result: ok. 48 passed; 0 failed; 0 ignored; 0 measured; 0 filtered out; finished in 0.00s

     Running tests\cli_golden_fixtures.rs (target\debug\deps\cli_golden_fixtures-c803becf424d8ce8.exe)

running 17 tests
test test_utils::tests::workspace_root_contains_workspace_manifests ... ok
test test_utils::tests::fixture_path_points_inside_fixtures_directory ... ok
test test_utils::tests::require_some_transforms_missing_value_into_error ... ok
test test_utils::tests::copybook_cmd_appends_standard_arguments ... ok
test test_utils::tests::path_to_str_converts_utf8_paths ... ok
test test_cli_parse_simple ... ok
test test_cli_strict_comments_stdin_rejected ... ok
test test_cli_strict_comments_stdin_path ... ok
test test_cli_strict_comments_flag_rejects_inline_comments ... ok
test test_cli_strict_comments_allowed_by_default ... ok
test test_cli_encode_comp3 ... ok
test test_cli_inspect_simple ... ok
test test_cli_verify_report_schema ... ok
test test_cli_encode_fail_fast ... ok
test test_cli_verify_valid_data ... ok
test test_cli_help_messages ... ok
test test_cli_decode_comp3_roundtrip ... ok

test result: ok. 17 passed; 0 failed; 0 ignored; 0 measured; 0 filtered out; finished in 0.07s

     Running tests\cli_help_version.rs (target\debug\deps\cli_help_version-4be2a139a838cdd9.exe)

running 2 tests
test help_exits_zero ... ok
test version_exits_zero ... ok

test result: ok. 2 passed; 0 failed; 0 ignored; 0 measured; 0 filtered out; finished in 0.01s

     Running tests\cli_misuse.rs (target\debug\deps\cli_misuse-67a8b81600ae19ab.exe)

running 3 tests
test unknown_subcommand_maps_to_cbke_exit_code ... ok
test missing_required_argument_maps_to_cbke_exit_code ... ok
test unknown_flag_maps_to_cbke_exit_code ... ok

test result: ok. 3 passed; 0 failed; 0 ignored; 0 measured; 0 filtered out; finished in 0.04s

     Running tests\cli_policy.rs (target\debug\deps\cli_policy-d3f6dd4f91692fdf.exe)

running 6 tests
test preferred_without_preserve_respects_strict_policy_env ... ok
test compat_warning_logs_warn_with_subcode_and_effective_exit ... ok
test strict_failure_logs_error_with_subcode_and_effective_exit ... ok
test no_strict_flag_overrides_env_on ... ok
test strict_flag_overrides_env_off ... ok
test preferred_without_preserve_warns_by_default ... ok

test result: ok. 6 passed; 0 failed; 0 ignored; 0 measured; 0 filtered out; finished in 0.06s

     Running tests\cli_projection_integration.rs (target\debug\deps\cli_projection_integration-cb9be6593b54bde6.exe)

running 12 tests
test test_utils::tests::path_to_str_converts_utf8_paths ... ok
test test_utils::tests::copybook_cmd_appends_standard_arguments ... ok
test test_utils::tests::fixture_path_points_inside_fixtures_directory ... ok
test test_utils::tests::require_some_transforms_missing_value_into_error ... ok
test test_utils::tests::workspace_root_contains_workspace_manifests ... ok
test test_cli_decode_with_select_invalid_field ... ok
test test_cli_decode_with_select_comma_separated ... ok
test test_cli_verify_with_projection ... ok
test test_cli_decode_with_select_multiple_flags ... ok
test test_cli_decode_with_select_simple_fields ... ok
test test_cli_decode_group_selection_includes_children ... ok
test test_cli_encode_with_projection ... ok

test result: ok. 12 passed; 0 failed; 0 ignored; 0 measured; 0 filtered out; finished in 0.07s

     Running tests\cli_subcommand_integration.rs (target\debug\deps\cli_subcommand_integration-974db70a0f6b6c80.exe)

running 59 tests
test clap_errors_include_usage_hint ... ok
test encode_help_exits_zero ... ok
test help_lists_all_subcommands ... ok
test decode_help_exits_zero ... ok
test inspect_help_exits_zero ... ok
test determinism_help_shows_subcommands ... ok
test determinism_missing_subcommand_fails ... ok
test decode_missing_input_file_arg_fails ... ok
test inspect_nonexistent_file_fails ... ok
test decode_invalid_codepage_value_fails ... ok
test decode_missing_output_flag_fails ... ok
test error_output_goes_to_stderr_not_stdout ... ok
test decode_empty_data_file_succeeds_with_empty_output ... ok
test inspect_binary_file_as_copybook_fails ... ok
test encode_nonexistent_input_file_fails ... ok
test decode_invalid_format_value_fails ... ok
test decode_nonexistent_data_file_fails ... ok
test decode_ascii_codepage ... ok
test decode_multi_record_file ... ok
test inspect_empty_file_fails ... ok
test decode_missing_format_flag_fails ... ok
test decode_with_fail_fast_on_bad_data ... ok
test decode_with_emit_meta_flag ... ok
test determinism_decode_with_ascii_data ... ok
test decode_simple_fixed_record ... ok
test encode_simple_fixed_record ... ok
test encode_empty_jsonl_file_succeeds ... ok
test parse_empty_file_fails ... ok
test inspect_simple_copybook_shows_layout ... ok
test determinism_encode_with_valid_json ... ok
test parse_nonexistent_file_fails_with_stderr ... ok
test encode_missing_output_flag_fails ... ok
test encode_malformed_json_fails ... ok
test parse_invalid_copybook_syntax_fails ... ok
test parse_with_dialect_zero_succeeds ... ok
test parse_help_exits_zero ... ok
test unknown_global_flag_fails ... ok
test verify_missing_format_flag_fails ... ok
test parse_simple_copybook_outputs_valid_json ... ok
test support_json_format_outputs_array ... ok
test parse_with_strict_flag_succeeds_on_valid_input ... ok
test verify_nonexistent_data_file_fails ... ok
test version_output_contains_program_name ... ok
test strict_policy_and_no_strict_policy_conflict ... ok
test unknown_subcommand_fails ... ok
test parse_with_output_flag_writes_file ... ok
test support_help_exits_zero ... ok
test verify_help_exits_zero ... ok
test parse_two_field_copybook_has_correct_field_count ... ok
test support_default_table_exits_zero ... ok
test encode_missing_format_flag_fails ... ok
test parse_invalid_dialect_value_fails ... ok
test inspect_with_strict_comments_flag ... ok
test inspect_shows_lrecl_for_two_field_layout ... ok
test verify_valid_data_exits_zero ... ok
test verify_truncated_record_reports_warning ... ok
test inspect_with_codepage_flag ... ok
test support_invalid_format_fails ... ok
test verify_with_report_flag_writes_json ... ok

test result: ok. 59 passed; 0 failed; 0 ignored; 0 measured; 0 filtered out; finished in 0.35s

     Running tests\common.rs (target\debug\deps\common-7e1bd427b7dacf5e.exe)

running 0 tests

test result: ok. 0 passed; 0 failed; 0 ignored; 0 measured; 0 filtered out; finished in 0.00s

     Running tests\determinism_cli.rs (target\debug\deps\determinism_cli-c359b6605c15b995.exe)

running 6 tests
test determinism_decode_json_output_is_well_formed ... ok
test determinism_decode_deterministic_exit_ok ... ok
test determinism_decode_human_output_contains_verdict ... ok
test determinism_round_trip_deterministic_exit_ok ... ok
test determinism_encode_deterministic_exit_ok ... ok
test determinism_help_shows_exit_codes ... ok

test result: ok. 6 passed; 0 failed; 0 ignored; 0 measured; 0 filtered out; finished in 0.06s

     Running tests\dialect_cli_d2_tests.rs (target\debug\deps\dialect_cli_d2_tests-9e46280466e3e91c.exe)

running 11 tests
test parse_command_rejects_invalid_dialect ... ok
test cli_flag_overrides_env_var ... ok
test verify_command_accepts_dialect_flag ... ok
test parse_command_accepts_zero_tolerant_dialect ... ok
test env_var_copybook_dialect ... ok
test parse_command_default_is_normative ... ok
test inspect_command_accepts_dialect_flag ... ok
test decode_command_accepts_dialect_flag ... ok
test parse_command_accepts_dialect_flag ... ok
test parse_command_accepts_one_tolerant_dialect ... ok
test encode_command_accepts_dialect_flag ... ok

test result: ok. 11 passed; 0 failed; 0 ignored; 0 measured; 0 filtered out; finished in 0.05s

     Running tests\dialect_fixtures_d3_tests.rs (target\debug\deps\dialect_fixtures_d3_tests-61af0d548d1277c4.exe)

running 9 tests
test test_utils::tests::require_some_transforms_missing_value_into_error ... ok
test test_utils::tests::copybook_cmd_appends_standard_arguments ... ok
test test_utils::tests::path_to_str_converts_utf8_paths ... ok
test test_utils::tests::fixture_path_points_inside_fixtures_directory ... ok
test test_utils::tests::workspace_root_contains_workspace_manifests ... ok
test test_dialect_flag_0_accepted ... ok
test test_dialect_flag_n_accepted ... ok
test test_env_var_copybook_dialect ... ok
test test_dialect_flag_1_accepted ... ok

test result: ok. 9 passed; 0 failed; 0 ignored; 0 measured; 0 filtered out; finished in 0.03s

     Running tests\exit_code_mapping.rs (target\debug\deps\exit_code_mapping-e36de50d65f8b1e1.exe)

running 6 tests
test exit_code_cbkd_is_2 ... ok
test broken_pipe_is_treated_as_success ... ok
test panic_is_mapped_to_internal_exit_code ... ok
test exit_code_cbke_is_3 ... ok
test exit_code_cbkf_is_4 ... ok
test exit_code_cbki_is_5 ... ok

test result: ok. 6 passed; 0 failed; 0 ignored; 0 measured; 0 filtered out; finished in 0.16s

     Running tests\feature_flags_cli.rs (target\debug\deps\feature_flags_cli-d8745d966523e48b.exe)

running 17 tests
test test_utils::tests::fixture_path_points_inside_fixtures_directory ... ok
test test_utils::tests::copybook_cmd_appends_standard_arguments ... ok
test test_utils::tests::path_to_str_converts_utf8_paths ... ok
test test_utils::tests::require_some_transforms_missing_value_into_error ... ok
test test_utils::tests::workspace_root_contains_workspace_manifests ... ok
test test_disable_category ... ok
test test_enable_features ... ok
test test_invalid_feature_name ... ok
test test_feature_flag_precedence ... ok
test test_list_features ... ok
test test_enable_category ... ok
test test_invalid_category_name ... ok
test test_enable_features_cli ... ok
test test_feature_flags_config_toml ... ok
test test_promoted_features_enabled_by_default ... ok
test test_experimental_renames_r4_r6_disabled_by_default ... ok
test test_lru_cache_enabled_by_default ... ok

test result: ok. 17 passed; 0 failed; 0 ignored; 0 measured; 0 filtered out; finished in 0.08s

     Running tests\inspect_edited_pic_fails.rs (target\debug\deps\inspect_edited_pic_fails-fedfa75f6aeb4eae.exe)

running 6 tests
test test_utils::tests::require_some_transforms_missing_value_into_error ... ok
test test_utils::tests::copybook_cmd_appends_standard_arguments ... ok
test test_utils::tests::path_to_str_converts_utf8_paths ... ok
test test_utils::tests::fixture_path_points_inside_fixtures_directory ... ok
test test_utils::tests::workspace_root_contains_workspace_manifests ... ok
test edited_pic_inspects_successfully ... ok

test result: ok. 6 passed; 0 failed; 0 ignored; 0 measured; 0 filtered out; finished in 0.03s

     Running tests\inspect_fixed_form_ok.rs (target\debug\deps\inspect_fixed_form_ok-0e436078c3028653.exe)

running 6 tests
test test_utils::tests::copybook_cmd_appends_standard_arguments ... ok
test test_utils::tests::require_some_transforms_missing_value_into_error ... ok
test test_utils::tests::path_to_str_converts_utf8_paths ... ok
test test_utils::tests::fixture_path_points_inside_fixtures_directory ... ok
test test_utils::tests::workspace_root_contains_workspace_manifests ... ok
test fixed_form_sequence_and_continuation_are_handled ... ok

test result: ok. 6 passed; 0 failed; 0 ignored; 0 measured; 0 filtered out; finished in 0.03s

     Running tests\inspect_odo_ok.rs (target\debug\deps\inspect_odo_ok-d5123e1d2b35ba14.exe)

running 6 tests
test test_utils::tests::path_to_str_converts_utf8_paths ... ok
test test_utils::tests::copybook_cmd_appends_standard_arguments ... ok
test test_utils::tests::require_some_transforms_missing_value_into_error ... ok
test test_utils::tests::fixture_path_points_inside_fixtures_directory ... ok
test test_utils::tests::workspace_root_contains_workspace_manifests ... ok
test odo_copybook_loads_in_both_modes ... ok

test result: ok. 6 passed; 0 failed; 0 ignored; 0 measured; 0 filtered out; finished in 0.04s

     Running tests\inspect_redefines_ok.rs (target\debug\deps\inspect_redefines_ok-a9d60d1ef9d78b51.exe)

running 6 tests
test test_utils::tests::path_to_str_converts_utf8_paths ... ok
test test_utils::tests::require_some_transforms_missing_value_into_error ... ok
test test_utils::tests::copybook_cmd_appends_standard_arguments ... ok
test test_utils::tests::workspace_root_contains_workspace_manifests ... ok
test test_utils::tests::fixture_path_points_inside_fixtures_directory ... ok
test redefines_views_load ... ok

test result: ok. 6 passed; 0 failed; 0 ignored; 0 measured; 0 filtered out; finished in 0.03s

     Running tests\metrics_smoke.rs (target\debug\deps\metrics_smoke-51df89e1088ecda0.exe)

running 0 tests

test result: ok. 0 passed; 0 failed; 0 ignored; 0 measured; 0 filtered out; finished in 0.00s

     Running tests\panic_elimination_tests.rs (target\debug\deps\panic_elimination_tests-60f1a1e5713c5b17.exe)

running 16 tests
test panic_elimination_cli_smoke ... ok
test panic_elimination_cli_command_tests::test_inspect_command_file_handling_safety ... ok
test panic_elimination_cli_command_tests::test_parse_command_argument_safety ... ok
test panic_elimination_cli_audit_tests::test_audit_serialization_safety ... ok
test panic_elimination_cli_audit_tests::test_audit_context_preservation_safety ... ok
test panic_elimination_cli_audit_tests::test_audit_error_recovery_safety ... ok
test panic_elimination_cli_utils_tests::test_file_io_operation_safety ... ok
test panic_elimination_cli_audit_tests::test_audit_event_generation_safety ... ok
test panic_elimination_cli_command_tests::test_encode_command_data_processing_safety ... ok
test panic_elimination_cli_command_tests::test_decode_command_option_validation_safety ... ok
test panic_elimination_cli_command_tests::test_verify_command_integration_safety ... ok
test panic_elimination_cli_integration_tests::test_resource_cleanup_safety ... ok
test panic_elimination_cli_integration_tests::test_command_pipeline_safety ... ok
test panic_elimination_cli_utils_tests::test_file_path_validation_safety ... ok
test panic_elimination_cli_integration_tests::test_error_propagation_safety ... ok
test panic_elimination_cli_utils_tests::test_configuration_parsing_safety ... ok

test result: ok. 16 passed; 0 failed; 0 ignored; 0 measured; 0 filtered out; finished in 57.01s

     Running tests\panic_strategy.rs (target\debug\deps\panic_strategy-82d960e3e029619a.exe)

running 1 test
test panic_strategy_is_unwind ... ok

test result: ok. 1 passed; 0 failed; 0 ignored; 0 measured; 0 filtered out; finished in 0.00s

     Running tests\snapshot_cli_output.rs (target\debug\deps\snapshot_cli_output-4f9e8d610a9e6f3b.exe)

running 19 tests
test test_utils::tests::require_some_transforms_missing_value_into_error ... ok
test test_utils::tests::fixture_path_points_inside_fixtures_directory ... ok
test test_utils::tests::path_to_str_converts_utf8_paths ... ok
test test_utils::tests::copybook_cmd_appends_standard_arguments ... ok
test test_utils::tests::workspace_root_contains_workspace_manifests ... ok
test snapshot_parse_json_output_structure ... ok
test snapshot_decode_help_shows_expected_options ... ok
test snapshot_inspect_output_format ... ok
test snapshot_decode_help_shows_select ... ok
test snapshot_main_help_lists_all_subcommands ... ok
test snapshot_inspect_help_shows_expected_options ... ok
test snapshot_support_command_table_output ... ok
test snapshot_decode_help_shows_emit_meta ... ok
test snapshot_parse_error_on_empty_file ... ok
test snapshot_version_output_format ... ok
test snapshot_parse_error_on_missing_file ... ok
test snapshot_parse_help_shows_expected_options ... ok
test snapshot_support_command_json_output ... ok
test snapshot_parse_dialect_flag_accepted ... ok

test result: ok. 19 passed; 0 failed; 0 ignored; 0 measured; 0 filtered out; finished in 0.20s

     Running tests\stderr_pipe_truncation.rs (target\debug\deps\stderr_pipe_truncation-403a5f66ae94b1f2.exe)

running 3 tests
test lenient_warning_with_closed_stderr_pipe_exits_zero ... ok
test strict_error_with_closed_stderr_pipe_exits_cbke ... ok
test inspect_success_with_closed_stderr_pipe_exits_zero ... ok

test result: ok. 3 passed; 0 failed; 0 ignored; 0 measured; 0 filtered out; finished in 0.05s

     Running tests\stdout_clean.rs (target\debug\deps\stdout_clean-54a42494fe901a50.exe)

running 6 tests
test test_utils::tests::path_to_str_converts_utf8_paths ... ok
test test_utils::tests::copybook_cmd_appends_standard_arguments ... ok
test test_utils::tests::require_some_transforms_missing_value_into_error ... ok
test test_utils::tests::workspace_root_contains_workspace_manifests ... ok
test test_utils::tests::fixture_path_points_inside_fixtures_directory ... ok
test parse_emits_valid_json_on_stdout_only ... ok

test result: ok. 6 passed; 0 failed; 0 ignored; 0 measured; 0 filtered out; finished in 0.03s

     Running tests\structured_diagnostics.rs (target\debug\deps\structured_diagnostics-9001d0e288009566.exe)

running 7 tests
test honors_env_invocation_id ... ok
test encode_failure_emits_structured_diagnostics ... ok
test decode_failure_emits_structured_diagnostics ... ok
test parse_failure_emits_structured_diagnostics ... ok
test verify_failure_emits_structured_diagnostics ... ok
test inspect_success_emits_completion_record ... ok
test inspect_failure_emits_structured_diagnostics ... ok

test result: ok. 7 passed; 0 failed; 0 ignored; 0 measured; 0 filtered out; finished in 0.17s

     Running tests\support_cli.rs (target\debug\deps\support_cli-855e3b81e0572a06.exe)

running 10 tests
test support_check_with_governance_includes_runtime_flags ... ok
test support_check_partial_feature_exits_nonzero ... ok
test support_table_prints_known_features ... ok
test support_table_includes_usage_hints ... ok
test support_check_partial_feature_exits_nonzero_nested_odo ... ok
test support_check_unknown_feature_exits_nonzero ... ok
test support_check_supported_feature_exits_zero ... ok
test support_json_with_governance_outputs_runtime_fields ... ok
test support_json_includes_all_status_types ... ok
test support_json_outputs_valid_json ... ok

test result: ok. 10 passed; 0 failed; 0 ignored; 0 measured; 0 filtered out; finished in 0.25s

     Running tests\test_utils.rs (target\debug\deps\test_utils-43df4cf0ef38ae7e.exe)

running 5 tests
test tests::path_to_str_converts_utf8_paths ... ok
test tests::require_some_transforms_missing_value_into_error ... ok
test tests::copybook_cmd_appends_standard_arguments ... ok
test tests::fixture_path_points_inside_fixtures_directory ... ok
test tests::workspace_root_contains_workspace_manifests ... ok

test result: ok. 5 passed; 0 failed; 0 ignored; 0 measured; 0 filtered out; finished in 0.00s

     Running tests\try_it_now_demo.rs (target\debug\deps\try_it_now_demo-e7ca6781b6dce4de.exe)

running 7 tests
test try_it_now_demo_decode_to_stdout ... ok
test try_it_now_demo_preserves_output_file_on_success ... ok
test try_it_now_demo_decode_with_output_flag_required ... ok
test try_it_now_demo_invalid_fixture_path_fails ... ok
test try_it_now_demo_output_file_is_valid_jsonl ... ok
test try_it_now_demo_decode_succeeds ... ok
test try_it_now_demo_missing_required_args_fails ... ok

test result: ok. 7 passed; 0 failed; 0 ignored; 0 measured; 0 filtered out; finished in 0.13s

     Running tests\zoned_encoding_cli_tests.rs (target\debug\deps\zoned_encoding_cli_tests-b294a9051fabc6d2.exe)

running 18 tests
test test_utils::tests::path_to_str_converts_utf8_paths ... ok
test test_utils::tests::copybook_cmd_appends_standard_arguments ... ok
test test_utils::tests::require_some_transforms_missing_value_into_error ... ok
test test_utils::tests::fixture_path_points_inside_fixtures_directory ... ok
test test_utils::tests::workspace_root_contains_workspace_manifests ... ok
test test_cli_large_dataset_performance ... ok
test test_cli_encoding_format_validation ... ok
test test_cli_zoned_encoding_error_messages ... ok
test test_cli_roundtrip_data_integrity_validation ... ok
test test_cli_flag_combination_validation ... ok
test test_decode_preserve_encoding_flag ... ok
test test_cli_enterprise_error_handling_resilience ... ok
test test_cli_enterprise_customer_record_processing ... ok
test test_cli_backward_compatibility ... ok
test test_cli_data_validation_enterprise_patterns ... ok
test test_cli_help_includes_zoned_encoding_flags ... ok
test test_decode_preferred_zoned_encoding_flag ... ok
test test_encode_zoned_encoding_flag ... ok

test result: ok. 18 passed; 0 failed; 0 ignored; 0 measured; 0 filtered out; finished in 0.38s

     Running unittests src\lib.rs (target\debug\deps\copybook_cli_determinism-bc14e437054ed88b.exe)

running 13 tests
test tests::human_result_deterministic_shows_checkmark ... ok
test tests::hash_truncation_works ... ok
test tests::human_result_shows_mode_name ... ok
test tests::render_json_non_deterministic_includes_diffs ... ok
test tests::determinism_run_exit_code_delegates_to_verdict ... ok
test tests::render_json_deterministic_round_trips_correctly ... ok
test tests::verdict_exit_codes_are_stable ... ok
test tests::truncate_hash_empty_string ... ok
test tests::human_result_non_deterministic_shows_cross ... ok
test tests::truncate_hash_exactly_16_chars ... ok
test tests::human_result_includes_diff_metadata ... ok
test tests::prop_hash_truncation_is_prefix_plus_ellipsis ... ok
test tests::prop_json_output_is_parseable ... ok

test result: ok. 13 passed; 0 failed; 0 ignored; 0 measured; 0 filtered out; finished in 0.02s

     Running tests\api_lock.rs (target\debug\deps\api_lock-f3f6761be1de00d2.exe)

running 1 test
test command_facade_surface_is_stable ... ok

test result: ok. 1 passed; 0 failed; 0 ignored; 0 measured; 0 filtered out; finished in 0.00s

     Running tests\integration.rs (target\debug\deps\integration-1e39fba22cce88ac.exe)

running 5 tests
test decode_determinism_command_supports_json_output ... ok
test decode_determinism_command_reports_success_human_output ... ok
test encode_determinism_command_is_deterministic ... ok
test run_return_code_map_is_stable ... ok
test round_trip_determinism_command_is_deterministic ... ok

test result: ok. 5 passed; 0 failed; 0 ignored; 0 measured; 0 filtered out; finished in 0.07s

     Running unittests src\lib.rs (target\debug\deps\copybook_codec-7166fb029ff6a863.exe)

running 93 tests
test edited_pic::tests::test_encode_empty_value ... ok
test determinism::tests::detect_json_serialization_nondeterminism ... ok
test edited_pic::tests::test_encode_decimal_point ... ok
test edited_pic::tests::test_encode_basic_digits ... ok
test edited_pic::tests::test_decode_with_currency ... ok
test edited_pic::tests::test_decode_with_decimal ... ok
test edited_pic::tests::test_decode_trailing_db ... ok
test edited_pic::tests::test_encode_invalid_character ... ok
test edited_pic::tests::test_encode_space_with_currency ... ok
test edited_pic::tests::test_encode_space_insertion_multiple ... ok
test edited_pic::tests::test_encode_leading_minus_positive ... ok
test edited_pic::tests::test_encode_leading_plus_positive ... ok
test edited_pic::tests::test_encode_leading_plus_with_decimal ... ok
test determinism::tests::encode_error_propagates_correctly ... ok
test determinism::tests::insufficient_data_handling_is_stable ... ok
test determinism::tests::decode_deterministic_for_display_schema ... ok
test edited_pic::tests::test_decode_trailing_cr ... ok
test edited_pic::tests::test_encode_leading_minus_negative ... ok
test determinism::tests::decode_deterministic_for_comp3_schema ... ok
test edited_pic::tests::test_encode_space_insertion_simple ... ok
test determinism::tests::encode_deterministic_for_display_schema ... ok
test edited_pic::tests::test_encode_leading_plus_negative ... ok
test edited_pic::tests::test_encode_leading_minus_with_decimal ... ok
test edited_pic::tests::test_encode_space_with_sign ... ok
test edited_pic::tests::test_encode_space_with_decimal ... ok
test edited_pic::tests::test_decode_blank_when_zero ... ok
test edited_pic::tests::test_encode_negative_zero_forces_positive ... ok
test determinism::tests::decode_error_propagates_correctly ... ok
test edited_pic::tests::test_decode_simple ... ok
test determinism::tests::round_trip_error_propagates ... ok
test edited_pic::tests::test_encode_space_multiple_repetition ... ok
test edited_pic::tests::test_encode_space_with_zero_suppress ... ok
test determinism::tests::round_trip_deterministic ... ok
test edited_pic::tests::test_encode_value_too_long ... ok
test edited_pic::tests::test_encode_zero_decimal ... ok
test edited_pic::tests::test_encode_zero_insert ... ok
test edited_pic::tests::test_encode_zero_insert_all_zeros ... ok
test edited_pic::tests::test_encode_zero_suppression ... ok
test edited_pic::tests::test_encode_zero_suppression_single_digit ... ok
test edited_pic::tests::test_encode_zero_suppression_zero ... ok
test edited_pic::tests::test_encode_zero_with_zero_insert ... ok
test edited_pic::tests::test_tokenize_currency ... ok
test edited_pic::tests::test_tokenize_simple_z ... ok
test edited_pic::tests::test_tokenize_with_decimal ... ok
test fidelity::tests::test_byte_differences ... ok
test fidelity::tests::test_fidelity_validator_creation ... ok
test fidelity::tests::test_field_size_calculation ... ok
test fidelity::tests::test_sha256_calculation ... ok
test fidelity::tests::test_precision_tolerance_defaults ... ok
test fidelity::tests::test_utils_standard_validator ... ok
test iterator::tests::test_iter_records_convenience ... ok
test iterator::tests::test_iterator_fixed_format_missing_lrecl_errors_on_next ... ok
test iterator::tests::test_iterator_error_handling ... ok
test iterator::tests::test_iterator_raw_record_eof ... ok
test iterator::tests::test_iterator_rdw_multiple_records ... ok
test iterator::tests::test_iterator_multiple_fixed_records ... ok
test iterator::tests::test_raw_record_reading ... ok
test iterator::tests::test_iterator_collect_results ... ok
test iterator::tests::test_iterator_with_empty_data ... ok
test iterator::tests::test_record_iterator_basic ... ok
test iterator::tests::test_record_iterator_rdw ... ok
test lib_api::tests::test_decode_record ... ok
test lib_api::tests::test_encode_jsonl_to_file ... ok
test lib_api::tests::test_decode_file_to_jsonl ... ok
test iterator::tests::test_iterator_with_decode_error ... ok
test iterator::tests::test_iterator_schema_and_options_accessors ... ok
test lib_api::tests::test_encode_record ... ok
test numeric::tests::test_alphanumeric_encoding ... ok
test numeric::tests::test_binary_int_big_endian ... ok
test lib_api::tests::test_record_iterator ... ok
test numeric::tests::test_boundary_conditions_numeric_operations ... ok
test numeric::tests::test_bwz_policy ... ok
test numeric::tests::test_binary_width_mapping ... ok
test numeric::tests::test_comp3_decimal_scale_fix ... ok
test numeric::tests::test_error_handling_invalid_numeric_inputs ... ok
test numeric::tests::test_error_path_coverage_arithmetic_operations ... ok
test numeric::tests::test_explicit_binary_width_validation ... ok
test numeric::tests::test_packed_decimal_signs ... ok
test numeric::tests::test_zero_with_scale_preserves_decimal_places ... ok
test numeric::tests::test_small_decimal_formatting ... ok
test numeric::tests::test_small_decimal_normalization ... ok
test numeric::tests::test_zoned_decimal_with_bwz ... ok
test odo_redefines::tests::test_missing_counter_field_handling ... ok
test odo_redefines::tests::test_odo_tail_position_validation ... ok
test numeric::tests::test_zoned_decimal_blank_when_zero ... ok
test odo_redefines::tests::test_comprehensive_error_context ... ok
test odo_redefines::tests::test_odo_validation_lenient_mode_raise_min ... ok
test odo_redefines::tests::test_odo_validation_within_bounds ... ok
test odo_redefines::tests::test_redefines_context_building ... ok
test odo_redefines::tests::test_odo_validation_strict_mode_over_max ... ok
test odo_redefines::tests::test_odo_tail_position_validation_counter_after_array ... ok
test odo_redefines::tests::test_odo_validation_lenient_mode_clamp_max ... ok
test numeric::tests::prop_zoned_digit_buffer_contains_only_digits ... ok

test result: ok. 93 passed; 0 failed; 0 ignored; 0 measured; 0 filtered out; finished in 0.02s

     Running tests\audit_integration_simple.rs (target\debug\deps\audit_integration_simple-2d4a578bf060c110.exe)

running 2 tests
test test_performance_overhead_scaffolding ... ok
test test_audit_context_integration_scaffolding ... ok

test result: ok. 2 passed; 0 failed; 0 ignored; 0 measured; 0 filtered out; finished in 0.00s

     Running tests\binary_roundtrip_fidelity_tests.rs (target\debug\deps\binary_roundtrip_fidelity_tests-86031764dd51cb70.exe)

running 13 tests
test test_rdw_roundtrip_preservation ... ok
test test_ebcdic_zoned_roundtrip_byte_identical ... ok
test test_multi_field_roundtrip_preservation ... ok
test test_customer_record_roundtrip_fidelity ... ok
test test_signed_zoned_roundtrip_preservation ... ok
test test_ascii_zoned_roundtrip_byte_identical ... ok
test test_comp3_packed_decimal_roundtrip_accuracy ... ok
test test_mixed_field_types_enterprise_robustness ... ok
test test_backward_compatibility_default_behavior ... ok
test test_roundtrip_error_recovery_enterprise_patterns ... ok
test prop_ascii_roundtrip_identity ... ok
test prop_ebcdic_roundtrip_identity ... ok
test test_cli_roundtrip_cmp_validation ... ok

test result: ok. 13 passed; 0 failed; 0 ignored; 0 measured; 0 filtered out; finished in 0.11s

     Running tests\canonical_fixtures.rs (target\debug\deps\canonical_fixtures-ee48b2a76e58fa9c.exe)

running 2 tests
test test_generate_canonical_fixtures ... ignored, Only run when explicitly requested
test test_comp3_canonical ... ok

test result: ok. 1 passed; 0 failed; 1 ignored; 0 measured; 0 filtered out; finished in 0.00s

     Running tests\cobol_fixture_zoned_encoding_tests.rs (target\debug\deps\cobol_fixture_zoned_encoding_tests-51c66e7b45fa4b4e.exe)

running 7 tests
test test_fixture_round_trip_validation ... ok
test test_odo_fixture_variable_length_zoned ... ok
test test_simple_fixture_zoned_encoding_integration ... ok
test test_complex_fixture_enterprise_patterns ... ok
test test_mainframe_compatibility_scenarios ... ok
test test_comp3_fixture_mixed_field_types ... ok
test test_enterprise_scale_fixture_performance ... ok

test result: ok. 7 passed; 0 failed; 0 ignored; 0 measured; 0 filtered out; finished in 0.36s

     Running tests\codec_edge_cases.rs (target\debug\deps\codec_edge_cases-8ce1b0f1e86ac32f.exe)

running 58 tests
test test_binary_int_16bit_unsigned_negative_fails ... ok
test test_binary_int_32bit_overflow ... ok
test test_binary_int_16bit_signed_overflow ... ok
test test_binary_int_16bit_signed_underflow ... ok
test test_comp1_subnormal_largest ... ok
test test_binary_int_64bit_signed_min_max ... ok
test test_comp2_negative_infinity_roundtrip ... ok
test test_binary_int_unsupported_width ... ok
test test_binary_int_decode_wrong_length ... ok
test test_binary_int_zero_all_widths ... ok
test test_comp1_max_finite ... ok
test test_binary_int_16bit_unsigned_boundaries ... ok
test test_alpha_field_strict_mode_rejects_overflow ... ok
test test_alpha_field_empty_string ... ok
test test_comp1_negative_nan ... ok
test test_alpha_field_truncation_on_overflow ... ok
test test_alpha_field_decode_trims_trailing_spaces ... ok
test test_comp1_negative_zero_roundtrip ... ok
test test_alpha_field_exact_length ... ok
test test_comp1_subnormal_smallest ... ok
test test_alpha_field_right_padded_with_spaces ... ok
test test_alpha_field_ebcdic_roundtrip ... ok
test test_comp3_all_sign_nibbles_decode ... ok
test test_comp2_max_finite ... ok
test test_comp2_negative_zero_roundtrip ... ok
test test_comp2_signaling_nan ... ok
test test_comp2_subnormal_largest ... ok
test test_comp2_subnormal_smallest ... ok
test test_comp1_nan_payload_preserved ... ok
test test_binary_int_16bit_signed_boundaries ... ok
test test_comp2_negative_nan ... ok
test test_comp3_data_length_mismatch ... ok
test test_comp3_max_18_digits ... ok
test test_comp3_max_negative_18_digits ... ok
test test_binary_int_32bit_signed_boundaries ... ok
test test_comp3_exceeds_18_digit_precision ... ok
test test_comp3_max_single_digit ... ok
test test_comp1_min_positive_normal ... ok
test test_comp3_negative_zero_normalizes ... ok
test test_comp3_overflow_rejects ... ok
test test_comp3_with_scale_max_value ... ok
test test_comp3_with_scale_zero_decimal ... ok
test test_comp3_zero_value_signed ... ok
test test_comp3_zero_value_unsigned ... ok
test test_numeric_overflow_packed_via_record ... ok
test test_multiple_fields_mixed_types_roundtrip ... ok
test test_numeric_underflow_packed_via_record ... ok
test test_odo_not_at_tail_rejected ... ok
test test_odo_min_count_boundary ... ok
test test_odo_counter_exceeds_max_is_error ... ok
test test_odo_max_count_boundary ... ok
test test_redefines_encode_uses_original_field ... ok
test test_redefines_decode_includes_all_views ... ok
test test_zoned_decimal_left_padded_with_zeros ... ok
test test_redefines_group_decode ... ok
test test_redefines_numeric_over_alpha ... ok
test test_packed_decimal_roundtrip_via_record ... ok
test test_odo_record_too_short_for_count ... ok

test result: ok. 58 passed; 0 failed; 0 ignored; 0 measured; 0 filtered out; finished in 0.01s

     Running tests\codec_roundtrip_exhaustive.rs (target\debug\deps\codec_roundtrip_exhaustive-1601037c9208e91d.exe)

running 29 tests
test roundtrip_comp_signed_2byte_positive ... ok
test roundtrip_comp3_zero ... ok
test roundtrip_comp_2byte ... ok
test roundtrip_display_numeric_ebcdic_signed_positive ... ok
test roundtrip_comp1_float ... ok
test roundtrip_ascii_zoned_unsigned ... ok
test roundtrip_comp3_max_digits ... ok
test roundtrip_comp3_positive ... ok
test roundtrip_alpha_space_padded ... ok
test roundtrip_comp3_with_scale ... ok
test roundtrip_codepage_cp1047 ... ok
test roundtrip_sign_separate_leading_positive ... ok
test roundtrip_codepage_cp037 ... ok
test roundtrip_comp_4byte ... ok
test roundtrip_comp_8byte ... ok
test roundtrip_comp2_double ... ok
test roundtrip_comp_zero ... ok
test roundtrip_display_alphanumeric_ascii ... ok
test roundtrip_display_alphanumeric_ebcdic ... ok
test roundtrip_comp3_negative ... ok
test roundtrip_display_numeric_ebcdic_signed_negative ... ok
test roundtrip_sign_separate_trailing_negative ... ok
test roundtrip_sign_separate_leading_negative ... ok
test roundtrip_display_numeric_ebcdic_unsigned ... ok
test roundtrip_mixed_record ... ok
test roundtrip_zero_fill_zoned ... ok
test roundtrip_codepage_cp500 ... ok
test roundtrip_enterprise_record ... ok
test roundtrip_scratch_buffer_equivalence ... ok

test result: ok. 29 passed; 0 failed; 0 ignored; 0 measured; 0 filtered out; finished in 0.00s

     Running tests\comp3_edge_cases.rs (target\debug\deps\comp3_edge_cases-14beecb88655c4fd.exe)

running 63 tests
test test_comp3_19_digits_rejected ... ok
test test_comp3_all_negative_sign_nibbles_multi_byte ... ok
test test_comp3_empty_data ... ok
test test_comp3_even_digit_2_padded_layout ... ok
test test_comp3_byte_count_formula ... ok
test test_comp3_data_length_too_long ... ok
test test_comp3_data_length_too_short ... ok
test test_comp3_all_positive_sign_nibbles_multi_byte ... ok
test test_comp3_invalid_sign_nibble_0x0 ... ok
test test_comp3_leading_zeros_with_scale ... ok
test test_comp3_max_precision_18_digits_negative ... ok
test test_comp3_even_digit_4_padded_layout ... ok
test test_comp3_even_digit_6_layout ... ok
test test_comp3_integer_only_no_scale ... ok
test test_comp3_invalid_digit_nibble_0xa_high ... ok
test test_comp3_invalid_digit_nibble_0xf_high ... ok
test test_comp3_boundary_values_1_to_18_digits ... ok
test test_comp3_invalid_digit_nibble_in_middle_byte ... ok
test test_comp3_invalid_digit_nibble_low ... ok
test test_comp3_encode_overflow_rejects ... ok
test test_comp3_invalid_sign_nibble_0x9 ... ok
test test_comp3_leading_zeros_encode ... ok
test test_comp3_all_zeros_large_field ... ok
test test_comp3_max_precision_18_digits_positive ... ok
test test_comp3_max_precision_with_scale ... ok
test test_comp3_encode_overflow_via_record ... ok
test test_comp3_odd_digit_3_no_padding ... ok
test test_comp3_negative_one_s9_1 ... ok
test test_comp3_odd_digit_1_byte_layout ... ok
test test_comp3_leading_zeros_decode ... ok
test test_comp3_max_s9_1 ... ok
test test_comp3_odd_digit_5_layout ... ok
test test_comp3_positive_one_s9_1 ... ok
test test_comp3_negative_zero_normalizes_to_positive ... ok
test test_comp3_positive_zero_s9_5 ... ok
test test_comp3_positive_zero_s9_3 ... ok
test test_comp3_positive_zero_s9_1 ... ok
test test_comp3_min_s9_1 ... ok
test test_comp3_roundtrip_max_s9_7_v99_via_record ... ok
test test_comp3_roundtrip_bytes_identity ... ok
test test_comp3_roundtrip_negative_bytes_identity ... ok
test test_comp3_roundtrip_negative_fraction_via_record ... ok
test test_comp3_roundtrip_negative_via_record ... ok
test test_comp3_roundtrip_parametric ... ok
test test_comp3_roundtrip_v99_via_record ... ok
test test_comp3_roundtrip_unsigned_via_record ... ok
test test_comp3_scale_v9999_four_decimal_places ... ok
test test_comp3_roundtrip_zero_via_record ... ok
test test_comp3_roundtrip_s9_3_via_record ... ok
test test_comp3_scale_v9999_small_fraction ... ok
test test_comp3_scale_v99_max ... ok
test test_comp3_scale_v99_negative ... ok
test test_comp3_scale_v99_positive ... ok
test test_comp3_scale_v99_zero ... ok
test test_comp3_sign_nibble_0xa_positive ... ok
test test_comp3_sign_nibble_0xb_negative ... ok
test test_comp3_sign_nibble_0xc_positive ... ok
test test_comp3_sign_nibble_0xd_negative ... ok
test test_comp3_sign_nibble_0xe_positive ... ok
test test_comp3_sign_nibble_0xf_treated_as_positive_when_signed ... ok
test test_comp3_sign_nibble_0xf_unsigned ... ok
test test_comp3_unsigned_encodes_with_0xf_sign ... ok
test test_comp3_unsigned_field_rejects_non_0xf_sign ... ok

test result: ok. 63 passed; 0 failed; 0 ignored; 0 measured; 0 filtered out; finished in 0.01s

     Running tests\comp3_format_verification.rs (target\debug\deps\comp3_format_verification-9ec3678527454dd2.exe)

running 1 test
test test_comp3_format_understanding ... ok

test result: ok. 1 passed; 0 failed; 0 ignored; 0 measured; 0 filtered out; finished in 0.00s

     Running tests\comp3_property_tests.rs (target\debug\deps\comp3_property_tests-0734466bd0c6afd7.exe)

running 3 tests
test comp3_roundtrip_tests::comp3_even_odd_digits ... ok
test comp3_roundtrip_tests::comp3_roundtrip ... ok
test comp3_roundtrip_tests::comp3_scale_handling ... ok

test result: ok. 3 passed; 0 failed; 0 ignored; 0 measured; 0 filtered out; finished in 0.03s

     Running tests\comp_float_codec_tests.rs (target\debug\deps\comp_float_codec_tests-35c95c3d003f7296.exe)

running 44 tests
test comp_float_codec::test_decode_float_double_extra_data ... ok
test comp_float_codec::test_decode_float_double_ibm_hex_fraction ... ok
test comp_float_codec::test_decode_float_double_negative ... ok
test comp_float_codec::test_decode_float_double_ibm_hex_positive ... ok
test comp_float_codec::test_decode_float_double_pi ... ok
test comp_float_codec::test_decode_float_double_positive ... ok
test comp_float_codec::test_decode_float_double_nan ... ok
test comp_float_codec::test_decode_float_single_negative ... ok
test comp_float_codec::test_decode_float_single_positive_infinity ... ok
test comp_float_codec::test_decode_float_double_too_short ... ok
test comp_float_codec::test_decode_float_single_extra_data ... ok
test comp_float_codec::test_decode_float_single_ibm_hex_fraction ... ok
test comp_float_codec::test_decode_float_single_ibm_hex_negative ... ok
test comp_float_codec::test_decode_float_single_ibm_hex_positive ... ok
test comp_float_codec::test_decode_float_double_positive_infinity ... ok
test comp_float_codec::test_encode_float_double_positive ... ok
test comp_float_codec::test_decode_float_single_positive ... ok
test comp_float_codec::test_decode_float_single_pi ... ok
test comp_float_codec::test_decode_float_single_too_short ... ok
test comp_float_codec::test_decode_float_single_zero ... ok
test comp_float_codec::test_dispatch_decode_float_single_by_format ... ok
test comp_float_codec::test_dispatch_encode_float_single_by_format ... ok
test comp_float_codec::test_dispatch_roundtrip_float_double_by_format ... ok
test comp_float_codec::test_decode_float_single_nan ... ok
test comp_float_codec::test_encode_float_double_ibm_hex_positive ... ok
test comp_float_codec::test_encode_float_double_negative ... ok
test comp_float_codec::test_decode_float_single_negative_infinity ... ok
test comp_float_codec::test_encode_float_double_zero ... ok
test comp_float_codec::test_encode_float_single_buffer_too_small ... ok
test comp_float_codec::test_encode_float_single_ibm_hex_positive ... ok
test comp_float_codec::test_encode_float_single_negative ... ok
test comp_float_codec::test_encode_record_uses_ibm_float_option ... ok
test comp_float_codec::test_decode_record_uses_ibm_float_option ... ok
test comp_float_codec::test_encode_float_single_positive ... ok
test comp_float_codec::test_encode_float_single_zero ... ok
test comp_float_codec::test_encode_float_double_buffer_too_small ... ok
test comp_float_codec::test_ibm_hex_encode_rejects_non_finite ... ok
test comp_float_codec::test_decode_float_double_zero ... ok
test comp_float_codec::test_roundtrip_float_double ... ok
test comp_float_codec::test_roundtrip_float_double_infinity ... ok
test comp_float_codec::test_roundtrip_float_double_nan ... ok
test comp_float_codec::test_roundtrip_float_single ... ok
test comp_float_codec::test_roundtrip_float_single_nan ... ok
test comp_float_codec::test_roundtrip_float_single_infinity ... ok

test result: ok. 44 passed; 0 failed; 0 ignored; 0 measured; 0 filtered out; finished in 0.00s

     Running tests\comp_float_golden_tests.rs (target\debug\deps\comp_float_golden_tests-aab084c0948e1c49.exe)

running 23 tests
test test_golden_comp1_min_positive_roundtrip_ieee ... ok
test test_golden_comp1_roundtrip_positive_ieee ... ok
test test_golden_comp2_positive_decode_ibm_hex ... ok
test test_golden_comp1_large_positive_decode_ieee ... ok
test test_golden_comp1_negative_decode_ieee ... ok
test test_golden_comp1_positive_infinity_decode_ieee ... ok
test test_golden_comp2_roundtrip_large_negative_ieee ... ok
test test_golden_comp1_positive_decode_ibm_hex ... ok
test test_golden_comp1_zero_decode_ieee ... ok
test test_golden_comp1_roundtrip_ibm_hex ... ok
test test_golden_comp1_roundtrip_negative_ieee ... ok
test test_golden_comp2_negative_decode_ieee ... ok
test test_golden_comp2_negative_infinity_decode_ieee ... ok
test test_golden_comp2_pi_decode_ieee ... ok
test test_golden_comp1_nan_decode_ieee ... ok
test test_golden_comp2_positive_decode_ieee ... ok
test test_golden_comp2_roundtrip_ibm_hex ... ok
test test_golden_comp2_roundtrip_positive_ieee ... ok
test test_golden_comp1_positive_decode_ieee ... ok
test test_golden_comp2_nan_decode_ieee ... ok
test test_golden_comp2_max_finite_roundtrip_ieee ... ok
test test_golden_comp2_zero_decode_ieee ... ok
test test_golden_comp_fields_in_record_roundtrip ... ok

test result: ok. 23 passed; 0 failed; 0 ignored; 0 measured; 0 filtered out; finished in 0.00s

     Running tests\comprehensive_numeric_tests.rs (target\debug\deps\comprehensive_numeric_tests-92db279525126fe3.exe)

running 15 tests
test test_record_length_validation ... ok
test test_alphanumeric_handling_normative ... ok
test test_lenient_mode_error_handling ... ok
test test_packed_decimal_comprehensive ... ok
test test_zoned_negative_zero_normalization ... ok
test test_json_number_modes ... ok
test test_invalid_data_error_handling ... ok
test test_zoned_decimal_ebcdic_sign_zones_comprehensive ... ok
test test_codepage_specific_behavior ... ok
test test_fixed_scale_rendering_normative ... ok
test test_blank_when_zero_comprehensive ... ok
test test_packed_decimal_sign_nibbles_comprehensive ... ok
test test_binary_signed_unsigned_edges ... ok
test test_zoned_decimal_ascii_sign_zones_comprehensive ... ok
test test_throughput_measurement ... ok

test result: ok. 15 passed; 0 failed; 0 ignored; 0 measured; 0 filtered out; finished in 0.02s

     Running tests\comprehensive_rdw_tests.rs (target\debug\deps\comprehensive_rdw_tests-5c4c1134d28c6397.exe)

running 0 tests

test result: ok. 0 passed; 0 failed; 0 ignored; 0 measured; 0 filtered out; finished in 0.00s

     Running tests\comprehensive_redefines_odo_tests.rs (target\debug\deps\comprehensive_redefines_odo_tests-b8e654093f5262e9.exe)

running 0 tests

test result: ok. 0 passed; 0 failed; 0 ignored; 0 measured; 0 filtered out; finished in 0.00s

     Running tests\corruption_microcrate_integration.rs (target\debug\deps\corruption_microcrate_integration-eab8416853b6b0af.exe)

running 2 tests
test decode_emits_warning_for_ebcdic_control_byte_when_lenient ... ignored, corruption warning integration not yet wired into decode pipeline
test decode_rejects_invalid_packed_decimal_in_strict_mode ... ok

test result: ok. 1 passed; 0 failed; 1 ignored; 0 measured; 0 filtered out; finished in 0.00s

     Running tests\decimal_edge_cases.rs (target\debug\deps\decimal_edge_cases-e61571d1f1f296ba.exe)

running 9 tests
test test_scale_scenarios ... ok
test test_packed_negative_values ... ok
test test_zoned_zero_sign_handling ... ok
test test_blank_when_zero_edge_cases ... ok
test test_zoned_overpunch_by_codepage ... ok
test test_packed_zero_handling ... ok
test test_packed_max_digits_and_overflow ... ok
test test_ascii_negative_zero_multi_digit ... ok
test test_zoned_overpunch_comprehensive ... ok

test result: ok. 9 passed; 0 failed; 0 ignored; 0 measured; 0 filtered out; finished in 0.00s

     Running tests\determinism_comprehensive.rs (target\debug\deps\determinism_comprehensive-672877c18a009960.exe)

running 0 tests

test result: ok. 0 passed; 0 failed; 0 ignored; 0 measured; 0 filtered out; finished in 0.00s

     Running tests\determinism_microcrate_integration.rs (target\debug\deps\determinism_microcrate_integration-587c8c9e2149e2c3.exe)

running 2 tests
test codec_reexports_microcrate_mode_variants ... ok
test codec_determinism_result_matches_microcrate_engine ... ok

test result: ok. 2 passed; 0 failed; 0 ignored; 0 measured; 0 filtered out; finished in 0.00s

     Running tests\edited_pic_codec_rejection.rs (target\debug\deps\edited_pic_codec_rejection-3502414c7c613c42.exe)

running 3 tests
test test_e1_error_code_defined ... ok
test test_e1_sign_clause_without_separate_rejected ... ok
test test_e1_edited_pic_parses_successfully ... ok

test result: ok. 3 passed; 0 failed; 0 ignored; 0 measured; 0 filtered out; finished in 0.00s

     Running tests\edited_pic_decode_e2_tests.rs (target\debug\deps\edited_pic_decode_e2_tests-c57d88e55e1c5d72.exe)

running 28 tests
test test_e2_invalid_format_cbkd421 ... ok
test test_e2_currency_dollar_zz_zzz_99 ... ok
test test_e2_blank_when_zero ... ok
test test_e2_complex_pattern_dollar_comma_decimal_sign ... ok
test test_e2_sign_editing_trailing_cr_negative ... ok
test test_e2_check_protect_no_asterisk ... ok
test test_e2_decimal_zero_integer_part ... ok
test test_e2_invalid_format_missing_comma ... ok
test test_e2_complex_pattern_positive ... ok
test test_e2_comma_editing_z_zzz_zz9 ... ok
test test_e2_decimal_editing_zzz9_99 ... ok
test test_e2_sign_editing_leading_minus_negative ... ok
test test_e2_blank_when_zero_not_blank ... ok
test test_e2_check_protect_asterisk ... ok
test test_e2_sign_editing_leading_minus_positive ... ok
test test_e2_currency_suppressed ... ok
test test_e2_invalid_format_missing_decimal ... ok
test test_e2_sign_editing_leading_plus_positive ... ok
test test_e2_sign_editing_trailing_cr_positive ... ok
test test_e2_sign_editing_leading_plus_space ... ok
test test_e2_sign_editing_trailing_db_positive ... ok
test test_e2_simple_z_editing_zzz9 ... ok
test test_e2_zero_with_negative_sign ... ok
test test_e2_trailing_minus_sign ... ok
test test_e2_zero_suppression_all_zeros ... ok
test test_e2_sign_editing_trailing_db_negative ... ok
test test_e2_trailing_plus_sign ... ok
test test_e2_multiple_fields ... ok

test result: ok. 28 passed; 0 failed; 0 ignored; 0 measured; 0 filtered out; finished in 0.00s

     Running tests\edited_pic_encode_e3_tests.rs (target\debug\deps\edited_pic_encode_e3_tests-a0e609b15d9ceec9.exe)

running 208 tests
test test_e3_1_basic_digit_99 ... ok
test test_e3_1_basic_digit_9 ... ok
test test_e3_1_basic_digit_999 ... ok
test test_e3_1_basic_digit_9999 ... ok
test test_e3_1_basic_digit_negative ... ok
test test_e3_1_decimal_999_99 ... ok
test test_e3_1_decimal_9_9 ... ok
test test_e3_1_decimal_00_00 ... ok
test test_e3_1_decimal_0009_99 ... ok
test test_e3_1_decimal_00_00_single_digit ... ok
test test_e3_1_decimal_00_00_zero ... ok
test test_e3_1_basic_digit_zero ... ok
test test_e3_1_decimal_99_99 ... ok
test test_e3_1_decimal_zzz9_99_zero ... ok
test test_e3_1_decimal_9_9_zero ... ok
test test_e3_1_edge_invalid_character ... ok
test test_e3_1_decimal_0009_99_zero ... ok
test test_e3_1_edge_large_value_with_decimal ... ok
test test_e3_1_decimal_zz_99_zero ... ok
test test_e3_1_decimal_zzz9_99 ... ok
test test_e3_1_decimal_zzz9_99_single_digit ... ok
test test_e3_1_edge_overflow_value_too_long ... ok
test test_e3_1_edge_empty_string ... ok
test test_e3_1_decimal_zz_99 ... ok
test test_e3_1_edge_overflow_value_too_long_decimal ... ok
test test_e3_1_decimal_zz_99_single_digit ... ok
test test_e3_1_edge_max_single_digit ... ok
test test_e3_1_edge_max_single_digit_0 ... ok
test test_e3_1_edge_max_single_digit_z ... ok
test test_e3_1_edge_multiple_decimals_in_value ... ok
test test_e3_1_edge_negative_zero_forces_positive ... ok
test test_e3_1_edge_negative_zero_forces_positive_plus ... ok
test test_e3_1_edge_large_value ... ok
test test_e3_1_edge_scale_mismatch_pad_zero ... ok
test test_e3_1_edge_scale_mismatch_pad ... ok
test test_e3_1_edge_scale_mismatch_truncate ... ok
test test_e3_1_edge_underflow_fits_in_pattern ... ok
test test_e3_1_edge_underflow_fits_in_pattern_z ... ok
test test_e3_1_edge_zero_value_0 ... ok
test test_e3_1_mixed_minus_00_00 ... ok
test test_e3_1_edge_zero_value_digit ... ok
test test_e3_1_edge_zero_value_z ... ok
test test_e3_1_mixed_minus_00_00_zero ... ok
test test_e3_1_mixed_plus_00_00 ... ok
test test_e3_1_mixed_plus_00_00_zero ... ok
test test_e3_1_mixed_zz9_99 ... ok
test test_e3_1_mixed_zz9_99_single_digit ... ok
test test_e3_1_mixed_zz9_99_zero ... ok
test test_e3_1_mixed_zzz9_99_with_minus ... ok
test test_e3_1_mixed_zzz9_99_with_sign ... ok
test test_e3_1_sign_minus_999_negative ... ok
test test_e3_1_sign_minus_999_positive ... ok
test test_e3_1_sign_minus_9_negative ... ok
test test_e3_1_sign_minus_9_positive ... ok
test test_e3_1_sign_minus_9_zero ... ok
test test_e3_1_sign_minus_decimal_negative ... ok
test test_e3_1_sign_minus_decimal_positive ... ok
test test_e3_1_sign_minus_zz9_negative ... ok
test test_e3_1_sign_minus_zz9_positive ... ok
test test_e3_1_sign_minus_zz9_zero ... ok
test test_e3_1_sign_plus_999_negative ... ok
test test_e3_1_sign_plus_999_positive ... ok
test test_e3_1_sign_plus_decimal_negative ... ok
test test_e3_1_zero_insert_00000_zero ... ok
test test_e3_1_sign_plus_zz9_zero ... ok
test test_e3_1_zero_insert_00 ... ok
test test_e3_1_zero_insert_000 ... ok
test test_e3_1_sign_plus_zz9_positive ... ok
test test_e3_1_sign_plus_zz9_negative ... ok
test test_e3_1_sign_plus_9_zero ... ok
test test_e3_1_sign_plus_9_negative ... ok
test test_e3_1_zero_insert_00000 ... ok
test test_e3_1_sign_plus_9_positive ... ok
test test_e3_1_zero_suppress_z ... ok
test test_e3_1_sign_plus_decimal_positive ... ok
test test_e3_1_zero_insert_0 ... ok
test test_e3_1_zero_suppress_zz ... ok
test test_e3_1_zero_insert_0009 ... ok
test test_e3_1_zero_insert_0009_full ... ok
test test_e3_1_zero_insert_0009_two_digits ... ok
test test_e3_1_zero_insert_0009_zero ... ok
test test_e3_1_zero_suppress_zzz9_full ... ok
test test_e3_1_zero_insert_0009_single_digit ... ok
test test_e3_1_zero_suppress_zzz ... ok
test test_e3_1_zero_suppress_zzz9 ... ok
test test_e3_1_zero_suppress_zzz9_single_digit ... ok
test test_e3_1_zero_suppress_zzz9_two_digits ... ok
test test_e3_1_zero_suppress_zzz9_zero ... ok
test test_e3_1_zero_suppress_zzzzz ... ok
test test_e3_1_zero_suppress_zzzzz_zero ... ok
test test_e3_2_trailing_minus_negative ... ok
test test_e3_2_trailing_minus_negative_zero_forces_positive ... ok
test test_e3_2_trailing_minus_positive ... ok
test test_e3_2_trailing_minus_with_decimal ... ok
test test_e3_2_trailing_minus_with_decimal_negative ... ok
test test_e3_2_trailing_minus_with_z ... ok
test test_e3_2_trailing_minus_with_z_negative ... ok
test test_e3_2_trailing_minus_with_z_zero ... ok
test test_e3_2_trailing_minus_with_zero_insert ... ok
test test_e3_2_trailing_minus_zero ... ok
test test_e3_2_trailing_plus_negative ... ok
test test_e3_2_trailing_plus_positive ... ok
test test_e3_2_trailing_plus_with_decimal ... ok
test test_e3_2_trailing_plus_with_decimal_negative ... ok
test test_e3_2_trailing_plus_with_z ... ok
test test_e3_2_trailing_plus_with_z_negative ... ok
test test_e3_2_trailing_plus_with_z_zero ... ok
test test_e3_2_trailing_plus_with_zero_insert ... ok
test test_e3_2_trailing_plus_zero ... ok
test test_e3_2_trailing_sign_negative_zero_forces_positive ... ok
test test_e3_3_credit_negative ... ok
test test_e3_3_credit_negative_zero_forces_positive ... ok
test test_e3_3_credit_positive ... ok
test test_e3_3_credit_with_decimal_negative ... ok
test test_e3_3_credit_with_decimal_positive ... ok
test test_e3_3_credit_with_zero_insert_negative ... ok
test test_e3_3_credit_with_zero_insert_positive ... ok
test test_e3_3_credit_with_zero_suppress_negative ... ok
test test_e3_3_credit_with_zero_suppress_positive ... ok
test test_e3_3_credit_with_zero_suppress_zero ... ok
test test_e3_3_credit_zero ... ok
test test_e3_3_debit_negative ... ok
test test_e3_3_debit_negative_zero_forces_positive ... ok
test test_e3_3_debit_positive ... ok
test test_e3_3_debit_with_decimal_negative ... ok
test test_e3_3_debit_with_zero_insert_negative ... ok
test test_e3_3_debit_with_zero_insert_positive ... ok
test test_e3_3_debit_with_zero_suppress_negative ... ok
test test_e3_3_debit_with_zero_suppress_positive ... ok
test test_e3_3_debit_zero ... ok
test test_e3_4_comma_all_zeros ... ok
test test_e3_4_comma_and_slash_combined ... ok
test test_e3_4_comma_basic ... ok
test test_e3_4_comma_edge_single_comma ... ok
test test_e3_4_comma_large_value ... ok
test test_e3_4_comma_multiple ... ok
test test_e3_4_comma_multiple_partial ... ok
test test_e3_4_comma_with_decimal ... ok
test test_e3_4_comma_with_decimal_and_sign ... ok
test test_e3_4_comma_with_decimal_and_sign_negative ... ok
test test_e3_4_comma_with_decimal_zero ... ok
test test_e3_4_comma_with_sign ... ok
test test_e3_4_comma_with_sign_negative ... ok
test test_e3_4_comma_with_trailing_sign ... ok
test test_e3_4_comma_with_trailing_sign_negative ... ok
test test_e3_4_comma_with_z_multiple ... ok
test test_e3_4_comma_with_z_small_value ... ok
test test_e3_4_comma_zero_suppress ... ok
test test_e3_4_comma_zero_suppression_partial ... ok
test test_e3_4_slash_date_format ... ok
test test_e3_4_slash_date_format_zero_pad ... ok
test test_e3_4_slash_edge_single_slash ... ok
test test_e3_4_slash_multiple ... ok
test test_e3_4_slash_with_sign ... ok
test test_e3_4_slash_with_z ... ok
test test_e3_4_slash_with_zero_insert ... ok
test test_e3_5_asterisk_all_zero ... ok
test test_e3_5_asterisk_basic_star9 ... ok
test test_e3_5_asterisk_basic_star9_full_width ... ok
test test_e3_5_asterisk_basic_star9_single_digit ... ok
test test_e3_5_asterisk_check_protect_example ... ok
test test_e3_5_asterisk_long_pattern ... ok
test test_e3_5_asterisk_long_pattern_full_width ... ok
test test_e3_5_asterisk_long_pattern_zero ... ok
test test_e3_5_asterisk_mixed_with_0 ... ok
test test_e3_5_asterisk_mixed_with_z ... ok
test test_e3_5_asterisk_two_digit_value ... ok
test test_e3_5_asterisk_with_decimal ... ok
test test_e3_5_asterisk_with_decimal_full_width ... ok
test test_e3_5_asterisk_with_decimal_single_digit ... ok
test test_e3_5_asterisk_with_decimal_two_digit_value ... ok
test test_e3_5_asterisk_with_decimal_zero ... ok
test test_e3_5_asterisk_with_leading_minus ... ok
test test_e3_5_asterisk_with_leading_minus_negative ... ok
test test_e3_5_asterisk_with_leading_minus_zero ... ok
test test_e3_5_asterisk_with_leading_plus ... ok
test test_e3_5_asterisk_with_leading_plus_negative ... ok
test test_e3_5_asterisk_with_leading_plus_zero ... ok
test test_e3_5_asterisk_with_trailing_minus ... ok
test test_e3_5_asterisk_with_trailing_minus_negative ... ok
test test_e3_5_asterisk_with_trailing_minus_zero ... ok
test test_e3_5_asterisk_with_trailing_plus ... ok
test test_e3_5_asterisk_with_trailing_plus_negative ... ok
test test_e3_5_asterisk_with_trailing_plus_zero ... ok
test test_e3_6_currency_fixed ... ok
test test_e3_6_currency_fixed_full_value ... ok
test test_e3_6_currency_multiple_patterns ... ok
test test_e3_6_currency_with_asterisk ... ok
test test_e3_6_currency_with_asterisk_small ... ok
test test_e3_6_currency_with_asterisk_zero ... ok
test test_e3_6_currency_with_comma ... ok
test test_e3_6_currency_with_comma_small ... ok
test test_e3_6_currency_with_comma_zero ... ok
test test_e3_6_currency_with_decimal ... ok
test test_e3_6_currency_with_decimal_small ... ok
test test_e3_6_currency_with_decimal_zero ... ok
test test_e3_6_currency_with_sign_negative ... ok
test test_e3_6_currency_with_sign_positive ... ok
test test_e3_6_currency_with_zero_suppress ... ok
test test_e3_6_currency_with_zero_suppress_123 ... ok
test test_e3_6_currency_with_zero_suppress_full ... ok
test test_e3_7_space_multiple ... ok
test test_e3_7_space_repetition ... ok
test test_e3_7_space_simple ... ok
test test_e3_7_space_with_currency ... ok
test test_e3_7_space_with_decimal ... ok
test test_e3_7_space_with_sign ... ok
test test_e3_7_space_with_zero_suppress ... ok

test result: ok. 208 passed; 0 failed; 0 ignored; 0 measured; 0 filtered out; finished in 0.02s

     Running tests\edited_pic_encode_tests.rs (target\debug\deps\edited_pic_encode_tests-7193740628ecf817.exe)

running 7 tests
test test_e31_roundtrip_zero_suppression ... ok
test test_e31_leading_plus_encode ... ok
test test_e31_zero_suppression_encode ... ok
test test_e31_leading_minus_encode ... ok
test test_e31_roundtrip_leading_minus_negative ... ok
test test_e31_zero_insert_encode ... ok
test test_e31_roundtrip_leading_plus ... ok

test result: ok. 7 passed; 0 failed; 0 ignored; 0 measured; 0 filtered out; finished in 0.00s

     Running tests\encode_options_zoned_encoding_tests.rs (target\debug\deps\encode_options_zoned_encoding_tests-1404b77ac2911167.exe)

running 8 tests
test test_encode_options_zoned_encoding_override ... ok
test test_auto_encoding_detection ... ok
test test_encoding_precedence_explicit_override ... ok
test test_encoding_precedence_preserved_over_default ... ok
test test_encoding_metadata_json_structure ... ok
test test_encode_preserves_ebcdic_format ... ok
test test_encode_preserves_ascii_format ... ok
test test_backward_compatibility_default_ebcdic ... ok

test result: ok. 8 passed; 0 failed; 0 ignored; 0 measured; 0 filtered out; finished in 0.00s

     Running tests\enterprise_mainframe_production_scenarios.rs (target\debug\deps\enterprise_mainframe_production_scenarios-68d06e77abc95c6b.exe)

running 5 tests
test test_comprehensive_enterprise_scenario_coverage ... ok
test test_enterprise_insurance_claims_processing ... ok
test test_enterprise_manufacturing_quality_control ... ok
test test_enterprise_banking_transaction_processing ... ok
test test_enterprise_retail_pos_processing ... ok

test result: ok. 5 passed; 0 failed; 0 ignored; 0 measured; 0 filtered out; finished in 4.63s

     Running tests\error_code_coverage_tests.rs (target\debug\deps\error_code_coverage_tests-04b835b8ebe24fe4.exe)

running 4 tests
test test_cbkd422_db_invalid_chars ... ok
test test_cbkd422_cr_invalid_chars ... ok
test test_cbkd422_leading_minus_invalid_char ... ok
test test_cbkd422_leading_plus_invalid_char ... ok

test result: ok. 4 passed; 0 failed; 0 ignored; 0 measured; 0 filtered out; finished in 0.00s

     Running tests\error_code_tests.rs (target\debug\deps\error_code_tests-f427ca6b39e6fa98.exe)

running 6 tests
test test_cbki001_fixed_reader_requires_lrecl ... ok
test test_cbki001_fixed_reader_requires_nonzero_lrecl ... ok
test test_cbkd101_renames_without_resolved_metadata ... ok
test test_cbke515_string_length_exceeds_capacity ... ok
test test_cbke510_packed_decimal_overflow ... ok
test test_cbke510_zoned_decimal_overflow ... ok

test result: ok. 6 passed; 0 failed; 0 ignored; 0 measured; 0 filtered out; finished in 0.00s

     Running tests\error_handling_comprehensive.rs (target\debug\deps\error_handling_comprehensive-b70f614fd83601a1.exe)

running 0 tests

test result: ok. 0 passed; 0 failed; 0 ignored; 0 measured; 0 filtered out; finished in 0.00s

     Running tests\fixed_microcrate_integration.rs (target\debug\deps\fixed_microcrate_integration-f85ed816d6a70194.exe)

running 3 tests
test codec_reexports_fixed_microcrate_surface ... ok
test fixed_encode_output_is_readable_with_microcrate_reader ... ok
test fixed_microcrate_writer_output_decodes_with_codec ... ok

test result: ok. 3 passed; 0 failed; 0 ignored; 0 measured; 0 filtered out; finished in 0.00s

     Running tests\golden_fixtures.rs (target\debug\deps\golden_fixtures-0c9c8f7f61a2738e.exe)

running 3 tests
test test_create_golden_hashes ... ok
test test_comp3_roundtrip_golden ... ok
test test_schema_parsing_golden ... ok

test result: ok. 3 passed; 0 failed; 0 ignored; 0 measured; 0 filtered out; finished in 0.00s

     Running tests\integration_batch_processing.rs (target\debug\deps\integration_batch_processing-19042be09bf0f157.exe)

running 0 tests

test result: ok. 0 passed; 0 failed; 0 ignored; 0 measured; 0 filtered out; finished in 0.00s

     Running tests\integration_memory_management.rs (target\debug\deps\integration_memory_management-c5f53fd14e85dd67.exe)

running 2 tests
test test_deterministic_parallel_decode ... ok
test test_memory_bounded_processing ... ok

test result: ok. 2 passed; 0 failed; 0 ignored; 0 measured; 0 filtered out; finished in 0.01s

     Running tests\integration_odo_redefines.rs (target\debug\deps\integration_odo_redefines-3aad33bd7af04ce4.exe)

running 0 tests

test result: ok. 0 passed; 0 failed; 0 ignored; 0 measured; 0 filtered out; finished in 0.00s

     Running tests\metadata_fingerprint.rs (target\debug\deps\metadata_fingerprint-d113d5cf9f59ec3c.exe)

running 1 test
test test_streaming_metadata_fingerprint_matches_schema ... ok

test result: ok. 1 passed; 0 failed; 0 ignored; 0 measured; 0 filtered out; finished in 0.00s

     Running tests\numeric_comprehensive.rs (target\debug\deps\numeric_comprehensive-299dde7cf2368f5b.exe)

running 0 tests

test result: ok. 0 passed; 0 failed; 0 ignored; 0 measured; 0 filtered out; finished in 0.00s

     Running tests\numeric_edge_cases.rs (target\debug\deps\numeric_edge_cases-634e094bd4463644.exe)

running 51 tests
test test_comp2_zero ... ok
test test_comp1_negative_zero ... ok
test test_comp1_zero ... ok
test test_comp1_roundtrip_1_0 ... ok
test test_comp1_lossy_value ... ok
test test_comp2_max_finite_roundtrip ... ok
test test_comp2_min_positive_normal ... ok
test test_comp2_subnormal_boundary ... ok
test test_comp2_roundtrip_pi ... ok
test test_comp1_max_finite ... ok
test test_comp2_large_negative ... ok
test test_comp3_decimal_scaling_negative ... ok
test test_comp1_min_normal ... ok
test test_comp3_decimal_scaling_roundtrip ... ok
test test_comp3_max_negative_18_digits ... ok
test test_comp3_max_positive_18_digits ... ok
test test_comp3_decimal_scaling ... ok
test test_comp3_single_byte_negative_values ... ok
test test_comp3_unsigned_zero ... ok
test test_comp3_unsigned_roundtrip ... ok
test test_comp3_zero_unsigned_sign ... ok
test test_comp3_zero_negative_sign ... ok
test test_comp_doubleword_max ... ok
test test_comp_doubleword_roundtrip ... ok
test test_comp_doubleword_positive ... ok
test test_comp_fullword_min ... ok
test test_comp_fullword_max ... ok
test test_comp3_single_byte_positive_values ... ok
test test_comp3_unsigned ... ok
test test_comp_fullword_positive ... ok
test test_comp3_zero_positive_sign ... ok
test test_comp_halfword_negative ... ok
test test_comp_doubleword_min ... ok
test test_comp_halfword_positive ... ok
test test_comp_halfword_min ... ok
test test_comp_halfword_max ... ok
test test_comp_halfword_zero ... ok
test test_comp_unsigned_halfword_max_u16 ... ok
test test_comp_unsigned_halfword ... ok
test test_comp_unsigned_roundtrip ... ok
test test_display_signed_overpunch_negative ... ok
test test_display_signed_overpunch_positive ... ok
test test_display_signed_overpunch_roundtrip ... ok
test test_overpunch_negative_all_digits_ebcdic ... ok
test test_overpunch_positive_all_digits_ebcdic ... ok
test test_sign_separate_leading_negative ... ok
test test_sign_separate_leading_positive ... ok
test test_sign_separate_leading_roundtrip ... ok
test test_sign_separate_trailing_positive ... ok
test test_sign_separate_trailing_negative ... ok
test test_sign_separate_trailing_roundtrip ... ok

test result: ok. 51 passed; 0 failed; 0 ignored; 0 measured; 0 filtered out; finished in 0.00s

     Running tests\numeric_encoding_edge_cases.rs (target\debug\deps\numeric_encoding_edge_cases-6ae6a3e70dd72ba7.exe)

running 0 tests

test result: ok. 0 passed; 0 failed; 0 ignored; 0 measured; 0 filtered out; finished in 0.00s

     Running tests\numeric_sign_separate_comprehensive.rs (target\debug\deps\numeric_sign_separate_comprehensive-ed1c5b5868442943.exe)

running 0 tests

test result: ok. 0 passed; 0 failed; 0 ignored; 0 measured; 0 filtered out; finished in 0.00s

     Running tests\odo_comprehensive.rs (target\debug\deps\odo_comprehensive-707376e99f1c618c.exe)

running 0 tests

test result: ok. 0 passed; 0 failed; 0 ignored; 0 measured; 0 filtered out; finished in 0.00s

     Running tests\odo_counter_types.rs (target\debug\deps\odo_counter_types-022656e98d91cfa0.exe)

running 3 tests
test test_odo_packed_counter ... ok
test test_odo_zoned_counter ... ok
test test_odo_binary_counter ... ok

test result: ok. 3 passed; 0 failed; 0 ignored; 0 measured; 0 filtered out; finished in 0.00s

     Running tests\odo_record_handling.rs (target\debug\deps\odo_record_handling-324bd094c42ee45a.exe)

running 5 tests
test test_odo_array_count_clipped ... ok
test test_odo_array_count_below_min ... ok
test test_odo_array_record_too_short ... ok
test test_odo_array_count_raised ... ok
test test_odo_array_valid_count ... ok

test result: ok. 5 passed; 0 failed; 0 ignored; 0 measured; 0 filtered out; finished in 0.00s

     Running tests\options_microcrate_integration.rs (target\debug\deps\options_microcrate_integration-474f65c2315e2694.exe)

running 4 tests
test codec_decode_options_are_microcrate_types ... ok
test codec_module_path_still_exposes_options_surface ... ok
test codec_encode_options_are_microcrate_types ... ok
test serde_roundtrip_is_compatible_through_codec_reexports ... ok

test result: ok. 4 passed; 0 failed; 0 ignored; 0 measured; 0 filtered out; finished in 0.00s

     Running tests\panic_elimination_numeric_hotspot.rs (target\debug\deps\panic_elimination_numeric_hotspot-eaad529eb209e2a5.exe)

running 10 tests
test zoned_overpunch_hotspot_safety::test_zoned_edge_case_handling_safety ... ok
test numeric_hotspot_safety::test_scale_calculation_safety ... ok
test numeric_hotspot_safety::test_packed_decimal_conversion_safety ... ok
test numeric_hotspot_safety::test_numeric_overflow_protection ... ok
test zoned_overpunch_hotspot_safety::test_zoned_character_validation_safety ... ok
test zoned_overpunch_hotspot_safety::test_zoned_sign_character_safety ... ok
test numeric_hotspot_safety::test_numeric_encoding_safety ... ok
test numeric_hotspot_safety::test_numeric_formatting_safety ... ok
test zoned_overpunch_hotspot_safety::test_zoned_codepage_conversion_safety ... ok
test zoned_overpunch_hotspot_safety::test_zoned_overpunch_detection_safety ... ok

test result: ok. 10 passed; 0 failed; 0 ignored; 0 measured; 0 filtered out; finished in 0.00s

     Running tests\panic_elimination_tests.rs (target\debug\deps\panic_elimination_tests-c3d1d9d4b57138ef.exe)

running 25 tests
test panic_elimination_iterator_tests::test_record_streaming_panic_elimination ... ok
test panic_elimination_iterator_tests::test_iterator_bounds_checking_panic_elimination ... ok
test panic_elimination_numeric_tests::test_comp3_nibble_extraction_panic_elimination ... ok
test panic_elimination_zoned_overpunch_tests::test_overpunch_digit_bounds_panic_elimination ... ok
test panic_elimination_numeric_tests::test_decimal_digit_validation_panic_elimination ... ok
test panic_elimination_iterator_tests::test_iterator_state_consistency_panic_elimination ... ok
test panic_elimination_zoned_overpunch_tests::test_overpunch_character_lookup_panic_elimination ... ok
test panic_elimination_memory_tests::test_scratch_buffer_management_panic_elimination ... ok
test panic_elimination_performance_tests::test_comp3_format_performance_preservation ... ok
test panic_elimination_memory_tests::test_memory_reuse_efficiency_panic_elimination ... ok
test panic_elimination_memory_tests::test_buffer_overflow_protection_panic_elimination ... ok
test panic_elimination_numeric_tests::test_numeric_precision_bounds_panic_elimination ... ok
test panic_elimination_numeric_tests::test_binary_integer_overflow_panic_elimination ... ok
test panic_elimination_numeric_tests::test_numeric_conversion_edge_cases_panic_elimination ... ok
test panic_elimination_record_tests::test_field_type_validation_panic_elimination ... ok
test panic_elimination_performance_tests::test_memory_efficiency_preservation ... ok
test panic_elimination_record_tests::test_field_offset_calculation_panic_elimination ... ok
test panic_elimination_performance_tests::test_display_format_performance_preservation ... ok
test panic_elimination_zoned_overpunch_tests::test_ebcdic_character_mapping_panic_elimination ... ok
test panic_elimination_memory_tests::test_buffer_allocation_bounds_panic_elimination ... ok
test panic_elimination_record_tests::test_record_bounds_checking_panic_elimination ... ok
test panic_elimination_zoned_overpunch_tests::test_sign_encoding_validation_panic_elimination ... ok
test panic_elimination_zoned_overpunch_tests::test_encoding_validation_edge_cases_panic_elimination ... ok
test panic_elimination_record_tests::test_variable_length_record_panic_elimination ... ok
test panic_elimination_record_tests::test_record_layout_consistency_panic_elimination ... ok

test result: ok. 25 passed; 0 failed; 0 ignored; 0 measured; 0 filtered out; finished in 0.00s

     Running tests\performance_hardening_validation.rs (target\debug\deps\performance_hardening_validation-ea4a42279d9813c9.exe)

running 6 tests
test test_comprehensive_performance_hardening_coverage ... ok
test test_error_handling_performance_impact ... ok
test test_resource_utilization_optimization ... ok
test test_performance_regression_detection ... ok
test test_throughput_load_patterns ... ok
test test_memory_usage_large_datasets ... ok

test result: ok. 6 passed; 0 failed; 0 ignored; 0 measured; 0 filtered out; finished in 0.74s

     Running tests\performance_regression_test.rs (target\debug\deps\performance_regression_test-a0e0d70eef64e294.exe)

running 2 tests
test test_default_behavior_unchanged ... ok
test test_performance_regression_preserve_zoned_encoding ... ok

test result: ok. 2 passed; 0 failed; 0 ignored; 0 measured; 0 filtered out; finished in 0.04s

     Running tests\prop_codepage_parity_extra.rs (target\debug\deps\prop_codepage_parity_extra-b584463f84a26107.exe)

running 1 test
test prop_ebcdic_overpunch_parity_extra ... ok

test result: ok. 1 passed; 0 failed; 0 ignored; 0 measured; 0 filtered out; finished in 0.00s

     Running tests\prop_zoned_parity.rs (target\debug\deps\prop_zoned_parity-32148ed8f02441e1.exe)

running 2 tests
test prop_cp037_overpunch_parity ... ok
test prop_ascii_overpunch_parity ... ok

test result: ok. 2 passed; 0 failed; 0 ignored; 0 measured; 0 filtered out; finished in 0.00s

     Running tests\property_invariants_advanced.rs (target\debug\deps\property_invariants_advanced-b354699cf94f9236.exe)

running 0 tests

test result: ok. 0 passed; 0 failed; 0 ignored; 0 measured; 0 filtered out; finished in 0.00s

     Running tests\rdw_comprehensive.rs (target\debug\deps\rdw_comprehensive-1f45998ee62b29f0.exe)

running 0 tests

test result: ok. 0 passed; 0 failed; 0 ignored; 0 measured; 0 filtered out; finished in 0.00s

     Running tests\rdw_iterator_smoke.rs (target\debug\deps\rdw_iterator_smoke-2011e2d1f3606d91.exe)

running 2 tests
test rdw_reader_surfaces_cbkf102_with_context ... ok
test rdw_reader_yields_multiple_records_in_order ... ok

test result: ok. 2 passed; 0 failed; 0 ignored; 0 measured; 0 filtered out; finished in 0.00s

     Running tests\rdw_microcrate_integration.rs (target\debug\deps\rdw_microcrate_integration-9e0d936f23ec7205.exe)

running 6 tests
test codec_record_writer_accepts_microcrate_record_type ... ok
test codec_rdw_reader_returns_microcrate_record_shape ... ok
test rdw_decode_rejects_ascii_corrupted_header ... ok
test microcrate_rdw_reader_decodes_codec_encoded_output ... ok
test rdw_encode_emits_header_consistent_with_microcrate ... ok
test rdw_reserved_nonzero_increments_run_summary_warnings ... ok

test result: ok. 6 passed; 0 failed; 0 ignored; 0 measured; 0 filtered out; finished in 0.00s

     Running tests\record_io_microcrate_integration.rs (target\debug\deps\record_io_microcrate_integration-499fe248a23a44f2.exe)

running 4 tests
test codec_facade_keeps_record_io_error_contract ... ok
test rdw_encode_output_roundtrips_through_record_io_microcrate ... ok
test fixed_encode_output_roundtrips_through_record_io_microcrate ... ok
test record_io_microcrate_output_decodes_with_codec ... ok

test result: ok. 4 passed; 0 failed; 0 ignored; 0 measured; 0 filtered out; finished in 0.00s

     Running tests\redefines_comprehensive.rs (target\debug\deps\redefines_comprehensive-da4187caca22ff15.exe)

running 0 tests

test result: ok. 0 passed; 0 failed; 0 ignored; 0 measured; 0 filtered out; finished in 0.00s

     Running tests\renames_codec_tests.rs (target\debug\deps\renames_codec_tests-89adc8f1336d7726.exe)

running 7 tests
test test_renames_data_truncation_error ... ok
test test_renames_encode_skips_alias ... ok
test test_renames_ebcdic_decode ... ok
test test_renames_r1_single_field_decode ... ok
test test_renames_r2_group_decode ... ok
test test_renames_missing_metadata_error ... ok
test test_renames_r1_simple_decode ... ok

test result: ok. 7 passed; 0 failed; 0 ignored; 0 measured; 0 filtered out; finished in 0.00s

     Running tests\scratch_decode_integration.rs (target\debug\deps\scratch_decode_integration-aa68c2d9fe563b99.exe)

running 4 tests
test scratch_decode_matches_plain_decode_alphanumeric ... ok
test scratch_decode_matches_plain_decode_numeric ... ok
test scratch_decode_matches_across_multiple_records ... ok
test scratch_reused_across_decode_calls_no_growth ... ok

test result: ok. 4 passed; 0 failed; 0 ignored; 0 measured; 0 filtered out; finished in 0.00s

     Running tests\sign_separate_golden_tests.rs (target\debug\deps\sign_separate_golden_tests-2f15eb741a5a0417.exe)

running 17 tests
test test_golden_sign_leading_with_scale_decode ... ok
test test_golden_sign_leading_roundtrip_negative ... ok
test test_golden_sign_leading_negative_decode ... ok
test test_golden_sign_leading_with_scale_roundtrip ... ok
test test_golden_sign_leading_max_value_s9_9 ... ok
test test_golden_sign_leading_zero_decode ... ok
test test_golden_sign_leading_roundtrip_positive ... ok
test test_golden_sign_leading_min_value_s9_9 ... ok
test test_golden_sign_trailing_with_scale_roundtrip ... ok
test test_golden_sign_trailing_roundtrip_negative ... ok
test test_golden_sign_trailing_negative_decode ... ok
test test_golden_sign_trailing_with_scale_negative_decode ... ok
test test_golden_sign_trailing_roundtrip_positive ... ok
test test_golden_sign_trailing_positive_decode ... ok
test test_golden_sign_trailing_zero_decode ... ok
test test_golden_sign_leading_positive_decode ... ok
test test_golden_sign_separate_in_group_roundtrip ... ok

test result: ok. 17 passed; 0 failed; 0 ignored; 0 measured; 0 filtered out; finished in 0.00s

     Running tests\sign_separate_tests.rs (target\debug\deps\sign_separate_tests-25231838dd95a407.exe)

running 22 tests
test test_decode_ebcdic_trailing_positive ... ok
test test_decode_record_too_short ... ok
test test_encode_ebcdic_trailing_negative ... ok
test test_encode_leading_zero_padding ... ok
test test_roundtrip_ascii_leading_negative ... ok
test test_roundtrip_ebcdic_cp500 ... ok
test test_roundtrip_ebcdic_leading_positive ... ok
test test_encode_ascii_trailing_negative ... ok
test test_encode_buffer_too_small ... ok
test test_decode_ebcdic_trailing_negative ... ok
test test_decode_with_scale ... ok
test test_encode_ebcdic_leading_positive ... ok
test test_encode_ascii_leading_positive ... ok
test test_roundtrip_ebcdic_trailing_negative ... ok
test test_roundtrip_with_scale ... ok
test test_encode_with_scale ... ok
test test_encode_zero_value ... ok
test test_encode_with_scale_negative ... ok
test test_decode_ebcdic_leading_positive ... ok
test test_encode_ebcdic_leading_negative ... ok
test test_encode_ebcdic_trailing_positive ... ok
test test_decode_ebcdic_leading_negative ... ok

test result: ok. 22 passed; 0 failed; 0 ignored; 0 measured; 0 filtered out; finished in 0.01s

     Running tests\snapshot_decode.rs (target\debug\deps\snapshot_decode-52123337299e94f3.exe)

running 5 tests
test snapshot_decode_record_with_filler_emitted ... ok
test snapshot_decode_comp3_record ... ok
test snapshot_decode_simple_display_record ... ok
test snapshot_decode_with_emit_meta ... ok
test snapshot_decode_record_with_filler ... ok

test result: ok. 5 passed; 0 failed; 0 ignored; 0 measured; 0 filtered out; finished in 0.00s

     Running tests\test_helpers.rs (target\debug\deps\test_helpers-2cd8e6fb04b0d8a6.exe)

running 8 tests
test tests::test_ascii_data ... ok
test tests::test_default_fixed_options ... ok
test tests::test_default_rdw_options ... ok
test tests::test_repeat_byte ... ok
test tests::test_fixed_options_cp037 ... ok
test tests::test_fixed_options_ascii ... ok
test tests::test_numeric_schema ... ok
test tests::test_simple_schema ... ok

test result: ok. 8 passed; 0 failed; 0 ignored; 0 measured; 0 filtered out; finished in 0.00s

     Running tests\zoned_encoding_format_tests.rs (target\debug\deps\zoned_encoding_format_tests-65c1ed2aedd8fc70.exe)

running 16 tests
test test_decode_options_preserve_zoned_encoding_flag ... ok
test test_ascii_zoned_encoding_detection ... ok
test test_ebcdic_zoned_encoding_detection ... ok
test test_ebcdic_codepage_conversion_robustness ... ok
test test_enterprise_error_recovery_patterns ... ok
test test_mixed_encoding_detection_single_field ... ok
test test_zoned_encoding_format_enum_variants ... ok
test test_record_size_mismatch_error_handling ... ok
test test_mixed_encoding_detection_multiple_fields ... ok
test test_decode_options_preferred_zoned_encoding ... ok
test test_malformed_copybook_error_handling ... ok
test prop_ascii_zone_decoding_robustness ... ok
test prop_ebcdic_zone_decoding_robustness ... ok
test prop_invalid_zone_error_handling ... ok
test prop_large_field_boundary_testing ... ok
test prop_mixed_field_types_integration ... ok

test result: ok. 16 passed; 0 failed; 0 ignored; 0 measured; 0 filtered out; finished in 0.07s

     Running unittests src\lib.rs (target\debug\deps\copybook_codec_memory-3919773d27201031.exe)

running 26 tests
test tests::test_scratch_buffers_zero_length_operations ... ok
test tests::test_scratch_buffers_clear_preserves_capacity ... ok
test tests::test_scratch_buffers_default_trait ... ok
test tests::test_scratch_buffers_initial_capacities ... ok
test tests::test_scratch_buffers_ensure_capacity_after_partial_fill ... ok
test tests::test_scratch_buffers_ensure_string_capacity_growth ... ok
test tests::test_scratch_buffers_multiple_reuse_cycles ... ok
test tests::test_sequence_ring_empty ... ok
test tests::test_sequence_ring_ordered ... ok
test tests::test_streaming_processor ... ok
test tests::test_streaming_processor_memory_tracking ... ok
test tests::test_streaming_processor_saturating_underflow ... ok
test tests::test_scratch_buffers_large_allocation ... ok
test tests::test_streaming_processor_utilization_percent ... ok
test tests::test_streaming_processor_with_default_limit ... ok
test tests::test_scratch_buffers_digit_buffer_stack_to_heap ... ok
test tests::test_scratch_buffers_ensure_byte_capacity_growth ... ok
test tests::test_scratch_buffers ... ok
test tests::test_streaming_processor_pressure_boundary ... ok
test tests::test_sequence_ring_channel_capacity ... ok
test tests::test_sequence_ring_stats ... ok
test tests::test_sequenced_record_creation ... ok
test tests::test_scratch_buffers_send_across_threads ... ok
test tests::test_worker_pool ... ok
test tests::test_streaming_processor_record_tracking ... ok
test tests::test_deterministic_ordering ... ok

test result: ok. 26 passed; 0 failed; 0 ignored; 0 measured; 0 filtered out; finished in 0.01s

     Running tests\scratch_buffer_tests.rs (target\debug\deps\scratch_buffer_tests-503a9c443b04c779.exe)

running 14 tests
test buffer_reuse_after_clear_keeps_same_allocation ... ok
test capacity_retained_after_clear_and_ensure ... ok
test ensure_string_capacity_grows_on_demand ... ok
test ensure_byte_capacity_grows_on_demand ... ok
test ensure_capacity_preserves_existing_data ... ok
test new_scratch_buffers_are_empty_with_default_capacity ... ok
test independent_scratch_buffers_do_not_interfere ... ok
test default_trait_matches_new ... ok
test clear_resets_lengths_preserves_capacity ... ok
test scratch_buffers_are_send ... ok
test digit_buffer_stack_inline_up_to_32_bytes ... ok
test scratch_buffers_move_across_thread ... ok
test no_allocation_growth_after_warmup_1000_records ... ok
test tight_loop_bounded_memory ... ok

test result: ok. 14 passed; 0 failed; 0 ignored; 0 measured; 0 filtered out; finished in 0.00s

     Running unittests src\lib.rs (target\debug\deps\copybook_codepage-79a0a124c19520c3.exe)

running 38 tests
test tests::test_codepage_clone_preserves_value ... ok
test tests::test_codepage_description_all_variants ... ok
test tests::test_codepage_display_roundtrip_via_from_str ... ok
test tests::test_codepage_eq_different_variants ... ok
test tests::test_codepage_from_str_defaults_to_cp037 ... ok
test tests::test_codepage_from_str_empty_string_defaults_to_cp037 ... ok
test tests::test_codepage_is_ebcdic ... ok
test tests::test_codepage_serde_roundtrip ... ok
test tests::test_codepage_from_str_all_valid_variants ... ok
test tests::test_codepage_debug_format ... ok
test tests::test_codepage_code_page_number_all_variants ... ok
test tests::test_space_byte_ebcdic ... ok
test tests::test_unmappable_policy_debug_format ... ok
test tests::test_codepage_is_ascii_and_is_ebcdic_mutually_exclusive ... ok
test tests::test_codepage_code_page_number ... ok
test tests::test_codepage_is_ebcdic_all_variants ... ok
test tests::test_codepage_serde_all_variants_roundtrip ... ok
test tests::test_get_zoned_sign_table_all_ebcdic_codepages_same ... ok
test tests::test_get_zoned_sign_table_ascii_is_unsigned ... ok
test tests::test_get_zoned_sign_table_ebcdic_has_signed_entries ... ok
test tests::test_get_zoned_sign_table_ebcdic_negative_nibble_d ... ok
test tests::test_codepage_from_str_case_insensitive ... ok
test tests::test_get_zoned_sign_table_ebcdic_positive_nibble_f ... ok
test tests::test_space_byte_ascii ... ok
test tests::test_space_byte_consistency_with_is_ebcdic ... ok
test tests::test_codepage_from_str_cp037_explicit ... ok
test tests::test_unmappable_policy_clone_preserves_value ... ok
test tests::test_codepage_display_all_variants ... ok
test tests::test_codepage_is_ascii ... ok
test tests::test_unmappable_policy_eq_different_variants ... ok
test tests::test_unmappable_policy_serde_all_variants_roundtrip ... ok
test tests::test_unmappable_policy_from_str_all_valid ... ok
test tests::test_get_zoned_sign_table_ebcdic_unsigned_nibbles ... ok
test tests::test_unmappable_policy_serde_roundtrip ... ok
test tests::test_unmappable_policy_from_str_case_insensitive ... ok
test tests::test_unmappable_policy_display_all_variants ... ok
test tests::test_unmappable_policy_from_str_defaults_to_error ... ok
test tests::test_unmappable_policy_from_str_empty_defaults_to_error ... ok

test result: ok. 38 passed; 0 failed; 0 ignored; 0 measured; 0 filtered out; finished in 0.00s

     Running tests\codepage_tests.rs (target\debug\deps\codepage_tests-285b7fb91704f9b6.exe)

running 43 tests
test codepage_all_variants_exist ... ok
test codepage_ascii_is_ascii_and_not_ebcdic ... ok
test codepage_debug_matches_variant_name ... ok
test codepage_display_lowercase_names ... ok
test codepage_code_page_numbers ... ok
test codepage_display_roundtrip_for_recognized_variants ... ok
test codepage_ebcdic_descriptions_mention_ebcdic ... ok
test codepage_from_str_uppercase ... ok
test codepage_from_str_empty_string_defaults_to_cp037 ... ok
test codepage_from_str_lowercase ... ok
test codepage_from_str_mixed_case ... ok
test space_byte_ascii_is_0x20 ... ok
test unmappable_policy_display ... ok
test codepage_descriptions_contain_variant_name ... ok
test unmappable_policy_from_str_unknown_defaults_to_error ... ok
test codepage_ebcdic_variants_are_ebcdic_and_not_ascii ... ok
test codepage_from_str_with_whitespace_defaults_to_cp037 ... ok
test codepage_is_ascii_and_is_ebcdic_are_mutually_exclusive ... ok
test codepage_is_copy ... ok
test codepage_serde_roundtrip_all_variants ... ok
test codepage_variants_are_distinct ... ok
test space_byte_all_ebcdic_is_0x40 ... ok
test codepage_from_str_never_errors ... ok
test space_byte_consistent_with_is_ebcdic ... ok
test unmappable_policy_debug_matches_variant_name ... ok
test codepage_from_str_numeric_only_defaults_to_cp037 ... ok
test unmappable_policy_display_roundtrip ... ok
test unmappable_policy_from_str_never_errors ... ok
test unmappable_policy_from_str_case_insensitive ... ok
test codepage_from_str_unknown_defaults_to_cp037 ... ok
test zoned_sign_table_ascii_all_unsigned ... ok
test unmappable_policy_from_str_with_whitespace_defaults_to_error ... ok
test unmappable_policy_is_copy ... ok
test codepage_serde_json_representation ... ok
test unmappable_policy_serde_json_representation ... ok
test zoned_sign_table_ebcdic_positive_nibbles ... ok
test unmappable_policy_serde_roundtrip_all_variants ... ok
test unmappable_policy_variants_are_distinct ... ok
test unmappable_policy_from_str_valid ... ok
test zoned_sign_table_ebcdic_negative_nibble_d ... ok
test zoned_sign_table_ebcdic_unsigned_nibbles_0_through_b_and_e ... ok
test zoned_sign_table_has_16_entries ... ok
test zoned_sign_table_same_for_all_ebcdic_codepages ... ok

test result: ok. 43 passed; 0 failed; 0 ignored; 0 measured; 0 filtered out; finished in 0.00s

     Running unittests src\lib.rs (target\debug\deps\copybook_contracts-d917d5425723911b.exe)

running 27 tests
test feature_flags::tests::test_all_features ... ok
test feature_flags::tests::test_builder_disable_category ... ok
test feature_flags::tests::test_enabled_in_category ... ok
test feature_flags::tests::test_feature_category_display ... ok
test feature_flags::tests::test_enabled_features_iterator_count ... ok
test feature_flags::tests::test_default_enabled ... ok
test feature_flags::tests::test_feature_flags_enable_disable ... ok
test feature_flags::tests::test_feature_flags_toggle ... ok
test feature_flags::tests::test_feature_category ... ok
test feature_flags::tests::test_feature_category_serde_roundtrip ... ok
test feature_flags::tests::test_feature_display ... ok
test feature_flags::tests::test_feature_flags_builder ... ok
test feature_flags::tests::test_handle_clone_is_independent ... ok
test feature_flags::tests::test_feature_flags_all_disabled ... ok
test feature_flags::tests::test_feature_flags_enable_category ... ok
test feature_flags::tests::test_env_var_name ... ok
test feature_flags::tests::test_feature_flags_handle ... ok
test feature_flags::tests::test_feature_lifecycle_display ... ok
test feature_flags::tests::test_features_in_category_counts ... ok
test feature_flags::tests::test_from_str_unknown_returns_err ... ok
test feature_flags::tests::test_handle_toggle_and_snapshot ... ok
test feature_flags::tests::test_feature_flags_default ... ok
test feature_flags::tests::test_feature_flags_serde_json_roundtrip ... ok
test feature_flags::tests::test_feature_flags_all_enabled ... ok
test feature_flags::tests::test_feature_serde_json_roundtrip ... ok
test feature_flags::tests::test_description_nonempty_for_all_features ... ok
test feature_flags::tests::test_feature_from_str ... ok

test result: ok. 27 passed; 0 failed; 0 ignored; 0 measured; 0 filtered out; finished in 0.00s

     Running tests\feature_flags_tests.rs (target\debug\deps\feature_flags_tests-840b7cd2f47a9562.exe)

running 25 tests
test all_features_list_is_exhaustive ... ok
test builder_starts_from_defaults ... ok
test default_flags_enable_only_default_enabled_features ... ok
test feature_from_str_rejects_invalid_names ... ok
test enabled_features_count_matches_default_enabled ... ok
test feature_flags_serde_preserves_enabled_set ... ok
test enabled_in_category_respects_mutations ... ok
test builder_chaining_last_wins ... ok
test every_feature_belongs_to_exactly_one_category ... ok
test feature_display_roundtrips_through_from_str ... ok
test toggle_flips_state_twice_returns_original ... ok
test handle_clone_yields_independent_copy ... ok
test handle_enable_disable_toggle_are_consistent ... ok
test feature_lifecycle_display_all_variants ... ok
test enable_then_disable_returns_to_disabled ... ok
test builder_category_then_individual_override ... ok
test feature_env_var_name_follows_convention ... ok
test handle_snapshot_is_independent_of_future_mutations ... ok
test feature_from_str_is_case_insensitive ... ok
test builder_enable_category_enables_all_in_category ... ok
test builder_disable_category_disables_all_in_category ... ok
test feature_category_display_all_variants ... ok
test feature_lifecycle_serde_roundtrip ... ok
test features_in_category_static_counts ... ok
test feature_category_serde_roundtrip_all_variants ... ok

test result: ok. 25 passed; 0 failed; 0 ignored; 0 measured; 0 filtered out; finished in 0.02s

     Running unittests src\lib.rs (target\debug\deps\copybook_core-e2ddfa71374a2fc1.exe)

running 182 tests
test audit::compliance::tests::test_compliance_result_status ... ok
test audit::compliance::tests::test_compliance_engine_creation ... ok
test audit::compliance::tests::test_compliance_status_determination_logic ... ok
test audit::compliance::tests::test_calculate_next_review_date_arithmetic ... ok
test audit::compliance::tests::test_detect_sensitive_fields_gdpr_match ... ok
test audit::compliance::tests::test_detect_sensitive_fields_hipaa_match ... ok
test audit::compliance::tests::test_detect_sensitive_fields_no_match ... ok
test audit::compliance::tests::test_detect_sensitive_fields_recurses_into_children ... ok
test audit::compliance::tests::test_detect_sensitive_fields_pci_match ... ok
test audit::context::tests::test_audit_context_builder_pattern ... ok
test audit::context::tests::test_environment_context_current ... ok
test audit::event::tests::test_audit_severity_cef_numeric ... ok
test audit::compliance::tests::test_pci_dss_compliant_context ... ok
test audit::event::tests::test_audit_severity_display ... ok
test audit::compliance::tests::test_pci_dss_compliance_validation ... ok
test audit::event::tests::test_audit_event_type_display ... ok
test audit::compliance::tests::test_pci_dss_recommendations ... ok
test audit::compliance::tests::test_sox_retention_calculation_logic ... ok
test audit::event::tests::test_audit_event_creation ... ok
test audit::compliance::tests::test_sox_compliance_validation ... ok
test audit::context::tests::test_effective_security_level ... ok
test audit::compliance::tests::test_detect_sensitive_fields_multiple_profiles ... ok
test audit::lineage::tests::test_assess_field_impact_high_risk ... ok
test audit::event::tests::test_payload_default_severity ... ok
test audit::lineage::tests::test_assess_field_impact_critical_risk ... ok
test audit::compliance::tests::test_hipaa_compliance_validation ... ok
test audit::lineage::tests::test_assess_field_impact_low_risk ... ok
test audit::lineage::tests::test_track_transformation_creates_record ... ok
test audit::lineage::tests::test_assess_field_impact_medium_risk ... ok
test audit::lineage::tests::test_generate_impact_report_no_systems ... ok
test audit::lineage::tests::test_assess_field_impact_no_records ... ok
test audit::event::tests::test_event_requires_immediate_attention ... ok
test audit::lineage::tests::test_track_transformation_invalid_quality_score ... ok
test audit::lineage::tests::test_track_transformation_valid_quality_score ... ok
test audit::performance::tests::test_baseline_manager_creation ... ok
test audit::logger::tests::test_retention_policy_default ... ok
test audit::performance::tests::test_regression_detector_comp3_throughput_regression ... ok
test audit::performance::tests::test_regression_detector_custom_threshold ... ok
test audit::event::tests::test_event_severity_override ... ok
test audit::lineage::tests::test_validate_lineage_chain_empty ... ok
test audit::lineage::tests::test_validate_lineage_chain_valid ... ok
test audit::lineage::tests::test_validate_lineage_chain_system_mismatch ... ok
test audit::lineage::tests::test_validate_lineage_chain_gap ... ok
test audit::logger::tests::test_audit_logger_creation ... ok
test audit::performance::tests::test_regression_detector_multiple_regressions ... ok
test audit::performance::tests::test_regression_detector_memory_regression ... ok
test audit::performance::tests::test_regression_detector_no_regression ... ok
test audit::performance::tests::test_regression_detector_display_throughput_regression ... ok
test audit::logger::tests::test_cef_formatting ... ok
test audit::performance::tests::test_regression_detector_record_rate_regression ... ok
test audit::logger::tests::test_integrity_validation ... ok
test audit::performance::tests::test_resource_metrics_creation ... ok
test audit::performance::tests::test_throughput_metrics_creation ... ok
test audit::report::tests::test_aggregate_performance_status_with_regression ... ok
test audit::report::tests::test_aggregate_compliance_status_with_failures ... ok
test audit::performance::tests::test_regression_detector_default ... ok
test audit::performance::tests::test_regression_detector_default_impl ... ok
test audit::report::tests::test_format_report_pdf_unsupported ... ok
test audit::report::tests::test_format_report_json ... ok
test audit::report::tests::test_aggregate_security_status_with_critical_incidents ... ok
test audit::report::tests::test_generate_performance_report ... ok
test audit::security::tests::test_access_auditor_audit_access_pattern_high_threat ... ok
test audit::report::tests::test_format_report_xml ... ok
test audit::report::tests::test_generate_compliance_report ... ok
test audit::security::tests::test_access_auditor_audit_access_pattern_medium_threat ... ok
test audit::security::tests::test_access_auditor_audit_access_pattern_no_violations ... ok
test audit::security::tests::test_access_auditor_create_access_record ... ok
test audit::security::tests::test_detect_anomalies_both_triggers ... ok
test audit::security::tests::test_event_monitor_alert_at_threshold_plus_one ... ok
test audit::report::tests::test_generate_security_report ... ok
test audit::report::tests::test_generate_audit_report_empty_events ... ok
test audit::security::tests::test_detect_anomalies_rapid_fire ... ok
test audit::security::tests::test_format_cef_severity_mapping ... ok
test audit::security::tests::test_event_monitor_pending_alerts_initially_empty ... ok
test audit::report::tests::test_generate_audit_report_with_events ... ok
test audit::security::tests::test_format_cef_structure ... ok
test audit::security::tests::test_detect_anomalies_multi_resource_scanning ... ok
test audit::security::tests::test_event_monitor_no_alert_below_threshold ... ok
test audit::security::tests::test_format_syslog_priority ... ok
test audit::security::tests::test_format_leef_structure ... ok
test audit::security::tests::test_event_monitor_only_one_alert_per_threshold_crossing ... ok
test audit::security::tests::test_event_monitor_alert_contains_threshold_info ... ok
test audit::security::tests::test_format_syslog_structure ... ok
test audit::security::tests::test_event_monitor_default_threshold ... ok
test audit::security::tests::test_security_auditor_audit_access_event_denied ... ok
test audit::security::tests::test_security_auditor_suspicious_ip ... ok
test audit::security::tests::test_security_monitor_detect_threats_critical ... ok
test audit::security::tests::test_security_auditor_audit_access_event_failed ... ok
test audit::security::tests::test_security_monitor_detect_threats_high ... ok
test audit::security::tests::test_security_monitor_detect_threats_medium ... ok
test audit::security::tests::test_security_monitor_detect_threats_no_violations ... ok
test audit::security::tests::test_security_monitor_generate_security_alert ... ok
test audit::security::tests::test_validate_encryption_config_compliant ... ok
test audit::security::tests::test_validate_encryption_config_exactly_90_days ... ok
test audit::security::tests::test_validate_encryption_config_key_rotation_too_long ... ok
test audit::security::tests::test_validate_encryption_config_multiple_violations ... ok
test audit::security::tests::test_validate_encryption_config_weak_in_transit ... ok
test audit::security::tests::test_validate_encryption_config_weak_at_rest ... ok
test audit::compliance::tests::test_detect_sensitive_fields_case_insensitive ... ok
test audit::tests::test_empty_audit_chain_validation ... ok
test audit::tests::test_generate_audit_id ... ok
test layout::tests::test_odo_counter_validation ... ok
test audit::compliance::tests::test_detect_sensitive_fields_empty ... ok
test layout::tests::test_record_size_overflow ... ok
test audit::context::tests::test_child_context_creation ... ok
test audit::logger::tests::test_event_logging ... ok
test audit::lineage::tests::test_generate_impact_report ... ok
test audit::performance::tests::test_performance_auditor_creation ... ok
test audit::context::tests::test_audit_context_creation ... ok
test audit::lineage::tests::test_estimate_remediation_effort ... ok
test audit::performance::tests::test_performance_baseline_serialization ... ok
test audit::compliance::tests::test_detect_sensitive_fields_sox_match ... ok
test audit::report::tests::test_format_report_csv ... ok
test audit::security::tests::test_detect_anomalies_no_violations ... ok
test audit::report::tests::test_format_report_html ... ok
test audit::security::tests::test_security_auditor_audit_access_event_success ... ok
test audit::tests::test_generate_integrity_hash ... ok
test parser::tests::test_sign_clause_without_separate_rejected ... ok
test layout::tests::test_binary_field_alignment ... ok
test layout::tests::test_binary_width_mapping ... ok
test layout::tests::test_packed_decimal_size ... ok
test layout::tests::test_odo_array ... ok
test layout::tests::test_simple_field_layout ... ok
test parser::tests::test_redefines_target_ambiguous_name ... ok
test layout::tests::test_redefines_cluster_sizing ... ok
test parser::tests::test_redefines_parsing ... ok
test parser::tests::test_edited_pic_acceptance ... ok
test parser::tests::test_odo_validation ... ok
test parser::tests::test_sha256_fingerprint ... ok
test parser::tests::test_pic_clause_ambiguous_field_name ... ok
test parser::tests::test_sign_leading_separate_accepted ... ok
test parser::tests::test_sign_trailing_separate_accepted ... ok
test layout::tests::test_occurs_fixed_array ... ok
test parser::tests::test_schema_fingerprint ... ok
test parser::tests::test_numeric_field_parsing ... ok
test parser::tests::test_blank_when_zero ... ok
test parser::tests::test_edited_pic_ambiguous_field_name ... ok
test parser::tests::test_depending_on_ambiguous_name ... ok
test parser::tests::test_redefines_validation ... ok
test parser::tests::test_binary_field_parsing ... ok
test parser::tests::test_duplicate_name_handling ... ok
test parser::tests::test_occurs_parsing ... ok
test parser::tests::test_hierarchical_structure ... ok
test parser::tests::test_invalid_redefines_target ... ok
test audit::security::tests::test_detect_anomalies_multi_user_no_single_exceeds_threshold ... ok
test audit::security::tests::test_security_auditor_check_sensitive_operation ... ok
test parser::tests::test_simple_field_parsing ... ok
test pic::tests::test_alphanumeric_pic ... ok
test parser::tests::test_synchronized_field ... ok
test pic::tests::test_mixed_types_error ... ok
test pic::tests::test_numeric_display_pic ... ok
test pic::tests::test_edited_pic_parses ... ok
test pic::tests::test_signed_alphanumeric_error ... ok
test pic::tests::test_signed_numeric_pic ... ok
test projection::tests::test_group_selection_includes_children ... ok
test projection::tests::test_lrecl_preserved_even_with_tail_odo ... ok
test projection::tests::test_nonexistent_field ... ok
test projection::tests::test_collect_group_fields ... ok
test projection::tests::test_odo_counter_added_when_selecting_leaf ... ok
test pic::tests::test_pic_display ... ok
test pic::tests::test_sign_clause_rejected ... ok
test projection::tests::test_odo_counter_auto_included ... ok
test projection::tests::test_renames_alias_expansion ... ok
test projection::tests::test_empty_selection ... ok
test schema::tests::test_field_effective_length_no_occurs ... ok
test schema::tests::test_field_effective_length_fixed_occurs ... ok
test schema::tests::test_field_effective_length_odo_occurs ... ok
test projection::tests::test_simple_field_selection ... ok
test schema::tests::test_field_is_group ... ok
test schema::tests::test_field_kind_serialization ... ok
test schema::tests::test_field_new ... ok
test schema::tests::test_field_with_kind ... ok
test schema::tests::test_resolved_renames_serialization ... ok
test schema::tests::test_schema_default ... ok
test schema::tests::test_schema_all_fields ... ok
test schema::tests::test_schema_find_field ... ok
test schema::tests::test_schema_find_redefining_fields ... ok
test schema::tests::test_schema_new ... ok
test schema::tests::test_schema_serialization ... ok
test schema::tests::test_sign_placement_serialization ... ok
test schema::tests::test_sign_separate_info_serialization ... ok
test schema::tests::test_tail_odo_serialization ... ok

test result: ok. 182 passed; 0 failed; 0 ignored; 0 measured; 0 filtered out; finished in 0.04s

     Running tests\bdd_error_handling_scenarios.rs (target\debug\deps\bdd_error_handling_scenarios-e0c694f7bb9d8c61.exe)

running 0 tests

test result: ok. 0 passed; 0 failed; 0 ignored; 0 measured; 0 filtered out; finished in 0.00s

     Running tests\comp_float_feature_gating_tests.rs (target\debug\deps\comp_float_feature_gating_tests-a765e4ae0f987275.exe)

running 4 tests
test test_comp2_enabled_by_default ... ok
test test_comp1_enabled_by_default ... ok
test test_parser_comp1_accepted_without_env_var ... ok
test test_parser_comp2_accepted_without_env_var ... ok

test result: ok. 4 passed; 0 failed; 0 ignored; 0 measured; 0 filtered out; finished in 0.00s

     Running tests\comp_float_parse_tests.rs (target\debug\deps\comp_float_parse_tests-c27f97e250093077.exe)

running 21 tests
test comp_float_parse::test_comp1_case_insensitive ... ok
test comp_float_parse::test_computational_1_token_is_lexed ... ok
test comp_float_parse::test_computational_2_token_is_lexed ... ok
test comp_float_parse::test_comp1_token_is_lexed ... ok
test comp_float_parse::test_comp2_token_is_lexed ... ok
test comp_float_parse::test_comp1_no_pic_required ... ok
test comp_float_parse::test_comp1_overrides_pic ... ok
test comp_float_parse::test_float_double_size_is_8_bytes ... ok
test comp_float_parse::test_parser_usage_comp2 ... ok
test comp_float_parse::test_parser_creates_float_single ... ok
test comp_float_parse::test_float_double_canonical_json ... ok
test comp_float_parse::test_float_single_size_is_4_bytes ... ok
test comp_float_parse::test_parser_creates_float_double ... ok
test comp_float_parse::test_float_fields_in_record ... ok
test comp_float_parse::test_parser_usage_comp1 ... ok
test comp_float_parse::test_float_field_kind_serialization ... ok
test comp_float_parse::test_float_double_synchronized_alignment ... ok
test comp_float_parse::test_float_single_synchronized_alignment ... ok
test comp_float_parse::test_parser_computational_1 ... ok
test comp_float_parse::test_parser_computational_2 ... ok
test comp_float_parse::test_float_single_canonical_json ... ok

test result: ok. 21 passed; 0 failed; 0 ignored; 0 measured; 0 filtered out; finished in 0.01s

     Running tests\comprehensive_parser_tests.rs (target\debug\deps\comprehensive_parser_tests-e36b7952b3fad20f.exe)

running 0 tests

test result: ok. 0 passed; 0 failed; 0 ignored; 0 measured; 0 filtered out; finished in 0.00s

     Running tests\dialect_d1_tests.rs (target\debug\deps\dialect_d1_tests-a84fe7ff0cec398f.exe)

running 31 tests
test test_d1_normative_preserves_all_values ... ok
test test_dialect_comparison ... ok
test test_dialect_in_tail_odo ... ok
test test_dialect_debug ... ok
test test_dialect_copy_and_clone ... ok
test test_effective_min_count_zero_tolerant ... ok
test test_dialect_default_is_normative ... ok
test test_effective_min_count_one_tolerant ... ok
test test_dialect_roundtrip ... ok
test test_effective_min_count_normative ... ok
test test_effective_min_count_all_dialects_large ... ok
test test_dialect_with_fixed_occurs ... ok
test test_d1_one_tolerant_clamps_zero_to_one ... ok
test test_dialect_display ... ok
test test_dialect_from_str_invalid ... ok
test test_dialect_from_str_one_tolerant ... ok
test test_dialect_from_str_zero_tolerant ... ok
test test_multiple_odo_arrays_same_dialect ... ok
test test_dialect_from_str_normative ... ok
test test_effective_min_count_edge_cases ... ok
test test_odo_schema_one_tolerant_fixed_record ... ok
test test_d1_one_tolerant_preserves_higher_min ... ok
test test_dialect_hash ... ok
test test_odo_schema_normative_fixed_record ... ok
test test_odo_schema_one_tolerant_variable_record ... ok
test test_odo_schema_with_default_dialect ... ok
test test_odo_schema_normative_equal_min_max ... ok
test test_default_behavior_unchanged ... ok
test test_effective_min_count_all_dialects_zero ... ok
test test_effective_min_count_all_dialects_one ... ok
test test_d1_zero_tolerant_overrides_declared_min ... ok

test result: ok. 31 passed; 0 failed; 0 ignored; 0 measured; 0 filtered out; finished in 0.00s

     Running tests\edited_pic_e1_tests.rs (target\debug\deps\edited_pic_e1_tests-713b4cb8d5fd310a.exe)

running 10 tests
test test_e1_asterisk_fill_parses ... ok
test test_e1_zero_suppression_parses ... ok
test test_e1_currency_symbol_parses ... ok
test test_e1_edited_pic_in_occurs ... ok
test test_e1_plus_minus_signs ... ok
test test_e1_schema_fingerprint_includes_edited ... ok
test test_e1_edited_pic_has_storage ... ok
test test_e1_multiple_edited_fields ... ok
test test_e1_sign_clause_without_separate_rejected ... ok
test test_e1_z_with_repetition ... ok

test result: ok. 10 passed; 0 failed; 0 ignored; 0 measured; 0 filtered out; finished in 0.00s

     Running tests\enhanced_edge_case_validation.rs (target\debug\deps\enhanced_edge_case_validation-30baf74465d2bffc.exe)

running 13 tests
test test_comprehensive_edge_case_coverage ... ok
test test_level88_value_range_without_start ... ok
test test_level88_maximum_value_conditions ... ok
test test_odo_extreme_boundary_values ... ok
test test_comprehensive_boundary_conditions ... ok
test test_odo_invalid_configurations ... ok
test test_complex_redefines_overlapping_structures ... ok
test test_error_handling_robustness ... ok
test test_redefines_size_validation ... ok
test test_memory_usage_large_complex_structures ... ok
test test_parse_options_configurations ... ok
test test_level88_extreme_boundary_conditions ... ok
test test_parsing_performance_characteristics ... ok

test result: ok. 13 passed; 0 failed; 0 ignored; 0 measured; 0 filtered out; finished in 0.05s

     Running tests\enterprise_audit_minimal.rs (target\debug\deps\enterprise_audit_minimal-9b83f17d9056b295.exe)

running 9 tests
test test_audit_error_handling_scaffolding ... ok
test test_enterprise_configuration_scaffolding ... ok
test test_multi_framework_compliance_scaffolding ... ok
test test_hipaa_compliance_validation_scaffolding ... ok
test test_data_lineage_scaffolding ... ok
test test_enterprise_audit_context_creation ... ok
test test_performance_overhead_scaffolding ... ok
test test_cef_structured_logging_scaffolding ... ok
test test_audit_trail_integrity_scaffolding ... ok

test result: ok. 9 passed; 0 failed; 0 ignored; 0 measured; 0 filtered out; finished in 0.02s

     Running tests\error_code_coverage_tests.rs (target\debug\deps\error_code_coverage_tests-ae18a2618268e8e8.exe)

running 3 tests
test test_cbka001_baseline_load_missing_file ... ok
test test_cbks611_partial_occurs_with_r4r6_flag ... ok
test test_cbks610_multiple_redefines_with_r4r6_flag ... ok

test result: ok. 3 passed; 0 failed; 0 ignored; 0 measured; 0 filtered out; finished in 0.00s

     Running tests\golden_fixtures_ac2_level88_after_odo.rs (target\debug\deps\golden_fixtures_ac2_level88_after_odo-aea7e2c7e3854570.exe)

running 6 tests
test test_ac2_comprehensive_coverage ... ok
test test_ac2_basic_level88_after_odo_pass ... ok
test test_ac2_multiple_level88_after_odo_pass ... ok
test test_ac2_performance_high_volume_level88_after_odo_pass ... ok
test test_ac2_enterprise_healthcare_level88_after_odo_pass ... ok
test test_ac2_nested_level88_after_complex_odo_pass ... ok

test result: ok. 6 passed; 0 failed; 0 ignored; 0 measured; 0 filtered out; finished in 0.00s

     Running tests\golden_fixtures_ac3_child_inside_odo.rs (target\debug\deps\golden_fixtures_ac3_child_inside_odo-6b7d2385a52f43cc.exe)

running 6 tests
test test_ac3_basic_child_inside_odo_pass ... ok
test test_ac3_nested_groups_inside_odo_pass ... ok
test test_ac3_performance_large_scale_children_inside_odo_pass ... ok
test test_ac3_enterprise_financial_transaction_odo_pass ... ok
test test_ac3_comprehensive_coverage ... ok
test test_ac3_deep_nesting_inside_odo_pass ... ok

test result: ok. 6 passed; 0 failed; 0 ignored; 0 measured; 0 filtered out; finished in 0.01s

     Running tests\golden_fixtures_ac4_sibling_after_odo_fail.rs (target\debug\deps\golden_fixtures_ac4_sibling_after_odo_fail-a1068adf25c8545c.exe)

running 9 tests
test test_ac4_comprehensive_coverage ... ok
test test_ac4_basic_storage_after_odo_fail ... ok
test test_ac4_multiple_storage_after_odo_fail ... ok
test test_ac4_multiple_odo_with_storage_violation_fail ... ok
test test_ac4_comp_fields_after_odo_fail ... ok
test test_ac4_nested_storage_group_after_odo_fail ... ok
test test_ac4_mixed_storage_types_after_odo_fail ... ok
test test_ac4_enterprise_audit_trail_after_odo_fail ... ok
test test_ac4_performance_large_scale_odo_tail_violation_fail ... ok

test result: ok. 9 passed; 0 failed; 0 ignored; 0 measured; 0 filtered out; finished in 0.00s

     Running tests\golden_fixtures_ac5_redefines_level88_interactions.rs (target\debug\deps\golden_fixtures_ac5_redefines_level88_interactions-75c55f17b9c66ce7.exe)

running 8 tests
test test_ac5_comprehensive_coverage ... ok
test test_ac5_complex_redefines_odo_violation_fail ... ok
test test_ac5_odo_counter_inside_redefines_fail ... ok
test test_ac5_basic_level88_with_redefines_pass ... ok
test test_ac5_redefines_with_level88_ranges_pass ... ok
test test_ac5_complex_redefines_with_nested_level88_pass ... ok
test test_ac5_enterprise_healthcare_redefines_level88_pass ... ok
test test_ac5_performance_large_scale_redefines_level88_pass ... ok

test result: ok. 8 passed; 0 failed; 0 ignored; 0 measured; 0 filtered out; finished in 0.00s

     Running tests\golden_fixtures_ac7_framework_integration.rs (target\debug\deps\golden_fixtures_ac7_framework_integration-4ebcd4c913d223e4.exe)

running 5 tests
test test_ac7_comprehensive_coverage ... ok
test test_ac7_basic_cargo_nextest_integration ... ok
test test_ac7_intermediate_automated_regression_detection ... ok
test test_ac7_advanced_cicd_pipeline_gates ... ok
test test_ac7_enterprise_production_deployment_readiness ... ok

test result: ok. 5 passed; 0 failed; 0 ignored; 0 measured; 0 filtered out; finished in 0.00s

     Running tests\golden_fixtures_comprehensive.rs (target\debug\deps\golden_fixtures_comprehensive-d04a9604b6fc2c8f.exe)

running 6 tests
test ac1_infrastructure_enhancement::test_ac1_golden_fixture_registry ... ok
test test_comprehensive_golden_fixture_coverage ... ok
test ac1_infrastructure_enhancement::test_ac1_infrastructure_basic ... ok
test test_comprehensive_framework_integration ... ok
test ac1_infrastructure_enhancement::test_ac1_performance_baseline ... ok
test ac1_infrastructure_enhancement::test_ac1_infrastructure_enterprise ... ok

test result: ok. 6 passed; 0 failed; 0 ignored; 0 measured; 0 filtered out; finished in 0.00s

     Running tests\golden_fixtures_odo.rs (target\debug\deps\golden_fixtures_odo-aa7e836f4159c045.exe)

running 6 tests
test golden_fixtures_comprehensive_coverage ... ok
test golden_storage_sibling_after_odo_fails ... ok
test golden_multiple_odo_violation_fails ... ok
test golden_level_88_after_odo_passes ... ok
test golden_child_inside_odo_passes ... ok
test golden_simple_odo_with_nesting_passes ... ok

test result: ok. 6 passed; 0 failed; 0 ignored; 0 measured; 0 filtered out; finished in 0.00s

     Running tests\group_structure_for_renames.rs (target\debug\deps\group_structure_for_renames-46e5bb5437492aaa.exe)

running 4 tests
test nested_group_children_preserved_with_level66 ... ignored, R3 (nested group RENAMES) requires resolver enhancement for recursive lookup - Phase R2b
test customer_info_group_children_are_preserved ... ok
test group_structure_without_renames ... ok
test level88_preserves_group_structure ... ok

test result: ok. 3 passed; 0 failed; 1 ignored; 0 measured; 0 filtered out; finished in 0.00s

     Running tests\integration_layout.rs (target\debug\deps\integration_layout-acc1971da03a1e31.exe)

running 4 tests
test test_comp3_parsing_debug ... ok
test test_synchronized_binary_alignment ... ok
test test_complex_layout_resolution ... ok
test test_redefines_with_different_sizes ... ok

test result: ok. 4 passed; 0 failed; 0 ignored; 0 measured; 0 filtered out; finished in 0.00s

     Running tests\issue_53_golden_fixtures_master.rs (target\debug\deps\issue_53_golden_fixtures_master-ce7c4349b56ee845.exe)

running 3 tests
test test_issue_53_comprehensive_validation ... ok
test test_issue_53_meta_coverage_validation ... ok
test test_issue_53_enterprise_production_certification ... ok

test result: ok. 3 passed; 0 failed; 0 ignored; 0 measured; 0 filtered out; finished in 0.00s

     Running tests\layout_resolution_deep.rs (target\debug\deps\layout_resolution_deep-011d21a8238ea23a.exe)

running 23 tests
test test_flat_layout_sequential_offsets ... ok
test test_flat_layout_single_field_lrecl ... ok
test test_sign_separate_leading_length ... ok
test test_comp_binary_byte_widths ... ok
test test_mixed_comp_types_sequential_offsets ... ok
test test_occurs_group_does_not_inflate_base_len ... ok
test test_occurs_group_with_children_total_length ... ok
test test_redefines_shares_offset ... ok
test test_redefines_group_overlays_original ... ok
test test_comp3_byte_widths ... ok
test test_filler_does_not_affect_subsequent_offsets ... ok
test test_filler_naming_convention ... ok
test test_occurs_fixed_total_length ... ok
test test_root_group_length_equals_sum_of_children ... ok
test test_lrecl_with_redefines_does_not_double_count ... ok
test test_group_offset_and_length ... ok
test test_sign_separate_trailing_length ... ok
test test_sign_separate_versus_embedded_sign ... ok
test test_odo_min_zero ... ok
test test_empty_group_zero_length ... ok
test test_odo_tail_produces_variable_layout ... ok
test test_redefines_different_sizes_uses_largest ... ok
test test_multi_level_nesting_offsets ... ok

test result: ok. 23 passed; 0 failed; 0 ignored; 0 measured; 0 filtered out; finished in 0.01s

     Running tests\lexer_integration.rs (target\debug\deps\lexer_integration-b9f2af2efd0acb0f.exe)

running 3 tests
test lexer_integration_handles_fixed_form_input ... ok
test lexer_integration_defaults_to_free_form_for_unmarked_copybook ... ok
test lexer_integration_maps_parse_options_to_inline_comment_mode ... ok

test result: ok. 3 passed; 0 failed; 0 ignored; 0 measured; 0 filtered out; finished in 0.00s

     Running tests\nested_odo_negative_tests.rs (target\debug\deps\nested_odo_negative_tests-4b8dc37880aff9c8.exe)

running 10 tests
test test_o5_nested_odo_deep_nesting ... ok
test test_o6_odo_over_redefines_basic ... ok
test test_o5_nested_odo_double_dynamic ... ok
test test_o5_nested_odo_basic_rejection ... ok
test test_o6_odo_redefines_enterprise_scenario ... ok
test test_o5_o6_combined_nested_odo_and_redefines ... ok
test test_regression_o4_odo_with_sibling_still_fails ... ok
test test_o6_odo_redefines_complex_overlay ... ok
test test_regression_o1_simple_tail_odo_still_works ... ok
test test_regression_o3_group_with_odo_tail_still_works ... ok

test result: ok. 10 passed; 0 failed; 0 ignored; 0 measured; 0 filtered out; finished in 0.00s

     Running tests\odo_tail_validation.rs (target\debug\deps\odo_tail_validation-8a95d0a8a65b6dcf.exe)

running 7 tests
test odo_tail_validation_multiple_odo_arrays ... ok
test odo_tail_fails_when_storage_sibling_follows ... ok
test odo_tail_ok_with_multiple_non_storage_siblings_after ... ok
test odo_tail_validation_with_non_storage_after ... ok
test odo_tail_ok_with_level_88_sibling_after ... ok
test odo_tail_ok_when_odo_is_only_child ... ok
test odo_tail_ok_with_children_but_no_sibling_after ... ok

test result: ok. 7 passed; 0 failed; 0 ignored; 0 measured; 0 filtered out; finished in 0.00s

     Running tests\panic_elimination_hotspot_units.rs (target\debug\deps\panic_elimination_hotspot_units-cd08deaf7a5d52d2.exe)

running 16 tests
test hotspot_parser_safety::test_parser_lexer_integration_safety ... ok
test hotspot_integration_safety::test_pic_layout_integration_safety ... ok
test hotspot_layout_safety::test_layout_odo_validation_safety ... ok
test hotspot_integration_safety::test_comprehensive_hotspot_stress ... ok
test hotspot_layout_safety::test_layout_redefines_resolution_safety ... ok
test hotspot_layout_safety::test_layout_field_offset_calculation_safety ... ok
test hotspot_parser_safety::test_parser_field_sequence_safety ... ok
test hotspot_layout_safety::test_layout_memory_layout_consistency_safety ... ok
test hotspot_parser_safety::test_parser_token_bounds_safety ... ok
test hotspot_integration_safety::test_parser_layout_integration_safety ... ok
test hotspot_parser_safety::test_parser_stack_underflow_safety ... ok
test hotspot_pic_safety::test_pic_numeric_validation_safety ... ok
test hotspot_parser_safety::test_parser_nested_structure_safety ... ok
test hotspot_pic_safety::test_pic_comp_usage_validation_safety ... ok
test hotspot_pic_safety::test_pic_pattern_complexity_safety ... ok
test hotspot_pic_safety::test_pic_clause_parsing_safety ... ok

test result: ok. 16 passed; 0 failed; 0 ignored; 0 measured; 0 filtered out; finished in 0.02s

     Running tests\panic_elimination_tests.rs (target\debug\deps\panic_elimination_tests-0e28ab8ac56360b7.exe)

running 23 tests
test panic_elimination_pic_tests::test_pic_parentheses_parsing_panic_elimination ... ok
test panic_elimination_audit_tests::test_audit_metadata_validation_panic_elimination ... ok
test panic_elimination_integration_tests::test_comprehensive_panic_elimination_validation ... ok
test panic_elimination_pic_tests::test_pic_type_validation_panic_elimination ... ok
test panic_elimination_parser_tests::test_parser_position_bounds_panic_elimination ... ok
test panic_elimination_audit_tests::test_audit_event_serialization_panic_elimination ... ok
test panic_elimination_layout_tests::test_redefines_target_resolution_panic_elimination ... ok
test panic_elimination_layout_tests::test_schema_validation_bounds_panic_elimination ... ok
test panic_elimination_pic_tests::test_pic_digit_parsing_panic_elimination ... ok
test panic_elimination_audit_tests::test_audit_performance_metrics_panic_elimination ... ok
test panic_elimination_pic_tests::test_pic_size_validation_panic_elimination ... ok
test panic_elimination_performance_tests::test_parser_performance_preservation ... ok
test panic_elimination_parser_tests::test_parser_stack_underflow_panic_elimination ... ok
test panic_elimination_layout_tests::test_odo_counter_lookup_panic_elimination ... ok
test panic_elimination_parser_tests::test_parser_lookahead_bounds_panic_elimination ... ok
test panic_elimination_parser_tests::test_parser_token_access_panic_elimination ... ok
test panic_elimination_layout_tests::test_field_offset_calculation_panic_elimination ... ok
test panic_elimination_audit_tests::test_audit_context_creation_panic_elimination ... ok
test panic_elimination_performance_tests::test_memory_efficiency_preservation ... ok
test panic_elimination_layout_tests::test_field_index_bounds_panic_elimination ... ok
test panic_elimination_parser_tests::test_parser_recursion_depth_panic_elimination ... ok
test panic_elimination_pic_tests::test_pic_string_character_access_panic_elimination ... ok
test panic_elimination_integration_tests::test_parser_layout_integration_panic_elimination ... ok

test result: ok. 23 passed; 0 failed; 0 ignored; 0 measured; 0 filtered out; finished in 0.02s

     Running tests\parser_comprehensive.rs (target\debug\deps\parser_comprehensive-0d95730519949169.exe)

running 44 tests
test test_blank_when_zero ... ok
test test_edited_pic_asterisk ... ok
test test_deep_nesting ... ok
test test_edited_pic_cr_db ... ok
test test_edited_pic_z_suppression ... ok
test test_field_offsets_resolved ... ok
test test_filler_handling ... ok
test test_level88_multiple_values ... ok
test test_occurs_fixed_count ... ok
test test_level88_thru_range ... ok
test test_level88_with_numeric_range_through ... ok
test test_edited_pic_currency ... ok
test test_occurs_and_redefines_combined ... ok
test test_odo_counter_not_found ... ok
test test_odo_not_at_tail_rejected ... ok
test test_error_invalid_level_number ... ok
test test_error_missing_field_name ... ok
test test_inline_comments_allowed_by_default ... ok
test test_occurs_inside_group ... ok
test test_occurs_with_nested_fields ... ok
test test_error_empty_copybook ... ok
test test_edited_pic_sign_plus_minus ... ok
test test_level77_independent_item ... ok
test test_pic_comp3_packed ... ok
test test_multiple_records ... ok
test test_pic_comp_binary ... ok
test test_level88_simple_value ... ok
test test_level88_after_regular_fields ... ok
test test_pic_implied_decimal_p ... ok
test test_inline_comments_disabled ... ok
test test_pic_numeric_unsigned ... ok
test test_renames_single_field ... ok
test test_redefines_basic ... ok
test test_single_field_group ... ok
test test_pic_numeric_signed_with_decimal ... ok
test test_renames_group_range ... ok
test test_renames_simple ... ok
test test_schema_fingerprint_not_empty ... ok
test test_usage_binary_keyword ... ok
test test_redefines_nested ... ok
test test_redefines_multiple_same_target ... ok
test test_multiple_sibling_groups ... ok
test test_odo_valid ... ok
test test_pic_alphanumeric ... ok

test result: ok. 44 passed; 0 failed; 0 ignored; 0 measured; 0 filtered out; finished in 0.02s

     Running tests\parser_edge_cases_deep.rs (target\debug\deps\parser_edge_cases_deep-72f62e83e3bf19e6.exe)

running 46 tests
test test_comment_only_copybook_errors ... ok
test test_empty_string_returns_error ... ok
test test_blank_when_zero_on_edited ... ok
test test_continuation_line_field_name ... ok
test test_comp3_packed_decimal ... ok
test test_level88_multiple_values_comma_separated ... ok
test test_pic_s9_signed_numeric ... ok
test test_level88_multiple_values_space_separated ... ok
test test_comp_binary_int_sizes ... ok
test test_blank_when_zero_on_numeric ... ok
test test_level88_thru_range ... ok
test test_level88_no_storage_consumption ... ok
test test_filler_field_with_emit_filler ... ok
test test_filler_field_excluded_by_default ... ok
test test_max_field_name_length_30_chars ... ok
test test_occurs_fixed_count ... ok
test test_pic_asterisk_check_protect_edited ... ok
test test_pic_v_implied_decimal ... ok
test test_odo_nonexistent_counter_error ... ok
test test_level88_through_keyword ... ok
test test_multiple_01_records_parsed ... ok
test test_pic_x_alphanumeric ... ok
test test_pic_z_zero_suppression_edited ... ok
test test_pic_b_insertion_edited ... ok
test test_pic_9_unsigned_numeric ... ok
test test_pic_dollar_currency_edited ... ok
test test_pic_minus_sign_edited ... ok
test test_pic_plus_sign_edited ... ok
test test_newlines_only_returns_error ... ok
test test_level88_mixed_values_and_thru ... ok
test test_sequence_numbers_with_traditional_comments ... ok
test test_sign_separate_leading_adds_byte ... ok
test test_single_01_level_no_children ... ok
test test_sign_separate_trailing_adds_byte ... ok
test test_single_elementary_field ... ok
test test_traditional_comment_lines_skipped ... ok
test test_usage_keyword_optional ... ok
test test_ten_level_deep_nesting ... ok
test test_whitespace_only_returns_error ... ok
test test_comp1_single_precision_float ... ok
test test_comp2_double_precision_float ... ok
test test_inline_comments_ignored ... ok
test test_mixed_comments_and_data ... ok
test test_sequence_numbers_stripped ... ok
test test_multiple_01_records_independent_offsets ... ok
test test_redefines_nonexistent_target_errors ... ok

test result: ok. 46 passed; 0 failed; 0 ignored; 0 measured; 0 filtered out; finished in 0.01s

     Running tests\parser_extended_scenarios.rs (target\debug\deps\parser_extended_scenarios-bdec7360649b3a64.exe)

running 54 tests
test test_error_odo_counter_not_found_descriptive ... ok
test test_error_whitespace_only_is_empty ... ok
test test_error_only_comments_is_empty ... ok
test test_comp3_with_decimal ... ok
test test_blank_when_zero_on_edited_numeric ... ok
test test_lrecl_fixed_calculated ... ok
test test_binary_field_sizes ... ok
test test_four_level_hierarchy ... ok
test test_comp1_single_precision ... ok
test test_mixed_usage_types_in_record ... ok
test test_error_odo_not_tail_with_trailer ... ok
test test_comp3_packed_field_sizes ... ok
test test_level88_children_are_non_storage ... ok
test test_odo_counter_in_sibling_group ... ok
test test_group_total_length_equals_children ... ok
test test_inline_comment_preserves_field_data ... ok
test test_level88_comma_separated_values ... ok
test test_level88_on_numeric_field ... ok
test test_deeply_nested_offsets_correct ... ok
test test_comp2_double_precision ... ok
test test_mixed_level_numbers ... ok
test test_odo_group_with_children ... ok
test test_occurs_fixed_with_redefines_inside ... ok
test test_odo_large_bounds ... ok
test test_odo_tail_odo_metadata ... ok
test test_odo_min_zero ... ok
test test_multiple_01_records_independent ... ok
test test_comp_signed_variants ... ok
test test_enterprise_customer_record ... ok
test test_comp3_unsigned ... ok
test test_level88_inside_odo_group ... ok
test test_parse_options_strict_mode ... ok
test test_parse_options_emit_filler ... ok
test test_level88_mixed_values_and_ranges ... ok
test test_pic_repeated_x_no_parens ... ok
test test_pic_s9v99_implied_decimal ... ok
test test_pic_repeated_nines_with_parens ... ok
test test_pic_single_9_with_parens ... ok
test test_pic_large_alphanumeric ... ok
test test_redefines_group_to_elementary ... ok
test test_redefines_group_with_different_children ... ok
test test_redefines_preserves_original_offset ... ok
test test_redefines_with_level88 ... ok
test test_schema_fingerprint_changes_with_content ... ok
test test_sign_separate_trailing ... ok
test test_pic_9v9_combinations ... ok
test test_traditional_comment_lines_ignored ... ok
test test_sign_separate_leading ... ok
test test_usage_comp_keyword ... ok
test test_value_clause_zeros_literal ... ok
test test_value_clause_on_alphanumeric_no_error ... ok
test test_value_clause_spaces_literal ... ok
test test_value_clause_on_numeric_no_error ... ok
test test_renames_through_keyword ... ok

test result: ok. 54 passed; 0 failed; 0 ignored; 0 measured; 0 filtered out; finished in 0.01s

     Running tests\parser_fixtures.rs (target\debug\deps\parser_fixtures-eda110aeb8127f76.exe)

running 0 tests

test result: ok. 0 passed; 0 failed; 0 ignored; 0 measured; 0 filtered out; finished in 0.00s

     Running tests\projection_tests.rs (target\debug\deps\projection_tests-e1565031517b82f8.exe)

running 19 tests
test test_projection_cbks701_invalid_odo_missing_counter ... ok
test test_projection_cbks702_unresolved_alias ... ok
test test_projection_field_not_found_error ... ok
test test_projection_fingerprint_updated ... ok
test test_projection_multiple_fields ... ok
test test_projection_empty_selection ... ok
test test_projection_level88_with_parent_field ... ok
test test_projection_multiple_odo_arrays ... ok
test test_projection_renames_alias_expansion ... ok
test test_projection_nested_group_with_odo ... ok
test test_projection_tail_odo_preserved ... ok
test test_projection_odo_auto_includes_counter ... ok
test test_projection_simple_field_selection ... ok
test test_projection_preserves_occurs_info ... ok
test test_projection_complex_nested_structure ... ok
test test_projection_renames_with_regular_fields ... ok
test test_projection_group_selection_includes_all_children ... ok
test test_projection_with_qualified_path ... ok
test test_projection_tail_odo_cleared_when_not_selected ... ok

test result: ok. 19 passed; 0 failed; 0 ignored; 0 measured; 0 filtered out; finished in 0.00s

     Running tests\regression_error_context_line.rs (target\debug\deps\regression_error_context_line-d8eba0f6c36e36aa.exe)

running 1 test
test invalid_level_reports_line_number ... ok

test result: ok. 1 passed; 0 failed; 0 ignored; 0 measured; 0 filtered out; finished in 0.00s

     Running tests\regression_terminator_tail.rs (target\debug\deps\regression_terminator_tail-14d14da9f6546252.exe)

running 1 test
test period_terminator_ignores_tail_on_same_line ... ok

test result: ok. 1 passed; 0 failed; 0 ignored; 0 measured; 0 filtered out; finished in 0.00s

     Running tests\renames_hierarchy_tests.rs (target\debug\deps\renames_hierarchy_tests-129a338b490a391e.exe)

running 3 tests
test renames_placement_with_nested_groups ... ignored, Blocked on parser/resolver design for nested groups (see Issue #133)
test renames_is_child_of_record_not_root ... ok
test renames_not_at_schema_root ... ok

test result: ok. 2 passed; 0 failed; 1 ignored; 0 measured; 0 filtered out; finished in 0.00s

     Running tests\renames_parser_tests.rs (target\debug\deps\renames_parser_tests-0d087948c5f22e97.exe)

running 12 tests
test test_renames_requires_from_field ... ok
test test_basic_renames_with_thru ... ok
test test_basic_renames_with_through ... ok
test test_renames_requires_level_66 ... ok
test test_renames_keyword_required ... ok
test test_group_children_with_following_level66 ... ok
test test_renames_with_hyphenated_names ... ok
test test_renames_requires_period ... ok
test test_renames_without_thru_is_single_field ... ok
test test_renames_positioning ... ok
test test_renames_with_numeric_names ... ok
test test_renames_requires_thru_field ... ok

test result: ok. 12 passed; 0 failed; 0 ignored; 0 measured; 0 filtered out; finished in 0.00s

     Running tests\renames_r4_r6_bdd_tests.rs (target\debug\deps\renames_r4_r6_bdd_tests-28e91833f5670339.exe)

running 10 tests
test test_r5_renames_partial_occurs_rejected ... ok
test test_r5_single_occurs_accepted_with_feature_flag ... ok
test test_r4_renames_over_multiple_redefines_rejected ... ok
test test_r4_single_redefines_accepted_with_feature_flag ... ok
test test_r4_renames_over_redefines_rejected_when_flag_disabled ... ok
test test_r5_renames_odo_rejected ... ok
test test_r5_renames_over_occurs_rejected_when_flag_disabled ... ok
test test_r4_r5_r6_combined_scenarios ... ok
test test_r6_renames_with_nested_level_88 ... ok
test test_r6_renames_with_level_88_accepted ... ok

test result: ok. 10 passed; 0 failed; 0 ignored; 0 measured; 0 filtered out; finished in 0.01s

     Running tests\renames_r4_r6_feature_enabled_tests.rs (target\debug\deps\renames_r4_r6_feature_enabled_tests-ca0e4f6ba966f9a6.exe)

running 2 tests
test test_r5_occurs_alias_accepted_with_feature_flag ... ok
test test_r4_single_redefines_renames_accepted_with_feature_flag ... ok

test result: ok. 2 passed; 0 failed; 0 ignored; 0 measured; 0 filtered out; finished in 0.00s

     Running tests\renames_resolver_negative_tests.rs (target\debug\deps\renames_resolver_negative_tests-644c199fc7b48480.exe)

running 12 tests
test renames_within_nested_group_valid ... ignored, Blocked on parser/resolver design for nested groups (see Issue #133)
test renames_not_contiguous_gap ... ok
test renames_thru_is_occurs ... ok
test renames_crosses_occurs_boundary ... ok
test renames_unknown_thru_field ... ok
test renames_crosses_intermediate_group ... ok
test renames_reversed_range ... ok
test renames_thru_crosses_group ... ok
test renames_from_is_occurs ... ok
test renames_from_crosses_group ... ok
test renames_unknown_from_field ... ok
test renames_contiguity_check_with_level88 ... ok

test result: ok. 11 passed; 0 failed; 1 ignored; 0 measured; 0 filtered out; finished in 0.00s

     Running tests\renames_resolver_positive_tests.rs (target\debug\deps\renames_resolver_positive_tests-812015c9d0010d20.exe)

running 6 tests
test renames_qualified_names_same_scope ... ok
test renames_basic_thru ... ok
test renames_r3_nested_group ... ok
test renames_r2_same_scope_group ... ok
test renames_single_field_range ... ok
test renames_through_synonym ... ok

test result: ok. 6 passed; 0 failed; 0 ignored; 0 measured; 0 filtered out; finished in 0.00s

     Running tests\schema_alias_lookup_tests.rs (target\debug\deps\schema_alias_lookup_tests-e83d0baba42b8e9f.exe)

running 7 tests
test test_find_field_or_alias_direct_lookup ... ok
test test_resolve_alias_to_target_r3 ... ok
test test_find_field_or_alias_r2_same_scope_group ... ok
test test_find_field_or_alias_case_insensitive ... ok
test test_find_field_or_alias_r3_nested_group ... ok
test test_resolve_alias_fallback_to_direct_lookup ... ok
test test_resolve_alias_to_target_r2 ... ok

test result: ok. 7 passed; 0 failed; 0 ignored; 0 measured; 0 filtered out; finished in 0.00s

     Running tests\schema_comprehensive.rs (target\debug\deps\schema_comprehensive-7c5fad5cd0830e58.exe)

running 44 tests
test test_field_kind_binary_int ... ok
test test_field_kind_renames ... ok
test test_field_kind_packed_decimal ... ok
test test_field_kind_condition ... ok
test test_field_kind_serialization ... ok
test test_schema_deeply_nested_fields ... ok
test test_field_kind_group ... ok
test test_field_kind_alphanum ... ok
test test_schema_calculate_fingerprint ... ok
test test_schema_create_canonical_json_with_lrecl ... ok
test test_field_with_occurs ... ok
test test_field_with_blank_when_zero ... ok
test test_field_with_children ... ok
test test_field_with_sync_padding ... ok
test test_field_with_resolved_renames ... ok
test test_occurs_fixed ... ok
test test_schema_create_canonical_json ... ok
test test_field_kind_zoned_decimal ... ok
test test_field_kind_edited_numeric ... ok
test test_schema_deserialization ... ok
test test_resolved_renames ... ok
test test_occurs_odo_serialization ... ok
test test_schema_multiple_fields ... ok
test test_schema_find_field_or_alias ... ok
test test_schema_find_field ... ok
test test_schema_empty_fields ... ok
test test_schema_find_field_or_alias_not_found ... ok
test test_field_with_all_attributes ... ok
test test_field_kind_zoned_decimal_with_sign_separate ... ok
test test_schema_serialization ... ok
test test_schema_fingerprint_uniqueness ... ok
test test_schema_from_fields ... ok
test test_schema_find_field_nested ... ok
test test_schema_create_canonical_json_with_tail_odo ... ok
test test_schema_find_field_not_found ... ok
test test_field_with_redefines ... ok
test test_schema_new ... ok
test test_occurs_odo ... ok
test test_sign_separate_info ... ok
test test_schema_fingerprint_stability ... ok
test test_sign_placement_trailing ... ok
test test_tail_odo ... ok
test test_sign_placement_leading ... ok
test test_schema_with_parsed_copybook ... ok

test result: ok. 44 passed; 0 failed; 0 ignored; 0 measured; 0 filtered out; finished in 0.00s

     Running tests\schema_snapshot_tests.rs (target\debug\deps\schema_snapshot_tests-a403de22a5bb3bab.exe)

running 38 tests
test snapshot_comp_binary_small ... ok
test snapshot_fixed_occurs_group ... ok
test snapshot_fingerprint_changes_with_schema ... ok
test snapshot_edited_z_with_decimal ... ok
test snapshot_level88_thru_range ... ok
test snapshot_edited_currency ... ok
test snapshot_comp3_signed ... ok
test snapshot_fixed_occurs_leaf ... ok
test snapshot_fingerprint_deterministic ... ok
test snapshot_edited_z_suppression ... ok
test snapshot_comp3_unsigned ... ok
test snapshot_level88_single_value ... ok
test snapshot_group_total_length ... ok
test snapshot_group_with_children ... ok
test snapshot_no_tail_odo_for_fixed_record ... ok
test snapshot_json_keys_group_field ... ok
test snapshot_schema_top_level_keys ... ok
test snapshot_edited_sign_plus ... ok
test snapshot_redefines_group ... ok
test snapshot_comp_binary_medium_signed ... ok
test snapshot_level88_multiple_conditions ... ok
test snapshot_odo_variable_array ... ok
test snapshot_nested_groups ... ok
test snapshot_sign_separate_leading ... ok
test snapshot_sign_separate_trailing ... ok
test snapshot_comp3_large_precision ... ok
test snapshot_edited_sign_minus ... ok
test snapshot_mixed_field_types ... ok
test snapshot_comp_binary_large ... ok
test snapshot_filler_field ... ok
test snapshot_single_char_alphanum ... ok
test snapshot_redefines_basic ... ok
test snapshot_simple_alphanum_pic_x ... ok
test snapshot_signed_zoned_decimal ... ok
test snapshot_zoned_decimal_with_v ... ok
test snapshot_multiple_alphanum_offsets ... ok
test snapshot_zoned_decimal_integer ... ok
test snapshot_json_keys_leaf_field ... ok

test result: ok. 38 passed; 0 failed; 0 ignored; 0 measured; 0 filtered out; finished in 0.00s

     Running tests\schema_validation_edge_cases.rs (target\debug\deps\schema_validation_edge_cases-2c1fab31e0cdfc79.exe)

running 0 tests

test result: ok. 0 passed; 0 failed; 0 ignored; 0 measured; 0 filtered out; finished in 0.00s

     Running tests\sign_separate_feature_enabled_tests.rs (target\debug\deps\sign_separate_feature_enabled_tests-1a58608e73e8060f.exe)

running 2 tests
test test_sign_separate_leading_parsed_when_feature_enabled ... ok
test test_sign_separate_trailing_parsed_when_feature_enabled ... ok

test result: ok. 2 passed; 0 failed; 0 ignored; 0 measured; 0 filtered out; finished in 0.00s

     Running tests\snapshot_inspect.rs (target\debug\deps\snapshot_inspect-02fefd042498fc90.exe)

running 6 tests
test snapshot_inspect_simple_flat_layout ... ok
test snapshot_inspect_nested_group_layout ... ok
test snapshot_inspect_redefines_layout ... ok
test snapshot_inspect_mixed_numeric_types ... ok
test snapshot_inspect_level88_layout ... ok
test snapshot_inspect_odo_layout ... ok

test result: ok. 6 passed; 0 failed; 0 ignored; 0 measured; 0 filtered out; finished in 0.00s

     Running tests\snapshot_schema.rs (target\debug\deps\snapshot_schema-7dc3502829fe8a8f.exe)

running 10 tests
test snapshot_schema_fingerprint_is_deterministic ... ok
test snapshot_schema_json_keys_for_leaf_field ... ok
test snapshot_redefines_copybook_schema_json ... ok
test snapshot_edited_pic_schema_json ... ok
test snapshot_simple_copybook_schema_json ... ok
test snapshot_comp3_fields_schema_json ... ok
test snapshot_level88_condition_schema_json ... ok
test snapshot_sign_separate_schema_json ... ok
test snapshot_odo_copybook_schema_json ... ok
test snapshot_multiple_redefines_schema_json ... ok

test result: ok. 10 passed; 0 failed; 0 ignored; 0 measured; 0 filtered out; finished in 0.00s

     Running tests\test_level88_comma_support.rs (target\debug\deps\test_level88_comma_support-070440840248ad38.exe)

running 10 tests
test test_level88_single_value_no_comma ... ok
test test_level88_mixed_separators ... ok
test test_level88_comma_with_ranges ... ok
test test_multiple_level88_comma_separated_same_parent ... ok
test test_level88_comma_separated_string_values ... ok
test test_level88_space_separated_backward_compatibility ... ok
test test_level88_comma_separated_numeric_values ... ok
test test_level88_trailing_comma ... ok
test test_level88_enterprise_healthcare_comma_values ... ok
test test_level88_complex_banking_scenario ... ok

test result: ok. 10 passed; 0 failed; 0 ignored; 0 measured; 0 filtered out; finished in 0.00s

     Running tests\zoned_encoding_error_codes_tests.rs (target\debug\deps\zoned_encoding_error_codes_tests-4a9b60192b04e061.exe)

running 6 tests
test test_cbkd413_zoned_invalid_encoding ... ok
test test_cbkd414_zoned_mixed_encoding ... ok
test test_error_code_stability ... ok
test test_zoned_encoding_error_messages_clarity ... ok
test test_cbkd415_zoned_encoding_detection_failed ... ok
test test_zoned_encoding_error_context ... ok

test result: ok. 6 passed; 0 failed; 0 ignored; 0 measured; 0 filtered out; finished in 0.00s

     Running unittests src\lib.rs (target\debug\deps\copybook_corruption-2a73ee463d83ed26.exe)

running 12 tests
test tests::facade_detects_rdw_ascii_corruption ... ok
test tests::facade_ebcdic_all_corrupted_range ... ok
test tests::facade_ebcdic_clean_data_returns_empty ... ok
test tests::facade_ebcdic_detects_null_byte ... ok
test tests::facade_ebcdic_empty_data ... ok
test tests::facade_packed_detects_bad_sign ... ok
test tests::facade_packed_empty_data ... ok
test tests::facade_packed_valid_negative ... ok
test tests::facade_packed_valid_positive ... ok
test tests::facade_packed_valid_unsigned ... ok
test tests::facade_rdw_clean_header_returns_none ... ok
test tests::facade_rdw_short_input_returns_none ... ok

test result: ok. 12 passed; 0 failed; 0 ignored; 0 measured; 0 filtered out; finished in 0.00s

     Running tests\comprehensive_facade_tests.rs (target\debug\deps\comprehensive_facade_tests-e07aa6afcb092b44.exe)

running 35 tests
test all_detectors_accessible_via_facade ... ok
test ebcdic_boundary_0x20_clean ... ok
test ebcdic_boundary_0x9f_corrupted ... ok
test ebcdic_all_c1_controls_flagged ... ok
test ebcdic_boundary_0x7e_clean ... ok
test ebcdic_clean_data_no_errors ... ok
test ebcdic_multiple_corrupted_bytes_all_reported ... ok
test packed_all_valid_digits_no_errors ... ok
test packed_empty_data_no_errors ... ok
test ebcdic_boundary_0x1f_corrupted ... ok
test ebcdic_field_path_propagated_in_error ... ok
test packed_valid_negative_no_errors ... ok
test rdw_clean_binary_returns_none ... ok
test packed_valid_unsigned_no_errors ... ok
test ebcdic_boundary_0x7f_corrupted ... ok
test ebcdic_null_byte_detected ... ok
test ebcdic_high_ebcdic_bytes_clean ... ok
test ebcdic_boundary_0xa0_clean ... ok
test packed_both_nibbles_invalid_in_non_terminal ... ok
test packed_error_code_always_comp3_invalid_nibble ... ok
test packed_invalid_high_nibble_detected ... ok
test packed_invalid_low_nibble_non_terminal_detected ... ok
test packed_invalid_sign_nibble_detected ... ok
test packed_single_byte_invalid_sign ... ok
test packed_single_byte_valid_signs ... ok
test rdw_all_zero_not_flagged ... ok
test rdw_ascii_digits_detected ... ok
test ebcdic_empty_data_no_errors ... ok
test ebcdic_offset_correct_in_error ... ok
test rdw_reserved_bytes_ascii_printable_detected ... ok
test rdw_reserved_bytes_zero_not_flagged ... ok
test packed_field_path_in_errors ... ok
test ebcdic_all_c0_controls_flagged ... ok
test rdw_short_input_returns_none ... ok
test packed_valid_positive_no_errors ... ok

test result: ok. 35 passed; 0 failed; 0 ignored; 0 measured; 0 filtered out; finished in 0.00s

     Running tests\corruption_integration.rs (target\debug\deps\corruption_integration-f7abd43208ee69dd.exe)

running 20 tests
test clean_ebcdic_uppercase_block ... ok
test clean_ebcdic_digit_block ... ok
test all_three_corruption_types_simultaneously ... ok
test e2e_scan_clean_record_no_errors ... ok
test clean_packed_all_valid_patterns ... ok
test facade_ebcdic_matches_microcrate_for_corrupted ... ok
test e2e_scan_all_corrupted ... ok
test facade_rdw_matches_microcrate_for_corrupted ... ok
test ebcdic_empty_field_path ... ok
test ebcdic_max_length_buffer ... ok
test clean_rdw_various_valid_lengths ... ok
test facade_ebcdic_matches_microcrate_for_clean ... ok
test facade_packed_matches_microcrate_for_clean ... ok
test facade_packed_matches_microcrate_for_corrupted ... ok
test facade_rdw_matches_microcrate_for_clean ... ok
test e2e_mixed_clean_and_corrupted_fields ... ok
test multiple_records_mixed_corruption ... ok
test rdw_exactly_4_bytes_processed ... ok
test packed_realistic_amount_999999_99 ... ok
test packed_single_byte_with_all_valid_signs ... ok

test result: ok. 20 passed; 0 failed; 0 ignored; 0 measured; 0 filtered out; finished in 0.00s

     Running tests\facade_contract.rs (target\debug\deps\facade_contract-5dc857315dc60c0d.exe)

running 2 tests
test test_facade_and_microcrate_ebcdic_corruption_agree ... ok
test test_facade_and_microcrate_packed_corruption_agree ... ok

test result: ok. 2 passed; 0 failed; 0 ignored; 0 measured; 0 filtered out; finished in 0.00s

     Running unittests src\lib.rs (target\debug\deps\copybook_corruption_detectors-d2abae477c857d4d.exe)

running 28 tests
test tests::detect_ebcdic_corruption_finds_corrupted_bytes ... ok
test tests::detect_ebcdic_corruption_ignores_clean_input ... ok
test tests::ebcdic_all_c1_controls_flagged ... ok
test tests::ebcdic_boundary_0x1f_is_corrupted ... ok
test tests::ebcdic_boundary_0x7f_is_corrupted ... ok
test tests::ebcdic_all_c0_controls_flagged ... ok
test tests::ebcdic_boundary_0x7e_is_clean ... ok
test tests::ebcdic_boundary_0x20_is_clean ... ok
test tests::detect_packed_corruption_flags_invalid_high_nibble ... ok
test tests::detect_packed_corruption_flags_invalid_sign ... ok
test tests::detect_packed_corruption_tolerates_valid_payload ... ok
test tests::ebcdic_boundary_0x9f_is_corrupted ... ok
test tests::ebcdic_empty_input_returns_no_errors ... ok
test tests::ebcdic_boundary_0xa0_is_clean ... ok
test tests::ebcdic_error_offset_is_correct ... ok
test tests::ebcdic_single_clean_byte ... ok
test tests::ebcdic_single_corrupted_byte ... ok
test tests::packed_empty_input_returns_no_errors ... ok
test tests::packed_error_code_is_comp3_invalid_nibble ... ok
test tests::packed_field_path_in_error ... ok
test tests::packed_sign_c_d_f_all_valid ... ok
test tests::packed_single_byte_invalid_sign ... ok
test tests::packed_single_byte_valid_negative ... ok
test tests::packed_single_byte_valid_positive ... ok
test tests::ebcdic_error_field_path_propagated ... ok
test tests::packed_both_nibbles_invalid ... ok
test tests::packed_invalid_low_nibble_non_terminal ... ok
test tests::packed_single_byte_valid_unsigned ... ok

test result: ok. 28 passed; 0 failed; 0 ignored; 0 measured; 0 filtered out; finished in 0.00s

     Running tests\comprehensive_detector_tests.rs (target\debug\deps\comprehensive_detector_tests-af04aef6baa16517.exe)

running 29 tests
test ebcdic_all_c0_controls_detected ... ok
test ebcdic_boundary_values ... ok
test ebcdic_all_c1_controls_detected ... ok
test ebcdic_clean_range_0x20_to_0x7e ... ok
test ebcdic_clean_range_0xa0_to_0xff ... ok
test ebcdic_empty_input_no_errors ... ok
test ebcdic_error_message_contains_hex ... ok
test packed_field_path_in_all_errors ... ok
test ebcdic_field_path_propagated ... ok
test ebcdic_mixed_clean_and_corrupted ... ok
test ebcdic_single_corrupted_null ... ok
test packed_both_nibbles_bad_in_non_terminal ... ok
test packed_empty_input_no_errors ... ok
test packed_error_code_consistency ... ok
test ebcdic_error_offsets_sequential ... ok
test packed_zero_value ... ok
test packed_offset_correct ... ok
test packed_invalid_sign_digit_as_sign ... ok
test ebcdic_single_clean_byte ... ok
test packed_realistic_amount_field ... ok
test packed_all_zeros_has_invalid_sign ... ok
test packed_valid_multi_byte ... ok
test packed_valid_sign_nibbles ... ok
test packed_valid_single_byte_negative ... ok
test packed_valid_single_byte_unsigned ... ok
test packed_valid_single_byte_positive ... ok
test packed_invalid_high_nibble_a_b_e ... ok
test packed_invalid_low_nibble_non_terminal_a_b_e ... ok
test packed_terminal_vs_nonterminal_low_nibble_distinction ... ok

test result: ok. 29 passed; 0 failed; 0 ignored; 0 measured; 0 filtered out; finished in 0.00s

     Running tests\detector_tests.rs (target\debug\deps\detector_tests-b3396b4187efe37e.exe)

running 40 tests
test ebcdic_boundary_transitions ... ok
test ebcdic_clean_full_valid_range_0xa0_to_0xff ... ok
test ebcdic_clean_full_valid_range_0x20_to_0x7e ... ok
test ebcdic_clean_digits_f0_f9 ... ok
test ebcdic_clean_space_0x40 ... ok
test ebcdic_clean_uppercase_letters ... ok
test packed_clean_all_valid_sign_nibbles ... ok
test ebcdic_corrupted_all_bytes_in_c1_range ... ok
test ebcdic_corrupted_error_message_contains_hex_and_position ... ok
test ebcdic_corrupted_multiple_scattered ... ok
test packed_corrupted_high_nibble_a ... ok
test ebcdic_corrupted_single_null ... ok
test packed_corrupted_low_nibble_non_terminal_b ... ok
test ebcdic_empty_input ... ok
test ebcdic_field_path_preserved_in_every_error ... ok
test ebcdic_large_clean_buffer ... ok
test packed_clean_all_nines ... ok
test packed_clean_negative_98765 ... ok
test ebcdic_large_corrupted_buffer ... ok
test ebcdic_corrupted_all_bytes_in_c0_range ... ok
test packed_clean_positive_12345 ... ok
test packed_clean_unsigned_01234 ... ok
test packed_clean_zero_positive ... ok
test packed_clean_zero_unsigned ... ok
test packed_corrupted_both_nibbles_in_same_byte ... ok
test packed_corrupted_error_code_always_comp3_invalid_nibble ... ok
test packed_corrupted_high_nibble_b ... ok
test packed_corrupted_high_nibble_e ... ok
test packed_corrupted_invalid_sign_nibble_0_through_9 ... ok
test packed_corrupted_low_nibble_non_terminal_a ... ok
test packed_corrupted_low_nibble_non_terminal_e ... ok
test packed_clean_zero_negative ... ok
test packed_corruption_at_every_byte_position ... ok
test packed_empty_input ... ok
test packed_field_path_propagated ... ok
test packed_long_valid_payload ... ok
test packed_non_terminal_low_nibble_a_is_invalid ... ok
test packed_offset_tracks_byte_position ... ok
test packed_single_byte_is_always_terminal ... ok
test packed_terminal_low_nibble_a_is_valid_sign ... ok

test result: ok. 40 passed; 0 failed; 0 ignored; 0 measured; 0 filtered out; finished in 0.00s

     Running unittests src\lib.rs (target\debug\deps\copybook_corruption_predicates-c721f34d4ef0ccf9.exe)

running 24 tests
test tests::ascii_printable_all_digits ... ok
test tests::ascii_printable_lower_boundary ... ok
test tests::ascii_printable_all_uppercase ... ok
test tests::ascii_printable_upper_boundary ... ok
test tests::ascii_printable_null_and_max ... ok
test tests::comp3_high_nibble_a_b_e_invalid ... ok
test tests::comp3_invalid_high_nibble_detection ... ok
test tests::comp3_high_nibble_c_d_f_valid ... ok
test tests::ascii_printable_examples ... ok
test tests::ebcdic_boundary_0x20_not_corrupted ... ok
test tests::comp3_high_nibble_valid_digits_0_to_9 ... ok
test tests::ebcdic_high_bytes_not_corrupted ... ok
test tests::comp3_invalid_sign_nibble_detection ... ok
test tests::comp3_low_nibble_c_d_f_valid ... ok
test tests::comp3_sign_nibble_a_b_e_also_valid ... ok
test tests::comp3_sign_nibble_c_d_f_all_valid ... ok
test tests::comp3_sign_nibble_digits_0_to_9_all_invalid ... ok
test tests::ebcdic_boundary_0xa0_not_corrupted ... ok
test tests::ebcdic_c0_range_all_corrupted ... ok
test tests::ebcdic_c1_range_all_corrupted ... ok
test tests::comp3_invalid_low_nibble_detection ... ok
test tests::comp3_low_nibble_a_b_e_invalid ... ok
test tests::comp3_low_nibble_valid_digits_0_to_9 ... ok
test tests::likely_corrupted_ebcdic_examples ... ok

test result: ok. 24 passed; 0 failed; 0 ignored; 0 measured; 0 filtered out; finished in 0.00s

     Running tests\api_lock.rs (target\debug\deps\api_lock-e521f656a0dae833.exe)

running 3 tests
test ascii_printable_predicate_is_stable ... ok
test comp3_predicates_match_expected_layout ... ok
test ebcdic_control_predicate_is_stable ... ok

test result: ok. 3 passed; 0 failed; 0 ignored; 0 measured; 0 filtered out; finished in 0.00s

     Running tests\comprehensive_predicate_tests.rs (target\debug\deps\comprehensive_predicate_tests-7be1537c95fa2bd8.exe)

running 27 tests
test ascii_printable_above_tilde_not_printable ... ok
test ascii_printable_all_letters_and_digits ... ok
test comp3_low_nibble_a_b_e_invalid ... ok
test ascii_printable_common_symbols ... ok
test ascii_printable_count_is_95 ... ok
test ascii_printable_space_is_first ... ok
test ebcdic_gap_0x20_to_0x7e_not_corrupted ... ok
test comp3_c_d_f_valid_everywhere ... ok
test comp3_high_nibble_a_b_e_invalid ... ok
test comp3_high_nibble_c_d_f_valid ... ok
test comp3_high_nibble_digits_0_to_9_valid ... ok
test comp3_high_nibble_low_nibble_does_not_affect ... ok
test comp3_low_nibble_c_d_f_valid ... ok
test comp3_low_nibble_high_nibble_does_not_affect ... ok
test comp3_sign_a_b_e_also_valid ... ok
test comp3_sign_and_low_nibble_relationship ... ok
test comp3_sign_c_d_f_valid ... ok
test comp3_sign_digits_0_to_9_invalid ... ok
test comp3_sign_high_nibble_does_not_affect ... ok
test ebcdic_corrupted_count_is_65 ... ok
test ascii_printable_tilde_is_last ... ok
test ebcdic_high_range_0xa0_to_0xff_not_corrupted ... ok
test ebcdic_typical_ebcdic_letters_not_corrupted ... ok
test ebcdic_c1_controls_and_del_all_corrupted ... ok
test comp3_low_nibble_digits_0_to_9_valid ... ok
test ebcdic_c0_controls_all_corrupted ... ok
test ascii_printable_below_space_not_printable ... ok

test result: ok. 27 passed; 0 failed; 0 ignored; 0 measured; 0 filtered out; finished in 0.00s

     Running unittests src\lib.rs (target\debug\deps\copybook_corruption_rdw-3806366890efc309.exe)

running 16 tests
test tests::all_0xff_returns_none ... ok
test tests::all_zeros_returns_none ... ok
test tests::heuristic2_length_in_ascii_range_0x3031 ... ok
test tests::clean_binary_header_returns_none ... ok
test tests::detects_ascii_digit_header ... ok
test tests::empty_input_returns_none ... ok
test tests::exactly_3_bytes_returns_none ... ok
test tests::heuristic2_length_0x3939_upper_bound ... ok
test tests::ascii_heuristic_and_reference_match ... ok
test tests::heuristic3_reserved_both_zero_not_flagged ... ok
test tests::heuristic3_reserved_both_printable ... ok
test tests::heuristic3_reserved_one_printable_one_not ... ok
test tests::longer_input_only_first_4_bytes_matter ... ok
test tests::short_headers_do_not_error ... ok
test tests::detects_reserved_printables ... ok
test tests::matches_reference_model ... ok

test result: ok. 16 passed; 0 failed; 0 ignored; 0 measured; 0 filtered out; finished in 0.01s

     Running tests\compat.rs (target\debug\deps\compat-64af5ad49929d3fb.exe)

running 1 test
test facade_and_microcrate_agree_on_detection ... ok

test result: ok. 1 passed; 0 failed; 0 ignored; 0 measured; 0 filtered out; finished in 0.00s

     Running tests\comprehensive_rdw_corruption_tests.rs (target\debug\deps\comprehensive_rdw_corruption_tests-a56aac731b5aeda5.exe)

running 24 tests
test all_heuristics_produce_same_error_code ... ok
test heuristic1_all_digit_combos_at_boundaries ... ok
test heuristic1_just_below_ascii_0_not_detected ... ok
test clean_small_length_with_binary_reserved ... ok
test heuristic3_both_reserved_printable_detected ... ok
test heuristic1_ascii_digit_pair_detected ... ok
test heuristic1_just_above_ascii_9_not_detected ... ok
test clean_all_zeros_no_corruption ... ok
test one_byte_returns_none ... ok
test heuristic2_length_0x3031_detected ... ok
test clean_binary_length_80_no_corruption ... ok
test heuristic2_length_below_range_not_detected ... ok
test heuristic2_length_just_above_0x3030_with_non_digit_byte ... ok
test clean_all_0xff_no_corruption ... ok
test heuristic3_one_reserved_not_printable_not_detected ... ok
test heuristic3_reserved_del_not_flagged ... ok
test heuristic3_reserved_zero_zero_not_flagged ... ok
test longer_clean_input_stays_clean ... ok
test heuristic1_takes_priority_over_heuristic3 ... ok
test three_bytes_returns_none ... ok
test two_bytes_returns_none ... ok
test empty_input_returns_none ... ok
test heuristic3_reserved_space_and_tilde_detected ... ok
test longer_input_only_first_4_bytes_checked ... ok

test result: ok. 24 passed; 0 failed; 0 ignored; 0 measured; 0 filtered out; finished in 0.00s

     Running tests\rdw_corruption_tests.rs (target\debug\deps\rdw_corruption_tests-ce2c43cc3a6dd1ef.exe)

running 34 tests
test all_heuristics_return_same_error_code ... ok
test h1_ascii_digits_00 ... ok
test error_message_is_descriptive ... ok
test h1_first_byte_not_digit_no_h1 ... ok
test h1_takes_priority_over_h3 ... ok
test h2_length_0x3031_in_range ... ok
test h3_both_reserved_printable ... ok
test h3_one_printable_one_control_no_flag ... ok
test h3_reserved_space_space ... ok
test h2_just_below_range_not_detected ... ok
test h1_ascii_digits_99 ... ok
test h2_non_digit_first_byte_in_range ... ok
test h3_reserved_del_del_not_printable ... ok
test h3_reserved_tilde_tilde ... ok
test h2_just_above_range_not_detected ... ok
test h3_reserved_zero_zero_excluded ... ok
test truncated_2_bytes ... ok
test longer_input_ascii_header_detected ... ok
test valid_rdw_all_zeros ... ok
test valid_rdw_high_bytes_not_ascii ... ok
test valid_rdw_length_256 ... ok
test valid_rdw_length_32760_maximum_typical ... ok
test valid_rdw_length_4_minimum ... ok
test scenario_clean_mainframe_record ... ok
test scenario_ftp_ascii_transfer_corruption ... ok
test valid_rdw_length_80_reserved_zero ... ok
test truncated_3_bytes ... ok
test truncated_3_bytes_all_ascii ... ok
test h1_ascii_digits_42 ... ok
test longer_input_clean_header_stays_clean ... ok
test valid_rdw_reserved_binary_non_printable ... ok
test truncated_empty ... ok
test h1_second_byte_not_digit_no_h1 ... ok
test truncated_1_byte ... ok

test result: ok. 34 passed; 0 failed; 0 ignored; 0 measured; 0 filtered out; finished in 0.00s

     Running unittests src\lib.rs (target\debug\deps\copybook_determinism-5acff1281ffe6c34.exe)

running 18 tests
test tests::blake3_hex_different_inputs_produce_different_hashes ... ok
test tests::blake3_hex_empty_input_produces_valid_hash ... ok
test tests::compare_outputs_empty_vs_non_empty_is_non_deterministic ... ok
test tests::determinism_result_serde_round_trip ... ok
test tests::compare_outputs_empty_slices_are_deterministic ... ok
test tests::compare_outputs_marks_identical_bytes_deterministic ... ok
test tests::compare_outputs_reports_non_determinism ... ok
test tests::compare_outputs_round_trip_mode_sets_mode_field ... ok
test tests::compare_outputs_with_limit_caps_reported_diffs ... ok
test tests::blake3_hex_identical_inputs_produce_same_hash ... ok
test tests::diff_bytes_limits_to_max ... ok
test tests::diff_bytes_reports_mismatches ... ok
test tests::find_byte_differences_with_limit_zero_returns_empty ... ok
test tests::diff_bytes_handles_length_mismatch ... ok
test tests::find_byte_differences_identical_inputs_returns_empty ... ok
test tests::prop_identical_inputs_always_deterministic ... ok
test tests::prop_diff_count_never_exceeds_limit ... ok
test tests::prop_hash_is_stable ... ok

test result: ok. 18 passed; 0 failed; 0 ignored; 0 measured; 0 filtered out; finished in 0.02s

     Running tests\determinism_hardening.rs (target\debug\deps\determinism_hardening-46d2acfd8f536c34.exe)

running 9 tests
test check_decode_determinism_all_field_types ... ok
test field_order_matches_copybook_declaration ... ok
test json_key_ordering_deterministic ... ok
test redefines_decode_deterministic ... ok
test decode_single_thread_n_times_all_identical ... ok
test blake3_hash_stable_across_decode_runs ... ok
test occurs_array_element_ordering_deterministic ... ok
test decode_simulated_parallel_workers_all_identical ... ok
test schema_fingerprint_deterministic_100_parses ... ok

test result: ok. 9 passed; 0 failed; 0 ignored; 0 measured; 0 filtered out; finished in 0.01s

     Running unittests src\lib.rs (target\debug\deps\copybook_dialect-4595d326417af71b.exe)

running 21 tests
test tests::test_dialect_clone_preserves_value ... ok
test tests::test_dialect_debug_format ... ok
test tests::test_dialect_display ... ok
test tests::test_dialect_eq_different_variants ... ok
test tests::test_effective_min_count_one_tolerant ... ok
test tests::test_dialect_from_str_error_message_content ... ok
test tests::test_effective_min_count_one_tolerant_zero_clamps_to_one ... ok
test tests::test_effective_min_count_zero_tolerant_one_becomes_zero ... ok
test tests::test_dialect_from_str_with_whitespace ... ok
test tests::test_dialect_hash_consistency ... ok
test tests::test_dialect_roundtrip ... ok
test tests::test_dialect_serde_roundtrip_all_variants ... ok
test tests::test_effective_min_count_normative ... ok
test tests::test_effective_min_count_normative_u32_max ... ok
test tests::test_effective_min_count_normative_zero_stays_zero ... ok
test tests::test_dialect_from_str_numeric_invalid ... ok
test tests::test_effective_min_count_one_tolerant_u32_max ... ok
test tests::test_dialect_default ... ok
test tests::test_dialect_from_str ... ok
test tests::test_effective_min_count_zero_tolerant_u32_max ... ok
test tests::test_effective_min_count_zero_tolerant ... ok

test result: ok. 21 passed; 0 failed; 0 ignored; 0 measured; 0 filtered out; finished in 0.00s

     Running tests\dialect_tests.rs (target\debug\deps\dialect_tests-cd827cd95abe1fe0.exe)

running 30 tests
test dialect_clone_equals_original ... ok
test default_dialect_is_normative ... ok
test debug_contains_variant_name ... ok
test dialect_copy_semantics ... ok
test edge_case_min_count_zero_all_dialects ... ok
test from_str_normative_lowercase ... ok
test serde_json_serialized_forms ... ok
test display_roundtrips_through_from_str ... ok
test edge_case_min_count_one_all_dialects ... ok
test edge_case_min_count_u32_max_all_dialects ... ok
test dialect_usable_as_hash_map_key ... ok
test from_str_one_tolerant ... ok
test from_str_rejects_invalid_values ... ok
test from_str_trims_whitespace ... ok
test normative_passes_through_min_count_unchanged ... ok
test one_tolerant_preserves_values_gte_one ... ok
test serde_json_deserialize_from_known_strings ... ok
test env_var_style_parsing ... ok
test serde_json_rejects_invalid_variant ... ok
test from_str_zero_tolerant ... ok
test dialect_variants_are_distinct ... ok
test exhaustive_dialect_min_count_matrix ... ok
test from_str_normative_uppercase ... ok
test serde_json_roundtrip_all_variants ... ok
test zero_tolerant_always_returns_zero ... ok
test display_produces_expected_strings ... ok
test edge_case_min_count_large_all_dialects ... ok
test one_tolerant_clamps_zero_to_one ... ok
test from_str_error_contains_helpful_message ... ok
test serde_json_in_struct_context ... ok

test result: ok. 30 passed; 0 failed; 0 ignored; 0 measured; 0 filtered out; finished in 0.00s

     Running e2e_cli_exit_codes.rs (target\debug\deps\e2e_cli_exit_codes-f046b1a63841ada2.exe)

running 18 tests
test version_flag_exits_zero ... ok
test parse_help_exits_zero ... ok
test decode_missing_required_args_exits_nonzero ... ok
test parse_nonexistent_file_exits_nonzero ... ok
test unknown_subcommand_exits_nonzero ... ok
test help_flag_exits_zero ... ok
test decode_nonexistent_input_exits_nonzero ... ok
test error_paths_do_not_produce_backtraces ... ok
test verify_invalid_data_exits_nonzero ... ok
test verify_data_with_errors_exits_3 ... ok
test inspect_valid_copybook_exits_zero ... ok
test verify_valid_data_exits_zero ... ok
test parse_valid_copybook_exits_zero ... ok
test decode_truncated_data_exits_nonzero ... ok
test all_exit_codes_are_in_expected_range ... ok
test parse_invalid_syntax_exits_nonzero ... ok
test decode_valid_data_exits_zero ... ok
test encode_valid_data_exits_zero ... ok

test result: ok. 18 passed; 0 failed; 0 ignored; 0 measured; 0 filtered out; finished in 0.17s

     Running e2e_cli_integration.rs (target\debug\deps\e2e_cli_integration-8d7680adc6893cee.exe)

running 47 tests
test decode_help_exits_zero ... ok
test determinism_help_exits_zero ... ok
test decode_missing_required_args_exits_nonzero ... ok
test decode_to_stdout ... ok
test determinism_decode_help_exits_zero ... ok
test inspect_help_exits_zero ... ok
test determinism_missing_args_exits_nonzero ... ok
test encode_missing_required_args_exits_nonzero ... ok
test encode_help_exits_zero ... ok
test decode_nonexistent_input_exits_nonzero ... ok
test global_help_exits_zero ... ok
test inspect_missing_args_exits_nonzero ... ok
test decode_with_lossless_number_mode ... ok
test decode_missing_format_flag_exits_nonzero ... ok
test error_paths_never_produce_backtraces ... ok
test inspect_valid_copybook_shows_layout ... ok
test decode_truncated_data_exits_nonzero ... ok
test parse_invalid_syntax_exits_nonzero ... ok
test decode_single_record_to_jsonl ... ok
test verify_help_exits_zero ... ok
test verify_missing_required_args_exits_nonzero ... ok
test determinism_json_output_format ... ok
test determinism_decode_exits_zero_for_valid_data ... ok
test determinism_round_trip_exits_zero_for_valid_data ... ok
test parse_help_exits_zero_with_usage ... ok
test encode_invalid_jsonl_exits_nonzero ... ok
test parse_valid_copybook_to_output_file ... ok
test verify_nonexistent_data_exits_nonzero ... ok
test encode_round_trip_binary_fidelity ... ok
test unknown_subcommand_exits_nonzero ... ok
test version_flag_exits_zero ... ok
test verify_with_report_flag ... ok
test determinism_encode_exits_zero_for_valid_data ... ok
test encode_to_stdout ... ok
test parse_valid_copybook_produces_json_schema ... ok
test decode_multiple_records ... ok
test verify_valid_data_exits_zero ... ok
test verify_truncated_data_reports_zero_records ... ok
test exit_codes_are_in_expected_range ... ok
test inspect_invalid_file_exits_nonzero ... ok
test parse_missing_args_exits_nonzero ... ok
test decode_with_emit_meta ... ok
test encode_nonexistent_input_exits_nonzero ... ok
test parse_nonexistent_file_exits_nonzero ... ok
test encode_valid_jsonl_to_binary ... ok
test full_pipeline_decode_encode_verify ... ok
test parse_with_dialect_flag ... ok

test result: ok. 47 passed; 0 failed; 0 ignored; 0 measured; 0 filtered out; finished in 0.56s

     Running e2e_decode_encode_roundtrip.rs (target\debug\deps\e2e_decode_encode_roundtrip-f304a2cb9641cf35.exe)

running 5 tests
test roundtrip_redefines_decode_both_views ... ok
test roundtrip_cp1047_digits_only ... ok
test roundtrip_display_only_cp037 ... ok
test roundtrip_comp3_json_equality ... ok
test roundtrip_fixture_simple_cpy ... ok

test result: ok. 5 passed; 0 failed; 0 ignored; 0 measured; 0 filtered out; finished in 0.00s

     Running e2e_determinism.rs (target\debug\deps\e2e_determinism-f0271bc7dc622b47.exe)

running 5 tests
test determinism_comp3_sign_stable ... ok
test determinism_mixed_types ... ok
test determinism_decode_identical_across_runs ... ok
test determinism_encode_identical_across_runs ... ok
test determinism_roundtrip_stable ... ok

test result: ok. 5 passed; 0 failed; 0 ignored; 0 measured; 0 filtered out; finished in 0.01s

     Running e2e_determinism_extended.rs (target\debug\deps\e2e_determinism_extended-6188015185a6db3f.exe)

running 14 tests
test determinism_encode_comp3_sign_preserved ... ok
test determinism_json_string_representation ... ok
test determinism_signed_zoned_decimal ... ok
test determinism_cross_codepage_digits ... ok
test determinism_redefines_decode ... ok
test determinism_occurs_array ... ok
test determinism_sha256_encode_digest_stable ... ok
test determinism_binary_hash_stable_across_iterations ... ok
test determinism_multiple_roundtrips_fixed_point ... ok
test determinism_encode_all_spaces ... ok
test determinism_group_structure_decode ... ok
test determinism_roundtrip_10_iterations ... ok
test determinism_decode_large_schema_10_runs ... ok
test determinism_encode_large_schema_10_runs ... ok

test result: ok. 14 passed; 0 failed; 0 ignored; 0 measured; 0 filtered out; finished in 0.06s

     Running e2e_dialect_integration.rs (target\debug\deps\e2e_dialect_integration-4fdc471e137988ef.exe)

running 15 tests
test dialect_default_is_normative ... ok
test dialect_one_tolerant_counter_one_accepted ... ok
test dialect_one_tolerant_clamps_zero_min_to_one ... ok
test dialect_normative_counter_below_min ... ok
test dialect_roundtrip_preserves_data ... ok
test dialect_normative_min_count_enforced ... ok
test dialect_encode_respects_bounds ... ok
test dialect_all_three_parse_successfully ... ok
test dialect_zero_tolerant_counter_one_accepted ... ok
test dialect_zero_tolerant_counter_zero_accepted ... ok
test dialect_non_odo_copybook_unaffected ... ok
test dialect_schema_field_count_consistent ... ok
test dialect_fixed_occurs_unaffected ... ok
test dialect_max_count_unchanged ... ok
test dialect_zero_vs_normative_diverge_at_counter_zero ... ok

test result: ok. 15 passed; 0 failed; 0 ignored; 0 measured; 0 filtered out; finished in 0.00s

     Running e2e_error_code_coverage.rs (target\debug\deps\e2e_error_code_coverage-fe6c9e0e298723a7.exe)

running 10 tests
test error_cbkf102_record_length_invalid ... ok
test error_cbkf104_rdw_suspect_ascii ... ok
test error_cbke515_string_length_violation ... ok
test error_cbkd101_invalid_field_type ... ok
test error_cbke510_numeric_overflow ... ok
test error_cbks701_projection_invalid_odo ... ok
test error_cbki001_invalid_state ... ok
test error_cbks702_projection_unresolved_alias ... ok
test error_cbki001_invalid_state_zero_lrecl ... ok
test error_cbks703_projection_field_not_found ... ok

test result: ok. 10 passed; 0 failed; 0 ignored; 0 measured; 0 filtered out; finished in 0.00s

     Running e2e_error_handling.rs (target\debug\deps\e2e_error_handling-c1a69197a1f19d91.exe)

running 6 tests
test error_empty_copybook ... ok
test error_invalid_copybook_syntax ... ok
test error_encode_string_too_long ... ok
test error_truncated_record ... ok
test error_encode_numeric_overflow ... ok
test error_encode_odo_bounds ... ok

test result: ok. 6 passed; 0 failed; 0 ignored; 0 measured; 0 filtered out; finished in 0.00s

     Running e2e_error_paths.rs (target\debug\deps\e2e_error_paths-b2c88cffdac04f72.exe)

running 20 tests
test error_path_parse_empty_string ... ok
test error_path_parse_garbage_text ... ok
test error_path_parse_invalid_pic_pattern ... ok
test error_path_parse_missing_pic_clause ... ok
test error_path_parse_whitespace_only ... ok
test error_path_decode_comp3_invalid_nibble ... ok
test error_path_decode_record_longer_than_schema ... ok
test error_path_encode_odo_array_exceeds_max ... ok
test error_path_rdw_invalid_header_length_too_small ... ok
test error_path_encode_numeric_overflow_pic9_2 ... ok
test error_path_parse_odo_not_tail ... ok
test error_path_decode_zero_length_record ... ok
test error_path_encode_boolean_for_alphanum_field ... ok
test error_path_parse_nested_odo ... ok
test error_path_encode_null_for_numeric_field ... ok
test error_path_encode_string_too_long_pic_x3 ... ok
test error_path_encode_missing_field ... ok
test error_path_decode_truncated_record ... ok
test error_path_error_message_has_context ... ok
test error_path_encode_type_mismatch_object_for_leaf_field ... ok

test result: ok. 20 passed; 0 failed; 0 ignored; 0 measured; 0 filtered out; finished in 0.00s

     Running e2e_error_taxonomy_complete.rs (target\debug\deps\e2e_error_taxonomy_complete-df6413ec292034aa.exe)

running 9 tests
test reserved_cbkd431_float_nan ... ok
test reserved_cbkw005_parquet_write ... ok
test reserved_cbks603_rename_not_contiguous ... ok
test reserved_cbks608_rename_qualified_name_not_found ... ok
test reserved_cbkw002_type_mapping ... ok
test error_cbke531_float_encode_overflow ... ok
test reserved_cbkw003_decimal_overflow ... ok
test reserved_cbkd432_float_infinity ... ok
test reserved_cbkw004_batch_build ... ok

test result: ok. 9 passed; 0 failed; 0 ignored; 0 measured; 0 filtered out; finished in 0.00s

     Running e2e_fidelity_roundtrip.rs (target\debug\deps\e2e_fidelity_roundtrip-9e00cb37efa4ddf0.exe)

running 21 tests
test comp3_roundtrip_zero ... ok
test comp3_roundtrip_max_value ... ok
test comp3_roundtrip_negative_value ... ok
test comp3_roundtrip_positive_value ... ok
test codepage_cp500_text_roundtrip ... ok
test codepage_all_printable_ascii_cp037_roundtrip ... ok
test edited_pic_zzz9_roundtrip ... ok
test codepage_cp1047_text_roundtrip ... ok
test codepage_cp037_text_roundtrip ... ok
test codepage_mixed_alphanumeric_roundtrip ... ok
test edited_pic_currency_roundtrip ... ok
test edited_pic_sign_roundtrip ... ok
test comp3_multi_field_roundtrip_byte_identical ... ok
test record_redefines_roundtrip ... ok
test record_mixed_types_roundtrip ... ok
test record_filler_roundtrip ... ok
test record_occurs_roundtrip ... ok
test record_large_roundtrip ... ok
test determinism_decode_100_runs_sha256 ... ok
test determinism_roundtrip_50_convergence ... ok
test determinism_encode_100_runs_sha256 ... ok

test result: ok. 21 passed; 0 failed; 0 ignored; 0 measured; 0 filtered out; finished in 0.03s

     Running e2e_field_projection.rs (target\debug\deps\e2e_field_projection-ca06b2f32d7b75f9.exe)

running 5 tests
test projection_unknown_field_returns_cbks703 ... ok
test projection_group_includes_children ... ok
test projection_select_subset ... ok
test projection_multiple_fields_mixed ... ok
test projection_odo_counter_auto_included ... ok

test result: ok. 5 passed; 0 failed; 0 ignored; 0 measured; 0 filtered out; finished in 0.00s

     Running e2e_large_schema.rs (target\debug\deps\e2e_large_schema-9cca0c7b6ab3bd5a.exe)

running 15 tests
test large_schema_lrecl_correct ... ok
test large_schema_decode_100_fields_all_keys_present ... ok
test large_schema_unique_values_preserved ... ok
test large_schema_with_comp3_fields ... ok
test large_schema_mixed_groups_100_leaves ... ok
test large_schema_json_well_formed ... ok
test large_schema_decode_mixed_groups ... ok
test large_schema_deterministic_decode ... ok
test large_schema_decode_100_numeric_fields ... ok
test large_schema_parse_100_fields ... ok
test large_schema_parse_200_fields ... ok
test large_schema_deeply_nested_groups ... ok
test large_schema_encode_100_fields ... ok
test large_schema_parse_500_fields ... ok
test large_schema_roundtrip_100_fields ... ok

test result: ok. 15 passed; 0 failed; 0 ignored; 0 measured; 0 filtered out; finished in 0.03s

     Running e2e_parallel_determinism.rs (target\debug\deps\e2e_parallel_determinism-195e850464ae514d.exe)

running 7 tests
test test_sequence_ring_preserves_input_order ... ok
test test_schema_fingerprint_stable_across_runs ... ok
test test_determinism_subcommand_decode_exit_zero ... ok
test test_determinism_subcommand_encode_exit_zero ... ok
test test_decode_multi_run_sha256_stable ... ok
test test_decode_deterministic_across_thread_counts ... ok
test test_encode_deterministic_across_thread_counts ... ok

test result: ok. 7 passed; 0 failed; 0 ignored; 0 measured; 0 filtered out; finished in 0.35s

     Running unittests src\lib.rs (target\debug\deps\copybook_error-07f24faac6c9e6dc.exe)

running 30 tests
test tests::test_all_cbkd_codes_have_cbkd_prefix ... ok
test tests::test_all_cbke_codes_have_cbke_prefix ... ok
test tests::test_error_chained_context_builders ... ok
test tests::test_error_clone_equality ... ok
test tests::test_error_code_accessor ... ok
test tests::test_error_code_deserialization_invalid_rejects ... ok
test tests::test_error_code_copy_clone_hash ... ok
test tests::test_error_dynamic_message ... ok
test tests::test_all_cbkp_codes_have_cbkp_prefix ... ok
test tests::test_all_cbks_codes_have_cbks_prefix ... ok
test tests::test_error_macro_multiple_format_args ... ok
test tests::test_error_macro_static ... ok
test tests::test_error_with_offset_builder ... ok
test tests::test_error_code_serialization ... ok
test tests::test_remaining_family_prefixes ... ok
test tests::test_error_context_display_record_only ... ok
test tests::test_error_display_format ... ok
test tests::test_error_code_deserialization_from_string ... ok
test tests::test_error_implements_std_error ... ok
test tests::test_error_macro_formatted ... ok
test tests::test_error_code_display_starts_with_family_prefix ... ok
test tests::test_error_static_message ... ok
test tests::test_error_code_serde_roundtrip_all_families ... ok
test tests::test_error_with_context_display ... ok
test tests::test_error_with_context_sets_full_context ... ok
test tests::test_error_context_display_details_only ... ok
test tests::test_error_with_record_builder ... ok
test tests::test_error_context_display_empty ... ok
test tests::test_error_context_display_line_number_only ... ok
test tests::test_error_family_prefix_via_error ... ok

test result: ok. 30 passed; 0 failed; 0 ignored; 0 measured; 0 filtered out; finished in 0.00s

     Running tests\snapshot_errors.rs (target\debug\deps\snapshot_errors-373e59360e7bd750.exe)

running 21 tests
test snapshot_data_error_code_display ... ok
test snapshot_edited_pic_error_code_display ... ok
test snapshot_edited_pic_error_code_json_serialization ... ok
test snapshot_error_display_with_full_context ... ok
test snapshot_encoding_error_display_with_context ... ok
test snapshot_encode_error_code_display ... ok
test snapshot_error_code_json_serialization ... ok
test snapshot_encoding_overflow_error_code_display ... ok
test snapshot_error_context_display_all_fields ... ok
test snapshot_error_context_display_partial ... ok
test snapshot_edited_pic_error_display_with_context ... ok
test snapshot_error_display_without_context ... ok
test snapshot_error_display_with_field_context ... ok
test snapshot_family_prefix_mapping ... ok
test snapshot_file_error_code_display ... ok
test snapshot_error_display_with_record_context ... ok
test snapshot_projection_error_code_display ... ok
test snapshot_projection_error_code_json_serialization ... ok
test snapshot_projection_error_display_with_field ... ok
test snapshot_schema_error_code_display ... ok
test snapshot_parse_error_code_display ... ok

test result: ok. 21 passed; 0 failed; 0 ignored; 0 measured; 0 filtered out; finished in 0.00s

     Running unittests src\lib.rs (target\debug\deps\copybook_error_reporter-66fff4d15eb0784b.exe)

running 45 tests
test tests::test_max_errors_boundary_exact_limit ... ok
test tests::test_error_summary_has_errors_with_fatal_only ... ok
test tests::test_max_errors_limit ... ok
test tests::test_generate_report_includes_corruption_section ... ok
test tests::test_fatal_error_stops_in_lenient_mode ... ok
test tests::test_first_and_last_error_tracked ... ok
test tests::test_empty_reporter_no_errors_no_warnings ... ok
test tests::test_empty_reporter_report_output ... ok
test tests::test_error_severity_equality_and_hash ... ok
test tests::test_error_summary_default_is_clean ... ok
test tests::test_odo_clipped_severity_depends_on_mode ... ok
test tests::test_records_with_errors_not_incremented_for_warnings ... ok
test tests::test_records_with_errors_tracking ... ok
test tests::test_severity_data_errors_are_error_level ... ok
test tests::test_corruption_detection_ebcdic_byte ... ok
test tests::test_corruption_warning_adds_metadata ... ok
test tests::test_error_reporter_lenient_mode ... ok
test tests::test_error_reporter_strict_mode ... ok
test tests::test_multiple_errors_summary_counts ... ok
test tests::test_non_corruption_warning_no_corruption_count ... ok
test tests::test_generate_report_no_corruption_section_when_zero ... ok
test tests::test_severity_display_formatting ... ok
test tests::test_error_mode_equality ... ok
test tests::test_corruption_detection ... ok
test tests::test_error_report_contains_first_error_in_output ... ok
test tests::test_multiple_corruption_warnings_counted ... ok
test tests::test_severity_encode_errors_are_error_level_in_lenient ... ok
test tests::test_severity_infrastructure_error_is_fatal ... ok
test tests::test_severity_ordering ... ok
test tests::test_mixed_errors_and_warnings_report ... ok
test tests::test_severity_odo_clipped_warning_in_lenient_fatal_in_strict ... ok
test tests::test_start_record_tracks_total_records ... ok
test tests::test_severity_warning_codes_are_warnings ... ok
test tests::test_error_code_json_roundtrip_in_summary ... ok
test tests::test_error_code_json_serialization_format ... ok
test tests::test_verbose_logging_toggle ... ok
test tests::test_max_errors_zero_stops_immediately ... ok
test tests::test_strict_mode_stops_on_every_data_error ... ok
test tests::test_max_errors_unlimited_in_lenient ... ok
test tests::test_warning_does_not_count_as_error ... ok
test tests::test_very_long_error_message ... ok
test tests::test_error_summary_generation ... ok
test tests::test_warning_reporting ... ok
test tests::test_severity_parse_errors_are_fatal ... ok
test tests::test_severity_schema_errors_are_fatal ... ok

test result: ok. 45 passed; 0 failed; 0 ignored; 0 measured; 0 filtered out; finished in 0.02s

     Running tests\error_reporter_tests.rs (target\debug\deps\error_reporter_tests-d685c4ed18aac69c.exe)

running 42 tests
test cbkf_file_format_errors_are_error_severity ... ok
test cbke_fatal_encode_errors_stop_in_lenient ... ok
test error_summary_default_is_clean ... ok
test generate_report_empty_reporter_has_no_counts_sections ... ok
test cbki_infrastructure_error_is_fatal ... ok
test error_mode_equality ... ok
test lenient_mode_stops_on_fatal_errors ... ok
test odo_clipped_raised_mode_dependent_severity ... ok
test record_tracking_via_start_record ... ok
test duplicate_error_codes_counted_correctly ... ok
test corruption_warnings_accumulated ... ok
test max_errors_not_affected_by_fatal_errors ... ok
test max_errors_not_affected_by_warnings ... ok
test cbkp_parse_errors_classified_as_fatal ... ok
test cbkd_data_errors_are_error_severity_in_lenient ... ok
test cbke_encode_errors_are_error_severity_in_lenient ... ok
test error_code_json_round_trip ... ok
test max_errors_one_allows_exactly_one ... ok
test error_with_full_context_reported ... ok
test cbks_schema_errors_classified_as_fatal ... ok
test many_errors_first_and_last_differ ... ok
test max_errors_allows_up_to_limit_then_stops ... ok
test records_with_errors_tracks_highest_record_index ... ok
test generate_report_text_format_contains_sections ... ok
test lenient_mode_continues_on_data_errors ... ok
test strict_mode_stops_on_fatal_errors ... ok
test error_code_json_format_is_quoted_variant_name ... ok
test error_severity_ordering ... ok
test generate_report_corruption_section_only_when_nonzero ... ok
test strict_mode_stops_on_all_data_error_codes ... ok
test very_long_error_message_handled ... ok
test single_error_is_both_first_and_last ... ok
test strict_mode_stops_on_first_data_error ... ok
test summary_error_codes_map_serializable ... ok
test summary_reflects_mixed_errors_and_warnings ... ok
test verbose_logging_builder_pattern ... ok
test warnings_do_not_affect_records_with_errors ... ok
test warning_class_codes_produce_warnings_not_errors ... ok
test max_errors_zero_rejects_immediately ... ok
test no_errors_reporter_is_clean ... ok
test error_severity_display_values ... ok
test non_corruption_warning_does_not_increment_corruption_count ... ok

test result: ok. 42 passed; 0 failed; 0 ignored; 0 measured; 0 filtered out; finished in 0.01s

     Running unittests src\lib.rs (target\debug\deps\copybook_fixed-03a1b89faadca8b0.exe)

running 20 tests
test tests::fixed_reader_empty_file_returns_none ... ok
test tests::fixed_multi_record_write_read_roundtrip ... ok
test tests::fixed_record_writer_too_long_is_cbke501 ... ok
test tests::fixed_reader_lrecl_accessor ... ok
test tests::fixed_record_reader_missing_lrecl_is_invalid_state ... ok
test tests::fixed_writer_exact_lrecl_no_padding ... ok
test tests::fixed_record_reader_partial_record_is_underflow ... ok
test tests::fixed_record_reader_zero_lrecl_is_invalid_state ... ok
test tests::validate_record_length_mismatch_is_underflow ... ok
test tests::fixed_writer_empty_payload_full_padding ... ok
test tests::fixed_writer_lrecl_accessor ... ok
test tests::fixed_record_writer_basic ... ok
test tests::fixed_record_writer_missing_lrecl_is_invalid_state ... ok
test tests::fixed_streaming_many_records ... ok
test tests::prop_fixed_writer_rejects_oversize_payload ... ok
test tests::fixed_record_reader_basic ... ok
test tests::fixed_record_writer_zero_lrecl_is_invalid_state ... ok
test tests::validate_record_length_ok ... ok
test tests::fixed_reader_single_byte_lrecl ... ok
test tests::prop_fixed_writer_reader_roundtrip ... ok

test result: ok. 20 passed; 0 failed; 0 ignored; 0 measured; 0 filtered out; finished in 0.05s

     Running tests\api_lock.rs (target\debug\deps\api_lock-1773c42b59fda623.exe)

running 2 tests
test facade_exposes_fixed_writer_surface ... ok
test facade_exposes_fixed_reader_surface ... ok

test result: ok. 2 passed; 0 failed; 0 ignored; 0 measured; 0 filtered out; finished in 0.00s

     Running tests\comprehensive.rs (target\debug\deps\comprehensive-63efc8a21811f55b.exe)

running 26 tests
test empty_input_repeated_reads_still_none ... ok
test partial_record_single_byte_remainder ... ok
test read_multiple_records ... ok
test read_single_record ... ok
test lrecl_accessors ... ok
test write_exact_length_no_padding ... ok
test write_read_roundtrip_large_lrecl ... ok
test read_record_with_lrecl_1 ... ok
test writer_rejects_record_longer_than_lrecl ... ok
test read_binary_data ... ok
test write_binary_data_preserved ... ok
test empty_input_returns_none_immediately ... ok
test streaming_1000_records ... ok
test write_empty_record_full_padding ... ok
test read_preserves_record_count ... ok
test write_multiple_records_with_mixed_lengths ... ok
test partial_record_at_eof_is_underflow ... ok
test partial_record_one_less_than_lrecl ... ok
test writer_none_lrecl_rejected ... ok
test writer_rejects_record_one_byte_over_lrecl ... ok
test reader_none_lrecl_rejected ... ok
test write_read_roundtrip_multiple_records ... ok
test writer_zero_lrecl_rejected ... ok
test write_shorter_than_lrecl_pads_with_null ... ok
test writer_continues_after_rejected_oversize_record ... ok
test reader_zero_lrecl_rejected ... ok

test result: ok. 26 passed; 0 failed; 0 ignored; 0 measured; 0 filtered out; finished in 0.01s

     Running tests\fixed_comprehensive.rs (target\debug\deps\fixed_comprehensive-2cd342f19dfacdbc.exe)

running 44 tests
test read_exact_length_with_all_0xff ... ok
test empty_input_multiple_reads_all_none ... ok
test ebcdic_like_content_preserved ... ok
test reader_rejects_zero_lrecl ... ok
test empty_input_returns_none ... ok
test partial_record_after_multiple_good_records ... ok
test read_exact_length_with_null_bytes ... ok
test read_multiple_records_correct_boundaries ... ok
test read_multiple_records_record_count_increments ... ok
test read_multiple_records_each_has_distinct_content ... ok
test large_lrecl_65535_read_write_roundtrip ... ok
test reader_lrecl_accessor ... ok
test roundtrip_single_exact_record ... ok
test lrecl_one_read_write_roundtrip ... ok
test write_continues_after_rejected_record ... ok
test roundtrip_multiple_records_with_padding ... ok
test roundtrip_streaming_500_records ... ok
test write_empty_payload_full_padding ... ok
test partial_record_exactly_one_byte ... ok
test lrecl_one_empty_payload_pads ... ok
test repeated_reads_after_eof_always_return_none ... ok
test partial_last_record_two_bytes_short ... ok
test write_binary_data_preserved ... ok
test roundtrip_all_byte_values_per_record ... ok
test write_exact_length_no_padding ... ok
test writer_multiple_flushes_safe ... ok
test writer_output_size_equals_n_times_lrecl ... ok
test writer_lrecl_accessor ... ok
test write_rejects_one_byte_over_lrecl ... ok
test write_multiple_records_output_length_correct ... ok
test read_exact_length_single_record ... ok
test validate_record_length_matching ... ok
test writer_record_count_starts_at_zero ... ok
test writer_rejects_none_lrecl ... ok
test writer_rejects_zero_lrecl ... ok
test validate_record_length_mismatch ... ok
test large_lrecl_32768_read_write_roundtrip ... ok
test partial_record_lrecl_minus_one ... ok
test read_exact_length_preserves_all_byte_values ... ok
test large_lrecl_100000_with_partial_payload ... ok
test reader_rejects_none_lrecl ... ok
test write_rejects_oversized_record ... ok
test write_shorter_than_lrecl_pads_with_null ... ok
test reader_record_count_starts_at_zero ... ok

test result: ok. 44 passed; 0 failed; 0 ignored; 0 measured; 0 filtered out; finished in 0.05s

     Running tests\fixed_edge_cases.rs (target\debug\deps\fixed_edge_cases-3dffb2038653fd43.exe)

running 18 tests
test lrecl_one_byte_read ... ok
test read_input_not_divisible_by_lrecl_errors_on_partial ... ok
test read_input_exactly_one_lrecl_binary ... ok
test lrecl_one_byte_empty_payload_pads ... ok
test lrecl_32767_partial_payload_pads ... ok
test read_input_shorter_than_lrecl_returns_error ... ok
test read_input_one_extra_byte_errors_on_partial ... ok
test write_empty_record_list_produces_empty_output ... ok
test lrecl_32767_write_and_read ... ok
test write_read_roundtrip_identity ... ok
test write_read_roundtrip_with_padding_identity ... ok
test read_single_byte_input_with_large_lrecl_returns_error ... ok
test read_input_exactly_one_lrecl ... ok
test write_empty_record_list_then_read_returns_none ... ok
test read_zero_length_input_returns_none ... ok
test lrecl_one_byte_write_read_roundtrip ... ok
test read_zero_length_input_repeated_returns_none ... ok
test read_1000_records_verify_count_and_last_content ... ok

test result: ok. 18 passed; 0 failed; 0 ignored; 0 measured; 0 filtered out; finished in 0.03s

     Running unittests src\lib.rs (target\debug\deps\copybook_gen-cfa4cd9a4a4c5b34.exe)

running 41 tests
test copybook::tests::test_sync_copybook_contains_synchronized_fields ... ok
test copybook::tests::test_generate_invalid_copybooks_contains_expected_cases ... ok
test copybook::tests::test_comp3_heavy_copybook_has_expected_fields ... ok
test data::tests::test_ascii_to_ebcdic_approx ... ok
test data::tests::test_set_counter_field_value_packed ... ok
test data::tests::test_generate_corrupted_data_variants ... ok
test data::tests::test_set_counter_field_value_binary ... ok
test data::tests::test_set_counter_field_value_zoned ... ok
test copybook::tests::test_occurs_copybook_contains_nested_occurs ... ok
test copybook::tests::test_complex_copybook_tail_odo_present_for_some_seed ... ok
test enterprise::tests::test_enterprise_pattern_generation ... ok
test enterprise::tests::test_utils_scale_factor ... ok
test enterprise::tests::test_deterministic_generation ... ok
test enterprise::tests::test_enterprise_data_generation ... ok
test golden::tests::test_add_tag_is_idempotent ... ok
test golden::tests::test_generate_suite_tags ... ok
test golden::tests::test_hash_helpers_match_expected ... ok
test golden::tests::test_suite_json_roundtrip ... ok
test golden::tests::test_suite_find_and_tags ... ok
test data::tests::test_generate_data_with_all_strategies ... ok
test test_generation::tests::test_generate_codepage_matrix ... ok
test data::tests::test_generate_test_datasets_is_empty_for_now ... ok
test data::tests::test_generate_synthetic_data_alias ... ok
test test_generation::tests::test_generate_field_type_matrix ... ok
test test_generation::tests::test_generate_negative_test_cases ... ok
test test_generation::tests::test_deterministic_generation ... ok
test test_generation::tests::test_complete_test_suite_generation ... ok
test enterprise::tests::test_pattern_validation ... ok
test tests::test_generate_invalid_copybooks ... ok
test tests::test_generate_simple_copybook ... ok
test copybook::tests::test_display_heavy_copybook_has_expected_fields ... ok
test test_generation::tests::test_generate_performance_datasets ... ok
test copybook::tests::test_generate_copybook_template_markers ... ok
test tests::test_deterministic_generation ... ok
test tests::test_generate_copybook_templates ... ok
test golden::tests::test_validation_result_summary ... ok
test golden::tests::test_validate_output_and_update_hashes ... ok
test tests::test_golden_test_creation ... ok
test enterprise::tests::test_utils_record_size ... ok
test tests::test_test_suite_builder ... ok
test copybook::tests::prop_copybooks_include_record_root ... ok

test result: ok. 41 passed; 0 failed; 0 ignored; 0 measured; 0 filtered out; finished in 0.01s

     Running tests\panic_elimination_tests.rs (target\debug\deps\panic_elimination_tests-2cf54cde00e99550.exe)

running 3 tests
test panic_elimination_test_generation_tests::test_framework_integration_panic_elimination ... ok
test panic_elimination_test_generation_tests::test_data_generation_panic_elimination ... ok
test panic_elimination_test_generation_tests::test_golden_fixture_creation_panic_elimination ... ok

test result: ok. 3 passed; 0 failed; 0 ignored; 0 measured; 0 filtered out; finished in 0.00s

     Running unittests src\lib.rs (target\debug\deps\copybook_governance-8b5ffded84ac4f1e.exe)

running 13 tests
test tests::test_facade_builder_enable_disable ... ok
test tests::test_facade_governance_states_nonempty ... ok
test tests::test_facade_end_to_end_governance_flow ... ok
test tests::test_facade_feature_flags_for_support_id ... ok
test tests::test_facade_governance_bindings_nonempty ... ok
test tests::test_facade_feature_flags_default ... ok
test tests::test_facade_support_states_nonempty ... ok
test tests::test_facade_is_support_runtime_available ... ok
test tests::test_facade_summarize_governance ... ok
test tests::test_facade_runtime_summary_totals ... ok
test tests::test_facade_feature_lifecycle_accessible ... ok
test tests::test_facade_handle_roundtrip ... ok
test tests::test_facade_support_matrix_lookup ... ok

test result: ok. 13 passed; 0 failed; 0 ignored; 0 measured; 0 filtered out; finished in 0.00s

     Running tests\api_lock.rs (target\debug\deps\api_lock-cf1ae4cc0bd132f0.exe)

running 2 tests
test facade_exposes_runtime_api_surface ... ok
test facade_runtime_summary_tracks_feature_flag_overrides ... ok

test result: ok. 2 passed; 0 failed; 0 ignored; 0 measured; 0 filtered out; finished in 0.00s

     Running tests\governance_facade_tests.rs (target\debug\deps\governance_facade_tests-fa024d85dc51dd32.exe)

running 14 tests
test builder_enable_enterprise_category_through_facade ... ok
test builder_selective_flags_through_facade ... ok
test end_to_end_all_flags_enabled_full_coverage ... ok
test end_to_end_disable_comp_flags_affects_summary ... ok
test end_to_end_governance_summary_and_runtime_summary_agree_on_totals ... ok
test facade_reexports_feature_flags_types ... ok
test facade_reexports_all_grid_types ... ok
test feature_flags_module_accessible ... ok
test handle_roundtrip_through_facade ... ok
test end_to_end_enable_renames_changes_governance_state ... ok
test support_matrix_module_accessible ... ok
test handle_toggle_through_facade ... ok
test facade_reexports_all_runtime_types ... ok
test facade_reexports_support_matrix_types ... ok

test result: ok. 14 passed; 0 failed; 0 ignored; 0 measured; 0 filtered out; finished in 0.00s

     Running tests\governance_integration.rs (target\debug\deps\governance_integration-8f2f27ff7991a495.exe)

running 15 tests
test builder_category_enable_flows_to_runtime ... ok
test e2e_enable_all_makes_everything_available ... ok
test e2e_disable_flags_propagates_to_runtime ... ok
test e2e_default_flags_flow ... ok
test lifecycle_and_category_accessible_from_facade ... ok
test runtime_enabled_plus_disabled_equals_mapped ... ok
test support_matrix_find_by_id_and_string_agree ... ok
test support_states_count_matches_support_matrix ... ok
test governance_bindings_rationale_nonempty ... ok
test handle_roundtrip_through_facade ... ok
test governance_states_count_matches_bindings_count ... ok
test grid_explicit_bindings_count_is_four ... ok
test support_matrix_all_features_accessible ... ok
test grid_summary_and_runtime_summary_totals_agree ... ok
test support_states_all_enabled_without_governance ... ok

test result: ok. 15 passed; 0 failed; 0 ignored; 0 measured; 0 filtered out; finished in 0.00s

     Running unittests src\lib.rs (target\debug\deps\copybook_governance_contracts-32375c8beee1f7d1.exe)

running 12 tests
test tests::test_cross_module_feature_id_equality ... ok
test tests::test_reexported_feature_category ... ok
test tests::test_reexported_feature_flags_builder ... ok
test tests::test_reexported_find_feature_by_string ... ok
test tests::test_reexported_feature_lifecycle ... ok
test tests::test_reexported_find_feature_by_id ... ok
test tests::test_feature_flags_default_has_expected_defaults ... ok
test tests::test_feature_flags_enable_disable_category_via_facade ... ok
test tests::test_feature_flags_handle_via_facade ... ok
test tests::test_reexported_support_matrix_all_features ... ok
test tests::test_find_feature_unknown_returns_none ... ok
test tests::test_support_status_variants_accessible ... ok

test result: ok. 12 passed; 0 failed; 0 ignored; 0 measured; 0 filtered out; finished in 0.00s

     Running tests\contracts_facade_tests.rs (target\debug\deps\contracts_facade_tests-dd7a2b7fa1ad27fb.exe)

running 13 tests
test builder_disable_category_through_facade ... ok
test builder_enable_category_through_facade ... ok
test feature_flags_module_path_works ... ok
test find_feature_returns_none_for_garbage_string ... ok
test feature_lifecycle_reexport_is_accessible ... ok
test find_feature_by_id_and_string_agree ... ok
test handle_snapshot_through_facade ... ok
test support_matrix_module_path_works ... ok
test handle_toggle_through_facade ... ok
test support_status_variants_are_all_accessible ... ok
test feature_id_all_variants_accessible ... ok
test support_matrix_reexport_has_all_features ... ok
test feature_flags_reexport_matches_contracts_behaviour ... ok

test result: ok. 13 passed; 0 failed; 0 ignored; 0 measured; 0 filtered out; finished in 0.00s

     Running tests\contracts_tests.rs (target\debug\deps\contracts_tests-11210a6b7950eac8.exe)

running 19 tests
test all_support_status_variants_constructible ... ok
test cross_module_id_equality ... ok
test all_features_returns_seven_entries ... ok
test builder_disable_overrides_default_on ... ok
test find_feature_by_string_resolves_kebab_case ... ok
test supported_features_have_correct_status ... ok
test enabled_features_iterator_matches_count ... ok
test feature_category_round_trip_via_facade ... ok
test find_feature_by_id_returns_correct_metadata ... ok
test feature_lifecycle_variants_constructible ... ok
test partial_features_have_correct_status ... ok
test handle_snapshot_is_independent ... ok
test builder_enable_overrides_default_off ... ok
test builder_disable_category_deactivates_all_members ... ok
test builder_enable_category_activates_all_members ... ok
test toggle_flips_state ... ok
test builder_produces_expected_defaults ... ok
test find_feature_unknown_returns_none ... ok
test handle_enable_disable_toggle ... ok

test result: ok. 19 passed; 0 failed; 0 ignored; 0 measured; 0 filtered out; finished in 0.00s

     Running unittests src\lib.rs (target\debug\deps\copybook_governance_grid-61998be96574199c.exe)

running 13 tests
test governance_grid::tests::test_all_bindings_have_nonempty_rationale ... ok
test governance_grid::tests::test_comp12_mapping_contains_both_flags ... ok
test governance_grid::tests::test_governance_bindings_count_matches_support_features ... ok
test governance_grid::tests::test_level88_has_no_feature_flags ... ok
test governance_grid::tests::test_feature_flags_for_all_support_ids ... ok
test governance_grid::tests::test_sign_separate_and_comp12_mapped_to_flags ... ok
test governance_grid::tests::test_level66_renames_maps_to_renames_r4r6 ... ok
test governance_grid::tests::test_governance_bindings_are_complete ... ok
test governance_grid::tests::test_occurs_depending_has_no_feature_flags ... ok
test governance_grid::tests::test_no_duplicate_support_ids_in_bindings ... ok
test governance_grid::tests::test_edited_pic_has_no_feature_flags ... ok
test governance_grid::tests::test_summarize_governance_totals ... ok
test governance_grid::tests::test_nested_odo_has_no_feature_flags ... ok

test result: ok. 13 passed; 0 failed; 0 ignored; 0 measured; 0 filtered out; finished in 0.00s

     Running tests\governance_grid_tests.rs (target\debug\deps\governance_grid_tests-01365706547b3fee.exe)

running 15 tests
test all_bindings_have_nonempty_rationale ... ok
test comp1comp2_requires_both_comp_flags ... ok
test level66_renames_requires_renames_r4r6 ... ok
test re_exported_feature_id_is_usable ... ok
test summary_mapped_equals_total ... ok
test occurs_depending_has_no_required_flags ... ok
test summary_explicit_bindings_counts_flags ... ok
test re_exported_feature_type_is_usable ... ok
test nested_odo_has_no_required_flags ... ok
test governance_bindings_returns_seven_entries ... ok
test governance_bindings_are_unique_by_support_id ... ok
test edited_pic_has_no_required_flags ... ok
test level88_has_no_required_flags ... ok
test sign_separate_requires_sign_separate_flag ... ok
test summary_total_support_features_equals_seven ... ok

test result: ok. 15 passed; 0 failed; 0 ignored; 0 measured; 0 filtered out; finished in 0.00s

     Running tests\grid_tests.rs (target\debug\deps\grid_tests-4ec1ec369535e260.exe)

running 16 tests
test all_features_known_reflects_completeness ... ok
test all_support_ids_have_bindings ... ok
test edited_pic_has_no_feature_flags ... ok
test nested_odo_has_no_feature_flags ... ok
test feature_flags_for_level66_renames ... ok
test feature_flags_for_sign_separate ... ok
test feature_flags_for_comp12 ... ok
test governance_bindings_cover_all_support_matrix_entries ... ok
test governance_bindings_returns_seven_entries ... ok
test grid_binding_flags_are_valid_feature_variants ... ok
test level88_has_no_feature_flags ... ok
test every_binding_has_nonempty_rationale ... ok
test no_duplicate_support_ids_in_bindings ... ok
test occurs_depending_has_no_feature_flags ... ok
test summarize_governance_linked_flag_count ... ok
test summarize_governance_totals ... ok

test result: ok. 16 passed; 0 failed; 0 ignored; 0 measured; 0 filtered out; finished in 0.00s

     Running unittests src\lib.rs (target\debug\deps\copybook_governance_runtime-d72caf09b53480bf.exe)

running 17 tests
test tests::test_from_support_sets_no_governance_rationale ... ok
test tests::test_governance_state_for_support_id_preserves_metadata ... ok
test tests::test_runtime_summary_all_support_rows_present ... ok
test tests::test_is_support_runtime_available_for_ungoverned_feature ... ok
test tests::test_runtime_state_reports_missing_feature_flags ... ok
test tests::test_is_support_runtime_available ... ok
test tests::test_governance_states_with_all_defaults ... ok
test tests::test_governance_states_with_all_features_disabled ... ok
test tests::test_runtime_summary_counts ... ok
test tests::test_runtime_summary_disabled_count_matches_expectations ... ok
test tests::test_runtime_state_for_supported_feature ... ok
test tests::test_support_states_all_have_empty_required_flags ... ok
test tests::test_support_states_count_matches_all_features ... ok
test tests::test_support_states_nonempty ... ok
test tests::test_governance_states_with_all_features_enabled ... ok
test tests::test_runtime_summary_with_all_enabled ... ok
test tests::test_support_id_lookup ... ok

test result: ok. 17 passed; 0 failed; 0 ignored; 0 measured; 0 filtered out; finished in 0.00s

     Running tests\runtime_governance_tests.rs (target\debug\deps\runtime_governance_tests-eb92d70997b6a26e.exe)

running 21 tests
test from_support_creates_ungoverned_state ... ok
test governance_states_all_disabled_disables_governed_features ... ok
test is_available_becomes_true_when_flag_enabled ... ok
test governance_states_with_defaults_returns_seven ... ok
test runtime_summary_all_enabled_has_zero_disabled ... ok
test runtime_summary_enabled_plus_disabled_equals_total_governed ... ok
test governance_states_default_renames_disabled ... ok
test state_for_ungoverned_feature_has_empty_flags ... ok
test is_available_becomes_false_when_flag_disabled ... ok
test governance_states_all_enabled_means_all_runtime_enabled ... ok
test runtime_summary_reflects_disabled_comp_flags ... ok
test support_states_returns_all_seven ... ok
test state_for_comp1comp2_partial_disable ... ok
test state_for_sign_separate_with_flag_disabled ... ok
test state_for_sign_separate_with_flag_enabled ... ok
test is_available_for_all_defaults ... ok
test state_preserves_support_metadata ... ok
test support_states_are_all_runtime_enabled ... ok
test support_states_have_no_required_flags ... ok
test runtime_summary_with_defaults ... ok
test support_states_have_non_governance_rationale ... ok

test result: ok. 21 passed; 0 failed; 0 ignored; 0 measured; 0 filtered out; finished in 0.00s

     Running tests\runtime_tests.rs (target\debug\deps\runtime_tests-016d4104626b3961.exe)

running 18 tests
test from_support_sets_no_governance_rationale ... ok
test governance_state_for_supported_feature_with_defaults ... ok
test governance_state_partial_missing_disables_feature ... ok
test governance_states_with_all_disabled ... ok
test runtime_summary_disabled_count_increases_with_more_flags_off ... ok
test renames_disabled_by_default ... ok
test support_states_count_matches_all_features ... ok
test governance_states_with_all_enabled ... ok
test support_states_are_all_runtime_enabled ... ok
test ungoverned_features_always_available ... ok
test is_support_runtime_available_disabled_when_flag_off ... ok
test runtime_summary_counts_with_defaults ... ok
test support_states_returns_all_features ... ok
test renames_enabled_when_flag_on ... ok
test governance_state_reports_missing_flags ... ok
test runtime_summary_all_enabled_no_unavailable ... ok
test governance_state_preserves_metadata ... ok
test is_support_runtime_available_with_defaults ... ok

test result: ok. 18 passed; 0 failed; 0 ignored; 0 measured; 0 filtered out; finished in 0.00s

     Running unittests src\lib.rs (target\debug\deps\copybook_lexer-efa3baf3d6b0253c.exe)

running 37 tests
test tests::test_basic_tokenization ... ok
test tests::test_cobol_format_eq ... ok
test tests::test_computational_variants ... ok
test tests::test_format_detection_free ... ok
test tests::test_number_token ... ok
test tests::test_continuation_handling ... ok
test tests::test_comma_inside_string_literal_not_tokenized ... ok
test tests::test_edited_pic_still_detected_after_comma_fix ... ok
test tests::test_lexer_format_accessor ... ok
test tests::test_comma_vs_edited_pic_disambiguation ... ok
test tests::test_commas_with_spaces_realistic_cobol ... ok
test tests::test_comp_variants ... ok
test tests::test_comma_in_level88_value_clause ... ok
test tests::test_level_66 ... ok
test tests::test_level_77 ... ok
test tests::test_keyword_tokens ... ok
test tests::test_inline_comment_in_free_form ... ok
test tests::test_identifier_with_hyphens ... ok
test tests::test_parentheses ... ok
test tests::test_period_token ... ok
test tests::test_format_detection_fixed ... ok
test tests::test_pic_clause_patterns ... ok
test tests::test_pic_keyword_case_insensitive ... ok
test tests::test_string_literal_double_quotes ... ok
test tests::test_edited_pic_detection ... ok
test tests::test_string_literal_single_quotes ... ok
test tests::test_comma_tokenization_priority ... ok
test tests::test_empty_input ... ok
test tests::test_lexer_options_default ... ok
test tests::test_token_display_trait ... ok
test tests::test_level_numbers_01_to_49 ... ok
test tests::test_occurs_depending_on_clause ... ok
test tests::test_tokenpos_has_position_info ... ok
test tests::test_level_88 ... ok
test tests::test_value_thru_clause ... ok
test tests::test_token_last_is_always_eof ... ok
test tests::test_whitespace_only_input ... ok

test result: ok. 37 passed; 0 failed; 0 ignored; 0 measured; 0 filtered out; finished in 0.00s

     Running tests\lexer_comprehensive.rs (target\debug\deps\lexer_comprehensive-20df7417caaee2f0.exe)

running 90 tests
test comment_line_starting_with_star_is_skipped ... ok
test edited_pic_asterisk_fill ... ok
test format_detection_fixed_form ... ok
test eof_always_last_token ... ok
test filler_keyword_as_identifier ... ok
test fixed_form_continuation_joins_lines ... ok
test commas_in_level88_value_list ... ok
test edited_pic_zero_insertion ... ok
test fixed_form_sequence_area_stripped ... ok
test keyword_occurs ... ok
test format_detection_free_form ... ok
test keyword_case_insensitive ... ok
test keyword_leading ... ok
test keyword_comp ... ok
test keyword_comp1 ... ok
test keyword_pic ... ok
test edited_pic_comma_grouping ... ok
test edited_pic_plus_sign ... ok
test keyword_picture ... ok
test keyword_depending ... ok
test blank_when_zeroes_variant ... ok
test blank_when_zeros_variant ... ok
test edited_pic_slash_insertion ... ok
test keyword_computational_long_forms ... ok
test blank_when_zero_keywords ... ok
test keyword_comp2 ... ok
test keyword_comp3 ... ok
test edited_pic_dollar_sign ... ok
test edited_pic_minus_sign ... ok
test inline_comment_stripped_in_free_form ... ok
test edited_pic_z_suppression ... ok
test keyword_redefines ... ok
test keyword_separate ... ok
test keyword_value ... ok
test keyword_sign ... ok
test inline_comment_token_in_raw_logos_lex ... ok
test keyword_trailing ... ok
test level_10 ... ok
test keyword_thru ... ok
test level_01 ... ok
test level_05 ... ok
test keyword_through ... ok
test level_15 ... ok
test level_20 ... ok
test level_49 ... ok
test level_66 ... ok
test lex_complete_copybook_fragment ... ok
test level_77 ... ok
test lex_empty_input_returns_only_eof ... ok
test level_88 ... ok
test lex_multiple_field_definitions ... ok
test lex_single_field_definition ... ok
test lex_whitespace_only_returns_newline_and_eof ... ok
test lexer_options_defaults ... ok
test lexer_with_custom_options ... ok
test multiple_tokens_on_one_line ... ok
test numeric_literal_in_occurs_depending ... ok
test numeric_literal_simple ... ok
test occurs_clause_all_tokens ... ok
test period_terminates_statement ... ok
test pic_clause_9_with_length ... ok
test parentheses_tokens ... ok
test period_after_pic_clause ... ok
test pic_clause_inline_digits ... ok
test pic_clause_decimal_inline ... ok
test pic_clause_mixed_precision ... ok
test pic_clause_repeated_x ... ok
test pic_clause_signed_decimal ... ok
test redefines_clause ... ok
test renames_keyword ... ok
test standalone_comma_is_comma_token ... ok
test string_literal_comma_inside_not_tokenized ... ok
test pic_clause_x_with_length ... ok
test string_literal_single_quotes ... ok
test sign_trailing_separate ... ok
test string_literal_with_spaces ... ok
test sign_leading_separate ... ok
test string_literal_double_quotes ... ok
test times_keyword ... ok
test synchronized_keyword ... ok
test token_pos_has_line_and_column ... ok
test usage_binary_keyword ... ok
test usage_display_keyword ... ok
test value_through_range ... ok
test verify_token_type_and_value_string_literal ... ok
test verify_token_type_and_value_number ... ok
test verify_token_type_and_value_pic_clause ... ok
test verify_token_type_and_value_identifier ... ok
test verify_token_type_and_value_level ... ok
test value_thru_range ... ok

test result: ok. 90 passed; 0 failed; 0 ignored; 0 measured; 0 filtered out; finished in 0.01s

     Running unittests src\lib.rs (target\debug\deps\copybook_options-ba6ce4aecc3851d6.exe)

running 16 tests
test tests::test_decode_options_default ... ok
test tests::test_codepage_display ... ok
test tests::test_encode_options_default ... ok
test tests::test_decode_options_deserialize_missing_float_format_defaults ... ok
test tests::test_decode_options_serialization ... ok
test tests::test_json_number_mode_display ... ok
test tests::test_encode_options_deserialize_missing_float_format_defaults ... ok
test tests::test_raw_mode_display ... ok
test tests::test_zoned_encoding_format_description ... ok
test tests::test_zoned_encoding_format_display ... ok
test tests::test_zoned_encoding_format_detect_from_byte ... ok
test tests::test_zoned_encoding_format_is_ascii ... ok
test tests::test_zoned_encoding_format_is_auto ... ok
test tests::test_zoned_encoding_format_is_ebcdic ... ok
test tests::test_record_format_display ... ok
test tests::test_unmappable_policy_display ... ok

test result: ok. 16 passed; 0 failed; 0 ignored; 0 measured; 0 filtered out; finished in 0.00s

     Running tests\api_lock.rs (target\debug\deps\api_lock-ab321cf73512dc72.exe)

running 3 tests
test facade_exposes_decode_options_surface ... ok
test facade_exposes_encode_options_surface ... ok
test facade_exposes_zoned_detection_surface ... ok

test result: ok. 3 passed; 0 failed; 0 ignored; 0 measured; 0 filtered out; finished in 0.00s

     Running tests\integration_zoned_format.rs (target\debug\deps\integration_zoned_format-93eeb64cb7f57d47.exe)

running 2 tests
test options_reexports_zoned_encoding_format_without_behavior_drift ... ok
test options_ser_deser_preserves_zoned_encoding_variants ... ok

test result: ok. 2 passed; 0 failed; 0 ignored; 0 measured; 0 filtered out; finished in 0.00s

     Running tests\prop_contract.rs (target\debug\deps\prop_contract-508899d018491fad.exe)

running 3 tests
test detect_from_byte_matches_zone_nibble ... ok
test decode_options_json_roundtrip_preserves_key_fields ... ok
test encode_options_json_roundtrip_preserves_key_fields ... ok

test result: ok. 3 passed; 0 failed; 0 ignored; 0 measured; 0 filtered out; finished in 0.01s

     Running unittests src\lib.rs (target\debug\deps\copybook_overflow-73563be95f35e5b3.exe)

running 40 tests
test tests::safe_array_bound_add_overflow_message ... ok
test tests::safe_array_bound_base_at_max_minus_product ... ok
test tests::safe_array_bound_zero_count ... ok
test tests::safe_array_bound_error_message_contains_context ... ok
test tests::safe_array_bound_all_zeros ... ok
test tests::safe_u64_to_u32_error_message_contains_context ... ok
test tests::safe_u64_to_u32_just_over_max ... ok
test tests::safe_array_bound_mul_overflow ... ok
test tests::safe_array_bound_mul_overflow_message ... ok
test tests::safe_array_bound_ok ... ok
test tests::safe_array_bound_single_element ... ok
test tests::safe_array_bound_zero_base ... ok
test tests::safe_array_bound_add_overflow ... ok
test tests::safe_array_bound_zero_item_size ... ok
test tests::safe_u64_to_u32_zero ... ok
test tests::safe_u64_to_u16_at_u32_max ... ok
test tests::safe_u64_to_u16_just_over_max ... ok
test tests::safe_u64_to_u16_error_message_contains_context ... ok
test tests::safe_u64_to_u16_midrange ... ok
test tests::safe_u64_to_u16_ok ... ok
test tests::safe_u64_to_u16_one ... ok
test tests::safe_u64_to_u16_overflow ... ok
test tests::safe_u64_to_u16_zero ... ok
test tests::safe_u64_to_u32_at_max_boundary ... ok
test tests::safe_array_bound_large_non_overflowing ... ok
test tests::safe_array_bound_max_base_zero_product ... ok
test tests::safe_u64_to_u32_midrange ... ok
test tests::safe_u64_to_u32_ok ... ok
test tests::safe_u64_to_u32_u64_max ... ok
test tests::safe_u64_to_u16_at_max_boundary ... ok
test tests::safe_usize_to_u32_at_max_boundary ... ok
test tests::safe_u64_to_u16_u64_max ... ok
test tests::safe_u64_to_u32_one ... ok
test tests::safe_usize_to_u32_error_message_contains_context ... ok
test tests::safe_u64_to_u32_overflow ... ok
test tests::safe_usize_to_u32_one ... ok
test tests::safe_usize_to_u32_overflow ... ok
test tests::safe_usize_to_u32_midrange ... ok
test tests::safe_usize_to_u32_ok ... ok
test tests::safe_usize_to_u32_zero ... ok

test result: ok. 40 passed; 0 failed; 0 ignored; 0 measured; 0 filtered out; finished in 0.00s

     Running tests\overflow_tests.rs (target\debug\deps\overflow_tests-9a5308357e5d431e.exe)

running 66 tests
test chained_operations::array_bound_then_narrow_to_u32 ... ok
test chained_operations::u64_narrow_to_u16_round_trip ... ok
test chained_operations::u64_narrow_to_u32_then_widen_back ... ok
test no_panic_guarantee::array_bound_does_not_panic_on_add_overflow ... ok
test no_panic_guarantee::array_bound_does_not_panic_on_mul_overflow ... ok
test safe_array_bound_tests::empty_context_does_not_panic ... ok
test no_panic_guarantee::u64_to_u16_does_not_panic_on_overflow ... ok
test safe_array_bound_tests::mul_overflow_half_max_times_three ... ok
test safe_array_bound_tests::mul_overflow_max_times_max ... ok
test safe_array_bound_tests::zero_count_returns_base ... ok
test safe_array_bound_tests::single_element ... ok
test safe_array_bound_tests::context_in_mul_error ... ok
test no_panic_guarantee::u64_to_u32_does_not_panic_on_overflow ... ok
test safe_array_bound_tests::exact_usize_max ... ok
test safe_u64_to_u16_tests::at_u16_max_minus_one ... ok
test safe_array_bound_tests::mul_overflow_both_large ... ok
test chained_operations::array_bound_too_large_for_u32 ... ok
test safe_array_bound_tests::add_overflow_max_base_plus_large_product ... ok
test safe_array_bound_tests::zero_base ... ok
test safe_array_bound_tests::zero_item_size_with_max_base ... ok
test no_panic_guarantee::usize_to_u32_does_not_panic_on_overflow ... ok
test chained_operations::multiple_array_bounds_accumulate ... ok
test safe_array_bound_tests::add_overflow_base_plus_product ... ok
test safe_array_bound_tests::simple_computation ... ok
test safe_array_bound_tests::context_in_add_error ... ok
test safe_u64_to_u16_tests::at_u16_max ... ok
test safe_array_bound_tests::add_overflow_error_message ... ok
test safe_array_bound_tests::all_zeros ... ok
test safe_array_bound_tests::zero_item_size_returns_base ... ok
test safe_array_bound_tests::zero_count_with_max_base ... ok
test safe_array_bound_tests::exact_usize_max_split ... ok
test safe_array_bound_tests::mul_overflow_error_message ... ok
test safe_u64_to_u16_tests::error_message_contains_context ... ok
test safe_u64_to_u16_tests::error_message_mentions_u16_max ... ok
test safe_u64_to_u16_tests::just_above_u16_max ... ok
test safe_array_bound_tests::large_non_overflowing ... ok
test safe_u64_to_u16_tests::one ... ok
test safe_u64_to_u16_tests::typical_value ... ok
test safe_array_bound_tests::add_overflow_max_base_plus_one ... ok
test safe_u64_to_u16_tests::at_u8_max ... ok
test safe_u64_to_u16_tests::error_message_contains_value ... ok
test safe_u64_to_u16_tests::u64_max_overflows ... ok
test safe_u64_to_u16_tests::u32_max_overflows ... ok
test safe_u64_to_u16_tests::zero ... ok
test safe_u64_to_u32_tests::at_u16_max ... ok
test safe_u64_to_u32_tests::at_u32_max ... ok
test safe_u64_to_u32_tests::at_u32_max_minus_one ... ok
test safe_u64_to_u32_tests::error_message_contains_context ... ok
test safe_u64_to_u32_tests::error_message_contains_value ... ok
test safe_u64_to_u32_tests::error_message_mentions_u32_max ... ok
test safe_u64_to_u32_tests::just_above_u32_max ... ok
test safe_u64_to_u32_tests::one ... ok
test safe_u64_to_u32_tests::typical_value ... ok
test safe_u64_to_u32_tests::u64_max_overflows ... ok
test safe_u64_to_u32_tests::u64_midpoint_overflows ... ok
test safe_u64_to_u32_tests::zero ... ok
test safe_usize_to_u32_tests::at_u16_max ... ok
test safe_usize_to_u32_tests::at_u32_max ... ok
test safe_usize_to_u32_tests::at_u32_max_minus_one ... ok
test safe_usize_to_u32_tests::error_message_contains_context ... ok
test safe_usize_to_u32_tests::error_message_mentions_u32_max ... ok
test safe_usize_to_u32_tests::just_above_u32_max ... ok
test safe_usize_to_u32_tests::one ... ok
test safe_usize_to_u32_tests::typical_value ... ok
test safe_usize_to_u32_tests::usize_max_overflows ... ok
test safe_usize_to_u32_tests::zero ... ok

test result: ok. 66 passed; 0 failed; 0 ignored; 0 measured; 0 filtered out; finished in 0.01s

     Running unittests src\lib.rs (target\debug\deps\copybook_overpunch-86bd1bdab8b7b19b.exe)

running 26 tests
test tests::test_all_ebcdic_codepage_variants_encode_decode ... ok
test tests::test_ascii_overpunch_encode_decode ... ok
test tests::test_ascii_encode_each_digit_positive ... ok
test tests::test_ascii_decode_each_negative_overpunch_char ... ok
test tests::test_encode_invalid_digit_rejected ... ok
test tests::test_ascii_round_trip_all_digit_sign_combinations ... ok
test tests::test_ebcdic_preferred_zero_round_trip_all_codepages ... ok
test tests::test_ebcdic_zone_nibbles_all_codepages ... ok
test tests::test_ascii_preferred_zero_policy_has_no_effect ... ok
test tests::test_ascii_overpunch_golden_values ... ok
test tests::test_ascii_regular_digits_decode_as_unsigned_positive ... ok
test tests::test_get_all_valid_overpunch_bytes ... ok
test tests::test_ebcdic_overpunch_encode_decode ... ok
test tests::test_ascii_decode_each_positive_overpunch_char ... ok
test tests::test_ascii_encode_each_digit_negative ... ok
test tests::test_boundary_single_digit_encode_decode ... ok
test tests::test_ebcdic_overpunch_golden_values ... ok
test tests::test_invalid_ascii_overpunch_bytes ... ok
test tests::test_positive_and_negative_zero_ascii ... ok
test tests::test_invalid_inputs ... ok
test tests::test_zero_sign_policies ... ok
test tests::test_is_valid_overpunch ... ok
test tests::test_invalid_ebcdic_overpunch_bytes ... ok
test tests::test_positive_and_negative_zero_ebcdic ... ok
test tests::test_ebcdic_f_zone_digits_decode_as_positive ... ok
test tests::prop_encode_decode_parity ... ok

test result: ok. 26 passed; 0 failed; 0 ignored; 0 measured; 0 filtered out; finished in 0.02s

     Running tests\comprehensive.rs (target\debug\deps\comprehensive-af03e4a9ceeeb9a4.exe)

running 30 tests
test all_valid_ascii_overpunch_bytes_are_decodable ... ok
test boundary_digit_9_negative_roundtrip ... ok
test boundary_digit_0_roundtrip ... ok
test all_valid_ebcdic_overpunch_bytes_are_decodable ... ok
test boundary_digit_9_positive_roundtrip ... ok
test encode_ascii_positive_all_digits ... ok
test full_roundtrip_all_digits_signs_codepages ... ok
test decode_ascii_negative_j_through_r ... ok
test encode_ascii_negative_all_digits ... ok
test decode_ascii_positive_a_through_i ... ok
test invalid_ebcdic_digit_nibble_rejected ... ok
test decode_ascii_negative_brace_is_zero ... ok
test is_valid_overpunch_ascii_negative_chars ... ok
test get_all_valid_overpunch_bytes_ascii_count ... ok
test zero_preferred_policy_ebcdic ... ok
test invalid_ascii_byte_rejected ... ok
test decode_ascii_plain_digits_as_positive ... ok
test invalid_ebcdic_zone_rejected ... ok
test is_valid_overpunch_ascii_invalid_chars ... ok
test encode_ebcdic_positive_all_digits_all_codepages ... ok
test is_valid_overpunch_ascii_plain_digits ... ok
test is_valid_overpunch_ascii_positive_chars ... ok
test zero_negative_ascii ... ok
test encode_ebcdic_negative_all_digits_all_codepages ... ok
test get_all_valid_overpunch_bytes_ebcdic_count ... ok
test decode_ascii_positive_brace_is_zero ... ok
test zero_preferred_policy_ascii_ignored ... ok
test invalid_digit_10_rejected ... ok
test invalid_digit_255_rejected ... ok
test zero_positive_ascii ... ok

test result: ok. 30 passed; 0 failed; 0 ignored; 0 measured; 0 filtered out; finished in 0.01s

     Running tests\overpunch_comprehensive.rs (target\debug\deps\overpunch_comprehensive-652b6675ce78e3c8.exe)

running 37 tests
test all_256_bytes_either_valid_or_error_ascii ... ok
test decode_zone_invalid_zones_return_none ... ok
test decode_zone_valid_zones ... ok
test ebcdic_decode_f_zone_all_digits_positive ... ok
test ebcdic_decode_negative_d_zone_all_digits ... ok
test all_256_bytes_either_valid_or_error_ebcdic ... ok
test ebcdic_decode_positive_c_zone_all_digits ... ok
test encode_ebcdic_positive_byte_structure ... ok
test pic_s9_field_roundtrip_various_values ... ok
test all_ebcdic_codepages_produce_identical_results ... ok
test encode_invalid_digits_rejected_with_correct_error_code ... ok
test valid_bytes_set_all_decodable ... ok
test invalid_ebcdic_digit_nibbles_a_through_f ... ok
test ebcdic_zone_helper_preferred_nonzero_unaffected ... ok
test pic_s9_4_zero_value ... ok
test valid_ebcdic_bytes_count_is_30 ... ok
test pic_s9_18_max_cobol_digits ... ok
test pic_s9_single_digit_signed ... ok
test roundtrip_decode_then_encode_ascii_overpunch_chars ... ok
test invalid_ascii_bytes_produce_correct_error_code ... ok
test ascii_negative_overpunch_table ... ok
test pic_s9_4_four_digit_signed ... ok
test ebcdic_zone_helper_negative_returns_0xd ... ok
test ascii_positive_overpunch_table ... ok
test pic_s9_9_nine_digit_signed ... ok
test zero_negative_ebcdic_all_codepages ... ok
test ebcdic_zone_helper_positive_returns_0xc ... ok
test invalid_ebcdic_zones_0x0_through_0xb_and_0xe ... ok
test valid_bytes_set_contains_no_duplicates ... ok
test ebcdic_zone_helper_preferred_zero_returns_0xf ... ok
test roundtrip_decode_then_encode_ebcdic_c_and_d_zones ... ok
test roundtrip_encode_then_decode_all_ebcdic ... ok
test valid_ascii_bytes_count_is_30 ... ok
test zero_positive_ebcdic_all_codepages ... ok
test encode_ebcdic_negative_byte_structure ... ok
test zero_preferred_collapses_sign_ebcdic ... ok
test roundtrip_encode_then_decode_ascii ... ok

test result: ok. 37 passed; 0 failed; 0 ignored; 0 measured; 0 filtered out; finished in 0.00s

     Running unittests mod.rs (target\debug\deps\copybook_proptest-1676ae8af9b116c5.exe)

running 203 tests
test arrays::prop_odo_respects_count_field ... ignored, tail_odo.array_path stores name not full path; encode find_field fails
test arrays::prop_nested_occurs_maintains_structure ... ok
test arrays::prop_occurs_array_roundtrip_preserves_elements ... ok
test generators::tests::test_ebcdic_zoned_generation ... ok
test generators::tests::test_ascii_zoned_generation ... ok
test numeric::prop_max_value_roundtrip_correct ... ok
test numeric::prop_numeric_overflow_handled ... ok
test generators::tests::test_field_name_generation ... ok
test numeric::prop_binary_roundtrip_preserves_value ... ok
test numeric::prop_leading_zeros_roundtrip_correct ... ok
test numeric::prop_numeric_field_size_matches_pic ... ok
test numeric::prop_negative_value_roundtrip_correct ... ok
test determinism::single_byte_mutation_is_detected ... ok
test numeric::prop_zero_roundtrip_correct ... ok
test fixed::prop_fixed_writer_rejects_payload_larger_than_lrecl ... ok
test arrays::prop_odo_roundtrip_varying_sizes ... ok
test determinism::compare_with_zero_limit_does_not_collect_diffs ... ok
test pic_clauses::prop_invalid_pic_rejected ... ok
test determinism::identical_buffers_are_deterministic ... ok
test numeric::prop_numeric_roundtrip_preserves_value ... ok
test numeric::prop_decimal_roundtrip_preserves_precision ... ok
test numeric::prop_comp3_roundtrip_preserves_value ... ok
test fixed::prop_fixed_writer_output_roundtrips_through_reader ... ok
test parsing::prop_whitespace_handling_consistent ... ok
test pic_clauses::prop_pic_edited_format_produces_correct_size ... ok
test pic_clauses::prop_pic_with_p_produces_correct_size ... ok
test arrays::prop_empty_occurs_handled_correctly ... ok
test arrays::prop_occurs_mixed_types_maintains_structure ... ok
test arrays::prop_occurs_size_calculated_correctly ... ok
test pic_clauses::prop_pic_mixed_types_produces_correct_size ... ok
test arrays::prop_occurs_to_maintains_bounds ... ok
test pic_clauses::prop_pic_binary_produces_correct_size ... ok
test pic_clauses::prop_pic_9n_produces_correct_size ... ok
test determinism::diff_collection_obeys_explicit_limit ... ok
test pic_clauses::prop_pic_comp3_produces_correct_size ... ok
test parsing::prop_redefines_maintain_offset_invariants ... ok
test arrays::prop_odo_maintains_size_relationship ... ok
test parsing::prop_occurs_clauses_parsed_correctly ... ok
test parsing::prop_malformed_copybooks_rejected ... ok
test prop_codec_bijection::prop_scratch_buffer_same_as_normal ... ok
test pic_clauses::prop_pic_decimal_produces_correct_size ... ok
test pic_clauses::prop_pic_s9n_produces_correct_size ... ok
test prop_codec_bijection::prop_scratch_reuse_no_contamination ... ok
test parsing::prop_comments_handled_correctly ... ok
test arrays::prop_occurs_numeric_roundtrip ... ok
test prop_codec_bijection::prop_encode_output_matches_schema_length ... ok
test pic_clauses::prop_pic_xn_produces_correct_size ... ok
test pic_clauses::prop_pic_with_v_produces_correct_structure ... ok
test prop_codec_bijection::prop_ebcdic_alpha_decode_encode_bijection ... ok
test prop_codec_roundtrip::prop_comp3_primitive_roundtrip ... ok
test prop_codec_roundtrip::prop_comp_fullstack_roundtrip ... ok
test prop_codec_roundtrip::prop_binary_int_16_signed_roundtrip ... ok
test generators::tests::test_pic_clause_generation ... ok
test prop_codec_bijection::prop_zoned_decimal_decode_encode_bijection ... ok
test parsing::prop_field_types_correctly_identified ... ok
test pic_clauses::prop_pic_repeated_characters_produces_correct_size ... ok
test pic_clauses::prop_pic_with_sign_produces_signed_field ... ok
test pic_clauses::prop_pic_identifies_correct_field_kind ... ok
test prop_codec_roundtrip::prop_binary_int_16_unsigned_roundtrip ... ok
test prop_corruption_detect::prop_control_byte_always_detected ... ok
test prop_corruption_detect::prop_invalid_sign_nibble_detected ... ok
test prop_corruption_detect::prop_invalid_high_nibble_detected ... ok
test prop_codec_roundtrip::prop_binary_int_32_signed_roundtrip ... ok
test prop_edited_pic::prop_edited_pic_zzz9_roundtrip ... ok
test parsing::prop_pic_clause_parsing_idempotent ... ok
test prop_edited_pic::prop_edited_decimal_roundtrip ... ok
test prop_corruption_detect::prop_predicates_are_pure ... ok
test prop_edited_pic::prop_sign_editing_preserves_sign ... ok
test prop_corruption_detect::prop_ebcdic_detection_deterministic ... ok
test arrays::prop_occurs_maintains_element_size_consistency ... ok
test parsing::prop_field_names_unique_within_level ... ok
test prop_edited_pic::prop_check_protect_roundtrip ... ok
test prop_governance::prop_governance_summary_deterministic ... ok
test prop_corruption_detect::prop_packed_detection_deterministic ... ok
test prop_governance::prop_missing_flags_subset_of_required ... ok
test prop_codec_roundtrip::prop_ebcdic_pic_x_roundtrip ... ok
test prop_governance::prop_enable_then_disable ... ok
test prop_codec_roundtrip::prop_binary_int_32_unsigned_roundtrip ... ok
test prop_codec_roundtrip::prop_decoded_pic_x_is_valid_json ... ok
test prop_codec_roundtrip::prop_comp3_fullstack_roundtrip ... ok
test prop_codec_roundtrip::prop_pic9_with_scale_roundtrip ... ok
test prop_governance::prop_governance_bindings_deterministic ... ok
test prop_governance::prop_runtime_enabled_iff_no_missing ... ok
test prop_codec_roundtrip::prop_decoded_pic9_is_valid_json ... ok
test prop_governance::prop_governance_bindings_map_to_support ... ok
test prop_governance::prop_double_toggle_restores_state ... ok
test prop_governance::prop_runtime_summary_consistent ... ok
test prop_edited_pic::prop_zero_suppression_preserves_value ... ok
test prop_governance::prop_feature_flag_query_idempotent ... ok
test prop_field_layout::prop_occurs_field_effective_length ... ok
test prop_corruption_detect::prop_valid_comp3_not_flagged ... ok
test prop_overflow::prop_i64_to_u32_never_panics ... ok
test prop_overflow::prop_array_bound_small_inputs_succeed ... ok
test prop_overflow::prop_i64_to_u16_never_panics ... ok
test prop_overflow::prop_array_bound_detects_add_overflow ... ok
test prop_overflow::prop_narrowing_preserves_value ... ok
test parsing::prop_parsing_options_consistent ... ok
test prop_codec_roundtrip::prop_pic_x_roundtrip_various_lengths ... ok
test prop_governance::prop_support_matrix_stable_length ... ok
test pic_clauses::prop_pic_parsing_idempotent ... ok
test prop_overflow::prop_u16_boundary_probe ... ok
test prop_overflow::prop_u16_success_implies_u32_success ... ok
test prop_governance::prop_support_matrix_lookup_consistent ... ok
test prop_overflow_safety::prop_array_bound_correct_when_ok ... ok
test prop_overflow::prop_usize_to_u32_correct ... ok
test prop_overflow::prop_u64_above_u32_max_always_error ... ok
test prop_codec_bijection::prop_alphanumeric_encode_decode_bijection ... ok
test prop_field_layout::prop_nested_group_child_offset_starts_at_group_offset ... ok
test prop_overflow::prop_u64_above_u16_max_always_error ... ok
test prop_corruption_detect::prop_valid_printable_bytes_not_flagged ... ok
test prop_overflow_safety::prop_array_bound_zero_item_size ... ok
test prop_overflow_safety::prop_array_bound_zero_count ... ok
test prop_overflow_safety::prop_u16_boundary_correct ... ok
test prop_overflow_safety::prop_u32_boundary_correct ... ok
test prop_overflow::prop_u64_within_u16_range_always_ok ... ok
test prop_overflow_safety::prop_u64_to_u16_never_panics ... ok
test prop_overflow::prop_array_bound_never_panics_random ... ok
test prop_overflow::prop_u64_within_u32_range_always_ok ... ok
test prop_overflow_safety::prop_u64_to_u32_never_panics ... ok
test prop_overflow::prop_array_bound_detects_mul_overflow ... ok
test prop_overflow_safety::prop_array_bound_never_panics ... ok
test prop_no_panic::prop_rdw_reader_arbitrary_no_panic ... ok
test prop_no_panic::prop_fixed_reader_arbitrary_no_panic ... ok
test prop_sign_separate::prop_negative_zero_normalizes ... ok
test prop_sign_separate::prop_sign_byte_position_correct ... ok
test prop_sign_separate::prop_sign_separate_encode_decode_roundtrip ... ok
test prop_schema_projection::prop_invalid_field_name_returns_error ... ok
test prop_field_layout::prop_adjacent_groups_no_overlap ... ok
test prop_codec_roundtrip::prop_multifield_decoded_is_valid_json ... ok
test prop_schema_projection::prop_group_selection_includes_children ... ok
test prop_sign_separate::prop_encoded_length_is_digits_plus_one ... ok
test prop_overflow_safety::prop_array_bound_overflow_is_error ... ok
test prop_schema_projection::prop_projection_is_idempotent ... ok
test prop_schema_projection::prop_projected_schema_decodes_successfully ... ok
test prop_schema_projection::prop_odo_counter_auto_included ... ok
test prop_sign_separate::prop_sign_separate_parse_schema_field_length ... ok
test prop_field_layout::prop_sibling_scalar_offsets_are_sequential ... ok
test redefines::prop_multiple_redefines_same_field ... ok
test prop_no_panic::prop_encode_arbitrary_json_no_panic ... ok
test record_io::prop_codec_record_facade_matches_microcrate ... ok
test prop_field_layout::prop_lrecl_matches_max_field_extent ... ok
test rdw::prop_rdw_writer_output_is_readable_with_reader ... ok
test prop_no_panic::prop_ebcdic_conversion_no_panic ... ok
test prop_schema_projection::prop_select_all_matches_original ... ok
test prop_overflow::prop_u32_failure_implies_u16_failure ... ok
test record_io::prop_rdw_dispatch_roundtrip ... ok
test record_io::prop_fixed_dispatch_roundtrip_when_lrecl_matches ... ok
test prop_schema_projection::prop_projected_schema_contains_selected_fields ... ok
test prop_schema_projection::prop_empty_selection_yields_empty_schema ... ok
test redefines::prop_redefines_chain_consistent_offsets ... ok
test prop_schema_projection::prop_projected_schema_excludes_unselected ... ok
test prop_no_panic::prop_variable_schema_decode_no_panic ... ok
test prop_overflow_safety::prop_usize_to_u32_never_panics ... ok
test prop_no_panic::prop_parse_arbitrary_text_no_panic ... FAILED
test prop_field_layout::prop_group_len_equals_children_sum ... ok
test prop_overflow::prop_u32_boundary_probe ... ok
test prop_schema_projection::prop_projection_never_increases_size ... ok
test redefines::prop_redefines_different_sizes ... ok
test prop_no_panic::prop_decode_arbitrary_bytes_no_panic ... ok
test redefines::prop_redefines_with_level88 ... ok
test redefines::prop_redefines_same_level ... ok
test redefines::prop_redefines_not_on_first_field ... ok
test rdw::prop_rdw_writer_output_is_readable_with_primitives ... ok
test redefines::prop_redefines_with_occurs ... ok
test redefines::prop_redefines_nested_groups ... ok
test safe_index::prop_safe_divide_rejects_zero_denominator ... ok
test redefines::prop_redefines_maintains_total_size ... ok
test redefines::prop_redefines_field_identifies_as_elementary ... ok
test redefines::prop_redefines_order_preserved ... ok
test parsing::prop_parsed_copybook_valid_hierarchy ... ok
test roundtrip::prop_ascii_zoned_roundtrip_preserves_data ... ok
test roundtrip::prop_ebcdic_zoned_roundtrip_preserves_data ... ok
test parsing::prop_total_size_consistent ... ok
test roundtrip::prop_multi_field_roundtrip_preserves_all_fields ... ok
test parsing::prop_field_offsets_monotonic ... ok
test roundtrip::prop_ascii_signed_zoned_roundtrip_preserves_sign ... ok
test roundtrip::prop_alphanumeric_ascii_roundtrip_preserves_data ... ok
test redefines::prop_redefines_different_types ... ok
test safe_index::prop_safe_divide_round_trip ... ok
test safe_text::prop_parse_isize_round_trip ... ok
test generators::tests::test_simple_copybook_generation ... ok
test safe_index::prop_safe_slice_get_round_trip ... ok
test roundtrip::prop_json_encode_decode_roundtrip_preserves_structure ... ok
test safe_text::prop_safe_string_char_at_round_trip ... ok
test roundtrip::prop_empty_fields_roundtrip_correctly ... ok
test schema_invariants::prop_field_length_non_negative ... ok
test schema_invariants::prop_scalar_field_not_group ... ok
test schema_invariants::prop_effective_length_includes_array_multiplier ... ok
test rdw::prop_rdw_record_header_matches_payload ... ok
test schema_invariants::prop_odo_effective_length_uses_max ... ok
test schema_invariants::prop_redefines_fields_share_offset ... ok
test schema_invariants::prop_odo_creces_proper_structure ... ok
test schema_invariants::prop_field_path_includes_parent ... ok
test schema_invariants::prop_group_field_no_direct_length ... ok
test schema_invariants::prop_nested_groups_maintain_hierarchy ... ok
test schema_invariants::prop_field_offsets_monotonically_increase ... ok
test safe_text::prop_parse_u16_round_trip ... ok
test redefines::prop_redefines_same_offset ... ok
test safe_text::prop_parse_usize_round_trip ... ok
test schema_invariants::prop_schema_serialization_symmetric ... ok
test schema_invariants::prop_schema_fingerprint_unique ... ok
test redefines::prop_redefines_with_filler ... ok
test roundtrip::prop_roundtrip_preserves_data_size ... ok

failures:

---- prop_no_panic::prop_parse_arbitrary_text_no_panic stdout ----

thread 'prop_no_panic::prop_parse_arbitrary_text_no_panic' (292548) panicked at crates\copybook-lexer\src\lib.rs:522:14:
byte index 7 is not a char boundary; it is inside '≡ºÄÉ' (bytes 6..10) of `KT≤àë╝≡ºÄÉ"∩┐╜
≤Ñ╜áIe(≥éô▓*/&#∩┐╜Xwy]&├ò1∩╗┐∩╗┐qH├áR≤¡¢«±äêå≥░ò▓%=≥»Öÿ?S==≤ùç½`
note: run with `RUST_BACKTRACE=1` environment variable to display a backtrace

thread 'prop_no_panic::prop_parse_arbitrary_text_no_panic' (292548) panicked at crates\copybook-lexer\src\lib.rs:522:14:
byte index 7 is not a char boundary; it is inside '≡ºÄÉ' (bytes 6..10) of `KT≤àë╝≡ºÄÉ"∩┐╜
≤Ñ╜áIe(≥éô▓*/&#∩┐╜Xwy]&├ò1∩╗┐∩╗┐qH├áR≤¡¢«±äêå≥░ò▓%=≥»Öÿ?S==≤ùç½`

thread 'prop_no_panic::prop_parse_arbitrary_text_no_panic' (292548) panicked at crates\copybook-lexer\src\lib.rs:522:14:
byte index 7 is not a char boundary; it is inside '≡ºÄÉ' (bytes 6..10) of `KT≤àë╝≡ºÄÉ"∩┐╜
≤Ñ╜áIe(≥éô▓*/&#∩┐╜Xwy]&├ò1∩╗┐∩╗┐qH├áR≤¡¢«±äêå≥░ò▓%=≥»Öÿ?S==≤ùç½`

thread 'prop_no_panic::prop_parse_arbitrary_text_no_panic' (292548) panicked at crates\copybook-lexer\src\lib.rs:522:14:
byte index 7 is not a char boundary; it is inside '≡ºÄÉ' (bytes 6..10) of `KT≤àë╝≡ºÄÉ"∩┐╜
≤Ñ╜áIe(≥éô▓*/&#∩┐╜Xwy]&├ò1∩╗┐∩╗┐qH├áR≤¡¢«±äêå≥░ò▓%=≥»Öÿ?S==≤ùç½`

thread 'prop_no_panic::prop_parse_arbitrary_text_no_panic' (292548) panicked at crates\copybook-lexer\src\lib.rs:522:14:
byte index 7 is not a char boundary; it is inside '≡ºÄÉ' (bytes 6..10) of `KT≤àë╝≡ºÄÉ"∩┐╜
≤Ñ╜áIe(≥éô▓*/&#∩┐╜Xwy]&├ò1∩╗┐∩╗┐qH├áR≤¡¢«±äêå≥░ò▓%=≥»Öÿ?S==≤ùç½`

thread 'prop_no_panic::prop_parse_arbitrary_text_no_panic' (292548) panicked at crates\copybook-lexer\src\lib.rs:522:14:
byte index 7 is not a char boundary; it is inside '≡ºÄÉ' (bytes 6..10) of `KT≤àë╝≡ºÄÉ"∩┐╜
≤Ñ╜áIe(≥éô▓*/&#∩┐╜Xwy]&├ò1∩╗┐∩╗┐qH├áR≤¡¢«±äêå≥░ò▓%=≥»Öÿ?S==≤ùç½`

thread 'prop_no_panic::prop_parse_arbitrary_text_no_panic' (292548) panicked at crates\copybook-lexer\src\lib.rs:522:14:
byte index 7 is not a char boundary; it is inside '≡ºÄÉ' (bytes 6..10) of `KT≤àë╝≡ºÄÉ"∩┐╜
≤Ñ╜áIe(≥éô▓*/&#∩┐╜Xwy]&├ò1∩╗┐∩╗┐qH├áR≤¡¢«±äêå≥░ò▓%=≥»Öÿ?S==≤ùç½`

thread 'prop_no_panic::prop_parse_arbitrary_text_no_panic' (292548) panicked at crates\copybook-lexer\src\lib.rs:522:14:
byte index 7 is not a char boundary; it is inside '≡ºÄÉ' (bytes 6..10) of `KT≤àë╝≡ºÄÉ"∩┐╜
≤Ñ╜áIe(≥éô▓*/&#∩┐╜Xwy]&├ò1∩╗┐∩╗┐qH├áR≤¡¢«±äêå≥░ò▓%=≥»Öÿ?S==≤ùç½`

thread 'prop_no_panic::prop_parse_arbitrary_text_no_panic' (292548) panicked at crates\copybook-lexer\src\lib.rs:522:14:
byte index 7 is not a char boundary; it is inside '≡ºÄÉ' (bytes 6..10) of `KT≤àë╝≡ºÄÉ"∩┐╜
≤Ñ╜áIe(≥éô▓*/&#∩┐╜Xwy]&├ò1∩╗┐∩╗┐qH├áR≤¡¢«±äêå≥░ò▓%=≥»Öÿ?S==≤ùç½`

thread 'prop_no_panic::prop_parse_arbitrary_text_no_panic' (292548) panicked at crates\copybook-lexer\src\lib.rs:522:14:
byte index 7 is not a char boundary; it is inside '≡ºÄÉ' (bytes 6..10) of `KT≤àë╝≡ºÄÉ"∩┐╜
≤Ñ╜áIe(≥éô▓*/&#∩┐╜Xwy]&├ò1∩╗┐∩╗┐qH├áR≤¡¢«±äêå≥░ò▓%=≥»Öÿ?S==≤ùç½`

thread 'prop_no_panic::prop_parse_arbitrary_text_no_panic' (292548) panicked at crates\copybook-lexer\src\lib.rs:522:14:
byte index 7 is not a char boundary; it is inside '≡ºÄÉ' (bytes 6..10) of `KT≤àë╝≡ºÄÉ"∩┐╜
≤Ñ╜áIe(≥éô▓*/&#∩┐╜Xwy]&├ò1∩╗┐∩╗┐qH├áR≤¡¢«±äêå≥░ò▓%=≥»Öÿ?S==≤ùç½`

thread 'prop_no_panic::prop_parse_arbitrary_text_no_panic' (292548) panicked at crates\copybook-lexer\src\lib.rs:522:14:
byte index 7 is not a char boundary; it is inside '≡ºÄÉ' (bytes 6..10) of `KT≤àë╝≡ºÄÉ"∩┐╜
≤Ñ╜áIe(≥éô▓*/&#∩┐╜Xwy]&├ò1∩╗┐∩╗┐qH├áR≤¡¢«±äêå≥░ò▓%=≥»Öÿ?S==≤ùç½`

thread 'prop_no_panic::prop_parse_arbitrary_text_no_panic' (292548) panicked at crates\copybook-lexer\src\lib.rs:522:14:
byte index 7 is not a char boundary; it is inside '≡ºÄÉ' (bytes 6..10) of `KT≤àë╝≡ºÄÉ"∩┐╜
≤Ñ╜áIe(≥éô▓*/&#∩┐╜Xwy]&├ò1∩╗┐∩╗┐qH├áR≤¡¢«±äêå≥░ò▓%=≥»Öÿ?S==≤ùç½`

thread 'prop_no_panic::prop_parse_arbitrary_text_no_panic' (292548) panicked at crates\copybook-lexer\src\lib.rs:522:14:
byte index 7 is not a char boundary; it is inside '≡ºÄÉ' (bytes 6..10) of `KT≤àë╝≡ºÄÉ"∩┐╜
≤Ñ╜áIe(≥éô▓*/&#∩┐╜Xwy]&├ò1∩╗┐∩╗┐qH├áR≤¡¢«±äêå≥░ò▓%=≥»Öÿ?S==≤ùç½`

thread 'prop_no_panic::prop_parse_arbitrary_text_no_panic' (292548) panicked at crates\copybook-lexer\src\lib.rs:522:14:
byte index 7 is not a char boundary; it is inside '≡ºÄÉ' (bytes 6..10) of `KT≤àë╝≡ºÄÉ"∩┐╜
≤Ñ╜áIe(≥éô▓*/&#∩┐╜Xwy]&├ò1∩╗┐∩╗┐qH├áR≤¡¢«±äêå≥░ò▓%=≥»Öÿ?S==≤ùç½`

thread 'prop_no_panic::prop_parse_arbitrary_text_no_panic' (292548) panicked at crates\copybook-lexer\src\lib.rs:522:14:
byte index 7 is not a char boundary; it is inside '≡ºÄÉ' (bytes 6..10) of `KT≤àë╝≡ºÄÉ"∩┐╜
≤Ñ╜áIe(≥éô▓*/&#∩┐╜Xwy]&├ò1∩╗┐∩╗┐qH├áR≤¡¢«±äêå≥░ò▓%=≥»Öÿ?S==≤ùç½`

thread 'prop_no_panic::prop_parse_arbitrary_text_no_panic' (292548) panicked at crates\copybook-lexer\src\lib.rs:522:14:
byte index 7 is not a char boundary; it is inside '≡ºÄÉ' (bytes 6..10) of `KT≤àë╝≡ºÄÉ"∩┐╜
≤Ñ╜áIe(≥éô▓*/&#∩┐╜Xwy]&├ò1∩╗┐∩╗┐qH├áR≤¡¢«±äêå≥░ò▓%=≥»Öÿ?S==≤ùç½`

thread 'prop_no_panic::prop_parse_arbitrary_text_no_panic' (292548) panicked at crates\copybook-lexer\src\lib.rs:522:14:
byte index 7 is not a char boundary; it is inside '≡ºÄÉ' (bytes 6..10) of `KT≤àë╝≡ºÄÉ"∩┐╜
≤Ñ╜áIe(≥éô▓*/&#∩┐╜Xwy]&├ò1∩╗┐∩╗┐qH├áR≤¡¢«±äêå≥░ò▓%=≥»Öÿ?S==≤ùç½`

thread 'prop_no_panic::prop_parse_arbitrary_text_no_panic' (292548) panicked at crates\copybook-lexer\src\lib.rs:522:14:
byte index 7 is not a char boundary; it is inside '≡ºÄÉ' (bytes 6..10) of `KT≤àë╝≡ºÄÉ"∩┐╜
≤Ñ╜áIe(≥éô▓*/&#∩┐╜Xwy]&├ò1∩╗┐∩╗┐qH├áR≤¡¢«±äêå≥░ò▓%=≥»Öÿ?S==≤ùç½`

thread 'prop_no_panic::prop_parse_arbitrary_text_no_panic' (292548) panicked at crates\copybook-lexer\src\lib.rs:522:14:
byte index 7 is not a char boundary; it is inside '≡ºÄÉ' (bytes 6..10) of `KT≤àë╝≡ºÄÉ"∩┐╜
≤Ñ╜áIe(≥éô▓*/&#∩┐╜Xwy]&├ò1∩╗┐∩╗┐qH├áR≤¡¢«±äêå≥░ò▓%=≥»Öÿ?S==≤ùç½`

thread 'prop_no_panic::prop_parse_arbitrary_text_no_panic' (292548) panicked at crates\copybook-lexer\src\lib.rs:522:14:
byte index 7 is not a char boundary; it is inside '≡ºÄÉ' (bytes 6..10) of `KT≤àë╝≡ºÄÉ"∩┐╜
≤Ñ╜áIe(≥éô▓*/&#∩┐╜Xwy]&├ò1∩╗┐∩╗┐qH├áR≤¡¢«±äêå≥░ò▓%=≥»Öÿ?S==≤ùç½`

thread 'prop_no_panic::prop_parse_arbitrary_text_no_panic' (292548) panicked at crates\copybook-lexer\src\lib.rs:522:14:
byte index 7 is not a char boundary; it is inside '≡ºÄÉ' (bytes 6..10) of `KT≤àë╝≡ºÄÉ"∩┐╜
≤Ñ╜áIe(≥éô▓*/&#∩┐╜Xwy]&├ò1∩╗┐∩╗┐qH├áR≤¡¢«±äêå≥░ò▓%=≥»Öÿ?S==≤ùç½`

thread 'prop_no_panic::prop_parse_arbitrary_text_no_panic' (292548) panicked at crates\copybook-lexer\src\lib.rs:522:14:
byte index 7 is not a char boundary; it is inside '≡ºÄÉ' (bytes 6..10) of `KT≤àë╝≡ºÄÉ"∩┐╜
≤Ñ╜áIe(≥éô▓*/&#∩┐╜Xwy]&├ò1∩╗┐∩╗┐qH├áR≤¡¢«±äêå≥░ò▓%=≥»Öÿ?S==≤ùç½`

thread 'prop_no_panic::prop_parse_arbitrary_text_no_panic' (292548) panicked at crates\copybook-lexer\src\lib.rs:522:14:
byte index 7 is not a char boundary; it is inside '≡ºÄÉ' (bytes 6..10) of `KT≤àë╝≡ºÄÉ"∩┐╜
≤Ñ╜áIe(≥éô▓*/&#∩┐╜Xwy]&├ò1∩╗┐∩╗┐qH├áR≤¡¢«±äêå≥░ò▓%=≥»Öÿ?S==≤ùç½`

thread 'prop_no_panic::prop_parse_arbitrary_text_no_panic' (292548) panicked at crates\copybook-lexer\src\lib.rs:522:14:
byte index 7 is not a char boundary; it is inside '≡ºÄÉ' (bytes 6..10) of `KT≤àë╝≡ºÄÉ"∩┐╜
≤Ñ╜áIe(≥éô▓*/&#∩┐╜Xwy]&├ò1∩╗┐∩╗┐qH├áR≤¡¢«±äêå≥░ò▓%=≥»Öÿ?S==≤ùç½`

thread 'prop_no_panic::prop_parse_arbitrary_text_no_panic' (292548) panicked at crates\copybook-lexer\src\lib.rs:522:14:
byte index 7 is not a char boundary; it is inside '≡ºÄÉ' (bytes 6..10) of `KT≤àë╝≡ºÄÉ"∩┐╜
≤Ñ╜áIe(≥éô▓*/&#∩┐╜Xwy]&├ò1∩╗┐∩╗┐qH├áR≤¡¢«±äêå≥░ò▓%=≥»Öÿ?S==≤ùç½`

thread 'prop_no_panic::prop_parse_arbitrary_text_no_panic' (292548) panicked at crates\copybook-lexer\src\lib.rs:522:14:
byte index 7 is not a char boundary; it is inside '≡ºÄÉ' (bytes 6..10) of `KT≤àë╝≡ºÄÉ"∩┐╜
≤Ñ╜áIe(≥éô▓*/&#∩┐╜Xwy]&├ò1∩╗┐∩╗┐qH├áR≤¡¢«±äêå≥░ò▓%=≥»Öÿ?S==≤ùç½`

thread 'prop_no_panic::prop_parse_arbitrary_text_no_panic' (292548) panicked at crates\copybook-lexer\src\lib.rs:522:14:
byte index 7 is not a char boundary; it is inside '≡ºÄÉ' (bytes 6..10) of `KT≤àë╝≡ºÄÉ"∩┐╜
≤Ñ╜áIe(≥éô▓*/&#∩┐╜Xwy]&├ò1∩╗┐∩╗┐qH├áR≤¡¢«±äêå≥░ò▓%=≥»Öÿ?S==≤ùç½`

thread 'prop_no_panic::prop_parse_arbitrary_text_no_panic' (292548) panicked at crates\copybook-lexer\src\lib.rs:522:14:
byte index 7 is not a char boundary; it is inside '≡ºÄÉ' (bytes 6..10) of `KT≤àë╝≡ºÄÉ"∩┐╜
≤Ñ╜áIe(≥éô▓*/&#∩┐╜Xwy]&├ò1∩╗┐∩╗┐qH├áR≤¡¢«±äêå≥░ò▓%=≥»Öÿ?S==≤ùç½`

thread 'prop_no_panic::prop_parse_arbitrary_text_no_panic' (292548) panicked at crates\copybook-lexer\src\lib.rs:522:14:
byte index 7 is not a char boundary; it is inside '≡ºÄÉ' (bytes 6..10) of `KT≤àë╝≡ºÄÉ"∩┐╜
≤Ñ╜áIe(≥éô▓*/&#∩┐╜Xwy]&├ò1∩╗┐∩╗┐qH├áR≤¡¢«±äêå≥░ò▓%=≥»Öÿ?S==≤ùç½`

thread 'prop_no_panic::prop_parse_arbitrary_text_no_panic' (292548) panicked at crates\copybook-lexer\src\lib.rs:522:14:
byte index 7 is not a char boundary; it is inside '≡ºÄÉ' (bytes 6..10) of `KT≤àë╝≡ºÄÉ"∩┐╜
≤Ñ╜áIe(≥éô▓*/&#∩┐╜Xwy]&├ò1∩╗┐∩╗┐qH├áR≤¡¢«±äêå≥░ò▓%=≥»Öÿ?S==≤ùç½`

thread 'prop_no_panic::prop_parse_arbitrary_text_no_panic' (292548) panicked at crates\copybook-lexer\src\lib.rs:522:14:
byte index 7 is not a char boundary; it is inside '≡ºÄÉ' (bytes 6..10) of `KT≤àë╝≡ºÄÉ"∩┐╜
≤Ñ╜áIe(≥éô▓*/&#∩┐╜Xwy]&├ò1∩╗┐∩╗┐qH├áR≤¡¢«±äêå≥░ò▓%=≥»Öÿ?S==≤ùç½`

thread 'prop_no_panic::prop_parse_arbitrary_text_no_panic' (292548) panicked at crates\copybook-lexer\src\lib.rs:522:14:
byte index 7 is not a char boundary; it is inside '≡ºÄÉ' (bytes 6..10) of `KT≤àë╝≡ºÄÉ"∩┐╜
≤Ñ╜áIe(≥éô▓*/&#∩┐╜Xwy]&├ò1∩╗┐∩╗┐qH├áR≤¡¢«±äêå≥░ò▓%=≥»Öÿ?S==≤ùç½`

thread 'prop_no_panic::prop_parse_arbitrary_text_no_panic' (292548) panicked at crates\copybook-lexer\src\lib.rs:522:14:
byte index 7 is not a char boundary; it is inside '≡ºÄÉ' (bytes 6..10) of `KT≤àë╝≡ºÄÉ"∩┐╜
≤Ñ╜áIe(≥éô▓*/&#∩┐╜Xwy]&├ò1∩╗┐∩╗┐qH├áR≤¡¢«±äêå≥░ò▓%=≥»Öÿ?S==≤ùç½`

thread 'prop_no_panic::prop_parse_arbitrary_text_no_panic' (292548) panicked at crates\copybook-lexer\src\lib.rs:522:14:
byte index 7 is not a char boundary; it is inside '≡ºÄÉ' (bytes 6..10) of `KT≤àë╝≡ºÄÉ"∩┐╜
≤Ñ╜áIe(≥éô▓*/&#∩┐╜Xwy]&├ò1∩╗┐∩╗┐qH├áR≤¡¢«±äêå≥░ò▓%=≥»Öÿ?S==≤ùç½`

thread 'prop_no_panic::prop_parse_arbitrary_text_no_panic' (292548) panicked at crates\copybook-lexer\src\lib.rs:522:14:
byte index 7 is not a char boundary; it is inside '≡ºÄÉ' (bytes 6..10) of `KT≤àë╝≡ºÄÉ"∩┐╜
≤Ñ╜áIe(≥éô▓*/&#∩┐╜Xwy]&├ò1∩╗┐∩╗┐qH├áR≤¡¢«±äêå≥░ò▓%=≥»Öÿ?S==≤ùç½`

thread 'prop_no_panic::prop_parse_arbitrary_text_no_panic' (292548) panicked at crates\copybook-lexer\src\lib.rs:522:14:
byte index 7 is not a char boundary; it is inside '≡ºÄÉ' (bytes 6..10) of `KT≤àë╝≡ºÄÉ"∩┐╜
≤Ñ╜áIe(≥éô▓*/&#∩┐╜Xwy]&├ò1∩╗┐∩╗┐qH├áR≤¡¢«±äêå≥░ò▓%=≥»Öÿ?S==≤ùç½`

thread 'prop_no_panic::prop_parse_arbitrary_text_no_panic' (292548) panicked at crates\copybook-lexer\src\lib.rs:522:14:
byte index 7 is not a char boundary; it is inside '≡ºÄÉ' (bytes 6..10) of `KT≤àë╝≡ºÄÉ"∩┐╜
≤Ñ╜áIe(≥éô▓*/&#∩┐╜Xwy]&├ò1∩╗┐∩╗┐qH├áR≤¡¢«±äêå≥░ò▓%=≥»Öÿ?S==≤ùç½`

thread 'prop_no_panic::prop_parse_arbitrary_text_no_panic' (292548) panicked at crates\copybook-lexer\src\lib.rs:522:14:
byte index 7 is not a char boundary; it is inside '≡ºÄÉ' (bytes 6..10) of `KT≤àë╝≡ºÄÉ"∩┐╜
≤Ñ╜áIe(≥éô▓*/&#∩┐╜Xwy]&├ò1∩╗┐∩╗┐qH├áR≤¡¢«±äêå≥░ò▓%=≥»Öÿ?S==≤ùç½`

thread 'prop_no_panic::prop_parse_arbitrary_text_no_panic' (292548) panicked at crates\copybook-lexer\src\lib.rs:522:14:
byte index 7 is not a char boundary; it is inside '≡ºÄÉ' (bytes 6..10) of `KT≤àë╝≡ºÄÉ"∩┐╜
≤Ñ╜áIe(≥éô▓*/&#∩┐╜Xwy]&├ò1∩╗┐∩╗┐qH├áR≤¡¢«±äêå≥░ò▓%=≥»Öÿ?S==≤ùç½`

thread 'prop_no_panic::prop_parse_arbitrary_text_no_panic' (292548) panicked at crates\copybook-lexer\src\lib.rs:522:14:
byte index 7 is not a char boundary; it is inside '≡ºÄÉ' (bytes 6..10) of `KT≤àë╝≡ºÄÉ"∩┐╜
≤Ñ╜áIe(≥éô▓*/&#∩┐╜Xwy]&├ò1∩╗┐∩╗┐qH├áR≤¡¢«±äêå≥░ò▓%=≥»Öÿ?S==≤ùç½`

thread 'prop_no_panic::prop_parse_arbitrary_text_no_panic' (292548) panicked at crates\copybook-lexer\src\lib.rs:522:14:
byte index 7 is not a char boundary; it is inside '≡ºÄÉ' (bytes 6..10) of `KT≤àë╝≡ºÄÉ"∩┐╜
≤Ñ╜áIe(≥éô▓*/&#∩┐╜Xwy]&├ò1∩╗┐∩╗┐qH├áR≤¡¢«±äêå≥░ò▓%=≥»Öÿ?S==≤ùç½`

thread 'prop_no_panic::prop_parse_arbitrary_text_no_panic' (292548) panicked at crates\copybook-lexer\src\lib.rs:522:14:
byte index 7 is not a char boundary; it is inside '≡ºÄÉ' (bytes 6..10) of `KT≤àë╝≡ºÄÉ"∩┐╜
≤Ñ╜áIe(≥éô▓*/&#∩┐╜Xwy]&├ò1∩╗┐∩╗┐qH├áR≤¡¢«±äêå≥░ò▓%=≥»Öÿ?S==≤ùç½`

thread 'prop_no_panic::prop_parse_arbitrary_text_no_panic' (292548) panicked at crates\copybook-lexer\src\lib.rs:522:14:
byte index 7 is not a char boundary; it is inside '≡ºÄÉ' (bytes 6..10) of `KT≤àë╝≡ºÄÉ"∩┐╜
≤Ñ╜áIe(≥éô▓*/&#∩┐╜Xwy]&├ò1∩╗┐∩╗┐qH├áR≤¡¢«±äêå≥░ò▓%=≥»Öÿ?S==≤ùç½`

thread 'prop_no_panic::prop_parse_arbitrary_text_no_panic' (292548) panicked at crates\copybook-lexer\src\lib.rs:522:14:
byte index 7 is not a char boundary; it is inside '≡ºÄÉ' (bytes 6..10) of `FT≤àë╝≡ºÄÉ"∩┐╜
≤Ñ╜áIe(≥éô▓*/&#∩┐╜Xwy]&├ò1∩╗┐∩╗┐qH├áR≤¡¢«±äêå≥░ò▓%=≥»Öÿ?S==≤ùç½`

thread 'prop_no_panic::prop_parse_arbitrary_text_no_panic' (292548) panicked at crates\copybook-lexer\src\lib.rs:522:14:
byte index 7 is not a char boundary; it is inside '≡ºÄÉ' (bytes 6..10) of `CT≤àë╝≡ºÄÉ"∩┐╜
≤Ñ╜áIe(≥éô▓*/&#∩┐╜Xwy]&├ò1∩╗┐∩╗┐qH├áR≤¡¢«±äêå≥░ò▓%=≥»Öÿ?S==≤ùç½`

thread 'prop_no_panic::prop_parse_arbitrary_text_no_panic' (292548) panicked at crates\copybook-lexer\src\lib.rs:522:14:
byte index 7 is not a char boundary; it is inside '≡ºÄÉ' (bytes 6..10) of `BT≤àë╝≡ºÄÉ"∩┐╜
≤Ñ╜áIe(≥éô▓*/&#∩┐╜Xwy]&├ò1∩╗┐∩╗┐qH├áR≤¡¢«±äêå≥░ò▓%=≥»Öÿ?S==≤ùç½`

thread 'prop_no_panic::prop_parse_arbitrary_text_no_panic' (292548) panicked at crates\copybook-lexer\src\lib.rs:522:14:
byte index 7 is not a char boundary; it is inside '≡ºÄÉ' (bytes 6..10) of `AT≤àë╝≡ºÄÉ"∩┐╜
≤Ñ╜áIe(≥éô▓*/&#∩┐╜Xwy]&├ò1∩╗┐∩╗┐qH├áR≤¡¢«±äêå≥░ò▓%=≥»Öÿ?S==≤ùç½`

thread 'prop_no_panic::prop_parse_arbitrary_text_no_panic' (292548) panicked at crates\copybook-lexer\src\lib.rs:522:14:
byte index 7 is not a char boundary; it is inside '≡ºÄÉ' (bytes 6..10) of `AJ≤àë╝≡ºÄÉ"∩┐╜
≤Ñ╜áIe(≥éô▓*/&#∩┐╜Xwy]&├ò1∩╗┐∩╗┐qH├áR≤¡¢«±äêå≥░ò▓%=≥»Öÿ?S==≤ùç½`

thread 'prop_no_panic::prop_parse_arbitrary_text_no_panic' (292548) panicked at crates\copybook-lexer\src\lib.rs:522:14:
byte index 7 is not a char boundary; it is inside '≡ºÄÉ' (bytes 6..10) of `AE≤àë╝≡ºÄÉ"∩┐╜
≤Ñ╜áIe(≥éô▓*/&#∩┐╜Xwy]&├ò1∩╗┐∩╗┐qH├áR≤¡¢«±äêå≥░ò▓%=≥»Öÿ?S==≤ùç½`

thread 'prop_no_panic::prop_parse_arbitrary_text_no_panic' (292548) panicked at crates\copybook-lexer\src\lib.rs:522:14:
byte index 7 is not a char boundary; it is inside '≡ºÄÉ' (bytes 6..10) of `AC≤àë╝≡ºÄÉ"∩┐╜
≤Ñ╜áIe(≥éô▓*/&#∩┐╜Xwy]&├ò1∩╗┐∩╗┐qH├áR≤¡¢«±äêå≥░ò▓%=≥»Öÿ?S==≤ùç½`

thread 'prop_no_panic::prop_parse_arbitrary_text_no_panic' (292548) panicked at crates\copybook-lexer\src\lib.rs:522:14:
byte index 7 is not a char boundary; it is inside '≡ºÄÉ' (bytes 6..10) of `AB≤àë╝≡ºÄÉ"∩┐╜
≤Ñ╜áIe(≥éô▓*/&#∩┐╜Xwy]&├ò1∩╗┐∩╗┐qH├áR≤¡¢«±äêå≥░ò▓%=≥»Öÿ?S==≤ùç½`

thread 'prop_no_panic::prop_parse_arbitrary_text_no_panic' (292548) panicked at crates\copybook-lexer\src\lib.rs:522:14:
byte index 7 is not a char boundary; it is inside '≡ºÄÉ' (bytes 6..10) of `AA≤àë╝≡ºÄÉ"∩┐╜
≤Ñ╜áIe(≥éô▓*/&#∩┐╜Xwy]&├ò1∩╗┐∩╗┐qH├áR≤¡¢«±äêå≥░ò▓%=≥»Öÿ?S==≤ùç½`

thread 'prop_no_panic::prop_parse_arbitrary_text_no_panic' (292548) panicked at crates\copybook-lexer\src\lib.rs:522:14:
byte index 7 is not a char boundary; it is inside '≡ºÄÉ' (bytes 6..10) of `AA±óªÄ≡ºÄÉ"∩┐╜
≤Ñ╜áIe(≥éô▓*/&#∩┐╜Xwy]&├ò1∩╗┐∩╗┐qH├áR≤¡¢«±äêå≥░ò▓%=≥»Öÿ?S==≤ùç½`

thread 'prop_no_panic::prop_parse_arbitrary_text_no_panic' (292548) panicked at crates\copybook-lexer\src\lib.rs:522:14:
byte index 7 is not a char boundary; it is inside '≡ºÄÉ' (bytes 6..10) of `AA≡▒öù≡ºÄÉ"∩┐╜
≤Ñ╜áIe(≥éô▓*/&#∩┐╜Xwy]&├ò1∩╗┐∩╗┐qH├áR≤¡¢«±äêå≥░ò▓%=≥»Öÿ?S==≤ùç½`

thread 'prop_no_panic::prop_parse_arbitrary_text_no_panic' (292548) panicked at crates\copybook-lexer\src\lib.rs:522:14:
byte index 7 is not a char boundary; it is inside '≡ºÄÉ' (bytes 6..10) of `AA≡ÿ½£≡ºÄÉ"∩┐╜
≤Ñ╜áIe(≥éô▓*/&#∩┐╜Xwy]&├ò1∩╗┐∩╗┐qH├áR≤¡¢«±äêå≥░ò▓%=≥»Öÿ?S==≤ùç½`

thread 'prop_no_panic::prop_parse_arbitrary_text_no_panic' (292548) panicked at crates\copybook-lexer\src\lib.rs:522:14:
byte index 7 is not a char boundary; it is inside '≡ºÄÉ' (bytes 6..10) of `AA≡Æíì≡ºÄÉ"∩┐╜
≤Ñ╜áIe(≥éô▓*/&#∩┐╜Xwy]&├ò1∩╗┐∩╗┐qH├áR≤¡¢«±äêå≥░ò▓%=≥»Öÿ?S==≤ùç½`

thread 'prop_no_panic::prop_parse_arbitrary_text_no_panic' (292548) panicked at crates\copybook-lexer\src\lib.rs:522:14:
byte index 7 is not a char boundary; it is inside '≡ºÄÉ' (bytes 6..10) of `AA≡É╛¬≡ºÄÉ"∩┐╜
≤Ñ╜áIe(≥éô▓*/&#∩┐╜Xwy]&├ò1∩╗┐∩╗┐qH├áR≤¡¢«±äêå≥░ò▓%=≥»Öÿ?S==≤ùç½`

thread 'prop_no_panic::prop_parse_arbitrary_text_no_panic' (292548) panicked at crates\copybook-lexer\src\lib.rs:522:14:
byte index 7 is not a char boundary; it is inside '≡ºÄÉ' (bytes 6..10) of `AA≡Éìÿ≡ºÄÉ"∩┐╜
≤Ñ╜áIe(≥éô▓*/&#∩┐╜Xwy]&├ò1∩╗┐∩╗┐qH├áR≤¡¢«±äêå≥░ò▓%=≥»Öÿ?S==≤ùç½`

thread 'prop_no_panic::prop_parse_arbitrary_text_no_panic' (292548) panicked at crates\copybook-lexer\src\lib.rs:522:14:
byte index 7 is not a char boundary; it is inside '≡ºÄÉ' (bytes 6..10) of `AA≡Éüä≡ºÄÉ"∩┐╜
≤Ñ╜áIe(≥éô▓*/&#∩┐╜Xwy]&├ò1∩╗┐∩╗┐qH├áR≤¡¢«±äêå≥░ò▓%=≥»Öÿ?S==≤ùç½`

thread 'prop_no_panic::prop_parse_arbitrary_text_no_panic' (292548) panicked at crates\copybook-lexer\src\lib.rs:522:14:
byte index 7 is not a char boundary; it is inside '≡ºÄÉ' (bytes 6..10) of `AA≡ÉÇô≡ºÄÉ"∩┐╜
≤Ñ╜áIe(≥éô▓*/&#∩┐╜Xwy]&├ò1∩╗┐∩╗┐qH├áR≤¡¢«±äêå≥░ò▓%=≥»Öÿ?S==≤ùç½`

thread 'prop_no_panic::prop_parse_arbitrary_text_no_panic' (292548) panicked at crates\copybook-lexer\src\lib.rs:522:14:
byte index 7 is not a char boundary; it is inside '≡ºÄÉ' (bytes 6..10) of `AA≡ÉÇç≡ºÄÉ"∩┐╜
≤Ñ╜áIe(≥éô▓*/&#∩┐╜Xwy]&├ò1∩╗┐∩╗┐qH├áR≤¡¢«±äêå≥░ò▓%=≥»Öÿ?S==≤ùç½`

thread 'prop_no_panic::prop_parse_arbitrary_text_no_panic' (292548) panicked at crates\copybook-lexer\src\lib.rs:522:14:
byte index 7 is not a char boundary; it is inside '≡ºÄÉ' (bytes 6..10) of `AA≡ÉÇü≡ºÄÉ"∩┐╜
≤Ñ╜áIe(≥éô▓*/&#∩┐╜Xwy]&├ò1∩╗┐∩╗┐qH├áR≤¡¢«±äêå≥░ò▓%=≥»Öÿ?S==≤ùç½`

thread 'prop_no_panic::prop_parse_arbitrary_text_no_panic' (292548) panicked at crates\copybook-lexer\src\lib.rs:522:14:
byte index 7 is not a char boundary; it is inside '≡ºÄÉ' (bytes 6..10) of `AA≡ÉÇÇ≡ºÄÉ"∩┐╜
≤Ñ╜áIe(≥éô▓*/&#∩┐╜Xwy]&├ò1∩╗┐∩╗┐qH├áR≤¡¢«±äêå≥░ò▓%=≥»Öÿ?S==≤ùç½`

thread 'prop_no_panic::prop_parse_arbitrary_text_no_panic' (292548) panicked at crates\copybook-lexer\src\lib.rs:522:14:
byte index 7 is not a char boundary; it is inside '≡ºÄÉ' (bytes 6..10) of `AA≡ÉÇÇ≡ºÄÉ"∩┐╜
≤Ñ╜áIe(≥éô▓*/&#∩┐╜Xwy]&├ò1∩╗┐∩╗┐qH├áR≤¡¢«±äêå≥░ò▓%=≥»Öÿ?S==≤ùç½`

thread 'prop_no_panic::prop_parse_arbitrary_text_no_panic' (292548) panicked at crates\copybook-lexer\src\lib.rs:522:14:
byte index 7 is not a char boundary; it is inside '≡ô¿ÿ' (bytes 6..10) of `AA≡ÉÇÇ≡ô¿ÿ"∩┐╜
≤Ñ╜áIe(≥éô▓*/&#∩┐╜Xwy]&├ò1∩╗┐∩╗┐qH├áR≤¡¢«±äêå≥░ò▓%=≥»Öÿ?S==≤ùç½`

thread 'prop_no_panic::prop_parse_arbitrary_text_no_panic' (292548) panicked at crates\copybook-lexer\src\lib.rs:522:14:
byte index 7 is not a char boundary; it is inside '\u{112e9}' (bytes 6..10) of `AA≡ÉÇÇ≡æï⌐"∩┐╜
≤Ñ╜áIe(≥éô▓*/&#∩┐╜Xwy]&├ò1∩╗┐∩╗┐qH├áR≤¡¢«±äêå≥░ò▓%=≥»Öÿ?S==≤ùç½`

thread 'prop_no_panic::prop_parse_arbitrary_text_no_panic' (292548) panicked at crates\copybook-lexer\src\lib.rs:522:14:
byte index 7 is not a char boundary; it is inside '\u{1091e}' (bytes 6..10) of `AA≡ÉÇÇ≡Éñ₧"∩┐╜
≤Ñ╜áIe(≥éô▓*/&#∩┐╜Xwy]&├ò1∩╗┐∩╗┐qH├áR≤¡¢«±äêå≥░ò▓%=≥»Öÿ?S==≤ùç½`

thread 'prop_no_panic::prop_parse_arbitrary_text_no_panic' (292548) panicked at crates\copybook-lexer\src\lib.rs:522:14:
byte index 7 is not a char boundary; it is inside '≡ÉÉ╕' (bytes 6..10) of `AA≡ÉÇÇ≡ÉÉ╕"∩┐╜
≤Ñ╜áIe(≥éô▓*/&#∩┐╜Xwy]&├ò1∩╗┐∩╗┐qH├áR≤¡¢«±äêå≥░ò▓%=≥»Öÿ?S==≤ùç½`

thread 'prop_no_panic::prop_parse_arbitrary_text_no_panic' (292548) panicked at crates\copybook-lexer\src\lib.rs:522:14:
byte index 7 is not a char boundary; it is inside '\u{101c5}' (bytes 6..10) of `AA≡ÉÇÇ≡Éçà"∩┐╜
≤Ñ╜áIe(≥éô▓*/&#∩┐╜Xwy]&├ò1∩╗┐∩╗┐qH├áR≤¡¢«±äêå≥░ò▓%=≥»Öÿ?S==≤ùç½`

thread 'prop_no_panic::prop_parse_arbitrary_text_no_panic' (292548) panicked at crates\copybook-lexer\src\lib.rs:522:14:
byte index 7 is not a char boundary; it is inside '≡Ééî' (bytes 6..10) of `AA≡ÉÇÇ≡Ééî"∩┐╜
≤Ñ╜áIe(≥éô▓*/&#∩┐╜Xwy]&├ò1∩╗┐∩╗┐qH├áR≤¡¢«±äêå≥░ò▓%=≥»Öÿ?S==≤ùç½`

thread 'prop_no_panic::prop_parse_arbitrary_text_no_panic' (292548) panicked at crates\copybook-lexer\src\lib.rs:522:14:
byte index 7 is not a char boundary; it is inside '\u{1003e}' (bytes 6..10) of `AA≡ÉÇÇ≡ÉÇ╛"∩┐╜
≤Ñ╜áIe(≥éô▓*/&#∩┐╜Xwy]&├ò1∩╗┐∩╗┐qH├áR≤¡¢«±äêå≥░ò▓%=≥»Öÿ?S==≤ùç½`

thread 'prop_no_panic::prop_parse_arbitrary_text_no_panic' (292548) panicked at crates\copybook-lexer\src\lib.rs:522:14:
byte index 7 is not a char boundary; it is inside '≡ÉÇù' (bytes 6..10) of `AA≡ÉÇÇ≡ÉÇù"∩┐╜
≤Ñ╜áIe(≥éô▓*/&#∩┐╜Xwy]&├ò1∩╗┐∩╗┐qH├áR≤¡¢«±äêå≥░ò▓%=≥»Öÿ?S==≤ùç½`

thread 'prop_no_panic::prop_parse_arbitrary_text_no_panic' (292548) panicked at crates\copybook-lexer\src\lib.rs:522:14:
byte index 7 is not a char boundary; it is inside '≡ÉÇâ' (bytes 6..10) of `AA≡ÉÇÇ≡ÉÇâ"∩┐╜
≤Ñ╜áIe(≥éô▓*/&#∩┐╜Xwy]&├ò1∩╗┐∩╗┐qH├áR≤¡¢«±äêå≥░ò▓%=≥»Öÿ?S==≤ùç½`

thread 'prop_no_panic::prop_parse_arbitrary_text_no_panic' (292548) panicked at crates\copybook-lexer\src\lib.rs:522:14:
byte index 7 is not a char boundary; it is inside '≡ÉÇü' (bytes 6..10) of `AA≡ÉÇÇ≡ÉÇü"∩┐╜
≤Ñ╜áIe(≥éô▓*/&#∩┐╜Xwy]&├ò1∩╗┐∩╗┐qH├áR≤¡¢«±äêå≥░ò▓%=≥»Öÿ?S==≤ùç½`

thread 'prop_no_panic::prop_parse_arbitrary_text_no_panic' (292548) panicked at crates\copybook-lexer\src\lib.rs:522:14:
byte index 7 is not a char boundary; it is inside '≡ÉÇÇ' (bytes 6..10) of `AA≡ÉÇÇ≡ÉÇÇ"∩┐╜
≤Ñ╜áIe(≥éô▓*/&#∩┐╜Xwy]&├ò1∩╗┐∩╗┐qH├áR≤¡¢«±äêå≥░ò▓%=≥»Öÿ?S==≤ùç½`

thread 'prop_no_panic::prop_parse_arbitrary_text_no_panic' (292548) panicked at crates\copybook-lexer\src\lib.rs:522:14:
byte index 7 is not a char boundary; it is inside '≡ÉÇÇ' (bytes 6..10) of `AA≡ÉÇÇ≡ÉÇÇ"∩┐╜
≤Ñ╜áIe(≥éô▓*/&#∩┐╜Xwy]&├ò1∩╗┐∩╗┐qH├áR≤¡¢«±äêå≥░ò▓%=≥»Öÿ?S==≤ùç½`

thread 'prop_no_panic::prop_parse_arbitrary_text_no_panic' (292548) panicked at crates\copybook-lexer\src\lib.rs:522:14:
byte index 7 is not a char boundary; it is inside '≡ÉÇÇ' (bytes 6..10) of `AA≡ÉÇÇ≡ÉÇÇ!∩┐╜
≤Ñ╜áIe(≥éô▓*/&#∩┐╜Xwy]&├ò1∩╗┐∩╗┐qH├áR≤¡¢«±äêå≥░ò▓%=≥»Öÿ?S==≤ùç½`

thread 'prop_no_panic::prop_parse_arbitrary_text_no_panic' (292548) panicked at crates\copybook-lexer\src\lib.rs:522:14:
byte index 7 is not a char boundary; it is inside '≡ÉÇÇ' (bytes 6..10) of `AA≡ÉÇÇ≡ÉÇÇ ∩┐╜
≤Ñ╜áIe(≥éô▓*/&#∩┐╜Xwy]&├ò1∩╗┐∩╗┐qH├áR≤¡¢«±äêå≥░ò▓%=≥»Öÿ?S==≤ùç½`

thread 'prop_no_panic::prop_parse_arbitrary_text_no_panic' (292548) panicked at crates\copybook-lexer\src\lib.rs:522:14:
byte index 7 is not a char boundary; it is inside '≡ÉÇÇ' (bytes 6..10) of `AA≡ÉÇÇ≡ÉÇÇ ΦüÅ
≤Ñ╜áIe(≥éô▓*/&#∩┐╜Xwy]&├ò1∩╗┐∩╗┐qH├áR≤¡¢«±äêå≥░ò▓%=≥»Öÿ?S==≤ùç½`

thread 'prop_no_panic::prop_parse_arbitrary_text_no_panic' (292548) panicked at crates\copybook-lexer\src\lib.rs:522:14:
byte index 7 is not a char boundary; it is inside '≡ÉÇÇ' (bytes 6..10) of `AA≡ÉÇÇ≡ÉÇÇ Σü╕
≤Ñ╜áIe(≥éô▓*/&#∩┐╜Xwy]&├ò1∩╗┐∩╗┐qH├áR≤¡¢«±äêå≥░ò▓%=≥»Öÿ?S==≤ùç½`

thread 'prop_no_panic::prop_parse_arbitrary_text_no_panic' (292548) panicked at crates\copybook-lexer\src\lib.rs:522:14:
byte index 7 is not a char boundary; it is inside '≡ÉÇÇ' (bytes 6..10) of `AA≡ÉÇÇ≡ÉÇÇ Γéî
≤Ñ╜áIe(≥éô▓*/&#∩┐╜Xwy]&├ò1∩╗┐∩╗┐qH├áR≤¡¢«±äêå≥░ò▓%=≥»Öÿ?S==≤ùç½`

thread 'prop_no_panic::prop_parse_arbitrary_text_no_panic' (292548) panicked at crates\copybook-lexer\src\lib.rs:522:14:
byte index 7 is not a char boundary; it is inside '≡ÉÇÇ' (bytes 6..10) of `AA≡ÉÇÇ≡ÉÇÇ ßéû
≤Ñ╜áIe(≥éô▓*/&#∩┐╜Xwy]&├ò1∩╗┐∩╗┐qH├áR≤¡¢«±äêå≥░ò▓%=≥»Öÿ?S==≤ùç½`

thread 'prop_no_panic::prop_parse_arbitrary_text_no_panic' (292548) panicked at crates\copybook-lexer\src\lib.rs:522:14:
byte index 7 is not a char boundary; it is inside '≡ÉÇÇ' (bytes 6..10) of `AA≡ÉÇÇ≡ÉÇÇ αó¢
≤Ñ╜áIe(≥éô▓*/&#∩┐╜Xwy]&├ò1∩╗┐∩╗┐qH├áR≤¡¢«±äêå≥░ò▓%=≥»Öÿ?S==≤ùç½`

thread 'prop_no_panic::prop_parse_arbitrary_text_no_panic' (292548) panicked at crates\copybook-lexer\src\lib.rs:522:14:
byte index 7 is not a char boundary; it is inside '≡ÉÇÇ' (bytes 6..10) of `AA≡ÉÇÇ≡ÉÇÇ αá£
≤Ñ╜áIe(≥éô▓*/&#∩┐╜Xwy]&├ò1∩╗┐∩╗┐qH├áR≤¡¢«±äêå≥░ò▓%=≥»Öÿ?S==≤ùç½`

thread 'prop_no_panic::prop_parse_arbitrary_text_no_panic' (292548) panicked at crates\copybook-lexer\src\lib.rs:522:14:
byte index 7 is not a char boundary; it is inside '≡ÉÇÇ' (bytes 6..10) of `AA≡ÉÇÇ≡ÉÇÇ αáî
≤Ñ╜áIe(≥éô▓*/&#∩┐╜Xwy]&├ò1∩╗┐∩╗┐qH├áR≤¡¢«±äêå≥░ò▓%=≥»Öÿ?S==≤ùç½`

thread 'prop_no_panic::prop_parse_arbitrary_text_no_panic' (292548) panicked at crates\copybook-lexer\src\lib.rs:522:14:
byte index 7 is not a char boundary; it is inside '≡ÉÇÇ' (bytes 6..10) of `AA≡ÉÇÇ≡ÉÇÇ αáä
≤Ñ╜áIe(≥éô▓*/&#∩┐╜Xwy]&├ò1∩╗┐∩╗┐qH├áR≤¡¢«±äêå≥░ò▓%=≥»Öÿ?S==≤ùç½`

thread 'prop_no_panic::prop_parse_arbitrary_text_no_panic' (292548) panicked at crates\copybook-lexer\src\lib.rs:522:14:
byte index 7 is not a char boundary; it is inside '≡ÉÇÇ' (bytes 6..10) of `AA≡ÉÇÇ≡ÉÇÇ αáÇ
≤Ñ╜áIe(≥éô▓*/&#∩┐╜Xwy]&├ò1∩╗┐∩╗┐qH├áR≤¡¢«±äêå≥░ò▓%=≥»Öÿ?S==≤ùç½`

thread 'prop_no_panic::prop_parse_arbitrary_text_no_panic' (292548) panicked at crates\copybook-lexer\src\lib.rs:522:14:
byte index 7 is not a char boundary; it is inside '≡ÉÇÇ' (bytes 6..10) of `AA≡ÉÇÇ≡ÉÇÇ αáÇ
≤Ñ╜áIe(≥éô▓*/&#∩┐╜Xwy]&├ò1∩╗┐∩╗┐qH├áR≤¡¢«±äêå≥░ò▓%=≥»Öÿ?S==≤ùç½`

thread 'prop_no_panic::prop_parse_arbitrary_text_no_panic' (292548) panicked at crates\copybook-lexer\src\lib.rs:522:14:
byte index 7 is not a char boundary; it is inside '≡ÉÇÇ' (bytes 6..10) of `AA≡ÉÇÇ≡ÉÇÇ αáÇ≤Ñ╜áIe(≥éô▓*/&#∩┐╜Xwy]&├ò1∩╗┐∩╗┐qH├áR≤¡¢«±äêå≥░ò▓%=≥»Öÿ?S==≤ùç½`

thread 'prop_no_panic::prop_parse_arbitrary_text_no_panic' (292548) panicked at crates\copybook-lexer\src\lib.rs:522:14:
byte index 7 is not a char boundary; it is inside '≡ÉÇÇ' (bytes 6..10) of `AA≡ÉÇÇ≡ÉÇÇ αáÇ≤Ñ╜áIe(≥éô▓*/&#∩┐╜Xwy]&├ò1∩╗┐∩╗┐qH├áR≤¡¢«±äêå≥░ò▓%=≥»Öÿ?S==≤ùç½`

thread 'prop_no_panic::prop_parse_arbitrary_text_no_panic' (292548) panicked at crates\copybook-lexer\src\lib.rs:522:14:
byte index 7 is not a char boundary; it is inside '≡ÉÇÇ' (bytes 6..10) of `AA≡ÉÇÇ≡ÉÇÇ αáÇ±│ÇÇIe(≥éô▓*/&#∩┐╜Xwy]&├ò1∩╗┐∩╗┐qH├áR≤¡¢«±äêå≥░ò▓%=≥»Öÿ?S==≤ùç½`

thread 'prop_no_panic::prop_parse_arbitrary_text_no_panic' (292548) panicked at crates\copybook-lexer\src\lib.rs:522:14:
byte index 7 is not a char boundary; it is inside '≡ÉÇÇ' (bytes 6..10) of `AA≡ÉÇÇ≡ÉÇÇ αáÇ≡╣íÉIe(≥éô▓*/&#∩┐╜Xwy]&├ò1∩╗┐∩╗┐qH├áR≤¡¢«±äêå≥░ò▓%=≥»Öÿ?S==≤ùç½`

thread 'prop_no_panic::prop_parse_arbitrary_text_no_panic' (292548) panicked at crates\copybook-lexer\src\lib.rs:522:14:
byte index 7 is not a char boundary; it is inside '≡ÉÇÇ' (bytes 6..10) of `AA≡ÉÇÇ≡ÉÇÇ αáÇ≡£▒╕Ie(≥éô▓*/&#∩┐╜Xwy]&├ò1∩╗┐∩╗┐qH├áR≤¡¢«±äêå≥░ò▓%=≥»Öÿ?S==≤ùç½`

thread 'prop_no_panic::prop_parse_arbitrary_text_no_panic' (292548) panicked at crates\copybook-lexer\src\lib.rs:522:14:
byte index 7 is not a char boundary; it is inside '≡ÉÇÇ' (bytes 6..10) of `AA≡ÉÇÇ≡ÉÇÇ αáÇ≡òªéIe(≥éô▓*/&#∩┐╜Xwy]&├ò1∩╗┐∩╗┐qH├áR≤¡¢«±äêå≥░ò▓%=≥»Öÿ?S==≤ùç½`

thread 'prop_no_panic::prop_parse_arbitrary_text_no_panic' (292548) panicked at crates\copybook-lexer\src\lib.rs:522:14:
byte index 7 is not a char boundary; it is inside '≡ÉÇÇ' (bytes 6..10) of `AA≡ÉÇÇ≡ÉÇÇ αáÇ≡ÆÇçIe(≥éô▓*/&#∩┐╜Xwy]&├ò1∩╗┐∩╗┐qH├áR≤¡¢«±äêå≥░ò▓%=≥»Öÿ?S==≤ùç½`

thread 'prop_no_panic::prop_parse_arbitrary_text_no_panic' (292548) panicked at crates\copybook-lexer\src\lib.rs:522:14:
byte index 7 is not a char boundary; it is inside '≡ÉÇÇ' (bytes 6..10) of `AA≡ÉÇÇ≡ÉÇÇ αáÇ≡ÉìèIe(≥éô▓*/&#∩┐╜Xwy]&├ò1∩╗┐∩╗┐qH├áR≤¡¢«±äêå≥░ò▓%=≥»Öÿ?S==≤ùç½`

thread 'prop_no_panic::prop_parse_arbitrary_text_no_panic' (292548) panicked at crates\copybook-lexer\src\lib.rs:522:14:
byte index 7 is not a char boundary; it is inside '≡ÉÇÇ' (bytes 6..10) of `AA≡ÉÇÇ≡ÉÇÇ αáÇ≡Éà┐Ie(≥éô▓*/&#∩┐╜Xwy]&├ò1∩╗┐∩╗┐qH├áR≤¡¢«±äêå≥░ò▓%=≥»Öÿ?S==≤ùç½`

thread 'prop_no_panic::prop_parse_arbitrary_text_no_panic' (292548) panicked at crates\copybook-lexer\src\lib.rs:522:14:
byte index 7 is not a char boundary; it is inside '≡ÉÇÇ' (bytes 6..10) of `AA≡ÉÇÇ≡ÉÇÇ αáÇ≡ÉéÖIe(≥éô▓*/&#∩┐╜Xwy]&├ò1∩╗┐∩╗┐qH├áR≤¡¢«±äêå≥░ò▓%=≥»Öÿ?S==≤ùç½`

thread 'prop_no_panic::prop_parse_arbitrary_text_no_panic' (292548) panicked at crates\copybook-lexer\src\lib.rs:522:14:
byte index 7 is not a char boundary; it is inside '≡ÉÇÇ' (bytes 6..10) of `AA≡ÉÇÇ≡ÉÇÇ αáÇ≡ÉÇªIe(≥éô▓*/&#∩┐╜Xwy]&├ò1∩╗┐∩╗┐qH├áR≤¡¢«±äêå≥░ò▓%=≥»Öÿ?S==≤ùç½`

thread 'prop_no_panic::prop_parse_arbitrary_text_no_panic' (292548) panicked at crates\copybook-lexer\src\lib.rs:522:14:
byte index 7 is not a char boundary; it is inside '≡ÉÇÇ' (bytes 6..10) of `AA≡ÉÇÇ≡ÉÇÇ αáÇ≡ÉÇèIe(≥éô▓*/&#∩┐╜Xwy]&├ò1∩╗┐∩╗┐qH├áR≤¡¢«±äêå≥░ò▓%=≥»Öÿ?S==≤ùç½`

thread 'prop_no_panic::prop_parse_arbitrary_text_no_panic' (292548) panicked at crates\copybook-lexer\src\lib.rs:522:14:
byte index 7 is not a char boundary; it is inside '≡ÉÇÇ' (bytes 6..10) of `AA≡ÉÇÇ≡ÉÇÇ αáÇ≡ÉÇâIe(≥éô▓*/&#∩┐╜Xwy]&├ò1∩╗┐∩╗┐qH├áR≤¡¢«±äêå≥░ò▓%=≥»Öÿ?S==≤ùç½`

thread 'prop_no_panic::prop_parse_arbitrary_text_no_panic' (292548) panicked at crates\copybook-lexer\src\lib.rs:522:14:
byte index 7 is not a char boundary; it is inside '≡ÉÇÇ' (bytes 6..10) of `AA≡ÉÇÇ≡ÉÇÇ αáÇ≡ÉÇÇIe(≥éô▓*/&#∩┐╜Xwy]&├ò1∩╗┐∩╗┐qH├áR≤¡¢«±äêå≥░ò▓%=≥»Öÿ?S==≤ùç½`

thread 'prop_no_panic::prop_parse_arbitrary_text_no_panic' (292548) panicked at crates\copybook-lexer\src\lib.rs:522:14:
byte index 7 is not a char boundary; it is inside '≡ÉÇÇ' (bytes 6..10) of `AA≡ÉÇÇ≡ÉÇÇ αáÇ≡ÉÇÇIe(≥éô▓*/&#∩┐╜Xwy]&├ò1∩╗┐∩╗┐qH├áR≤¡¢«±äêå≥░ò▓%=≥»Öÿ?S==≤ùç½`

thread 'prop_no_panic::prop_parse_arbitrary_text_no_panic' (292548) panicked at crates\copybook-lexer\src\lib.rs:522:14:
byte index 7 is not a char boundary; it is inside '≡ÉÇÇ' (bytes 6..10) of `AA≡ÉÇÇ≡ÉÇÇ αáÇ≡ÉÇÇEe(≥éô▓*/&#∩┐╜Xwy]&├ò1∩╗┐∩╗┐qH├áR≤¡¢«±äêå≥░ò▓%=≥»Öÿ?S==≤ùç½`

thread 'prop_no_panic::prop_parse_arbitrary_text_no_panic' (292548) panicked at crates\copybook-lexer\src\lib.rs:522:14:
byte index 7 is not a char boundary; it is inside '≡ÉÇÇ' (bytes 6..10) of `AA≡ÉÇÇ≡ÉÇÇ αáÇ≡ÉÇÇCe(≥éô▓*/&#∩┐╜Xwy]&├ò1∩╗┐∩╗┐qH├áR≤¡¢«±äêå≥░ò▓%=≥»Öÿ?S==≤ùç½`

thread 'prop_no_panic::prop_parse_arbitrary_text_no_panic' (292548) panicked at crates\copybook-lexer\src\lib.rs:522:14:
byte index 7 is not a char boundary; it is inside '≡ÉÇÇ' (bytes 6..10) of `AA≡ÉÇÇ≡ÉÇÇ αáÇ≡ÉÇÇBe(≥éô▓*/&#∩┐╜Xwy]&├ò1∩╗┐∩╗┐qH├áR≤¡¢«±äêå≥░ò▓%=≥»Öÿ?S==≤ùç½`

thread 'prop_no_panic::prop_parse_arbitrary_text_no_panic' (292548) panicked at crates\copybook-lexer\src\lib.rs:522:14:
byte index 7 is not a char boundary; it is inside '≡ÉÇÇ' (bytes 6..10) of `AA≡ÉÇÇ≡ÉÇÇ αáÇ≡ÉÇÇAe(≥éô▓*/&#∩┐╜Xwy]&├ò1∩╗┐∩╗┐qH├áR≤¡¢«±äêå≥░ò▓%=≥»Öÿ?S==≤ùç½`

thread 'prop_no_panic::prop_parse_arbitrary_text_no_panic' (292548) panicked at crates\copybook-lexer\src\lib.rs:522:14:
byte index 7 is not a char boundary; it is inside '≡ÉÇÇ' (bytes 6..10) of `AA≡ÉÇÇ≡ÉÇÇ αáÇ≡ÉÇÇAc(≥éô▓*/&#∩┐╜Xwy]&├ò1∩╗┐∩╗┐qH├áR≤¡¢«±äêå≥░ò▓%=≥»Öÿ?S==≤ùç½`

thread 'prop_no_panic::prop_parse_arbitrary_text_no_panic' (292548) panicked at crates\copybook-lexer\src\lib.rs:522:14:
byte index 7 is not a char boundary; it is inside '≡ÉÇÇ' (bytes 6..10) of `AA≡ÉÇÇ≡ÉÇÇ αáÇ≡ÉÇÇAb(≥éô▓*/&#∩┐╜Xwy]&├ò1∩╗┐∩╗┐qH├áR≤¡¢«±äêå≥░ò▓%=≥»Öÿ?S==≤ùç½`

thread 'prop_no_panic::prop_parse_arbitrary_text_no_panic' (292548) panicked at crates\copybook-lexer\src\lib.rs:522:14:
byte index 7 is not a char boundary; it is inside '≡ÉÇÇ' (bytes 6..10) of `AA≡ÉÇÇ≡ÉÇÇ αáÇ≡ÉÇÇAa(≥éô▓*/&#∩┐╜Xwy]&├ò1∩╗┐∩╗┐qH├áR≤¡¢«±äêå≥░ò▓%=≥»Öÿ?S==≤ùç½`

thread 'prop_no_panic::prop_parse_arbitrary_text_no_panic' (292548) panicked at crates\copybook-lexer\src\lib.rs:522:14:
byte index 7 is not a char boundary; it is inside '≡ÉÇÇ' (bytes 6..10) of `AA≡ÉÇÇ≡ÉÇÇ αáÇ≡ÉÇÇAa$≥éô▓*/&#∩┐╜Xwy]&├ò1∩╗┐∩╗┐qH├áR≤¡¢«±äêå≥░ò▓%=≥»Öÿ?S==≤ùç½`

thread 'prop_no_panic::prop_parse_arbitrary_text_no_panic' (292548) panicked at crates\copybook-lexer\src\lib.rs:522:14:
byte index 7 is not a char boundary; it is inside '≡ÉÇÇ' (bytes 6..10) of `AA≡ÉÇÇ≡ÉÇÇ αáÇ≡ÉÇÇAa"≥éô▓*/&#∩┐╜Xwy]&├ò1∩╗┐∩╗┐qH├áR≤¡¢«±äêå≥░ò▓%=≥»Öÿ?S==≤ùç½`

thread 'prop_no_panic::prop_parse_arbitrary_text_no_panic' (292548) panicked at crates\copybook-lexer\src\lib.rs:522:14:
byte index 7 is not a char boundary; it is inside '≡ÉÇÇ' (bytes 6..10) of `AA≡ÉÇÇ≡ÉÇÇ αáÇ≡ÉÇÇAa!≥éô▓*/&#∩┐╜Xwy]&├ò1∩╗┐∩╗┐qH├áR≤¡¢«±äêå≥░ò▓%=≥»Öÿ?S==≤ùç½`

thread 'prop_no_panic::prop_parse_arbitrary_text_no_panic' (292548) panicked at crates\copybook-lexer\src\lib.rs:522:14:
byte index 7 is not a char boundary; it is inside '≡ÉÇÇ' (bytes 6..10) of `AA≡ÉÇÇ≡ÉÇÇ αáÇ≡ÉÇÇAa ≥éô▓*/&#∩┐╜Xwy]&├ò1∩╗┐∩╗┐qH├áR≤¡¢«±äêå≥░ò▓%=≥»Öÿ?S==≤ùç½`

thread 'prop_no_panic::prop_parse_arbitrary_text_no_panic' (292548) panicked at crates\copybook-lexer\src\lib.rs:522:14:
byte index 7 is not a char boundary; it is inside '≡ÉÇÇ' (bytes 6..10) of `AA≡ÉÇÇ≡ÉÇÇ αáÇ≡ÉÇÇAa ±üïë*/&#∩┐╜Xwy]&├ò1∩╗┐∩╗┐qH├áR≤¡¢«±äêå≥░ò▓%=≥»Öÿ?S==≤ùç½`

thread 'prop_no_panic::prop_parse_arbitrary_text_no_panic' (292548) panicked at crates\copybook-lexer\src\lib.rs:522:14:
byte index 7 is not a char boundary; it is inside '≡ÉÇÇ' (bytes 6..10) of `AA≡ÉÇÇ≡ÉÇÇ αáÇ≡ÉÇÇAa ≡áª╡*/&#∩┐╜Xwy]&├ò1∩╗┐∩╗┐qH├áR≤¡¢«±äêå≥░ò▓%=≥»Öÿ?S==≤ùç½`

thread 'prop_no_panic::prop_parse_arbitrary_text_no_panic' (292548) panicked at crates\copybook-lexer\src\lib.rs:522:14:
byte index 7 is not a char boundary; it is inside '≡ÉÇÇ' (bytes 6..10) of `AA≡ÉÇÇ≡ÉÇÇ αáÇ≡ÉÇÇAa ≡Éö½*/&#∩┐╜Xwy]&├ò1∩╗┐∩╗┐qH├áR≤¡¢«±äêå≥░ò▓%=≥»Öÿ?S==≤ùç½`

thread 'prop_no_panic::prop_parse_arbitrary_text_no_panic' (292548) panicked at crates\copybook-lexer\src\lib.rs:522:14:
byte index 7 is not a char boundary; it is inside '≡ÉÇÇ' (bytes 6..10) of `AA≡ÉÇÇ≡ÉÇÇ αáÇ≡ÉÇÇAa ≡ÉäÖ*/&#∩┐╜Xwy]&├ò1∩╗┐∩╗┐qH├áR≤¡¢«±äêå≥░ò▓%=≥»Öÿ?S==≤ùç½`

thread 'prop_no_panic::prop_parse_arbitrary_text_no_panic' (292548) panicked at crates\copybook-lexer\src\lib.rs:522:14:
byte index 7 is not a char boundary; it is inside '≡ÉÇÇ' (bytes 6..10) of `AA≡ÉÇÇ≡ÉÇÇ αáÇ≡ÉÇÇAa ≡ÉÇò*/&#∩┐╜Xwy]&├ò1∩╗┐∩╗┐qH├áR≤¡¢«±äêå≥░ò▓%=≥»Öÿ?S==≤ùç½`

thread 'prop_no_panic::prop_parse_arbitrary_text_no_panic' (292548) panicked at crates\copybook-lexer\src\lib.rs:522:14:
byte index 7 is not a char boundary; it is inside '≡ÉÇÇ' (bytes 6..10) of `AA≡ÉÇÇ≡ÉÇÇ αáÇ≡ÉÇÇAa ≡ÉÇà*/&#∩┐╜Xwy]&├ò1∩╗┐∩╗┐qH├áR≤¡¢«±äêå≥░ò▓%=≥»Öÿ?S==≤ùç½`

thread 'prop_no_panic::prop_parse_arbitrary_text_no_panic' (292548) panicked at crates\copybook-lexer\src\lib.rs:522:14:
byte index 7 is not a char boundary; it is inside '≡ÉÇÇ' (bytes 6..10) of `AA≡ÉÇÇ≡ÉÇÇ αáÇ≡ÉÇÇAa ≡ÉÇü*/&#∩┐╜Xwy]&├ò1∩╗┐∩╗┐qH├áR≤¡¢«±äêå≥░ò▓%=≥»Öÿ?S==≤ùç½`

thread 'prop_no_panic::prop_parse_arbitrary_text_no_panic' (292548) panicked at crates\copybook-lexer\src\lib.rs:522:14:
byte index 7 is not a char boundary; it is inside '≡ÉÇÇ' (bytes 6..10) of `AA≡ÉÇÇ≡ÉÇÇ αáÇ≡ÉÇÇAa ≡ÉÇÇ*/&#∩┐╜Xwy]&├ò1∩╗┐∩╗┐qH├áR≤¡¢«±äêå≥░ò▓%=≥»Öÿ?S==≤ùç½`

thread 'prop_no_panic::prop_parse_arbitrary_text_no_panic' (292548) panicked at crates\copybook-lexer\src\lib.rs:522:14:
byte index 7 is not a char boundary; it is inside '≡ÉÇÇ' (bytes 6..10) of `AA≡ÉÇÇ≡ÉÇÇ αáÇ≡ÉÇÇAa ≡ÉÇÇ%/&#∩┐╜Xwy]&├ò1∩╗┐∩╗┐qH├áR≤¡¢«±äêå≥░ò▓%=≥»Öÿ?S==≤ùç½`

thread 'prop_no_panic::prop_parse_arbitrary_text_no_panic' (292548) panicked at crates\copybook-lexer\src\lib.rs:522:14:
byte index 7 is not a char boundary; it is inside '≡ÉÇÇ' (bytes 6..10) of `AA≡ÉÇÇ≡ÉÇÇ αáÇ≡ÉÇÇAa ≡ÉÇÇ"/&#∩┐╜Xwy]&├ò1∩╗┐∩╗┐qH├áR≤¡¢«±äêå≥░ò▓%=≥»Öÿ?S==≤ùç½`

thread 'prop_no_panic::prop_parse_arbitrary_text_no_panic' (292548) panicked at crates\copybook-lexer\src\lib.rs:522:14:
byte index 7 is not a char boundary; it is inside '≡ÉÇÇ' (bytes 6..10) of `AA≡ÉÇÇ≡ÉÇÇ αáÇ≡ÉÇÇAa ≡ÉÇÇ!/&#∩┐╜Xwy]&├ò1∩╗┐∩╗┐qH├áR≤¡¢«±äêå≥░ò▓%=≥»Öÿ?S==≤ùç½`

thread 'prop_no_panic::prop_parse_arbitrary_text_no_panic' (292548) panicked at crates\copybook-lexer\src\lib.rs:522:14:
byte index 7 is not a char boundary; it is inside '≡ÉÇÇ' (bytes 6..10) of `AA≡ÉÇÇ≡ÉÇÇ αáÇ≡ÉÇÇAa ≡ÉÇÇ /&#∩┐╜Xwy]&├ò1∩╗┐∩╗┐qH├áR≤¡¢«±äêå≥░ò▓%=≥»Öÿ?S==≤ùç½`

thread 'prop_no_panic::prop_parse_arbitrary_text_no_panic' (292548) panicked at crates\copybook-lexer\src\lib.rs:522:14:
byte index 7 is not a char boundary; it is inside '≡ÉÇÇ' (bytes 6..10) of `AA≡ÉÇÇ≡ÉÇÇ αáÇ≡ÉÇÇAa ≡ÉÇÇ '&#∩┐╜Xwy]&├ò1∩╗┐∩╗┐qH├áR≤¡¢«±äêå≥░ò▓%=≥»Öÿ?S==≤ùç½`

thread 'prop_no_panic::prop_parse_arbitrary_text_no_panic' (292548) panicked at crates\copybook-lexer\src\lib.rs:522:14:
byte index 7 is not a char boundary; it is inside '≡ÉÇÇ' (bytes 6..10) of `AA≡ÉÇÇ≡ÉÇÇ αáÇ≡ÉÇÇAa ≡ÉÇÇ #&#∩┐╜Xwy]&├ò1∩╗┐∩╗┐qH├áR≤¡¢«±äêå≥░ò▓%=≥»Öÿ?S==≤ùç½`

thread 'prop_no_panic::prop_parse_arbitrary_text_no_panic' (292548) panicked at crates\copybook-lexer\src\lib.rs:522:14:
byte index 7 is not a char boundary; it is inside '≡ÉÇÇ' (bytes 6..10) of `AA≡ÉÇÇ≡ÉÇÇ αáÇ≡ÉÇÇAa ≡ÉÇÇ !&#∩┐╜Xwy]&├ò1∩╗┐∩╗┐qH├áR≤¡¢«±äêå≥░ò▓%=≥»Öÿ?S==≤ùç½`

thread 'prop_no_panic::prop_parse_arbitrary_text_no_panic' (292548) panicked at crates\copybook-lexer\src\lib.rs:522:14:
byte index 7 is not a char boundary; it is inside '≡ÉÇÇ' (bytes 6..10) of `AA≡ÉÇÇ≡ÉÇÇ αáÇ≡ÉÇÇAa ≡ÉÇÇ  &#∩┐╜Xwy]&├ò1∩╗┐∩╗┐qH├áR≤¡¢«±äêå≥░ò▓%=≥»Öÿ?S==≤ùç½`

thread 'prop_no_panic::prop_parse_arbitrary_text_no_panic' (292548) panicked at crates\copybook-lexer\src\lib.rs:522:14:
byte index 7 is not a char boundary; it is inside '≡ÉÇÇ' (bytes 6..10) of `AA≡ÉÇÇ≡ÉÇÇ αáÇ≡ÉÇÇAa ≡ÉÇÇ  ##∩┐╜Xwy]&├ò1∩╗┐∩╗┐qH├áR≤¡¢«±äêå≥░ò▓%=≥»Öÿ?S==≤ùç½`

thread 'prop_no_panic::prop_parse_arbitrary_text_no_panic' (292548) panicked at crates\copybook-lexer\src\lib.rs:522:14:
byte index 7 is not a char boundary; it is inside '≡ÉÇÇ' (bytes 6..10) of `AA≡ÉÇÇ≡ÉÇÇ αáÇ≡ÉÇÇAa ≡ÉÇÇ  !#∩┐╜Xwy]&├ò1∩╗┐∩╗┐qH├áR≤¡¢«±äêå≥░ò▓%=≥»Öÿ?S==≤ùç½`

thread 'prop_no_panic::prop_parse_arbitrary_text_no_panic' (292548) panicked at crates\copybook-lexer\src\lib.rs:522:14:
byte index 7 is not a char boundary; it is inside '≡ÉÇÇ' (bytes 6..10) of `AA≡ÉÇÇ≡ÉÇÇ αáÇ≡ÉÇÇAa ≡ÉÇÇ   #∩┐╜Xwy]&├ò1∩╗┐∩╗┐qH├áR≤¡¢«±äêå≥░ò▓%=≥»Öÿ?S==≤ùç½`

thread 'prop_no_panic::prop_parse_arbitrary_text_no_panic' (292548) panicked at crates\copybook-lexer\src\lib.rs:522:14:
byte index 7 is not a char boundary; it is inside '≡ÉÇÇ' (bytes 6..10) of `AA≡ÉÇÇ≡ÉÇÇ αáÇ≡ÉÇÇAa ≡ÉÇÇ   !∩┐╜Xwy]&├ò1∩╗┐∩╗┐qH├áR≤¡¢«±äêå≥░ò▓%=≥»Öÿ?S==≤ùç½`

thread 'prop_no_panic::prop_parse_arbitrary_text_no_panic' (292548) panicked at crates\copybook-lexer\src\lib.rs:522:14:
byte index 7 is not a char boundary; it is inside '≡ÉÇÇ' (bytes 6..10) of `AA≡ÉÇÇ≡ÉÇÇ αáÇ≡ÉÇÇAa ≡ÉÇÇ    ∩┐╜Xwy]&├ò1∩╗┐∩╗┐qH├áR≤¡¢«±äêå≥░ò▓%=≥»Öÿ?S==≤ùç½`

thread 'prop_no_panic::prop_parse_arbitrary_text_no_panic' (292548) panicked at crates\copybook-lexer\src\lib.rs:522:14:
byte index 7 is not a char boundary; it is inside '≡ÉÇÇ' (bytes 6..10) of `AA≡ÉÇÇ≡ÉÇÇ αáÇ≡ÉÇÇAa ≡ÉÇÇ    ΦüÅXwy]&├ò1∩╗┐∩╗┐qH├áR≤¡¢«±äêå≥░ò▓%=≥»Öÿ?S==≤ùç½`

thread 'prop_no_panic::prop_parse_arbitrary_text_no_panic' (292548) panicked at crates\copybook-lexer\src\lib.rs:522:14:
byte index 7 is not a char boundary; it is inside '≡ÉÇÇ' (bytes 6..10) of `AA≡ÉÇÇ≡ÉÇÇ αáÇ≡ÉÇÇAa ≡ÉÇÇ    Σü╕Xwy]&├ò1∩╗┐∩╗┐qH├áR≤¡¢«±äêå≥░ò▓%=≥»Öÿ?S==≤ùç½`

thread 'prop_no_panic::prop_parse_arbitrary_text_no_panic' (292548) panicked at crates\copybook-lexer\src\lib.rs:522:14:
byte index 7 is not a char boundary; it is inside '≡ÉÇÇ' (bytes 6..10) of `AA≡ÉÇÇ≡ÉÇÇ αáÇ≡ÉÇÇAa ≡ÉÇÇ    ΓéîXwy]&├ò1∩╗┐∩╗┐qH├áR≤¡¢«±äêå≥░ò▓%=≥»Öÿ?S==≤ùç½`

thread 'prop_no_panic::prop_parse_arbitrary_text_no_panic' (292548) panicked at crates\copybook-lexer\src\lib.rs:522:14:
byte index 7 is not a char boundary; it is inside '≡ÉÇÇ' (bytes 6..10) of `AA≡ÉÇÇ≡ÉÇÇ αáÇ≡ÉÇÇAa ≡ÉÇÇ    ßéûXwy]&├ò1∩╗┐∩╗┐qH├áR≤¡¢«±äêå≥░ò▓%=≥»Öÿ?S==≤ùç½`

thread 'prop_no_panic::prop_parse_arbitrary_text_no_panic' (292548) panicked at crates\copybook-lexer\src\lib.rs:522:14:
byte index 7 is not a char boundary; it is inside '≡ÉÇÇ' (bytes 6..10) of `AA≡ÉÇÇ≡ÉÇÇ αáÇ≡ÉÇÇAa ≡ÉÇÇ    αó¢Xwy]&├ò1∩╗┐∩╗┐qH├áR≤¡¢«±äêå≥░ò▓%=≥»Öÿ?S==≤ùç½`

thread 'prop_no_panic::prop_parse_arbitrary_text_no_panic' (292548) panicked at crates\copybook-lexer\src\lib.rs:522:14:
byte index 7 is not a char boundary; it is inside '≡ÉÇÇ' (bytes 6..10) of `AA≡ÉÇÇ≡ÉÇÇ αáÇ≡ÉÇÇAa ≡ÉÇÇ    αá£Xwy]&├ò1∩╗┐∩╗┐qH├áR≤¡¢«±äêå≥░ò▓%=≥»Öÿ?S==≤ùç½`

thread 'prop_no_panic::prop_parse_arbitrary_text_no_panic' (292548) panicked at crates\copybook-lexer\src\lib.rs:522:14:
byte index 7 is not a char boundary; it is inside '≡ÉÇÇ' (bytes 6..10) of `AA≡ÉÇÇ≡ÉÇÇ αáÇ≡ÉÇÇAa ≡ÉÇÇ    αáîXwy]&├ò1∩╗┐∩╗┐qH├áR≤¡¢«±äêå≥░ò▓%=≥»Öÿ?S==≤ùç½`

thread 'prop_no_panic::prop_parse_arbitrary_text_no_panic' (292548) panicked at crates\copybook-lexer\src\lib.rs:522:14:
byte index 7 is not a char boundary; it is inside '≡ÉÇÇ' (bytes 6..10) of `AA≡ÉÇÇ≡ÉÇÇ αáÇ≡ÉÇÇAa ≡ÉÇÇ    αáäXwy]&├ò1∩╗┐∩╗┐qH├áR≤¡¢«±äêå≥░ò▓%=≥»Öÿ?S==≤ùç½`

thread 'prop_no_panic::prop_parse_arbitrary_text_no_panic' (292548) panicked at crates\copybook-lexer\src\lib.rs:522:14:
byte index 7 is not a char boundary; it is inside '≡ÉÇÇ' (bytes 6..10) of `AA≡ÉÇÇ≡ÉÇÇ αáÇ≡ÉÇÇAa ≡ÉÇÇ    αáÇXwy]&├ò1∩╗┐∩╗┐qH├áR≤¡¢«±äêå≥░ò▓%=≥»Öÿ?S==≤ùç½`

thread 'prop_no_panic::prop_parse_arbitrary_text_no_panic' (292548) panicked at crates\copybook-lexer\src\lib.rs:522:14:
byte index 7 is not a char boundary; it is inside '≡ÉÇÇ' (bytes 6..10) of `AA≡ÉÇÇ≡ÉÇÇ αáÇ≡ÉÇÇAa ≡ÉÇÇ    αáÇXwy]&├ò1∩╗┐∩╗┐qH├áR≤¡¢«±äêå≥░ò▓%=≥»Öÿ?S==≤ùç½`

thread 'prop_no_panic::prop_parse_arbitrary_text_no_panic' (292548) panicked at crates\copybook-lexer\src\lib.rs:522:14:
byte index 7 is not a char boundary; it is inside '≡ÉÇÇ' (bytes 6..10) of `AA≡ÉÇÇ≡ÉÇÇ αáÇ≡ÉÇÇAa ≡ÉÇÇ    αáÇLwy]&├ò1∩╗┐∩╗┐qH├áR≤¡¢«±äêå≥░ò▓%=≥»Öÿ?S==≤ùç½`

thread 'prop_no_panic::prop_parse_arbitrary_text_no_panic' (292548) panicked at crates\copybook-lexer\src\lib.rs:522:14:
byte index 7 is not a char boundary; it is inside '≡ÉÇÇ' (bytes 6..10) of `AA≡ÉÇÇ≡ÉÇÇ αáÇ≡ÉÇÇAa ≡ÉÇÇ    αáÇFwy]&├ò1∩╗┐∩╗┐qH├áR≤¡¢«±äêå≥░ò▓%=≥»Öÿ?S==≤ùç½`

thread 'prop_no_panic::prop_parse_arbitrary_text_no_panic' (292548) panicked at crates\copybook-lexer\src\lib.rs:522:14:
byte index 7 is not a char boundary; it is inside '≡ÉÇÇ' (bytes 6..10) of `AA≡ÉÇÇ≡ÉÇÇ αáÇ≡ÉÇÇAa ≡ÉÇÇ    αáÇCwy]&├ò1∩╗┐∩╗┐qH├áR≤¡¢«±äêå≥░ò▓%=≥»Öÿ?S==≤ùç½`

thread 'prop_no_panic::prop_parse_arbitrary_text_no_panic' (292548) panicked at crates\copybook-lexer\src\lib.rs:522:14:
byte index 7 is not a char boundary; it is inside '≡ÉÇÇ' (bytes 6..10) of `AA≡ÉÇÇ≡ÉÇÇ αáÇ≡ÉÇÇAa ≡ÉÇÇ    αáÇBwy]&├ò1∩╗┐∩╗┐qH├áR≤¡¢«±äêå≥░ò▓%=≥»Öÿ?S==≤ùç½`

thread 'prop_no_panic::prop_parse_arbitrary_text_no_panic' (292548) panicked at crates\copybook-lexer\src\lib.rs:522:14:
byte index 7 is not a char boundary; it is inside '≡ÉÇÇ' (bytes 6..10) of `AA≡ÉÇÇ≡ÉÇÇ αáÇ≡ÉÇÇAa ≡ÉÇÇ    αáÇAwy]&├ò1∩╗┐∩╗┐qH├áR≤¡¢«±äêå≥░ò▓%=≥»Öÿ?S==≤ùç½`

thread 'prop_no_panic::prop_parse_arbitrary_text_no_panic' (292548) panicked at crates\copybook-lexer\src\lib.rs:522:14:
byte index 7 is not a char boundary; it is inside '≡ÉÇÇ' (bytes 6..10) of `AA≡ÉÇÇ≡ÉÇÇ αáÇ≡ÉÇÇAa ≡ÉÇÇ    αáÇAly]&├ò1∩╗┐∩╗┐qH├áR≤¡¢«±äêå≥░ò▓%=≥»Öÿ?S==≤ùç½`

thread 'prop_no_panic::prop_parse_arbitrary_text_no_panic' (292548) panicked at crates\copybook-lexer\src\lib.rs:522:14:
byte index 7 is not a char boundary; it is inside '≡ÉÇÇ' (bytes 6..10) of `AA≡ÉÇÇ≡ÉÇÇ αáÇ≡ÉÇÇAa ≡ÉÇÇ    αáÇAfy]&├ò1∩╗┐∩╗┐qH├áR≤¡¢«±äêå≥░ò▓%=≥»Öÿ?S==≤ùç½`

thread 'prop_no_panic::prop_parse_arbitrary_text_no_panic' (292548) panicked at crates\copybook-lexer\src\lib.rs:522:14:
byte index 7 is not a char boundary; it is inside '≡ÉÇÇ' (bytes 6..10) of `AA≡ÉÇÇ≡ÉÇÇ αáÇ≡ÉÇÇAa ≡ÉÇÇ    αáÇAcy]&├ò1∩╗┐∩╗┐qH├áR≤¡¢«±äêå≥░ò▓%=≥»Öÿ?S==≤ùç½`

thread 'prop_no_panic::prop_parse_arbitrary_text_no_panic' (292548) panicked at crates\copybook-lexer\src\lib.rs:522:14:
byte index 7 is not a char boundary; it is inside '≡ÉÇÇ' (bytes 6..10) of `AA≡ÉÇÇ≡ÉÇÇ αáÇ≡ÉÇÇAa ≡ÉÇÇ    αáÇAby]&├ò1∩╗┐∩╗┐qH├áR≤¡¢«±äêå≥░ò▓%=≥»Öÿ?S==≤ùç½`

thread 'prop_no_panic::prop_parse_arbitrary_text_no_panic' (292548) panicked at crates\copybook-lexer\src\lib.rs:522:14:
byte index 7 is not a char boundary; it is inside '≡ÉÇÇ' (bytes 6..10) of `AA≡ÉÇÇ≡ÉÇÇ αáÇ≡ÉÇÇAa ≡ÉÇÇ    αáÇAay]&├ò1∩╗┐∩╗┐qH├áR≤¡¢«±äêå≥░ò▓%=≥»Öÿ?S==≤ùç½`

thread 'prop_no_panic::prop_parse_arbitrary_text_no_panic' (292548) panicked at crates\copybook-lexer\src\lib.rs:522:14:
byte index 7 is not a char boundary; it is inside '≡ÉÇÇ' (bytes 6..10) of `AA≡ÉÇÇ≡ÉÇÇ αáÇ≡ÉÇÇAa ≡ÉÇÇ    αáÇAay]&├ò1∩╗┐∩╗┐qH├áR≤¡¢«±äêå≥░ò▓%=≥»Öÿ?S==≤ùç½`

thread 'prop_no_panic::prop_parse_arbitrary_text_no_panic' (292548) panicked at crates\copybook-lexer\src\lib.rs:522:14:
byte index 7 is not a char boundary; it is inside '≡ÉÇÇ' (bytes 6..10) of `AA≡ÉÇÇ≡ÉÇÇ αáÇ≡ÉÇÇAa ≡ÉÇÇ    αáÇAay]&├ò1∩╗┐∩╗┐qH├áR≤¡¢«±äêå≥░ò▓%=≥»Öÿ?S==≤ùç½`

thread 'prop_no_panic::prop_parse_arbitrary_text_no_panic' (292548) panicked at crates\copybook-lexer\src\lib.rs:522:14:
byte index 7 is not a char boundary; it is inside '≡ÉÇÇ' (bytes 6..10) of `AA≡ÉÇÇ≡ÉÇÇ αáÇ≡ÉÇÇAa ≡ÉÇÇ    αáÇAa
y]&├ò1∩╗┐∩╗┐qH├áR≤¡¢«±äêå≥░ò▓%=≥»Öÿ?S==≤ùç½`

thread 'prop_no_panic::prop_parse_arbitrary_text_no_panic' (292548) panicked at crates\copybook-lexer\src\lib.rs:522:14:
byte index 7 is not a char boundary; it is inside '≡ÉÇÇ' (bytes 6..10) of `AA≡ÉÇÇ≡ÉÇÇ αáÇ≡ÉÇÇAa ≡ÉÇÇ    αáÇAay]&├ò1∩╗┐∩╗┐qH├áR≤¡¢«±äêå≥░ò▓%=≥»Öÿ?S==≤ùç½`

thread 'prop_no_panic::prop_parse_arbitrary_text_no_panic' (292548) panicked at crates\copybook-lexer\src\lib.rs:522:14:
byte index 7 is not a char boundary; it is inside '≡ÉÇÇ' (bytes 6..10) of `AA≡ÉÇÇ≡ÉÇÇ αáÇ≡ÉÇÇAa ≡ÉÇÇ    αáÇAay]&├ò1∩╗┐∩╗┐qH├áR≤¡¢«±äêå≥░ò▓%=≥»Öÿ?S==≤ùç½`

thread 'prop_no_panic::prop_parse_arbitrary_text_no_panic' (292548) panicked at crates\copybook-lexer\src\lib.rs:522:14:
byte index 7 is not a char boundary; it is inside '≡ÉÇÇ' (bytes 6..10) of `AA≡ÉÇÇ≡ÉÇÇ αáÇ≡ÉÇÇAa ≡ÉÇÇ    αáÇAam]&├ò1∩╗┐∩╗┐qH├áR≤¡¢«±äêå≥░ò▓%=≥»Öÿ?S==≤ùç½`

thread 'prop_no_panic::prop_parse_arbitrary_text_no_panic' (292548) panicked at crates\copybook-lexer\src\lib.rs:522:14:
byte index 7 is not a char boundary; it is inside '≡ÉÇÇ' (bytes 6..10) of `AA≡ÉÇÇ≡ÉÇÇ αáÇ≡ÉÇÇAa ≡ÉÇÇ    αáÇAag]&├ò1∩╗┐∩╗┐qH├áR≤¡¢«±äêå≥░ò▓%=≥»Öÿ?S==≤ùç½`

thread 'prop_no_panic::prop_parse_arbitrary_text_no_panic' (292548) panicked at crates\copybook-lexer\src\lib.rs:522:14:
byte index 7 is not a char boundary; it is inside '≡ÉÇÇ' (bytes 6..10) of `AA≡ÉÇÇ≡ÉÇÇ αáÇ≡ÉÇÇAa ≡ÉÇÇ    αáÇAad]&├ò1∩╗┐∩╗┐qH├áR≤¡¢«±äêå≥░ò▓%=≥»Öÿ?S==≤ùç½`

thread 'prop_no_panic::prop_parse_arbitrary_text_no_panic' (292548) panicked at crates\copybook-lexer\src\lib.rs:522:14:
byte index 7 is not a char boundary; it is inside '≡ÉÇÇ' (bytes 6..10) of `AA≡ÉÇÇ≡ÉÇÇ αáÇ≡ÉÇÇAa ≡ÉÇÇ    αáÇAab]&├ò1∩╗┐∩╗┐qH├áR≤¡¢«±äêå≥░ò▓%=≥»Öÿ?S==≤ùç½`

thread 'prop_no_panic::prop_parse_arbitrary_text_no_panic' (292548) panicked at crates\copybook-lexer\src\lib.rs:522:14:
byte index 7 is not a char boundary; it is inside '≡ÉÇÇ' (bytes 6..10) of `AA≡ÉÇÇ≡ÉÇÇ αáÇ≡ÉÇÇAa ≡ÉÇÇ    αáÇAaa]&├ò1∩╗┐∩╗┐qH├áR≤¡¢«±äêå≥░ò▓%=≥»Öÿ?S==≤ùç½`

thread 'prop_no_panic::prop_parse_arbitrary_text_no_panic' (292548) panicked at crates\copybook-lexer\src\lib.rs:522:14:
byte index 7 is not a char boundary; it is inside '≡ÉÇÇ' (bytes 6..10) of `AA≡ÉÇÇ≡ÉÇÇ αáÇ≡ÉÇÇAa ≡ÉÇÇ    αáÇAaaO&├ò1∩╗┐∩╗┐qH├áR≤¡¢«±äêå≥░ò▓%=≥»Öÿ?S==≤ùç½`

thread 'prop_no_panic::prop_parse_arbitrary_text_no_panic' (292548) panicked at crates\copybook-lexer\src\lib.rs:522:14:
byte index 7 is not a char boundary; it is inside '≡ÉÇÇ' (bytes 6..10) of `AA≡ÉÇÇ≡ÉÇÇ αáÇ≡ÉÇÇAa ≡ÉÇÇ    αáÇAaaH&├ò1∩╗┐∩╗┐qH├áR≤¡¢«±äêå≥░ò▓%=≥»Öÿ?S==≤ùç½`

thread 'prop_no_panic::prop_parse_arbitrary_text_no_panic' (292548) panicked at crates\copybook-lexer\src\lib.rs:522:14:
byte index 7 is not a char boundary; it is inside '≡ÉÇÇ' (bytes 6..10) of `AA≡ÉÇÇ≡ÉÇÇ αáÇ≡ÉÇÇAa ≡ÉÇÇ    αáÇAaaD&├ò1∩╗┐∩╗┐qH├áR≤¡¢«±äêå≥░ò▓%=≥»Öÿ?S==≤ùç½`

thread 'prop_no_panic::prop_parse_arbitrary_text_no_panic' (292548) panicked at crates\copybook-lexer\src\lib.rs:522:14:
byte index 7 is not a char boundary; it is inside '≡ÉÇÇ' (bytes 6..10) of `AA≡ÉÇÇ≡ÉÇÇ αáÇ≡ÉÇÇAa ≡ÉÇÇ    αáÇAaaB&├ò1∩╗┐∩╗┐qH├áR≤¡¢«±äêå≥░ò▓%=≥»Öÿ?S==≤ùç½`

thread 'prop_no_panic::prop_parse_arbitrary_text_no_panic' (292548) panicked at crates\copybook-lexer\src\lib.rs:522:14:
byte index 7 is not a char boundary; it is inside '≡ÉÇÇ' (bytes 6..10) of `AA≡ÉÇÇ≡ÉÇÇ αáÇ≡ÉÇÇAa ≡ÉÇÇ    αáÇAaaA&├ò1∩╗┐∩╗┐qH├áR≤¡¢«±äêå≥░ò▓%=≥»Öÿ?S==≤ùç½`

thread 'prop_no_panic::prop_parse_arbitrary_text_no_panic' (292548) panicked at crates\copybook-lexer\src\lib.rs:522:14:
byte index 7 is not a char boundary; it is inside '≡ÉÇÇ' (bytes 6..10) of `AA≡ÉÇÇ≡ÉÇÇ αáÇ≡ÉÇÇAa ≡ÉÇÇ    αáÇAaaA#├ò1∩╗┐∩╗┐qH├áR≤¡¢«±äêå≥░ò▓%=≥»Öÿ?S==≤ùç½`

thread 'prop_no_panic::prop_parse_arbitrary_text_no_panic' (292548) panicked at crates\copybook-lexer\src\lib.rs:522:14:
byte index 7 is not a char boundary; it is inside '≡ÉÇÇ' (bytes 6..10) of `AA≡ÉÇÇ≡ÉÇÇ αáÇ≡ÉÇÇAa ≡ÉÇÇ    αáÇAaaA!├ò1∩╗┐∩╗┐qH├áR≤¡¢«±äêå≥░ò▓%=≥»Öÿ?S==≤ùç½`

thread 'prop_no_panic::prop_parse_arbitrary_text_no_panic' (292548) panicked at crates\copybook-lexer\src\lib.rs:522:14:
byte index 7 is not a char boundary; it is inside '≡ÉÇÇ' (bytes 6..10) of `AA≡ÉÇÇ≡ÉÇÇ αáÇ≡ÉÇÇAa ≡ÉÇÇ    αáÇAaaA ├ò1∩╗┐∩╗┐qH├áR≤¡¢«±äêå≥░ò▓%=≥»Öÿ?S==≤ùç½`

thread 'prop_no_panic::prop_parse_arbitrary_text_no_panic' (292548) panicked at crates\copybook-lexer\src\lib.rs:522:14:
byte index 7 is not a char boundary; it is inside '≡ÉÇÇ' (bytes 6..10) of `AA≡ÉÇÇ≡ÉÇÇ αáÇ≡ÉÇÇAa ≡ÉÇÇ    αáÇAaaA ┬╗1∩╗┐∩╗┐qH├áR≤¡¢«±äêå≥░ò▓%=≥»Öÿ?S==≤ùç½`

thread 'prop_no_panic::prop_parse_arbitrary_text_no_panic' (292548) panicked at crates\copybook-lexer\src\lib.rs:522:14:
byte index 7 is not a char boundary; it is inside '≡ÉÇÇ' (bytes 6..10) of `AA≡ÉÇÇ≡ÉÇÇ αáÇ≡ÉÇÇAa ≡ÉÇÇ    αáÇAaaA ┬«1∩╗┐∩╗┐qH├áR≤¡¢«±äêå≥░ò▓%=≥»Öÿ?S==≤ùç½`

thread 'prop_no_panic::prop_parse_arbitrary_text_no_panic' (292548) panicked at crates\copybook-lexer\src\lib.rs:522:14:
byte index 7 is not a char boundary; it is inside '≡ÉÇÇ' (bytes 6..10) of `AA≡ÉÇÇ≡ÉÇÇ αáÇ≡ÉÇÇAa ≡ÉÇÇ    αáÇAaaA ┬º1∩╗┐∩╗┐qH├áR≤¡¢«±äêå≥░ò▓%=≥»Öÿ?S==≤ùç½`

thread 'prop_no_panic::prop_parse_arbitrary_text_no_panic' (292548) panicked at crates\copybook-lexer\src\lib.rs:522:14:
byte index 7 is not a char boundary; it is inside '≡ÉÇÇ' (bytes 6..10) of `AA≡ÉÇÇ≡ÉÇÇ αáÇ≡ÉÇÇAa ≡ÉÇÇ    αáÇAaaA ┬ñ1∩╗┐∩╗┐qH├áR≤¡¢«±äêå≥░ò▓%=≥»Öÿ?S==≤ùç½`

thread 'prop_no_panic::prop_parse_arbitrary_text_no_panic' (292548) panicked at crates\copybook-lexer\src\lib.rs:522:14:
byte index 7 is not a char boundary; it is inside '≡ÉÇÇ' (bytes 6..10) of `AA≡ÉÇÇ≡ÉÇÇ αáÇ≡ÉÇÇAa ≡ÉÇÇ    αáÇAaaA ┬ó1∩╗┐∩╗┐qH├áR≤¡¢«±äêå≥░ò▓%=≥»Öÿ?S==≤ùç½`

thread 'prop_no_panic::prop_parse_arbitrary_text_no_panic' (292548) panicked at crates\copybook-lexer\src\lib.rs:522:14:
byte index 7 is not a char boundary; it is inside '≡ÉÇÇ' (bytes 6..10) of `AA≡ÉÇÇ≡ÉÇÇ αáÇ≡ÉÇÇAa ≡ÉÇÇ    αáÇAaaA ┬í1∩╗┐∩╗┐qH├áR≤¡¢«±äêå≥░ò▓%=≥»Öÿ?S==≤ùç½`

thread 'prop_no_panic::prop_parse_arbitrary_text_no_panic' (292548) panicked at crates\copybook-lexer\src\lib.rs:522:14:
byte index 7 is not a char boundary; it is inside '≡ÉÇÇ' (bytes 6..10) of `AA≡ÉÇÇ≡ÉÇÇ αáÇ≡ÉÇÇAa ≡ÉÇÇ    αáÇAaaA ┬í0∩╗┐∩╗┐qH├áR≤¡¢«±äêå≥░ò▓%=≥»Öÿ?S==≤ùç½`

thread 'prop_no_panic::prop_parse_arbitrary_text_no_panic' (292548) panicked at crates\copybook-lexer\src\lib.rs:522:14:
byte index 7 is not a char boundary; it is inside '≡ÉÇÇ' (bytes 6..10) of `AA≡ÉÇÇ≡ÉÇÇ αáÇ≡ÉÇÇAa ≡ÉÇÇ    αáÇAaaA ┬í0τ┐É∩╗┐qH├áR≤¡¢«±äêå≥░ò▓%=≥»Öÿ?S==≤ùç½`

thread 'prop_no_panic::prop_parse_arbitrary_text_no_panic' (292548) panicked at crates\copybook-lexer\src\lib.rs:522:14:
byte index 7 is not a char boundary; it is inside '≡ÉÇÇ' (bytes 6..10) of `AA≡ÉÇÇ≡ÉÇÇ αáÇ≡ÉÇÇAa ≡ÉÇÇ    αáÇAaaA ┬í0ΣÇ╕∩╗┐qH├áR≤¡¢«±äêå≥░ò▓%=≥»Öÿ?S==≤ùç½`

thread 'prop_no_panic::prop_parse_arbitrary_text_no_panic' (292548) panicked at crates\copybook-lexer\src\lib.rs:522:14:
byte index 7 is not a char boundary; it is inside '≡ÉÇÇ' (bytes 6..10) of `AA≡ÉÇÇ≡ÉÇÇ αáÇ≡ÉÇÇAa ≡ÉÇÇ    αáÇAaaA ┬í0Γü¼∩╗┐qH├áR≤¡¢«±äêå≥░ò▓%=≥»Öÿ?S==≤ùç½`

thread 'prop_no_panic::prop_parse_arbitrary_text_no_panic' (292548) panicked at crates\copybook-lexer\src\lib.rs:522:14:
byte index 7 is not a char boundary; it is inside '≡ÉÇÇ' (bytes 6..10) of `AA≡ÉÇÇ≡ÉÇÇ αáÇ≡ÉÇÇAa ≡ÉÇÇ    αáÇAaaA ┬í0ßéå∩╗┐qH├áR≤¡¢«±äêå≥░ò▓%=≥»Öÿ?S==≤ùç½`

thread 'prop_no_panic::prop_parse_arbitrary_text_no_panic' (292548) panicked at crates\copybook-lexer\src\lib.rs:522:14:
byte index 7 is not a char boundary; it is inside '≡ÉÇÇ' (bytes 6..10) of `AA≡ÉÇÇ≡ÉÇÇ αáÇ≡ÉÇÇAa ≡ÉÇÇ    αáÇAaaA ┬í0αóô∩╗┐qH├áR≤¡¢«±äêå≥░ò▓%=≥»Öÿ?S==≤ùç½`

thread 'prop_no_panic::prop_parse_arbitrary_text_no_panic' (292548) panicked at crates\copybook-lexer\src\lib.rs:522:14:
byte index 7 is not a char boundary; it is inside '≡ÉÇÇ' (bytes 6..10) of `AA≡ÉÇÇ≡ÉÇÇ αáÇ≡ÉÇÇAa ≡ÉÇÇ    αáÇAaaA ┬í0αáö∩╗┐qH├áR≤¡¢«±äêå≥░ò▓%=≥»Öÿ?S==≤ùç½`

thread 'prop_no_panic::prop_parse_arbitrary_text_no_panic' (292548) panicked at crates\copybook-lexer\src\lib.rs:522:14:
byte index 7 is not a char boundary; it is inside '≡ÉÇÇ' (bytes 6..10) of `AA≡ÉÇÇ≡ÉÇÇ αáÇ≡ÉÇÇAa ≡ÉÇÇ    αáÇAaaA ┬í0αáà∩╗┐qH├áR≤¡¢«±äêå≥░ò▓%=≥»Öÿ?S==≤ùç½`

thread 'prop_no_panic::prop_parse_arbitrary_text_no_panic' (292548) panicked at crates\copybook-lexer\src\lib.rs:522:14:
byte index 7 is not a char boundary; it is inside '≡ÉÇÇ' (bytes 6..10) of `AA≡ÉÇÇ≡ÉÇÇ αáÇ≡ÉÇÇAa ≡ÉÇÇ    αáÇAaaA ┬í0αáü∩╗┐qH├áR≤¡¢«±äêå≥░ò▓%=≥»Öÿ?S==≤ùç½`

thread 'prop_no_panic::prop_parse_arbitrary_text_no_panic' (292548) panicked at crates\copybook-lexer\src\lib.rs:522:14:
byte index 7 is not a char boundary; it is inside '≡ÉÇÇ' (bytes 6..10) of `AA≡ÉÇÇ≡ÉÇÇ αáÇ≡ÉÇÇAa ≡ÉÇÇ    αáÇAaaA ┬í0αáÇ∩╗┐qH├áR≤¡¢«±äêå≥░ò▓%=≥»Öÿ?S==≤ùç½`

thread 'prop_no_panic::prop_parse_arbitrary_text_no_panic' (292548) panicked at crates\copybook-lexer\src\lib.rs:522:14:
byte index 7 is not a char boundary; it is inside '≡ÉÇÇ' (bytes 6..10) of `AA≡ÉÇÇ≡ÉÇÇ αáÇ≡ÉÇÇAa ≡ÉÇÇ    αáÇAaaA ┬í0αáÇτ┐ÉqH├áR≤¡¢«±äêå≥░ò▓%=≥»Öÿ?S==≤ùç½`

thread 'prop_no_panic::prop_parse_arbitrary_text_no_panic' (292548) panicked at crates\copybook-lexer\src\lib.rs:522:14:
byte index 7 is not a char boundary; it is inside '≡ÉÇÇ' (bytes 6..10) of `AA≡ÉÇÇ≡ÉÇÇ αáÇ≡ÉÇÇAa ≡ÉÇÇ    αáÇAaaA ┬í0αáÇΣÇ╕qH├áR≤¡¢«±äêå≥░ò▓%=≥»Öÿ?S==≤ùç½`

thread 'prop_no_panic::prop_parse_arbitrary_text_no_panic' (292548) panicked at crates\copybook-lexer\src\lib.rs:522:14:
byte index 7 is not a char boundary; it is inside '≡ÉÇÇ' (bytes 6..10) of `AA≡ÉÇÇ≡ÉÇÇ αáÇ≡ÉÇÇAa ≡ÉÇÇ    αáÇAaaA ┬í0αáÇΓü¼qH├áR≤¡¢«±äêå≥░ò▓%=≥»Öÿ?S==≤ùç½`

thread 'prop_no_panic::prop_parse_arbitrary_text_no_panic' (292548) panicked at crates\copybook-lexer\src\lib.rs:522:14:
byte index 7 is not a char boundary; it is inside '≡ÉÇÇ' (bytes 6..10) of `AA≡ÉÇÇ≡ÉÇÇ αáÇ≡ÉÇÇAa ≡ÉÇÇ    αáÇAaaA ┬í0αáÇßéåqH├áR≤¡¢«±äêå≥░ò▓%=≥»Öÿ?S==≤ùç½`

thread 'prop_no_panic::prop_parse_arbitrary_text_no_panic' (292548) panicked at crates\copybook-lexer\src\lib.rs:522:14:
byte index 7 is not a char boundary; it is inside '≡ÉÇÇ' (bytes 6..10) of `AA≡ÉÇÇ≡ÉÇÇ αáÇ≡ÉÇÇAa ≡ÉÇÇ    αáÇAaaA ┬í0αáÇαóôqH├áR≤¡¢«±äêå≥░ò▓%=≥»Öÿ?S==≤ùç½`

thread 'prop_no_panic::prop_parse_arbitrary_text_no_panic' (292548) panicked at crates\copybook-lexer\src\lib.rs:522:14:
byte index 7 is not a char boundary; it is inside '≡ÉÇÇ' (bytes 6..10) of `AA≡ÉÇÇ≡ÉÇÇ αáÇ≡ÉÇÇAa ≡ÉÇÇ    αáÇAaaA ┬í0αáÇαáöqH├áR≤¡¢«±äêå≥░ò▓%=≥»Öÿ?S==≤ùç½`

thread 'prop_no_panic::prop_parse_arbitrary_text_no_panic' (292548) panicked at crates\copybook-lexer\src\lib.rs:522:14:
byte index 7 is not a char boundary; it is inside '≡ÉÇÇ' (bytes 6..10) of `AA≡ÉÇÇ≡ÉÇÇ αáÇ≡ÉÇÇAa ≡ÉÇÇ    αáÇAaaA ┬í0αáÇαáàqH├áR≤¡¢«±äêå≥░ò▓%=≥»Öÿ?S==≤ùç½`

thread 'prop_no_panic::prop_parse_arbitrary_text_no_panic' (292548) panicked at crates\copybook-lexer\src\lib.rs:522:14:
byte index 7 is not a char boundary; it is inside '≡ÉÇÇ' (bytes 6..10) of `AA≡ÉÇÇ≡ÉÇÇ αáÇ≡ÉÇÇAa ≡ÉÇÇ    αáÇAaaA ┬í0αáÇαáüqH├áR≤¡¢«±äêå≥░ò▓%=≥»Öÿ?S==≤ùç½`

thread 'prop_no_panic::prop_parse_arbitrary_text_no_panic' (292548) panicked at crates\copybook-lexer\src\lib.rs:522:14:
byte index 7 is not a char boundary; it is inside '≡ÉÇÇ' (bytes 6..10) of `AA≡ÉÇÇ≡ÉÇÇ αáÇ≡ÉÇÇAa ≡ÉÇÇ    αáÇAaaA ┬í0αáÇαáÇqH├áR≤¡¢«±äêå≥░ò▓%=≥»Öÿ?S==≤ùç½`

thread 'prop_no_panic::prop_parse_arbitrary_text_no_panic' (292548) panicked at crates\copybook-lexer\src\lib.rs:522:14:
byte index 7 is not a char boundary; it is inside '≡ÉÇÇ' (bytes 6..10) of `AA≡ÉÇÇ≡ÉÇÇ αáÇ≡ÉÇÇAa ≡ÉÇÇ    αáÇAaaA ┬í0αáÇαáÇiH├áR≤¡¢«±äêå≥░ò▓%=≥»Öÿ?S==≤ùç½`

thread 'prop_no_panic::prop_parse_arbitrary_text_no_panic' (292548) panicked at crates\copybook-lexer\src\lib.rs:522:14:
byte index 7 is not a char boundary; it is inside '≡ÉÇÇ' (bytes 6..10) of `AA≡ÉÇÇ≡ÉÇÇ αáÇ≡ÉÇÇAa ≡ÉÇÇ    αáÇAaaA ┬í0αáÇαáÇeH├áR≤¡¢«±äêå≥░ò▓%=≥»Öÿ?S==≤ùç½`

thread 'prop_no_panic::prop_parse_arbitrary_text_no_panic' (292548) panicked at crates\copybook-lexer\src\lib.rs:522:14:
byte index 7 is not a char boundary; it is inside '≡ÉÇÇ' (bytes 6..10) of `AA≡ÉÇÇ≡ÉÇÇ αáÇ≡ÉÇÇAa ≡ÉÇÇ    αáÇAaaA ┬í0αáÇαáÇcH├áR≤¡¢«±äêå≥░ò▓%=≥»Öÿ?S==≤ùç½`

thread 'prop_no_panic::prop_parse_arbitrary_text_no_panic' (292548) panicked at crates\copybook-lexer\src\lib.rs:522:14:
byte index 7 is not a char boundary; it is inside '≡ÉÇÇ' (bytes 6..10) of `AA≡ÉÇÇ≡ÉÇÇ αáÇ≡ÉÇÇAa ≡ÉÇÇ    αáÇAaaA ┬í0αáÇαáÇbH├áR≤¡¢«±äêå≥░ò▓%=≥»Öÿ?S==≤ùç½`

thread 'prop_no_panic::prop_parse_arbitrary_text_no_panic' (292548) panicked at crates\copybook-lexer\src\lib.rs:522:14:
byte index 7 is not a char boundary; it is inside '≡ÉÇÇ' (bytes 6..10) of `AA≡ÉÇÇ≡ÉÇÇ αáÇ≡ÉÇÇAa ≡ÉÇÇ    αáÇAaaA ┬í0αáÇαáÇaH├áR≤¡¢«±äêå≥░ò▓%=≥»Öÿ?S==≤ùç½`

thread 'prop_no_panic::prop_parse_arbitrary_text_no_panic' (292548) panicked at crates\copybook-lexer\src\lib.rs:522:14:
byte index 7 is not a char boundary; it is inside '≡ÉÇÇ' (bytes 6..10) of `AA≡ÉÇÇ≡ÉÇÇ αáÇ≡ÉÇÇAa ≡ÉÇÇ    αáÇAaaA ┬í0αáÇαáÇaD├áR≤¡¢«±äêå≥░ò▓%=≥»Öÿ?S==≤ùç½`

thread 'prop_no_panic::prop_parse_arbitrary_text_no_panic' (292548) panicked at crates\copybook-lexer\src\lib.rs:522:14:
byte index 7 is not a char boundary; it is inside '≡ÉÇÇ' (bytes 6..10) of `AA≡ÉÇÇ≡ÉÇÇ αáÇ≡ÉÇÇAa ≡ÉÇÇ    αáÇAaaA ┬í0αáÇαáÇaB├áR≤¡¢«±äêå≥░ò▓%=≥»Öÿ?S==≤ùç½`

thread 'prop_no_panic::prop_parse_arbitrary_text_no_panic' (292548) panicked at crates\copybook-lexer\src\lib.rs:522:14:
byte index 7 is not a char boundary; it is inside '≡ÉÇÇ' (bytes 6..10) of `AA≡ÉÇÇ≡ÉÇÇ αáÇ≡ÉÇÇAa ≡ÉÇÇ    αáÇAaaA ┬í0αáÇαáÇaA├áR≤¡¢«±äêå≥░ò▓%=≥»Öÿ?S==≤ùç½`

thread 'prop_no_panic::prop_parse_arbitrary_text_no_panic' (292548) panicked at crates\copybook-lexer\src\lib.rs:522:14:
byte index 7 is not a char boundary; it is inside '≡ÉÇÇ' (bytes 6..10) of `AA≡ÉÇÇ≡ÉÇÇ αáÇ≡ÉÇÇAa ≡ÉÇÇ    αáÇAaaA ┬í0αáÇαáÇaA├ÇR≤¡¢«±äêå≥░ò▓%=≥»Öÿ?S==≤ùç½`

thread 'prop_no_panic::prop_parse_arbitrary_text_no_panic' (292548) panicked at crates\copybook-lexer\src\lib.rs:522:14:
byte index 7 is not a char boundary; it is inside '≡ÉÇÇ' (bytes 6..10) of `AA≡ÉÇÇ≡ÉÇÇ αáÇ≡ÉÇÇAa ≡ÉÇÇ    αáÇAaaA ┬í0αáÇαáÇaA┬░R≤¡¢«±äêå≥░ò▓%=≥»Öÿ?S==≤ùç½`

thread 'prop_no_panic::prop_parse_arbitrary_text_no_panic' (292548) panicked at crates\copybook-lexer\src\lib.rs:522:14:
byte index 7 is not a char boundary; it is inside '≡ÉÇÇ' (bytes 6..10) of `AA≡ÉÇÇ≡ÉÇÇ αáÇ≡ÉÇÇAa ≡ÉÇÇ    αáÇAaaA ┬í0αáÇαáÇaA┬¿R≤¡¢«±äêå≥░ò▓%=≥»Öÿ?S==≤ùç½`

thread 'prop_no_panic::prop_parse_arbitrary_text_no_panic' (292548) panicked at crates\copybook-lexer\src\lib.rs:522:14:
byte index 7 is not a char boundary; it is inside '≡ÉÇÇ' (bytes 6..10) of `AA≡ÉÇÇ≡ÉÇÇ αáÇ≡ÉÇÇAa ≡ÉÇÇ    αáÇAaaA ┬í0αáÇαáÇaA┬ñR≤¡¢«±äêå≥░ò▓%=≥»Öÿ?S==≤ùç½`

thread 'prop_no_panic::prop_parse_arbitrary_text_no_panic' (292548) panicked at crates\copybook-lexer\src\lib.rs:522:14:
byte index 7 is not a char boundary; it is inside '≡ÉÇÇ' (bytes 6..10) of `AA≡ÉÇÇ≡ÉÇÇ αáÇ≡ÉÇÇAa ≡ÉÇÇ    αáÇAaaA ┬í0αáÇαáÇaA┬óR≤¡¢«±äêå≥░ò▓%=≥»Öÿ?S==≤ùç½`

thread 'prop_no_panic::prop_parse_arbitrary_text_no_panic' (292548) panicked at crates\copybook-lexer\src\lib.rs:522:14:
byte index 7 is not a char boundary; it is inside '≡ÉÇÇ' (bytes 6..10) of `AA≡ÉÇÇ≡ÉÇÇ αáÇ≡ÉÇÇAa ≡ÉÇÇ    αáÇAaaA ┬í0αáÇαáÇaA┬íR≤¡¢«±äêå≥░ò▓%=≥»Öÿ?S==≤ùç½`

thread 'prop_no_panic::prop_parse_arbitrary_text_no_panic' (292548) panicked at crates\copybook-lexer\src\lib.rs:522:14:
byte index 7 is not a char boundary; it is inside '≡ÉÇÇ' (bytes 6..10) of `AA≡ÉÇÇ≡ÉÇÇ αáÇ≡ÉÇÇAa ≡ÉÇÇ    αáÇAaaA ┬í0αáÇαáÇaA┬íI≤¡¢«±äêå≥░ò▓%=≥»Öÿ?S==≤ùç½`

thread 'prop_no_panic::prop_parse_arbitrary_text_no_panic' (292548) panicked at crates\copybook-lexer\src\lib.rs:522:14:
byte index 7 is not a char boundary; it is inside '≡ÉÇÇ' (bytes 6..10) of `AA≡ÉÇÇ≡ÉÇÇ αáÇ≡ÉÇÇAa ≡ÉÇÇ    αáÇAaaA ┬í0αáÇαáÇaA┬íE≤¡¢«±äêå≥░ò▓%=≥»Öÿ?S==≤ùç½`

thread 'prop_no_panic::prop_parse_arbitrary_text_no_panic' (292548) panicked at crates\copybook-lexer\src\lib.rs:522:14:
byte index 7 is not a char boundary; it is inside '≡ÉÇÇ' (bytes 6..10) of `AA≡ÉÇÇ≡ÉÇÇ αáÇ≡ÉÇÇAa ≡ÉÇÇ    αáÇAaaA ┬í0αáÇαáÇaA┬íC≤¡¢«±äêå≥░ò▓%=≥»Öÿ?S==≤ùç½`

thread 'prop_no_panic::prop_parse_arbitrary_text_no_panic' (292548) panicked at crates\copybook-lexer\src\lib.rs:522:14:
byte index 7 is not a char boundary; it is inside '≡ÉÇÇ' (bytes 6..10) of `AA≡ÉÇÇ≡ÉÇÇ αáÇ≡ÉÇÇAa ≡ÉÇÇ    αáÇAaaA ┬í0αáÇαáÇaA┬íB≤¡¢«±äêå≥░ò▓%=≥»Öÿ?S==≤ùç½`

thread 'prop_no_panic::prop_parse_arbitrary_text_no_panic' (292548) panicked at crates\copybook-lexer\src\lib.rs:522:14:
byte index 7 is not a char boundary; it is inside '≡ÉÇÇ' (bytes 6..10) of `AA≡ÉÇÇ≡ÉÇÇ αáÇ≡ÉÇÇAa ≡ÉÇÇ    αáÇAaaA ┬í0αáÇαáÇaA┬íA≤¡¢«±äêå≥░ò▓%=≥»Öÿ?S==≤ùç½`

thread 'prop_no_panic::prop_parse_arbitrary_text_no_panic' (292548) panicked at crates\copybook-lexer\src\lib.rs:522:14:
byte index 7 is not a char boundary; it is inside '≡ÉÇÇ' (bytes 6..10) of `AA≡ÉÇÇ≡ÉÇÇ αáÇ≡ÉÇÇAa ≡ÉÇÇ    αáÇAaaA ┬í0αáÇαáÇaA┬íA±╢»ç±äêå≥░ò▓%=≥»Öÿ?S==≤ùç½`

thread 'prop_no_panic::prop_parse_arbitrary_text_no_panic' (292548) panicked at crates\copybook-lexer\src\lib.rs:522:14:
byte index 7 is not a char boundary; it is inside '≡ÉÇÇ' (bytes 6..10) of `AA≡ÉÇÇ≡ÉÇÇ αáÇ≡ÉÇÇAa ≡ÉÇÇ    αáÇAaaA ┬í0αáÇαáÇaA┬íA≡╗ÿ┤±äêå≥░ò▓%=≥»Öÿ?S==≤ùç½`

thread 'prop_no_panic::prop_parse_arbitrary_text_no_panic' (292548) panicked at crates\copybook-lexer\src\lib.rs:522:14:
byte index 7 is not a char boundary; it is inside '≡ÉÇÇ' (bytes 6..10) of `AA≡ÉÇÇ≡ÉÇÇ αáÇ≡ÉÇÇAa ≡ÉÇÇ    αáÇAaaA ┬í0αáÇαáÇaA┬íA≡¥¡¬±äêå≥░ò▓%=≥»Öÿ?S==≤ùç½`

thread 'prop_no_panic::prop_parse_arbitrary_text_no_panic' (292548) panicked at crates\copybook-lexer\src\lib.rs:522:14:
byte index 7 is not a char boundary; it is inside '≡ÉÇÇ' (bytes 6..10) of `AA≡ÉÇÇ≡ÉÇÇ αáÇ≡ÉÇÇAa ≡ÉÇÇ    αáÇAaaA ┬í0αáÇαáÇaA┬íA≡ûÆ╕±äêå≥░ò▓%=≥»Öÿ?S==≤ùç½`

thread 'prop_no_panic::prop_parse_arbitrary_text_no_panic' (292548) panicked at crates\copybook-lexer\src\lib.rs:522:14:
byte index 7 is not a char boundary; it is inside '≡ÉÇÇ' (bytes 6..10) of `AA≡ÉÇÇ≡ÉÇÇ αáÇ≡ÉÇÇAa ≡ÉÇÇ    αáÇAaaA ┬í0αáÇαáÇaA┬íA≡ÆÑƒ±äêå≥░ò▓%=≥»Öÿ?S==≤ùç½`

thread 'prop_no_panic::prop_parse_arbitrary_text_no_panic' (292548) panicked at crates\copybook-lexer\src\lib.rs:522:14:
byte index 7 is not a char boundary; it is inside '≡ÉÇÇ' (bytes 6..10) of `AA≡ÉÇÇ≡ÉÇÇ αáÇ≡ÉÇÇAa ≡ÉÇÇ    αáÇAaaA ┬í0αáÇαáÇaA┬íA≡É«▓±äêå≥░ò▓%=≥»Öÿ?S==≤ùç½`

thread 'prop_no_panic::prop_parse_arbitrary_text_no_panic' (292548) panicked at crates\copybook-lexer\src\lib.rs:522:14:
byte index 7 is not a char boundary; it is inside '≡ÉÇÇ' (bytes 6..10) of `AA≡ÉÇÇ≡ÉÇÇ αáÇ≡ÉÇÇAa ≡ÉÇÇ    αáÇAaaA ┬í0αáÇαáÇaA┬íA≡Éæç±äêå≥░ò▓%=≥»Öÿ?S==≤ùç½`

thread 'prop_no_panic::prop_parse_arbitrary_text_no_panic' (292548) panicked at crates\copybook-lexer\src\lib.rs:522:14:
byte index 7 is not a char boundary; it is inside '≡ÉÇÇ' (bytes 6..10) of `AA≡ÉÇÇ≡ÉÇÇ αáÇ≡ÉÇÇAa ≡ÉÇÇ    αáÇAaaA ┬í0αáÇαáÇaA┬íA≡ÉéÆ±äêå≥░ò▓%=≥»Öÿ?S==≤ùç½`

thread 'prop_no_panic::prop_parse_arbitrary_text_no_panic' (292548) panicked at crates\copybook-lexer\src\lib.rs:522:14:
byte index 7 is not a char boundary; it is inside '≡ÉÇÇ' (bytes 6..10) of `AA≡ÉÇÇ≡ÉÇÇ αáÇ≡ÉÇÇAa ≡ÉÇÇ    αáÇAaaA ┬í0αáÇαáÇaA┬íA≡ÉÇ£±äêå≥░ò▓%=≥»Öÿ?S==≤ùç½`

thread 'prop_no_panic::prop_parse_arbitrary_text_no_panic' (292548) panicked at crates\copybook-lexer\src\lib.rs:522:14:
byte index 7 is not a char boundary; it is inside '≡ÉÇÇ' (bytes 6..10) of `AA≡ÉÇÇ≡ÉÇÇ αáÇ≡ÉÇÇAa ≡ÉÇÇ    αáÇAaaA ┬í0αáÇαáÇaA┬íA≡ÉÇÄ±äêå≥░ò▓%=≥»Öÿ?S==≤ùç½`

thread 'prop_no_panic::prop_parse_arbitrary_text_no_panic' (292548) panicked at crates\copybook-lexer\src\lib.rs:522:14:
byte index 7 is not a char boundary; it is inside '≡ÉÇÇ' (bytes 6..10) of `AA≡ÉÇÇ≡ÉÇÇ αáÇ≡ÉÇÇAa ≡ÉÇÇ    αáÇAaaA ┬í0αáÇαáÇaA┬íA≡ÉÇç±äêå≥░ò▓%=≥»Öÿ?S==≤ùç½`

thread 'prop_no_panic::prop_parse_arbitrary_text_no_panic' (292548) panicked at crates\copybook-lexer\src\lib.rs:522:14:
byte index 7 is not a char boundary; it is inside '≡ÉÇÇ' (bytes 6..10) of `AA≡ÉÇÇ≡ÉÇÇ αáÇ≡ÉÇÇAa ≡ÉÇÇ    αáÇAaaA ┬í0αáÇαáÇaA┬íA≡ÉÇâ±äêå≥░ò▓%=≥»Öÿ?S==≤ùç½`

thread 'prop_no_panic::prop_parse_arbitrary_text_no_panic' (292548) panicked at crates\copybook-lexer\src\lib.rs:522:14:
byte index 7 is not a char boundary; it is inside '≡ÉÇÇ' (bytes 6..10) of `AA≡ÉÇÇ≡ÉÇÇ αáÇ≡ÉÇÇAa ≡ÉÇÇ    αáÇAaaA ┬í0αáÇαáÇaA┬íA≡ÉÇü±äêå≥░ò▓%=≥»Öÿ?S==≤ùç½`

thread 'prop_no_panic::prop_parse_arbitrary_text_no_panic' (292548) panicked at crates\copybook-lexer\src\lib.rs:522:14:
byte index 7 is not a char boundary; it is inside '≡ÉÇÇ' (bytes 6..10) of `AA≡ÉÇÇ≡ÉÇÇ αáÇ≡ÉÇÇAa ≡ÉÇÇ    αáÇAaaA ┬í0αáÇαáÇaA┬íA≡ÉÇÇ±äêå≥░ò▓%=≥»Öÿ?S==≤ùç½`

thread 'prop_no_panic::prop_parse_arbitrary_text_no_panic' (292548) panicked at crates\copybook-lexer\src\lib.rs:522:14:
byte index 7 is not a char boundary; it is inside '≡ÉÇÇ' (bytes 6..10) of `AA≡ÉÇÇ≡ÉÇÇ αáÇ≡ÉÇÇAa ≡ÉÇÇ    αáÇAaaA ┬í0αáÇαáÇaA┬íA≡ÉÇÇ≡óàô≥░ò▓%=≥»Öÿ?S==≤ùç½`

thread 'prop_no_panic::prop_parse_arbitrary_text_no_panic' (292548) panicked at crates\copybook-lexer\src\lib.rs:522:14:
byte index 7 is not a char boundary; it is inside '≡ÉÇÇ' (bytes 6..10) of `AA≡ÉÇÇ≡ÉÇÇ αáÇ≡ÉÇÇAa ≡ÉÇÇ    αáÇAaaA ┬í0αáÇαáÇaA┬íA≡ÉÇÇ≡æâ║≥░ò▓%=≥»Öÿ?S==≤ùç½`

thread 'prop_no_panic::prop_parse_arbitrary_text_no_panic' (292548) panicked at crates\copybook-lexer\src\lib.rs:522:14:
byte index 7 is not a char boundary; it is inside '≡ÉÇÇ' (bytes 6..10) of `AA≡ÉÇÇ≡ÉÇÇ αáÇ≡ÉÇÇAa ≡ÉÇÇ    αáÇAaaA ┬í0αáÇαáÇaA┬íA≡ÉÇÇ≡Éí╕≥░ò▓%=≥»Öÿ?S==≤ùç½`

thread 'prop_no_panic::prop_parse_arbitrary_text_no_panic' (292548) panicked at crates\copybook-lexer\src\lib.rs:522:14:
byte index 7 is not a char boundary; it is inside '≡ÉÇÇ' (bytes 6..10) of `AA≡ÉÇÇ≡ÉÇÇ αáÇ≡ÉÇÇAa ≡ÉÇÇ    αáÇAaaA ┬í0αáÇαáÇaA┬íA≡ÉÇÇ≡ÉÉ╖≥░ò▓%=≥»Öÿ?S==≤ùç½`

thread 'prop_no_panic::prop_parse_arbitrary_text_no_panic' (292548) panicked at crates\copybook-lexer\src\lib.rs:522:14:
byte index 7 is not a char boundary; it is inside '≡ÉÇÇ' (bytes 6..10) of `AA≡ÉÇÇ≡ÉÇÇ αáÇ≡ÉÇÇAa ≡ÉÇÇ    αáÇAaaA ┬í0αáÇαáÇaA┬íA≡ÉÇÇ≡Éêû≥░ò▓%=≥»Öÿ?S==≤ùç½`

thread 'prop_no_panic::prop_parse_arbitrary_text_no_panic' (292548) panicked at crates\copybook-lexer\src\lib.rs:522:14:
byte index 7 is not a char boundary; it is inside '≡ÉÇÇ' (bytes 6..10) of `AA≡ÉÇÇ≡ÉÇÇ αáÇ≡ÉÇÇAa ≡ÉÇÇ    αáÇAaaA ┬í0αáÇαáÇaA┬íA≡ÉÇÇ≡Éäå≥░ò▓%=≥»Öÿ?S==≤ùç½`

thread 'prop_no_panic::prop_parse_arbitrary_text_no_panic' (292548) panicked at crates\copybook-lexer\src\lib.rs:522:14:
byte index 7 is not a char boundary; it is inside '≡ÉÇÇ' (bytes 6..10) of `AA≡ÉÇÇ≡ÉÇÇ αáÇ≡ÉÇÇAa ≡ÉÇÇ    αáÇAaaA ┬í0αáÇαáÇaA┬íA≡ÉÇÇ≡Éü╛≥░ò▓%=≥»Öÿ?S==≤ùç½`

thread 'prop_no_panic::prop_parse_arbitrary_text_no_panic' (292548) panicked at crates\copybook-lexer\src\lib.rs:522:14:
byte index 7 is not a char boundary; it is inside '≡ÉÇÇ' (bytes 6..10) of `AA≡ÉÇÇ≡ÉÇÇ αáÇ≡ÉÇÇAa ≡ÉÇÇ    αáÇAaaA ┬í0αáÇαáÇaA┬íA≡ÉÇÇ≡ÉÇ║≥░ò▓%=≥»Öÿ?S==≤ùç½`

thread 'prop_no_panic::prop_parse_arbitrary_text_no_panic' (292548) panicked at crates\copybook-lexer\src\lib.rs:522:14:
byte index 7 is not a char boundary; it is inside '≡ÉÇÇ' (bytes 6..10) of `AA≡ÉÇÇ≡ÉÇÇ αáÇ≡ÉÇÇAa ≡ÉÇÇ    αáÇAaaA ┬í0αáÇαáÇaA┬íA≡ÉÇÇ≡ÉÇÿ≥░ò▓%=≥»Öÿ?S==≤ùç½`

thread 'prop_no_panic::prop_parse_arbitrary_text_no_panic' (292548) panicked at crates\copybook-lexer\src\lib.rs:522:14:
byte index 7 is not a char boundary; it is inside '≡ÉÇÇ' (bytes 6..10) of `AA≡ÉÇÇ≡ÉÇÇ αáÇ≡ÉÇÇAa ≡ÉÇÇ    αáÇAaaA ┬í0αáÇαáÇaA┬íA≡ÉÇÇ≡ÉÇç≥░ò▓%=≥»Öÿ?S==≤ùç½`

thread 'prop_no_panic::prop_parse_arbitrary_text_no_panic' (292548) panicked at crates\copybook-lexer\src\lib.rs:522:14:
byte index 7 is not a char boundary; it is inside '≡ÉÇÇ' (bytes 6..10) of `AA≡ÉÇÇ≡ÉÇÇ αáÇ≡ÉÇÇAa ≡ÉÇÇ    αáÇAaaA ┬í0αáÇαáÇaA┬íA≡ÉÇÇ≡ÉÇâ≥░ò▓%=≥»Öÿ?S==≤ùç½`

thread 'prop_no_panic::prop_parse_arbitrary_text_no_panic' (292548) panicked at crates\copybook-lexer\src\lib.rs:522:14:
byte index 7 is not a char boundary; it is inside '≡ÉÇÇ' (bytes 6..10) of `AA≡ÉÇÇ≡ÉÇÇ αáÇ≡ÉÇÇAa ≡ÉÇÇ    αáÇAaaA ┬í0αáÇαáÇaA┬íA≡ÉÇÇ≡ÉÇü≥░ò▓%=≥»Öÿ?S==≤ùç½`

thread 'prop_no_panic::prop_parse_arbitrary_text_no_panic' (292548) panicked at crates\copybook-lexer\src\lib.rs:522:14:
byte index 7 is not a char boundary; it is inside '≡ÉÇÇ' (bytes 6..10) of `AA≡ÉÇÇ≡ÉÇÇ αáÇ≡ÉÇÇAa ≡ÉÇÇ    αáÇAaaA ┬í0αáÇαáÇaA┬íA≡ÉÇÇ≡ÉÇÇ≥░ò▓%=≥»Öÿ?S==≤ùç½`

thread 'prop_no_panic::prop_parse_arbitrary_text_no_panic' (292548) panicked at crates\copybook-lexer\src\lib.rs:522:14:
byte index 7 is not a char boundary; it is inside '≡ÉÇÇ' (bytes 6..10) of `AA≡ÉÇÇ≡ÉÇÇ αáÇ≡ÉÇÇAa ≡ÉÇÇ    αáÇAaaA ┬í0αáÇαáÇaA┬íA≡ÉÇÇ≡ÉÇÇ≥░ò▓%=≥»Öÿ?S==≤ùç½`

thread 'prop_no_panic::prop_parse_arbitrary_text_no_panic' (292548) panicked at crates\copybook-lexer\src\lib.rs:522:14:
byte index 7 is not a char boundary; it is inside '≡ÉÇÇ' (bytes 6..10) of `AA≡ÉÇÇ≡ÉÇÇ αáÇ≡ÉÇÇAa ≡ÉÇÇ    αáÇAaaA ┬í0αáÇαáÇaA┬íA≡ÉÇÇ≡ÉÇÇ±ÿîë%=≥»Öÿ?S==≤ùç½`

thread 'prop_no_panic::prop_parse_arbitrary_text_no_panic' (292548) panicked at crates\copybook-lexer\src\lib.rs:522:14:
byte index 7 is not a char boundary; it is inside '≡ÉÇÇ' (bytes 6..10) of `AA≡ÉÇÇ≡ÉÇÇ αáÇ≡ÉÇÇAa ≡ÉÇÇ    αáÇAaaA ┬í0αáÇαáÇaA┬íA≡ÉÇÇ≡ÉÇÇ≡¼çò%=≥»Öÿ?S==≤ùç½`

thread 'prop_no_panic::prop_parse_arbitrary_text_no_panic' (292548) panicked at crates\copybook-lexer\src\lib.rs:522:14:
byte index 7 is not a char boundary; it is inside '≡ÉÇÇ' (bytes 6..10) of `AA≡ÉÇÇ≡ÉÇÇ αáÇ≡ÉÇÇAa ≡ÉÇÇ    αáÇAaaA ┬í0αáÇαáÇaA┬íA≡ÉÇÇ≡ÉÇÇ≡ûä╗%=≥»Öÿ?S==≤ùç½`

thread 'prop_no_panic::prop_parse_arbitrary_text_no_panic' (292548) panicked at crates\copybook-lexer\src\lib.rs:522:14:
byte index 7 is not a char boundary; it is inside '≡ÉÇÇ' (bytes 6..10) of `AA≡ÉÇÇ≡ÉÇÇ αáÇ≡ÉÇÇAa ≡ÉÇÇ    αáÇAaaA ┬í0αáÇαáÇaA┬íA≡ÉÇÇ≡ÉÇÇ≡Éñò%=≥»Öÿ?S==≤ùç½`

thread 'prop_no_panic::prop_parse_arbitrary_text_no_panic' (292548) panicked at crates\copybook-lexer\src\lib.rs:522:14:
byte index 7 is not a char boundary; it is inside '≡ÉÇÇ' (bytes 6..10) of `AA≡ÉÇÇ≡ÉÇÇ αáÇ≡ÉÇÇAa ≡ÉÇÇ    αáÇAaaA ┬í0αáÇαáÇaA┬íA≡ÉÇÇ≡ÉÇÇ≡ÉÄô%=≥»Öÿ?S==≤ùç½`

thread 'prop_no_panic::prop_parse_arbitrary_text_no_panic' (292548) panicked at crates\copybook-lexer\src\lib.rs:522:14:
byte index 7 is not a char boundary; it is inside '≡ÉÇÇ' (bytes 6..10) of `AA≡ÉÇÇ≡ÉÇÇ αáÇ≡ÉÇÇAa ≡ÉÇÇ    αáÇAaaA ┬í0αáÇαáÇaA┬íA≡ÉÇÇ≡ÉÇÇ≡ÉâÆ%=≥»Öÿ?S==≤ùç½`

thread 'prop_no_panic::prop_parse_arbitrary_text_no_panic' (292548) panicked at crates\copybook-lexer\src\lib.rs:522:14:
byte index 7 is not a char boundary; it is inside '≡ÉÇÇ' (bytes 6..10) of `AA≡ÉÇÇ≡ÉÇÇ αáÇ≡ÉÇÇAa ≡ÉÇÇ    αáÇAaaA ┬í0αáÇαáÇaA┬íA≡ÉÇÇ≡ÉÇÇ≡ÉÇó%=≥»Öÿ?S==≤ùç½`

thread 'prop_no_panic::prop_parse_arbitrary_text_no_panic' (292548) panicked at crates\copybook-lexer\src\lib.rs:522:14:
byte index 7 is not a char boundary; it is inside '≡ÉÇÇ' (bytes 6..10) of `AA≡ÉÇÇ≡ÉÇÇ αáÇ≡ÉÇÇAa ≡ÉÇÇ    αáÇAaaA ┬í0αáÇαáÇaA┬íA≡ÉÇÇ≡ÉÇÇ≡ÉÇî%=≥»Öÿ?S==≤ùç½`

thread 'prop_no_panic::prop_parse_arbitrary_text_no_panic' (292548) panicked at crates\copybook-lexer\src\lib.rs:522:14:
byte index 7 is not a char boundary; it is inside '≡ÉÇÇ' (bytes 6..10) of `AA≡ÉÇÇ≡ÉÇÇ αáÇ≡ÉÇÇAa ≡ÉÇÇ    αáÇAaaA ┬í0αáÇαáÇaA┬íA≡ÉÇÇ≡ÉÇÇ≡ÉÇü%=≥»Öÿ?S==≤ùç½`

thread 'prop_no_panic::prop_parse_arbitrary_text_no_panic' (292548) panicked at crates\copybook-lexer\src\lib.rs:522:14:
byte index 7 is not a char boundary; it is inside '≡ÉÇÇ' (bytes 6..10) of `AA≡ÉÇÇ≡ÉÇÇ αáÇ≡ÉÇÇAa ≡ÉÇÇ    αáÇAaaA ┬í0αáÇαáÇaA┬íA≡ÉÇÇ≡ÉÇÇ≡ÉÇÇ%=≥»Öÿ?S==≤ùç½`

thread 'prop_no_panic::prop_parse_arbitrary_text_no_panic' (292548) panicked at crates\copybook-lexer\src\lib.rs:522:14:
byte index 7 is not a char boundary; it is inside '≡ÉÇÇ' (bytes 6..10) of `AA≡ÉÇÇ≡ÉÇÇ αáÇ≡ÉÇÇAa ≡ÉÇÇ    αáÇAaaA ┬í0αáÇαáÇaA┬íA≡ÉÇÇ≡ÉÇÇ≡ÉÇÇ"=≥»Öÿ?S==≤ùç½`

thread 'prop_no_panic::prop_parse_arbitrary_text_no_panic' (292548) panicked at crates\copybook-lexer\src\lib.rs:522:14:
byte index 7 is not a char boundary; it is inside '≡ÉÇÇ' (bytes 6..10) of `AA≡ÉÇÇ≡ÉÇÇ αáÇ≡ÉÇÇAa ≡ÉÇÇ    αáÇAaaA ┬í0αáÇαáÇaA┬íA≡ÉÇÇ≡ÉÇÇ≡ÉÇÇ!=≥»Öÿ?S==≤ùç½`

thread 'prop_no_panic::prop_parse_arbitrary_text_no_panic' (292548) panicked at crates\copybook-lexer\src\lib.rs:522:14:
byte index 7 is not a char boundary; it is inside '≡ÉÇÇ' (bytes 6..10) of `AA≡ÉÇÇ≡ÉÇÇ αáÇ≡ÉÇÇAa ≡ÉÇÇ    αáÇAaaA ┬í0αáÇαáÇaA┬íA≡ÉÇÇ≡ÉÇÇ≡ÉÇÇ =≥»Öÿ?S==≤ùç½`

thread 'prop_no_panic::prop_parse_arbitrary_text_no_panic' (292548) panicked at crates\copybook-lexer\src\lib.rs:522:14:
byte index 7 is not a char boundary; it is inside '≡ÉÇÇ' (bytes 6..10) of `AA≡ÉÇÇ≡ÉÇÇ αáÇ≡ÉÇÇAa ≡ÉÇÇ    αáÇAaaA ┬í0αáÇαáÇaA┬íA≡ÉÇÇ≡ÉÇÇ≡ÉÇÇ 6≥»Öÿ?S==≤ùç½`

thread 'prop_no_panic::prop_parse_arbitrary_text_no_panic' (292548) panicked at crates\copybook-lexer\src\lib.rs:522:14:
byte index 7 is not a char boundary; it is inside '≡ÉÇÇ' (bytes 6..10) of `AA≡ÉÇÇ≡ÉÇÇ αáÇ≡ÉÇÇAa ≡ÉÇÇ    αáÇAaaA ┬í0αáÇαáÇaA┬íA≡ÉÇÇ≡ÉÇÇ≡ÉÇÇ 3≥»Öÿ?S==≤ùç½`

thread 'prop_no_panic::prop_parse_arbitrary_text_no_panic' (292548) panicked at crates\copybook-lexer\src\lib.rs:522:14:
byte index 7 is not a char boundary; it is inside '≡ÉÇÇ' (bytes 6..10) of `AA≡ÉÇÇ≡ÉÇÇ αáÇ≡ÉÇÇAa ≡ÉÇÇ    αáÇAaaA ┬í0αáÇαáÇaA┬íA≡ÉÇÇ≡ÉÇÇ≡ÉÇÇ 1≥»Öÿ?S==≤ùç½`

thread 'prop_no_panic::prop_parse_arbitrary_text_no_panic' (292548) panicked at crates\copybook-lexer\src\lib.rs:522:14:
byte index 7 is not a char boundary; it is inside '≡ÉÇÇ' (bytes 6..10) of `AA≡ÉÇÇ≡ÉÇÇ αáÇ≡ÉÇÇAa ≡ÉÇÇ    αáÇAaaA ┬í0αáÇαáÇaA┬íA≡ÉÇÇ≡ÉÇÇ≡ÉÇÇ 0≥»Öÿ?S==≤ùç½`

thread 'prop_no_panic::prop_parse_arbitrary_text_no_panic' (292548) panicked at crates\copybook-lexer\src\lib.rs:522:14:
byte index 7 is not a char boundary; it is inside '≡ÉÇÇ' (bytes 6..10) of `AA≡ÉÇÇ≡ÉÇÇ αáÇ≡ÉÇÇAa ≡ÉÇÇ    αáÇAaaA ┬í0αáÇαáÇaA┬íA≡ÉÇÇ≡ÉÇÇ≡ÉÇÇ 0±ù¡╝?S==≤ùç½`

thread 'prop_no_panic::prop_parse_arbitrary_text_no_panic' (292548) panicked at crates\copybook-lexer\src\lib.rs:522:14:
byte index 7 is not a char boundary; it is inside '≡ÉÇÇ' (bytes 6..10) of `AA≡ÉÇÇ≡ÉÇÇ αáÇ≡ÉÇÇAa ≡ÉÇÇ    αáÇAaaA ┬í0αáÇαáÇaA┬íA≡ÉÇÇ≡ÉÇÇ≡ÉÇÇ 0≡½╕Ä?S==≤ùç½`

thread 'prop_no_panic::prop_parse_arbitrary_text_no_panic' (292548) panicked at crates\copybook-lexer\src\lib.rs:522:14:
byte index 7 is not a char boundary; it is inside '≡ÉÇÇ' (bytes 6..10) of `AA≡ÉÇÇ≡ÉÇÇ αáÇ≡ÉÇÇAa ≡ÉÇÇ    αáÇAaaA ┬í0αáÇαáÇaA┬íA≡ÉÇÇ≡ÉÇÇ≡ÉÇÇ 0≡ò╜ù?S==≤ùç½`

thread 'prop_no_panic::prop_parse_arbitrary_text_no_panic' (292548) panicked at crates\copybook-lexer\src\lib.rs:522:14:
byte index 7 is not a char boundary; it is inside '≡ÉÇÇ' (bytes 6..10) of `AA≡ÉÇÇ≡ÉÇÇ αáÇ≡ÉÇÇAa ≡ÉÇÇ    αáÇAaaA ┬í0αáÇαáÇaA┬íA≡ÉÇÇ≡ÉÇÇ≡ÉÇÇ 0≡É₧¬?S==≤ùç½`

thread 'prop_no_panic::prop_parse_arbitrary_text_no_panic' (292548) panicked at crates\copybook-lexer\src\lib.rs:522:14:
byte index 7 is not a char boundary; it is inside '≡ÉÇÇ' (bytes 6..10) of `AA≡ÉÇÇ≡ÉÇÇ αáÇ≡ÉÇÇAa ≡ÉÇÇ    αáÇAaaA ┬í0αáÇαáÇaA┬íA≡ÉÇÇ≡ÉÇÇ≡ÉÇÇ 0≡Éê░?S==≤ùç½`

thread 'prop_no_panic::prop_parse_arbitrary_text_no_panic' (292548) panicked at crates\copybook-lexer\src\lib.rs:522:14:
byte index 7 is not a char boundary; it is inside '≡ÉÇÇ' (bytes 6..10) of `AA≡ÉÇÇ≡ÉÇÇ αáÇ≡ÉÇÇAa ≡ÉÇÇ    αáÇAaaA ┬í0αáÇαáÇaA┬íA≡ÉÇÇ≡ÉÇÇ≡ÉÇÇ 0≡ÉâÆ?S==≤ùç½`

thread 'prop_no_panic::prop_parse_arbitrary_text_no_panic' (292548) panicked at crates\copybook-lexer\src\lib.rs:522:14:
byte index 7 is not a char boundary; it is inside '≡ÉÇÇ' (bytes 6..10) of `AA≡ÉÇÇ≡ÉÇÇ αáÇ≡ÉÇÇAa ≡ÉÇÇ    αáÇAaaA ┬í0αáÇαáÇaA┬íA≡ÉÇÇ≡ÉÇÇ≡ÉÇÇ 0≡ÉÇú?S==≤ùç½`

thread 'prop_no_panic::prop_parse_arbitrary_text_no_panic' (292548) panicked at crates\copybook-lexer\src\lib.rs:522:14:
byte index 7 is not a char boundary; it is inside '≡ÉÇÇ' (bytes 6..10) of `AA≡ÉÇÇ≡ÉÇÇ αáÇ≡ÉÇÇAa ≡ÉÇÇ    αáÇAaaA ┬í0αáÇαáÇaA┬íA≡ÉÇÇ≡ÉÇÇ≡ÉÇÇ 0≡ÉÇì?S==≤ùç½`

thread 'prop_no_panic::prop_parse_arbitrary_text_no_panic' (292548) panicked at crates\copybook-lexer\src\lib.rs:522:14:
byte index 7 is not a char boundary; it is inside '≡ÉÇÇ' (bytes 6..10) of `AA≡ÉÇÇ≡ÉÇÇ αáÇ≡ÉÇÇAa ≡ÉÇÇ    αáÇAaaA ┬í0αáÇαáÇaA┬íA≡ÉÇÇ≡ÉÇÇ≡ÉÇÇ 0≡ÉÇé?S==≤ùç½`

thread 'prop_no_panic::prop_parse_arbitrary_text_no_panic' (292548) panicked at crates\copybook-lexer\src\lib.rs:522:14:
byte index 7 is not a char boundary; it is inside '≡ÉÇÇ' (bytes 6..10) of `AA≡ÉÇÇ≡ÉÇÇ αáÇ≡ÉÇÇAa ≡ÉÇÇ    αáÇAaaA ┬í0αáÇαáÇaA┬íA≡ÉÇÇ≡ÉÇÇ≡ÉÇÇ 0≡ÉÇÇ?S==≤ùç½`

thread 'prop_no_panic::prop_parse_arbitrary_text_no_panic' (292548) panicked at crates\copybook-lexer\src\lib.rs:522:14:
byte index 7 is not a char boundary; it is inside '≡ÉÇÇ' (bytes 6..10) of `AA≡ÉÇÇ≡ÉÇÇ αáÇ≡ÉÇÇAa ≡ÉÇÇ    αáÇAaaA ┬í0αáÇαáÇaA┬íA≡ÉÇÇ≡ÉÇÇ≡ÉÇÇ 0≡ÉÇÇ?S==≤ùç½`

thread 'prop_no_panic::prop_parse_arbitrary_text_no_panic' (292548) panicked at crates\copybook-lexer\src\lib.rs:522:14:
byte index 7 is not a char boundary; it is inside '≡ÉÇÇ' (bytes 6..10) of `AA≡ÉÇÇ≡ÉÇÇ αáÇ≡ÉÇÇAa ≡ÉÇÇ    αáÇAaaA ┬í0αáÇαáÇaA┬íA≡ÉÇÇ≡ÉÇÇ≡ÉÇÇ 0≡ÉÇÇ7S==≤ùç½`

thread 'prop_no_panic::prop_parse_arbitrary_text_no_panic' (292548) panicked at crates\copybook-lexer\src\lib.rs:522:14:
byte index 7 is not a char boundary; it is inside '≡ÉÇÇ' (bytes 6..10) of `AA≡ÉÇÇ≡ÉÇÇ αáÇ≡ÉÇÇAa ≡ÉÇÇ    αáÇAaaA ┬í0αáÇαáÇaA┬íA≡ÉÇÇ≡ÉÇÇ≡ÉÇÇ 0≡ÉÇÇ3S==≤ùç½`

thread 'prop_no_panic::prop_parse_arbitrary_text_no_panic' (292548) panicked at crates\copybook-lexer\src\lib.rs:522:14:
byte index 7 is not a char boundary; it is inside '≡ÉÇÇ' (bytes 6..10) of `AA≡ÉÇÇ≡ÉÇÇ αáÇ≡ÉÇÇAa ≡ÉÇÇ    αáÇAaaA ┬í0αáÇαáÇaA┬íA≡ÉÇÇ≡ÉÇÇ≡ÉÇÇ 0≡ÉÇÇ1S==≤ùç½`

thread 'prop_no_panic::prop_parse_arbitrary_text_no_panic' (292548) panicked at crates\copybook-lexer\src\lib.rs:522:14:
byte index 7 is not a char boundary; it is inside '≡ÉÇÇ' (bytes 6..10) of `AA≡ÉÇÇ≡ÉÇÇ αáÇ≡ÉÇÇAa ≡ÉÇÇ    αáÇAaaA ┬í0αáÇαáÇaA┬íA≡ÉÇÇ≡ÉÇÇ≡ÉÇÇ 0≡ÉÇÇ0S==≤ùç½`

thread 'prop_no_panic::prop_parse_arbitrary_text_no_panic' (292548) panicked at crates\copybook-lexer\src\lib.rs:522:14:
byte index 7 is not a char boundary; it is inside '≡ÉÇÇ' (bytes 6..10) of `AA≡ÉÇÇ≡ÉÇÇ αáÇ≡ÉÇÇAa ≡ÉÇÇ    αáÇAaaA ┬í0αáÇαáÇaA┬íA≡ÉÇÇ≡ÉÇÇ≡ÉÇÇ 0≡ÉÇÇ0J==≤ùç½`

thread 'prop_no_panic::prop_parse_arbitrary_text_no_panic' (292548) panicked at crates\copybook-lexer\src\lib.rs:522:14:
byte index 7 is not a char boundary; it is inside '≡ÉÇÇ' (bytes 6..10) of `AA≡ÉÇÇ≡ÉÇÇ αáÇ≡ÉÇÇAa ≡ÉÇÇ    αáÇAaaA ┬í0αáÇαáÇaA┬íA≡ÉÇÇ≡ÉÇÇ≡ÉÇÇ 0≡ÉÇÇ0E==≤ùç½`

thread 'prop_no_panic::prop_parse_arbitrary_text_no_panic' (292548) panicked at crates\copybook-lexer\src\lib.rs:522:14:
byte index 7 is not a char boundary; it is inside '≡ÉÇÇ' (bytes 6..10) of `AA≡ÉÇÇ≡ÉÇÇ αáÇ≡ÉÇÇAa ≡ÉÇÇ    αáÇAaaA ┬í0αáÇαáÇaA┬íA≡ÉÇÇ≡ÉÇÇ≡ÉÇÇ 0≡ÉÇÇ0C==≤ùç½`

thread 'prop_no_panic::prop_parse_arbitrary_text_no_panic' (292548) panicked at crates\copybook-lexer\src\lib.rs:522:14:
byte index 7 is not a char boundary; it is inside '≡ÉÇÇ' (bytes 6..10) of `AA≡ÉÇÇ≡ÉÇÇ αáÇ≡ÉÇÇAa ≡ÉÇÇ    αáÇAaaA ┬í0αáÇαáÇaA┬íA≡ÉÇÇ≡ÉÇÇ≡ÉÇÇ 0≡ÉÇÇ0B==≤ùç½`

thread 'prop_no_panic::prop_parse_arbitrary_text_no_panic' (292548) panicked at crates\copybook-lexer\src\lib.rs:522:14:
byte index 7 is not a char boundary; it is inside '≡ÉÇÇ' (bytes 6..10) of `AA≡ÉÇÇ≡ÉÇÇ αáÇ≡ÉÇÇAa ≡ÉÇÇ    αáÇAaaA ┬í0αáÇαáÇaA┬íA≡ÉÇÇ≡ÉÇÇ≡ÉÇÇ 0≡ÉÇÇ0A==≤ùç½`

thread 'prop_no_panic::prop_parse_arbitrary_text_no_panic' (292548) panicked at crates\copybook-lexer\src\lib.rs:522:14:
byte index 7 is not a char boundary; it is inside '≡ÉÇÇ' (bytes 6..10) of `AA≡ÉÇÇ≡ÉÇÇ αáÇ≡ÉÇÇAa ≡ÉÇÇ    αáÇAaaA ┬í0αáÇαáÇaA┬íA≡ÉÇÇ≡ÉÇÇ≡ÉÇÇ 0≡ÉÇÇ0A6=≤ùç½`

thread 'prop_no_panic::prop_parse_arbitrary_text_no_panic' (292548) panicked at crates\copybook-lexer\src\lib.rs:522:14:
byte index 7 is not a char boundary; it is inside '≡ÉÇÇ' (bytes 6..10) of `AA≡ÉÇÇ≡ÉÇÇ αáÇ≡ÉÇÇAa ≡ÉÇÇ    αáÇAaaA ┬í0αáÇαáÇaA┬íA≡ÉÇÇ≡ÉÇÇ≡ÉÇÇ 0≡ÉÇÇ0A3=≤ùç½`

thread 'prop_no_panic::prop_parse_arbitrary_text_no_panic' (292548) panicked at crates\copybook-lexer\src\lib.rs:522:14:
byte index 7 is not a char boundary; it is inside '≡ÉÇÇ' (bytes 6..10) of `AA≡ÉÇÇ≡ÉÇÇ αáÇ≡ÉÇÇAa ≡ÉÇÇ    αáÇAaaA ┬í0αáÇαáÇaA┬íA≡ÉÇÇ≡ÉÇÇ≡ÉÇÇ 0≡ÉÇÇ0A1=≤ùç½`

thread 'prop_no_panic::prop_parse_arbitrary_text_no_panic' (292548) panicked at crates\copybook-lexer\src\lib.rs:522:14:
byte index 7 is not a char boundary; it is inside '≡ÉÇÇ' (bytes 6..10) of `AA≡ÉÇÇ≡ÉÇÇ αáÇ≡ÉÇÇAa ≡ÉÇÇ    αáÇAaaA ┬í0αáÇαáÇaA┬íA≡ÉÇÇ≡ÉÇÇ≡ÉÇÇ 0≡ÉÇÇ0A0=≤ùç½`

thread 'prop_no_panic::prop_parse_arbitrary_text_no_panic' (292548) panicked at crates\copybook-lexer\src\lib.rs:522:14:
byte index 7 is not a char boundary; it is inside '≡ÉÇÇ' (bytes 6..10) of `AA≡ÉÇÇ≡ÉÇÇ αáÇ≡ÉÇÇAa ≡ÉÇÇ    αáÇAaaA ┬í0αáÇαáÇaA┬íA≡ÉÇÇ≡ÉÇÇ≡ÉÇÇ 0≡ÉÇÇ0A0=≤ùç½`

thread 'prop_no_panic::prop_parse_arbitrary_text_no_panic' (292548) panicked at crates\copybook-lexer\src\lib.rs:522:14:
byte index 7 is not a char boundary; it is inside '≡ÉÇÇ' (bytes 6..10) of `AA≡ÉÇÇ≡ÉÇÇ αáÇ≡ÉÇÇAa ≡ÉÇÇ    αáÇAaaA ┬í0αáÇαáÇaA┬íA≡ÉÇÇ≡ÉÇÇ≡ÉÇÇ 0≡ÉÇÇ0A0=≤ùç½`

thread 'prop_no_panic::prop_parse_arbitrary_text_no_panic' (292548) panicked at crates\copybook-lexer\src\lib.rs:522:14:
byte index 7 is not a char boundary; it is inside '≡ÉÇÇ' (bytes 6..10) of `AA≡ÉÇÇ≡ÉÇÇ αáÇ≡ÉÇÇAa ≡ÉÇÇ    αáÇAaaA ┬í0αáÇαáÇaA┬íA≡ÉÇÇ≡ÉÇÇ≡ÉÇÇ 0≡ÉÇÇ0A0 =≤ùç½`

thread 'prop_no_panic::prop_parse_arbitrary_text_no_panic' (292548) panicked at crates\copybook-lexer\src\lib.rs:522:14:
byte index 7 is not a char boundary; it is inside '≡ÉÇÇ' (bytes 6..10) of `AA≡ÉÇÇ≡ÉÇÇ αáÇ≡ÉÇÇAa ≡ÉÇÇ    αáÇAaaA ┬í0αáÇαáÇaA┬íA≡ÉÇÇ≡ÉÇÇ≡ÉÇÇ 0≡ÉÇÇ0A0 6≤ùç½`

thread 'prop_no_panic::prop_parse_arbitrary_text_no_panic' (292548) panicked at crates\copybook-lexer\src\lib.rs:522:14:
byte index 7 is not a char boundary; it is inside '≡ÉÇÇ' (bytes 6..10) of `AA≡ÉÇÇ≡ÉÇÇ αáÇ≡ÉÇÇAa ≡ÉÇÇ    αáÇAaaA ┬í0αáÇαáÇaA┬íA≡ÉÇÇ≡ÉÇÇ≡ÉÇÇ 0≡ÉÇÇ0A0 3≤ùç½`

thread 'prop_no_panic::prop_parse_arbitrary_text_no_panic' (292548) panicked at crates\copybook-lexer\src\lib.rs:522:14:
byte index 7 is not a char boundary; it is inside '≡ÉÇÇ' (bytes 6..10) of `AA≡ÉÇÇ≡ÉÇÇ αáÇ≡ÉÇÇAa ≡ÉÇÇ    αáÇAaaA ┬í0αáÇαáÇaA┬íA≡ÉÇÇ≡ÉÇÇ≡ÉÇÇ 0≡ÉÇÇ0A0 1≤ùç½`

thread 'prop_no_panic::prop_parse_arbitrary_text_no_panic' (292548) panicked at crates\copybook-lexer\src\lib.rs:522:14:
byte index 7 is not a char boundary; it is inside '≡ÉÇÇ' (bytes 6..10) of `AA≡ÉÇÇ≡ÉÇÇ αáÇ≡ÉÇÇAa ≡ÉÇÇ    αáÇAaaA ┬í0αáÇαáÇaA┬íA≡ÉÇÇ≡ÉÇÇ≡ÉÇÇ 0≡ÉÇÇ0A0 0≤ùç½`

thread 'prop_no_panic::prop_parse_arbitrary_text_no_panic' (292548) panicked at crates\copybook-lexer\src\lib.rs:522:14:
byte index 7 is not a char boundary; it is inside '≡ÉÇÇ' (bytes 6..10) of `AA≡ÉÇÇ≡ÉÇÇ αáÇ≡ÉÇÇAa ≡ÉÇÇ    αáÇAaaA ┬í0αáÇαáÇaA┬íA≡ÉÇÇ≡ÉÇÇ≡ÉÇÇ 0≡ÉÇÇ0A0 0±½Ñå`

thread 'prop_no_panic::prop_parse_arbitrary_text_no_panic' (292548) panicked at crates\copybook-lexer\src\lib.rs:522:14:
byte index 7 is not a char boundary; it is inside '≡ÉÇÇ' (bytes 6..10) of `AA≡ÉÇÇ≡ÉÇÇ αáÇ≡ÉÇÇAa ≡ÉÇÇ    αáÇAaaA ┬í0αáÇαáÇaA┬íA≡ÉÇÇ≡ÉÇÇ≡ÉÇÇ 0≡ÉÇÇ0A0 0≡╡││`

thread 'prop_no_panic::prop_parse_arbitrary_text_no_panic' (292548) panicked at crates\copybook-lexer\src\lib.rs:522:14:
byte index 7 is not a char boundary; it is inside '≡ÉÇÇ' (bytes 6..10) of `AA≡ÉÇÇ≡ÉÇÇ αáÇ≡ÉÇÇAa ≡ÉÇÇ    αáÇAaaA ┬í0αáÇαáÇaA┬íA≡ÉÇÇ≡ÉÇÇ≡ÉÇÇ 0≡ÉÇÇ0A0 0≡Ü╗è`

thread 'prop_no_panic::prop_parse_arbitrary_text_no_panic' (292548) panicked at crates\copybook-lexer\src\lib.rs:522:14:
byte index 7 is not a char boundary; it is inside '≡ÉÇÇ' (bytes 6..10) of `AA≡ÉÇÇ≡ÉÇÇ αáÇ≡ÉÇÇAa ≡ÉÇÇ    αáÇAaaA ┬í0αáÇαáÇaA┬íA≡ÉÇÇ≡ÉÇÇ≡ÉÇÇ 0≡ÉÇÇ0A0 0≡öìÇ`

thread 'prop_no_panic::prop_parse_arbitrary_text_no_panic' (292548) panicked at crates\copybook-lexer\src\lib.rs:522:14:
byte index 7 is not a char boundary; it is inside '≡ÉÇÇ' (bytes 6..10) of `AA≡ÉÇÇ≡ÉÇÇ αáÇ≡ÉÇÇAa ≡ÉÇÇ    αáÇAaaA ┬í0αáÇαáÇaA┬íA≡ÉÇÇ≡ÉÇÇ≡ÉÇÇ 0≡ÉÇÇ0A0 0≡É╡╗`

thread 'prop_no_panic::prop_parse_arbitrary_text_no_panic' (292548) panicked at crates\copybook-lexer\src\lib.rs:522:14:
byte index 7 is not a char boundary; it is inside '≡ÉÇÇ' (bytes 6..10) of `AA≡ÉÇÇ≡ÉÇÇ αáÇ≡ÉÇÇAa ≡ÉÇÇ    αáÇAaaA ┬í0αáÇαáÇaA┬íA≡ÉÇÇ≡ÉÇÇ≡ÉÇÇ 0≡ÉÇÇ0A0 0≡ÉÇè`

thread 'prop_no_panic::prop_parse_arbitrary_text_no_panic' (292548) panicked at crates\copybook-lexer\src\lib.rs:522:14:
byte index 7 is not a char boundary; it is inside '≡ÉÇÇ' (bytes 6..10) of `AA≡ÉÇÇ≡ÉÇÇ αáÇ≡ÉÇÇAa ≡ÉÇÇ    αáÇAaaA ┬í0αáÇαáÇaA┬íA≡ÉÇÇ≡ÉÇÇ≡ÉÇÇ 0≡ÉÇÇ0A0 0≡ÉÇä`

thread 'prop_no_panic::prop_parse_arbitrary_text_no_panic' (292548) panicked at crates\copybook-lexer\src\lib.rs:522:14:
byte index 7 is not a char boundary; it is inside '≡ÉÇÇ' (bytes 6..10) of `AA≡ÉÇÇ≡ÉÇÇ αáÇ≡ÉÇÇAa ≡ÉÇÇ    αáÇAaaA ┬í0αáÇαáÇaA┬íA≡ÉÇÇ≡ÉÇÇ≡ÉÇÇ 0≡ÉÇÇ0A0 0≡ÉÇü`

thread 'prop_no_panic::prop_parse_arbitrary_text_no_panic' (292548) panicked at crates\copybook-lexer\src\lib.rs:522:14:
byte index 7 is not a char boundary; it is inside '≡ÉÇÇ' (bytes 6..10) of `AA≡ÉÇÇ≡ÉÇÇ αáÇ≡ÉÇÇAa ≡ÉÇÇ    αáÇAaaA ┬í0αáÇαáÇaA┬íA≡ÉÇÇ≡ÉÇÇ≡ÉÇÇ 0≡ÉÇÇ0A0 0≡ÉÇÇ`
proptest: Saving this and future failures in H:\Code\Rust\copybook-rs\tests\proptest-regressions\prop_no_panic.txt
proptest: If this test was run on a CI system, you may wish to add the following line to your copy of the file.
cc 262e81d4ef2b8440e4f61c2dd14d26ce308d57a3df9bacc996eabbf310ee826d

thread 'prop_no_panic::prop_parse_arbitrary_text_no_panic' (292548) panicked at tests\proptest\prop_no_panic.rs:105:1:
Test failed: parse_copybook panicked at tests\proptest\prop_no_panic.rs:116.
minimal failing input: text = "AA≡ÉÇÇ≡ÉÇÇ αáÇ\u{b}≡ÉÇÇAa ≡ÉÇÇ    αáÇAa\u{b}aA ┬í0αáÇαáÇaA┬íA≡ÉÇÇ≡ÉÇÇ≡ÉÇÇ 0≡ÉÇÇ0A0\00≡ÉÇÇ"
	successes: 125
	local rejects: 0
	global rejects: 0



failures:
    prop_no_panic::prop_parse_arbitrary_text_no_panic

test result: FAILED. 201 passed; 1 failed; 1 ignored; 0 measured; 0 filtered out; finished in 0.69s

error: test failed, to rerun pass `-p copybook-proptest --lib`
     Running unittests main.rs (target\debug\deps\proptest-aa6309ff5d454bce.exe)

running 201 tests
test arrays::prop_odo_respects_count_field ... ignored, tail_odo.array_path stores name not full path; encode find_field fails
test corruption::prop_packed_corruption_detects_invalid_sign_nibble ... ok
test corruption::prop_packed_corruption_detects_invalid_high_nibble ... ok
test corruption::prop_packed_predicate_matches_corruption_detector ... ok
test corruption::prop_packed_corruption_returns_none_for_valid_digit_patterns ... ok
test generators::tests::test_ascii_zoned_generation ... ok
test corruption::prop_packed_corruption_facade_and_detector_match ... ok
test lexer::prop_inline_comment_options_affect_tokenization ... ignored, format auto-detection can switch to fixed-form, skipping inline comment stripping
test corruption::prop_ebcdic_corruption_flags_control_bytes ... ok
test corruption::prop_rdw_ascii_corruption_ignores_clean_binary_headers ... ok
test generators::tests::test_ebcdic_zoned_generation ... ok
test arrays::prop_occurs_array_roundtrip_preserves_elements ... ok
test corruption::prop_ebcdic_predicate_matches_corruption_detector ... ok
test arrays::prop_odo_roundtrip_varying_sizes ... ok
test generators::tests::test_field_name_generation ... ok
test determinism::compare_with_zero_limit_does_not_collect_diffs ... ok
test determinism::diff_collection_obeys_explicit_limit ... ok
test determinism::identical_buffers_are_deterministic ... ok
test fixed::prop_fixed_writer_rejects_payload_larger_than_lrecl ... ok
test corruption::prop_rdw_ascii_corruption_returns_none_for_short_headers ... ok
test determinism::single_byte_mutation_is_detected ... ok
test arrays::prop_occurs_size_calculated_correctly ... ok
test arrays::prop_nested_occurs_maintains_structure ... ok
test generators::tests::test_pic_clause_generation ... ok
test corruption::prop_rdw_ascii_legacy_and_microcrate_match ... ok
test corruption::prop_rdw_ascii_heuristic_slice_and_function_agree ... ok
test arrays::prop_occurs_mixed_types_maintains_structure ... ok
test corruption::prop_rdw_ascii_corruption_detects_ascii_length_bytes ... ok
test arrays::prop_occurs_numeric_roundtrip ... ok
test corruption::prop_ebcdic_corruption_facade_and_detector_match ... ok
test corruption::prop_rdw_ascii_corruption_detects_printable_reserved_bytes ... ok
test fixed::prop_fixed_writer_output_roundtrips_through_reader ... ok
test numeric::prop_numeric_overflow_handled ... ok
test arrays::prop_odo_maintains_size_relationship ... ok
test pic_clauses::prop_invalid_pic_rejected ... ok
test numeric::prop_max_value_roundtrip_correct ... ok
test numeric::prop_negative_value_roundtrip_correct ... ok
test numeric::prop_numeric_roundtrip_preserves_value ... ok
test numeric::prop_comp3_roundtrip_preserves_value ... ok
test numeric::prop_zero_roundtrip_correct ... ok
test numeric::prop_binary_roundtrip_preserves_value ... ok
test numeric::prop_decimal_roundtrip_preserves_precision ... ok
test numeric::prop_numeric_field_size_matches_pic ... ok
test corruption::prop_ebcdic_corruption_allows_non_control_bytes ... ok
test pic_clauses::prop_pic_mixed_types_produces_correct_size ... ok
test parsing::prop_whitespace_handling_consistent ... ok
test pic_clauses::prop_pic_binary_produces_correct_size ... ok
test pic_clauses::prop_pic_edited_format_produces_correct_size ... ok
test pic_clauses::prop_pic_9n_produces_correct_size ... ok
test numeric::prop_leading_zeros_roundtrip_correct ... ok
test pic_clauses::prop_pic_with_p_produces_correct_size ... ok
test arrays::prop_occurs_to_maintains_bounds ... ok
test pic_clauses::prop_pic_comp3_produces_correct_size ... ok
test pic_clauses::prop_pic_decimal_produces_correct_size ... ok
test arrays::prop_empty_occurs_handled_correctly ... ok
test parsing::prop_redefines_maintain_offset_invariants ... ok
test pic_clauses::prop_pic_s9n_produces_correct_size ... ok
test prop_codec_bijection::prop_scratch_buffer_same_as_normal ... ok
test parsing::prop_field_types_correctly_identified ... ok
test prop_codec_roundtrip::prop_binary_int_16_signed_roundtrip ... ok
test prop_codec_roundtrip::prop_binary_int_32_signed_roundtrip ... ok
test prop_codec_bijection::prop_encode_output_matches_schema_length ... ok
test prop_codec_roundtrip::prop_binary_int_16_unsigned_roundtrip ... ok
test arrays::prop_occurs_maintains_element_size_consistency ... ok
test prop_codec_bijection::prop_ebcdic_alpha_decode_encode_bijection ... ok
test prop_codec_bijection::prop_scratch_reuse_no_contamination ... ok
test pic_clauses::prop_pic_with_v_produces_correct_structure ... ok
test lexer::prop_lexer_tokenization_ends_with_eof ... ok
test parsing::prop_field_names_unique_within_level ... ok
test prop_corruption_detect::prop_control_byte_always_detected ... ok
test prop_codec_roundtrip::prop_comp_fullstack_roundtrip ... ok
test prop_corruption_detect::prop_invalid_high_nibble_detected ... ok
test prop_codec_roundtrip::prop_comp3_primitive_roundtrip ... ok
test prop_corruption_detect::prop_invalid_sign_nibble_detected ... ok
test pic_clauses::prop_pic_xn_produces_correct_size ... ok
test prop_corruption_detect::prop_ebcdic_detection_deterministic ... ok
test pic_clauses::prop_pic_identifies_correct_field_kind ... ok
test prop_codec_bijection::prop_zoned_decimal_decode_encode_bijection ... ok
test prop_corruption_detect::prop_predicates_are_pure ... ok
test parsing::prop_comments_handled_correctly ... ok
test parsing::prop_pic_clause_parsing_idempotent ... ok
test prop_corruption_detect::prop_packed_detection_deterministic ... ok
test prop_codec_roundtrip::prop_decoded_pic9_is_valid_json ... ok
test prop_codec_roundtrip::prop_ebcdic_pic_x_roundtrip ... ok
test pic_clauses::prop_pic_with_sign_produces_signed_field ... ok
test prop_codec_bijection::prop_alphanumeric_encode_decode_bijection ... ok
test prop_governance::prop_double_toggle_restores_state ... ok
test prop_edited_pic::prop_sign_editing_preserves_sign ... ok
test prop_edited_pic::prop_edited_decimal_roundtrip ... ok
test parsing::prop_malformed_copybooks_rejected ... ok
test prop_edited_pic::prop_edited_pic_zzz9_roundtrip ... ok
test prop_governance::prop_runtime_enabled_iff_no_missing ... ok
test prop_codec_roundtrip::prop_decoded_pic_x_is_valid_json ... ok
test prop_governance::prop_enable_then_disable ... ok
test prop_codec_roundtrip::prop_pic9_with_scale_roundtrip ... ok
test parsing::prop_occurs_clauses_parsed_correctly ... ok
test prop_field_layout::prop_occurs_field_effective_length ... ok
test prop_edited_pic::prop_check_protect_roundtrip ... ok
test prop_governance::prop_feature_flag_query_idempotent ... ok
test prop_governance::prop_governance_summary_deterministic ... ok
test prop_governance::prop_missing_flags_subset_of_required ... ok
test parsing::prop_parsing_options_consistent ... ok
test prop_governance::prop_runtime_summary_consistent ... ok
test prop_overflow::prop_array_bound_detects_add_overflow ... ok
test prop_codec_roundtrip::prop_pic_x_roundtrip_various_lengths ... ok
test prop_no_panic::prop_parse_arbitrary_text_no_panic ... FAILED
test pic_clauses::prop_pic_repeated_characters_produces_correct_size ... ok
test prop_edited_pic::prop_zero_suppression_preserves_value ... ok
test prop_field_layout::prop_nested_group_child_offset_starts_at_group_offset ... ok
test prop_no_panic::prop_fixed_reader_arbitrary_no_panic ... ok
test prop_governance::prop_support_matrix_stable_length ... ok
test prop_no_panic::prop_rdw_reader_arbitrary_no_panic ... ok
test prop_governance::prop_support_matrix_lookup_consistent ... ok
test prop_codec_roundtrip::prop_binary_int_32_unsigned_roundtrip ... ok
test prop_governance::prop_governance_bindings_map_to_support ... ok
test prop_governance::prop_governance_bindings_deterministic ... ok
test prop_codec_roundtrip::prop_comp3_fullstack_roundtrip ... ok
test prop_overflow::prop_array_bound_small_inputs_succeed ... ok
test prop_field_layout::prop_lrecl_matches_max_field_extent ... ok
test prop_corruption_detect::prop_valid_printable_bytes_not_flagged ... ok
test prop_field_layout::prop_group_len_equals_children_sum ... ok
test prop_overflow::prop_i64_to_u16_never_panics ... ok
test prop_field_layout::prop_sibling_scalar_offsets_are_sequential ... ok
test prop_overflow::prop_u64_within_u32_range_always_ok ... ok
test prop_overflow::prop_usize_to_u32_correct ... ok
test prop_overflow::prop_u64_above_u16_max_always_error ... ok
test prop_no_panic::prop_ebcdic_conversion_no_panic ... ok
test prop_overflow::prop_u64_within_u16_range_always_ok ... ok
test prop_overflow_safety::prop_array_bound_correct_when_ok ... ok
test prop_overflow::prop_u32_failure_implies_u16_failure ... ok
test prop_overflow::prop_u32_boundary_probe ... ok
test prop_overflow::prop_u16_boundary_probe ... ok
test prop_overflow_safety::prop_array_bound_zero_count ... ok
test prop_overflow::prop_u64_above_u32_max_always_error ... ok
test prop_overflow_safety::prop_array_bound_zero_item_size ... ok
test prop_overflow::prop_i64_to_u32_never_panics ... ok
test prop_overflow::prop_narrowing_preserves_value ... ok
test prop_overflow::prop_array_bound_never_panics_random ... ok
test prop_overflow_safety::prop_usize_to_u32_never_panics ... ok
test prop_overflow_safety::prop_u16_boundary_correct ... ok
test prop_field_layout::prop_adjacent_groups_no_overlap ... ok
test prop_overflow_safety::prop_u32_boundary_correct ... ok
test pic_clauses::prop_pic_parsing_idempotent ... ok
test prop_schema_projection::prop_invalid_field_name_returns_error ... ok
test prop_sign_separate::prop_negative_zero_normalizes ... ok
test prop_schema_projection::prop_empty_selection_yields_empty_schema ... ok
test prop_overflow_safety::prop_u64_to_u16_never_panics ... ok
test prop_overflow_safety::prop_u64_to_u32_never_panics ... ok
test prop_codec_roundtrip::prop_multifield_decoded_is_valid_json ... ok
test prop_overflow::prop_u16_success_implies_u32_success ... ok
test prop_no_panic::prop_encode_arbitrary_json_no_panic ... ok
test prop_sign_separate::prop_sign_byte_position_correct ... ok
test prop_overflow::prop_array_bound_detects_mul_overflow ... ok
test prop_corruption_detect::prop_valid_comp3_not_flagged ... ok
test prop_schema_projection::prop_group_selection_includes_children ... ok
test prop_schema_projection::prop_odo_counter_auto_included ... ok
test prop_schema_projection::prop_projected_schema_decodes_successfully ... ok
test prop_sign_separate::prop_encoded_length_is_digits_plus_one ... ok
test prop_sign_separate::prop_sign_separate_encode_decode_roundtrip ... ok
test prop_no_panic::prop_decode_arbitrary_bytes_no_panic ... ok
test prop_overflow_safety::prop_array_bound_never_panics ... ok
test prop_overflow_safety::prop_array_bound_overflow_is_error ... ok
test redefines::prop_multiple_redefines_same_field ... ok
test redefines::prop_redefines_same_level ... ok
test redefines::prop_redefines_chain_consistent_offsets ... ok
test record_io::prop_fixed_dispatch_roundtrip_when_lrecl_matches ... ok
test redefines::prop_redefines_not_on_first_field ... ok
test record_io::prop_codec_record_facade_matches_microcrate ... ok
test prop_sign_separate::prop_sign_separate_parse_schema_field_length ... ok
test prop_no_panic::prop_variable_schema_decode_no_panic ... ok
test rdw::prop_rdw_writer_output_is_readable_with_reader ... ok
test redefines::prop_redefines_with_level88 ... ok
test redefines::prop_redefines_nested_groups ... ok
test redefines::prop_redefines_with_occurs ... ok
test record_io::prop_rdw_dispatch_roundtrip ... ok
test rdw::prop_rdw_writer_output_is_readable_with_primitives ... ok
test prop_schema_projection::prop_projection_is_idempotent ... ok
test prop_schema_projection::prop_select_all_matches_original ... ok
test redefines::prop_redefines_order_preserved ... ok
test prop_schema_projection::prop_projected_schema_contains_selected_fields ... ok
test redefines::prop_redefines_different_sizes ... ok
test redefines::prop_redefines_same_offset ... ok
test roundtrip::prop_ascii_zoned_roundtrip_preserves_data ... ok
test redefines::prop_redefines_maintains_total_size ... ok
test redefines::prop_redefines_with_filler ... ok
test roundtrip::prop_alphanumeric_ascii_roundtrip_preserves_data ... ok
test roundtrip::prop_multi_field_roundtrip_preserves_all_fields ... ok
test prop_schema_projection::prop_projected_schema_excludes_unselected ... ok
test roundtrip::prop_ascii_signed_zoned_roundtrip_preserves_sign ... ok
test roundtrip::prop_ebcdic_zoned_roundtrip_preserves_data ... ok
test redefines::prop_redefines_different_types ... ok
test redefines::prop_redefines_field_identifies_as_elementary ... ok
test rdw::prop_rdw_record_header_matches_payload ... ok
test roundtrip::prop_empty_fields_roundtrip_correctly ... ok
test parsing::prop_parsed_copybook_valid_hierarchy ... ok
test roundtrip::prop_json_encode_decode_roundtrip_preserves_structure ... ok
test parsing::prop_field_offsets_monotonic ... ok
test prop_schema_projection::prop_projection_never_increases_size ... ok
test parsing::prop_total_size_consistent ... ok
test generators::tests::test_simple_copybook_generation ... ok
test roundtrip::prop_roundtrip_preserves_data_size ... ok

failures:

---- prop_no_panic::prop_parse_arbitrary_text_no_panic stdout ----

thread 'prop_no_panic::prop_parse_arbitrary_text_no_panic' (299488) panicked at crates\copybook-lexer\src\lib.rs:522:14:
byte index 7 is not a char boundary; it is inside '≡ºÄÉ' (bytes 6..10) of `KT≤àë╝≡ºÄÉ"∩┐╜
≤Ñ╜áIe(≥éô▓*/&#∩┐╜Xwy]&├ò1∩╗┐∩╗┐qH├áR≤¡¢«±äêå≥░ò▓%=≥»Öÿ?S==≤ùç½`
note: run with `RUST_BACKTRACE=1` environment variable to display a backtrace

thread 'prop_no_panic::prop_parse_arbitrary_text_no_panic' (299488) panicked at crates\copybook-lexer\src\lib.rs:522:14:
byte index 7 is not a char boundary; it is inside '≡ºÄÉ' (bytes 6..10) of `KT≤àë╝≡ºÄÉ"∩┐╜
≤Ñ╜áIe(≥éô▓*/&#∩┐╜Xwy]&├ò1∩╗┐∩╗┐qH├áR≤¡¢«±äêå≥░ò▓%=≥»Öÿ?S==≤ùç½`

thread 'prop_no_panic::prop_parse_arbitrary_text_no_panic' (299488) panicked at crates\copybook-lexer\src\lib.rs:522:14:
byte index 7 is not a char boundary; it is inside '≡ºÄÉ' (bytes 6..10) of `KT≤àë╝≡ºÄÉ"∩┐╜
≤Ñ╜áIe(≥éô▓*/&#∩┐╜Xwy]&├ò1∩╗┐∩╗┐qH├áR≤¡¢«±äêå≥░ò▓%=≥»Öÿ?S==≤ùç½`

thread 'prop_no_panic::prop_parse_arbitrary_text_no_panic' (299488) panicked at crates\copybook-lexer\src\lib.rs:522:14:
byte index 7 is not a char boundary; it is inside '≡ºÄÉ' (bytes 6..10) of `KT≤àë╝≡ºÄÉ"∩┐╜
≤Ñ╜áIe(≥éô▓*/&#∩┐╜Xwy]&├ò1∩╗┐∩╗┐qH├áR≤¡¢«±äêå≥░ò▓%=≥»Öÿ?S==≤ùç½`

thread 'prop_no_panic::prop_parse_arbitrary_text_no_panic' (299488) panicked at crates\copybook-lexer\src\lib.rs:522:14:
byte index 7 is not a char boundary; it is inside '≡ºÄÉ' (bytes 6..10) of `KT≤àë╝≡ºÄÉ"∩┐╜
≤Ñ╜áIe(≥éô▓*/&#∩┐╜Xwy]&├ò1∩╗┐∩╗┐qH├áR≤¡¢«±äêå≥░ò▓%=≥»Öÿ?S==≤ùç½`

thread 'prop_no_panic::prop_parse_arbitrary_text_no_panic' (299488) panicked at crates\copybook-lexer\src\lib.rs:522:14:
byte index 7 is not a char boundary; it is inside '≡ºÄÉ' (bytes 6..10) of `KT≤àë╝≡ºÄÉ"∩┐╜
≤Ñ╜áIe(≥éô▓*/&#∩┐╜Xwy]&├ò1∩╗┐∩╗┐qH├áR≤¡¢«±äêå≥░ò▓%=≥»Öÿ?S==≤ùç½`

thread 'prop_no_panic::prop_parse_arbitrary_text_no_panic' (299488) panicked at crates\copybook-lexer\src\lib.rs:522:14:
byte index 7 is not a char boundary; it is inside '≡ºÄÉ' (bytes 6..10) of `KT≤àë╝≡ºÄÉ"∩┐╜
≤Ñ╜áIe(≥éô▓*/&#∩┐╜Xwy]&├ò1∩╗┐∩╗┐qH├áR≤¡¢«±äêå≥░ò▓%=≥»Öÿ?S==≤ùç½`

thread 'prop_no_panic::prop_parse_arbitrary_text_no_panic' (299488) panicked at crates\copybook-lexer\src\lib.rs:522:14:
byte index 7 is not a char boundary; it is inside '≡ºÄÉ' (bytes 6..10) of `KT≤àë╝≡ºÄÉ"∩┐╜
≤Ñ╜áIe(≥éô▓*/&#∩┐╜Xwy]&├ò1∩╗┐∩╗┐qH├áR≤¡¢«±äêå≥░ò▓%=≥»Öÿ?S==≤ùç½`

thread 'prop_no_panic::prop_parse_arbitrary_text_no_panic' (299488) panicked at crates\copybook-lexer\src\lib.rs:522:14:
byte index 7 is not a char boundary; it is inside '≡ºÄÉ' (bytes 6..10) of `KT≤àë╝≡ºÄÉ"∩┐╜
≤Ñ╜áIe(≥éô▓*/&#∩┐╜Xwy]&├ò1∩╗┐∩╗┐qH├áR≤¡¢«±äêå≥░ò▓%=≥»Öÿ?S==≤ùç½`

thread 'prop_no_panic::prop_parse_arbitrary_text_no_panic' (299488) panicked at crates\copybook-lexer\src\lib.rs:522:14:
byte index 7 is not a char boundary; it is inside '≡ºÄÉ' (bytes 6..10) of `KT≤àë╝≡ºÄÉ"∩┐╜
≤Ñ╜áIe(≥éô▓*/&#∩┐╜Xwy]&├ò1∩╗┐∩╗┐qH├áR≤¡¢«±äêå≥░ò▓%=≥»Öÿ?S==≤ùç½`

thread 'prop_no_panic::prop_parse_arbitrary_text_no_panic' (299488) panicked at crates\copybook-lexer\src\lib.rs:522:14:
byte index 7 is not a char boundary; it is inside '≡ºÄÉ' (bytes 6..10) of `KT≤àë╝≡ºÄÉ"∩┐╜
≤Ñ╜áIe(≥éô▓*/&#∩┐╜Xwy]&├ò1∩╗┐∩╗┐qH├áR≤¡¢«±äêå≥░ò▓%=≥»Öÿ?S==≤ùç½`

thread 'prop_no_panic::prop_parse_arbitrary_text_no_panic' (299488) panicked at crates\copybook-lexer\src\lib.rs:522:14:
byte index 7 is not a char boundary; it is inside '≡ºÄÉ' (bytes 6..10) of `KT≤àë╝≡ºÄÉ"∩┐╜
≤Ñ╜áIe(≥éô▓*/&#∩┐╜Xwy]&├ò1∩╗┐∩╗┐qH├áR≤¡¢«±äêå≥░ò▓%=≥»Öÿ?S==≤ùç½`

thread 'prop_no_panic::prop_parse_arbitrary_text_no_panic' (299488) panicked at crates\copybook-lexer\src\lib.rs:522:14:
byte index 7 is not a char boundary; it is inside '≡ºÄÉ' (bytes 6..10) of `KT≤àë╝≡ºÄÉ"∩┐╜
≤Ñ╜áIe(≥éô▓*/&#∩┐╜Xwy]&├ò1∩╗┐∩╗┐qH├áR≤¡¢«±äêå≥░ò▓%=≥»Öÿ?S==≤ùç½`

thread 'prop_no_panic::prop_parse_arbitrary_text_no_panic' (299488) panicked at crates\copybook-lexer\src\lib.rs:522:14:
byte index 7 is not a char boundary; it is inside '≡ºÄÉ' (bytes 6..10) of `KT≤àë╝≡ºÄÉ"∩┐╜
≤Ñ╜áIe(≥éô▓*/&#∩┐╜Xwy]&├ò1∩╗┐∩╗┐qH├áR≤¡¢«±äêå≥░ò▓%=≥»Öÿ?S==≤ùç½`

thread 'prop_no_panic::prop_parse_arbitrary_text_no_panic' (299488) panicked at crates\copybook-lexer\src\lib.rs:522:14:
byte index 7 is not a char boundary; it is inside '≡ºÄÉ' (bytes 6..10) of `KT≤àë╝≡ºÄÉ"∩┐╜
≤Ñ╜áIe(≥éô▓*/&#∩┐╜Xwy]&├ò1∩╗┐∩╗┐qH├áR≤¡¢«±äêå≥░ò▓%=≥»Öÿ?S==≤ùç½`

thread 'prop_no_panic::prop_parse_arbitrary_text_no_panic' (299488) panicked at crates\copybook-lexer\src\lib.rs:522:14:
byte index 7 is not a char boundary; it is inside '≡ºÄÉ' (bytes 6..10) of `KT≤àë╝≡ºÄÉ"∩┐╜
≤Ñ╜áIe(≥éô▓*/&#∩┐╜Xwy]&├ò1∩╗┐∩╗┐qH├áR≤¡¢«±äêå≥░ò▓%=≥»Öÿ?S==≤ùç½`

thread 'prop_no_panic::prop_parse_arbitrary_text_no_panic' (299488) panicked at crates\copybook-lexer\src\lib.rs:522:14:
byte index 7 is not a char boundary; it is inside '≡ºÄÉ' (bytes 6..10) of `KT≤àë╝≡ºÄÉ"∩┐╜
≤Ñ╜áIe(≥éô▓*/&#∩┐╜Xwy]&├ò1∩╗┐∩╗┐qH├áR≤¡¢«±äêå≥░ò▓%=≥»Öÿ?S==≤ùç½`

thread 'prop_no_panic::prop_parse_arbitrary_text_no_panic' (299488) panicked at crates\copybook-lexer\src\lib.rs:522:14:
byte index 7 is not a char boundary; it is inside '≡ºÄÉ' (bytes 6..10) of `KT≤àë╝≡ºÄÉ"∩┐╜
≤Ñ╜áIe(≥éô▓*/&#∩┐╜Xwy]&├ò1∩╗┐∩╗┐qH├áR≤¡¢«±äêå≥░ò▓%=≥»Öÿ?S==≤ùç½`

thread 'prop_no_panic::prop_parse_arbitrary_text_no_panic' (299488) panicked at crates\copybook-lexer\src\lib.rs:522:14:
byte index 7 is not a char boundary; it is inside '≡ºÄÉ' (bytes 6..10) of `KT≤àë╝≡ºÄÉ"∩┐╜
≤Ñ╜áIe(≥éô▓*/&#∩┐╜Xwy]&├ò1∩╗┐∩╗┐qH├áR≤¡¢«±äêå≥░ò▓%=≥»Öÿ?S==≤ùç½`

thread 'prop_no_panic::prop_parse_arbitrary_text_no_panic' (299488) panicked at crates\copybook-lexer\src\lib.rs:522:14:
byte index 7 is not a char boundary; it is inside '≡ºÄÉ' (bytes 6..10) of `KT≤àë╝≡ºÄÉ"∩┐╜
≤Ñ╜áIe(≥éô▓*/&#∩┐╜Xwy]&├ò1∩╗┐∩╗┐qH├áR≤¡¢«±äêå≥░ò▓%=≥»Öÿ?S==≤ùç½`

thread 'prop_no_panic::prop_parse_arbitrary_text_no_panic' (299488) panicked at crates\copybook-lexer\src\lib.rs:522:14:
byte index 7 is not a char boundary; it is inside '≡ºÄÉ' (bytes 6..10) of `KT≤àë╝≡ºÄÉ"∩┐╜
≤Ñ╜áIe(≥éô▓*/&#∩┐╜Xwy]&├ò1∩╗┐∩╗┐qH├áR≤¡¢«±äêå≥░ò▓%=≥»Öÿ?S==≤ùç½`

thread 'prop_no_panic::prop_parse_arbitrary_text_no_panic' (299488) panicked at crates\copybook-lexer\src\lib.rs:522:14:
byte index 7 is not a char boundary; it is inside '≡ºÄÉ' (bytes 6..10) of `KT≤àë╝≡ºÄÉ"∩┐╜
≤Ñ╜áIe(≥éô▓*/&#∩┐╜Xwy]&├ò1∩╗┐∩╗┐qH├áR≤¡¢«±äêå≥░ò▓%=≥»Öÿ?S==≤ùç½`

thread 'prop_no_panic::prop_parse_arbitrary_text_no_panic' (299488) panicked at crates\copybook-lexer\src\lib.rs:522:14:
byte index 7 is not a char boundary; it is inside '≡ºÄÉ' (bytes 6..10) of `KT≤àë╝≡ºÄÉ"∩┐╜
≤Ñ╜áIe(≥éô▓*/&#∩┐╜Xwy]&├ò1∩╗┐∩╗┐qH├áR≤¡¢«±äêå≥░ò▓%=≥»Öÿ?S==≤ùç½`

thread 'prop_no_panic::prop_parse_arbitrary_text_no_panic' (299488) panicked at crates\copybook-lexer\src\lib.rs:522:14:
byte index 7 is not a char boundary; it is inside '≡ºÄÉ' (bytes 6..10) of `KT≤àë╝≡ºÄÉ"∩┐╜
≤Ñ╜áIe(≥éô▓*/&#∩┐╜Xwy]&├ò1∩╗┐∩╗┐qH├áR≤¡¢«±äêå≥░ò▓%=≥»Öÿ?S==≤ùç½`

thread 'prop_no_panic::prop_parse_arbitrary_text_no_panic' (299488) panicked at crates\copybook-lexer\src\lib.rs:522:14:
byte index 7 is not a char boundary; it is inside '≡ºÄÉ' (bytes 6..10) of `KT≤àë╝≡ºÄÉ"∩┐╜
≤Ñ╜áIe(≥éô▓*/&#∩┐╜Xwy]&├ò1∩╗┐∩╗┐qH├áR≤¡¢«±äêå≥░ò▓%=≥»Öÿ?S==≤ùç½`

thread 'prop_no_panic::prop_parse_arbitrary_text_no_panic' (299488) panicked at crates\copybook-lexer\src\lib.rs:522:14:
byte index 7 is not a char boundary; it is inside '≡ºÄÉ' (bytes 6..10) of `KT≤àë╝≡ºÄÉ"∩┐╜
≤Ñ╜áIe(≥éô▓*/&#∩┐╜Xwy]&├ò1∩╗┐∩╗┐qH├áR≤¡¢«±äêå≥░ò▓%=≥»Öÿ?S==≤ùç½`

thread 'prop_no_panic::prop_parse_arbitrary_text_no_panic' (299488) panicked at crates\copybook-lexer\src\lib.rs:522:14:
byte index 7 is not a char boundary; it is inside '≡ºÄÉ' (bytes 6..10) of `KT≤àë╝≡ºÄÉ"∩┐╜
≤Ñ╜áIe(≥éô▓*/&#∩┐╜Xwy]&├ò1∩╗┐∩╗┐qH├áR≤¡¢«±äêå≥░ò▓%=≥»Öÿ?S==≤ùç½`

thread 'prop_no_panic::prop_parse_arbitrary_text_no_panic' (299488) panicked at crates\copybook-lexer\src\lib.rs:522:14:
byte index 7 is not a char boundary; it is inside '≡ºÄÉ' (bytes 6..10) of `KT≤àë╝≡ºÄÉ"∩┐╜
≤Ñ╜áIe(≥éô▓*/&#∩┐╜Xwy]&├ò1∩╗┐∩╗┐qH├áR≤¡¢«±äêå≥░ò▓%=≥»Öÿ?S==≤ùç½`

thread 'prop_no_panic::prop_parse_arbitrary_text_no_panic' (299488) panicked at crates\copybook-lexer\src\lib.rs:522:14:
byte index 7 is not a char boundary; it is inside '≡ºÄÉ' (bytes 6..10) of `KT≤àë╝≡ºÄÉ"∩┐╜
≤Ñ╜áIe(≥éô▓*/&#∩┐╜Xwy]&├ò1∩╗┐∩╗┐qH├áR≤¡¢«±äêå≥░ò▓%=≥»Öÿ?S==≤ùç½`

thread 'prop_no_panic::prop_parse_arbitrary_text_no_panic' (299488) panicked at crates\copybook-lexer\src\lib.rs:522:14:
byte index 7 is not a char boundary; it is inside '≡ºÄÉ' (bytes 6..10) of `KT≤àë╝≡ºÄÉ"∩┐╜
≤Ñ╜áIe(≥éô▓*/&#∩┐╜Xwy]&├ò1∩╗┐∩╗┐qH├áR≤¡¢«±äêå≥░ò▓%=≥»Öÿ?S==≤ùç½`

thread 'prop_no_panic::prop_parse_arbitrary_text_no_panic' (299488) panicked at crates\copybook-lexer\src\lib.rs:522:14:
byte index 7 is not a char boundary; it is inside '≡ºÄÉ' (bytes 6..10) of `KT≤àë╝≡ºÄÉ"∩┐╜
≤Ñ╜áIe(≥éô▓*/&#∩┐╜Xwy]&├ò1∩╗┐∩╗┐qH├áR≤¡¢«±äêå≥░ò▓%=≥»Öÿ?S==≤ùç½`

thread 'prop_no_panic::prop_parse_arbitrary_text_no_panic' (299488) panicked at crates\copybook-lexer\src\lib.rs:522:14:
byte index 7 is not a char boundary; it is inside '≡ºÄÉ' (bytes 6..10) of `KT≤àë╝≡ºÄÉ"∩┐╜
≤Ñ╜áIe(≥éô▓*/&#∩┐╜Xwy]&├ò1∩╗┐∩╗┐qH├áR≤¡¢«±äêå≥░ò▓%=≥»Öÿ?S==≤ùç½`

thread 'prop_no_panic::prop_parse_arbitrary_text_no_panic' (299488) panicked at crates\copybook-lexer\src\lib.rs:522:14:
byte index 7 is not a char boundary; it is inside '≡ºÄÉ' (bytes 6..10) of `KT≤àë╝≡ºÄÉ"∩┐╜
≤Ñ╜áIe(≥éô▓*/&#∩┐╜Xwy]&├ò1∩╗┐∩╗┐qH├áR≤¡¢«±äêå≥░ò▓%=≥»Öÿ?S==≤ùç½`

thread 'prop_no_panic::prop_parse_arbitrary_text_no_panic' (299488) panicked at crates\copybook-lexer\src\lib.rs:522:14:
byte index 7 is not a char boundary; it is inside '≡ºÄÉ' (bytes 6..10) of `KT≤àë╝≡ºÄÉ"∩┐╜
≤Ñ╜áIe(≥éô▓*/&#∩┐╜Xwy]&├ò1∩╗┐∩╗┐qH├áR≤¡¢«±äêå≥░ò▓%=≥»Öÿ?S==≤ùç½`

thread 'prop_no_panic::prop_parse_arbitrary_text_no_panic' (299488) panicked at crates\copybook-lexer\src\lib.rs:522:14:
byte index 7 is not a char boundary; it is inside '≡ºÄÉ' (bytes 6..10) of `KT≤àë╝≡ºÄÉ"∩┐╜
≤Ñ╜áIe(≥éô▓*/&#∩┐╜Xwy]&├ò1∩╗┐∩╗┐qH├áR≤¡¢«±äêå≥░ò▓%=≥»Öÿ?S==≤ùç½`

thread 'prop_no_panic::prop_parse_arbitrary_text_no_panic' (299488) panicked at crates\copybook-lexer\src\lib.rs:522:14:
byte index 7 is not a char boundary; it is inside '≡ºÄÉ' (bytes 6..10) of `KT≤àë╝≡ºÄÉ"∩┐╜
≤Ñ╜áIe(≥éô▓*/&#∩┐╜Xwy]&├ò1∩╗┐∩╗┐qH├áR≤¡¢«±äêå≥░ò▓%=≥»Öÿ?S==≤ùç½`

thread 'prop_no_panic::prop_parse_arbitrary_text_no_panic' (299488) panicked at crates\copybook-lexer\src\lib.rs:522:14:
byte index 7 is not a char boundary; it is inside '≡ºÄÉ' (bytes 6..10) of `KT≤àë╝≡ºÄÉ"∩┐╜
≤Ñ╜áIe(≥éô▓*/&#∩┐╜Xwy]&├ò1∩╗┐∩╗┐qH├áR≤¡¢«±äêå≥░ò▓%=≥»Öÿ?S==≤ùç½`

thread 'prop_no_panic::prop_parse_arbitrary_text_no_panic' (299488) panicked at crates\copybook-lexer\src\lib.rs:522:14:
byte index 7 is not a char boundary; it is inside '≡ºÄÉ' (bytes 6..10) of `KT≤àë╝≡ºÄÉ"∩┐╜
≤Ñ╜áIe(≥éô▓*/&#∩┐╜Xwy]&├ò1∩╗┐∩╗┐qH├áR≤¡¢«±äêå≥░ò▓%=≥»Öÿ?S==≤ùç½`

thread 'prop_no_panic::prop_parse_arbitrary_text_no_panic' (299488) panicked at crates\copybook-lexer\src\lib.rs:522:14:
byte index 7 is not a char boundary; it is inside '≡ºÄÉ' (bytes 6..10) of `KT≤àë╝≡ºÄÉ"∩┐╜
≤Ñ╜áIe(≥éô▓*/&#∩┐╜Xwy]&├ò1∩╗┐∩╗┐qH├áR≤¡¢«±äêå≥░ò▓%=≥»Öÿ?S==≤ùç½`

thread 'prop_no_panic::prop_parse_arbitrary_text_no_panic' (299488) panicked at crates\copybook-lexer\src\lib.rs:522:14:
byte index 7 is not a char boundary; it is inside '≡ºÄÉ' (bytes 6..10) of `KT≤àë╝≡ºÄÉ"∩┐╜
≤Ñ╜áIe(≥éô▓*/&#∩┐╜Xwy]&├ò1∩╗┐∩╗┐qH├áR≤¡¢«±äêå≥░ò▓%=≥»Öÿ?S==≤ùç½`

thread 'prop_no_panic::prop_parse_arbitrary_text_no_panic' (299488) panicked at crates\copybook-lexer\src\lib.rs:522:14:
byte index 7 is not a char boundary; it is inside '≡ºÄÉ' (bytes 6..10) of `KT≤àë╝≡ºÄÉ"∩┐╜
≤Ñ╜áIe(≥éô▓*/&#∩┐╜Xwy]&├ò1∩╗┐∩╗┐qH├áR≤¡¢«±äêå≥░ò▓%=≥»Öÿ?S==≤ùç½`

thread 'prop_no_panic::prop_parse_arbitrary_text_no_panic' (299488) panicked at crates\copybook-lexer\src\lib.rs:522:14:
byte index 7 is not a char boundary; it is inside '≡ºÄÉ' (bytes 6..10) of `KT≤àë╝≡ºÄÉ"∩┐╜
≤Ñ╜áIe(≥éô▓*/&#∩┐╜Xwy]&├ò1∩╗┐∩╗┐qH├áR≤¡¢«±äêå≥░ò▓%=≥»Öÿ?S==≤ùç½`

thread 'prop_no_panic::prop_parse_arbitrary_text_no_panic' (299488) panicked at crates\copybook-lexer\src\lib.rs:522:14:
byte index 7 is not a char boundary; it is inside '≡ºÄÉ' (bytes 6..10) of `KT≤àë╝≡ºÄÉ"∩┐╜
≤Ñ╜áIe(≥éô▓*/&#∩┐╜Xwy]&├ò1∩╗┐∩╗┐qH├áR≤¡¢«±äêå≥░ò▓%=≥»Öÿ?S==≤ùç½`

thread 'prop_no_panic::prop_parse_arbitrary_text_no_panic' (299488) panicked at crates\copybook-lexer\src\lib.rs:522:14:
byte index 7 is not a char boundary; it is inside '≡ºÄÉ' (bytes 6..10) of `KT≤àë╝≡ºÄÉ"∩┐╜
≤Ñ╜áIe(≥éô▓*/&#∩┐╜Xwy]&├ò1∩╗┐∩╗┐qH├áR≤¡¢«±äêå≥░ò▓%=≥»Öÿ?S==≤ùç½`

thread 'prop_no_panic::prop_parse_arbitrary_text_no_panic' (299488) panicked at crates\copybook-lexer\src\lib.rs:522:14:
byte index 7 is not a char boundary; it is inside '≡ºÄÉ' (bytes 6..10) of `FT≤àë╝≡ºÄÉ"∩┐╜
≤Ñ╜áIe(≥éô▓*/&#∩┐╜Xwy]&├ò1∩╗┐∩╗┐qH├áR≤¡¢«±äêå≥░ò▓%=≥»Öÿ?S==≤ùç½`

thread 'prop_no_panic::prop_parse_arbitrary_text_no_panic' (299488) panicked at crates\copybook-lexer\src\lib.rs:522:14:
byte index 7 is not a char boundary; it is inside '≡ºÄÉ' (bytes 6..10) of `CT≤àë╝≡ºÄÉ"∩┐╜
≤Ñ╜áIe(≥éô▓*/&#∩┐╜Xwy]&├ò1∩╗┐∩╗┐qH├áR≤¡¢«±äêå≥░ò▓%=≥»Öÿ?S==≤ùç½`

thread 'prop_no_panic::prop_parse_arbitrary_text_no_panic' (299488) panicked at crates\copybook-lexer\src\lib.rs:522:14:
byte index 7 is not a char boundary; it is inside '≡ºÄÉ' (bytes 6..10) of `BT≤àë╝≡ºÄÉ"∩┐╜
≤Ñ╜áIe(≥éô▓*/&#∩┐╜Xwy]&├ò1∩╗┐∩╗┐qH├áR≤¡¢«±äêå≥░ò▓%=≥»Öÿ?S==≤ùç½`

thread 'prop_no_panic::prop_parse_arbitrary_text_no_panic' (299488) panicked at crates\copybook-lexer\src\lib.rs:522:14:
byte index 7 is not a char boundary; it is inside '≡ºÄÉ' (bytes 6..10) of `AT≤àë╝≡ºÄÉ"∩┐╜
≤Ñ╜áIe(≥éô▓*/&#∩┐╜Xwy]&├ò1∩╗┐∩╗┐qH├áR≤¡¢«±äêå≥░ò▓%=≥»Öÿ?S==≤ùç½`

thread 'prop_no_panic::prop_parse_arbitrary_text_no_panic' (299488) panicked at crates\copybook-lexer\src\lib.rs:522:14:
byte index 7 is not a char boundary; it is inside '≡ºÄÉ' (bytes 6..10) of `AJ≤àë╝≡ºÄÉ"∩┐╜
≤Ñ╜áIe(≥éô▓*/&#∩┐╜Xwy]&├ò1∩╗┐∩╗┐qH├áR≤¡¢«±äêå≥░ò▓%=≥»Öÿ?S==≤ùç½`

thread 'prop_no_panic::prop_parse_arbitrary_text_no_panic' (299488) panicked at crates\copybook-lexer\src\lib.rs:522:14:
byte index 7 is not a char boundary; it is inside '≡ºÄÉ' (bytes 6..10) of `AE≤àë╝≡ºÄÉ"∩┐╜
≤Ñ╜áIe(≥éô▓*/&#∩┐╜Xwy]&├ò1∩╗┐∩╗┐qH├áR≤¡¢«±äêå≥░ò▓%=≥»Öÿ?S==≤ùç½`

thread 'prop_no_panic::prop_parse_arbitrary_text_no_panic' (299488) panicked at crates\copybook-lexer\src\lib.rs:522:14:
byte index 7 is not a char boundary; it is inside '≡ºÄÉ' (bytes 6..10) of `AC≤àë╝≡ºÄÉ"∩┐╜
≤Ñ╜áIe(≥éô▓*/&#∩┐╜Xwy]&├ò1∩╗┐∩╗┐qH├áR≤¡¢«±äêå≥░ò▓%=≥»Öÿ?S==≤ùç½`

thread 'prop_no_panic::prop_parse_arbitrary_text_no_panic' (299488) panicked at crates\copybook-lexer\src\lib.rs:522:14:
byte index 7 is not a char boundary; it is inside '≡ºÄÉ' (bytes 6..10) of `AB≤àë╝≡ºÄÉ"∩┐╜
≤Ñ╜áIe(≥éô▓*/&#∩┐╜Xwy]&├ò1∩╗┐∩╗┐qH├áR≤¡¢«±äêå≥░ò▓%=≥»Öÿ?S==≤ùç½`

thread 'prop_no_panic::prop_parse_arbitrary_text_no_panic' (299488) panicked at crates\copybook-lexer\src\lib.rs:522:14:
byte index 7 is not a char boundary; it is inside '≡ºÄÉ' (bytes 6..10) of `AA≤àë╝≡ºÄÉ"∩┐╜
≤Ñ╜áIe(≥éô▓*/&#∩┐╜Xwy]&├ò1∩╗┐∩╗┐qH├áR≤¡¢«±äêå≥░ò▓%=≥»Öÿ?S==≤ùç½`

thread 'prop_no_panic::prop_parse_arbitrary_text_no_panic' (299488) panicked at crates\copybook-lexer\src\lib.rs:522:14:
byte index 7 is not a char boundary; it is inside '≡ºÄÉ' (bytes 6..10) of `AA±óªÄ≡ºÄÉ"∩┐╜
≤Ñ╜áIe(≥éô▓*/&#∩┐╜Xwy]&├ò1∩╗┐∩╗┐qH├áR≤¡¢«±äêå≥░ò▓%=≥»Öÿ?S==≤ùç½`

thread 'prop_no_panic::prop_parse_arbitrary_text_no_panic' (299488) panicked at crates\copybook-lexer\src\lib.rs:522:14:
byte index 7 is not a char boundary; it is inside '≡ºÄÉ' (bytes 6..10) of `AA≡▒öù≡ºÄÉ"∩┐╜
≤Ñ╜áIe(≥éô▓*/&#∩┐╜Xwy]&├ò1∩╗┐∩╗┐qH├áR≤¡¢«±äêå≥░ò▓%=≥»Öÿ?S==≤ùç½`

thread 'prop_no_panic::prop_parse_arbitrary_text_no_panic' (299488) panicked at crates\copybook-lexer\src\lib.rs:522:14:
byte index 7 is not a char boundary; it is inside '≡ºÄÉ' (bytes 6..10) of `AA≡ÿ½£≡ºÄÉ"∩┐╜
≤Ñ╜áIe(≥éô▓*/&#∩┐╜Xwy]&├ò1∩╗┐∩╗┐qH├áR≤¡¢«±äêå≥░ò▓%=≥»Öÿ?S==≤ùç½`

thread 'prop_no_panic::prop_parse_arbitrary_text_no_panic' (299488) panicked at crates\copybook-lexer\src\lib.rs:522:14:
byte index 7 is not a char boundary; it is inside '≡ºÄÉ' (bytes 6..10) of `AA≡Æíì≡ºÄÉ"∩┐╜
≤Ñ╜áIe(≥éô▓*/&#∩┐╜Xwy]&├ò1∩╗┐∩╗┐qH├áR≤¡¢«±äêå≥░ò▓%=≥»Öÿ?S==≤ùç½`

thread 'prop_no_panic::prop_parse_arbitrary_text_no_panic' (299488) panicked at crates\copybook-lexer\src\lib.rs:522:14:
byte index 7 is not a char boundary; it is inside '≡ºÄÉ' (bytes 6..10) of `AA≡É╛¬≡ºÄÉ"∩┐╜
≤Ñ╜áIe(≥éô▓*/&#∩┐╜Xwy]&├ò1∩╗┐∩╗┐qH├áR≤¡¢«±äêå≥░ò▓%=≥»Öÿ?S==≤ùç½`

thread 'prop_no_panic::prop_parse_arbitrary_text_no_panic' (299488) panicked at crates\copybook-lexer\src\lib.rs:522:14:
byte index 7 is not a char boundary; it is inside '≡ºÄÉ' (bytes 6..10) of `AA≡Éìÿ≡ºÄÉ"∩┐╜
≤Ñ╜áIe(≥éô▓*/&#∩┐╜Xwy]&├ò1∩╗┐∩╗┐qH├áR≤¡¢«±äêå≥░ò▓%=≥»Öÿ?S==≤ùç½`

thread 'prop_no_panic::prop_parse_arbitrary_text_no_panic' (299488) panicked at crates\copybook-lexer\src\lib.rs:522:14:
byte index 7 is not a char boundary; it is inside '≡ºÄÉ' (bytes 6..10) of `AA≡Éüä≡ºÄÉ"∩┐╜
≤Ñ╜áIe(≥éô▓*/&#∩┐╜Xwy]&├ò1∩╗┐∩╗┐qH├áR≤¡¢«±äêå≥░ò▓%=≥»Öÿ?S==≤ùç½`

thread 'prop_no_panic::prop_parse_arbitrary_text_no_panic' (299488) panicked at crates\copybook-lexer\src\lib.rs:522:14:
byte index 7 is not a char boundary; it is inside '≡ºÄÉ' (bytes 6..10) of `AA≡ÉÇô≡ºÄÉ"∩┐╜
≤Ñ╜áIe(≥éô▓*/&#∩┐╜Xwy]&├ò1∩╗┐∩╗┐qH├áR≤¡¢«±äêå≥░ò▓%=≥»Öÿ?S==≤ùç½`

thread 'prop_no_panic::prop_parse_arbitrary_text_no_panic' (299488) panicked at crates\copybook-lexer\src\lib.rs:522:14:
byte index 7 is not a char boundary; it is inside '≡ºÄÉ' (bytes 6..10) of `AA≡ÉÇç≡ºÄÉ"∩┐╜
≤Ñ╜áIe(≥éô▓*/&#∩┐╜Xwy]&├ò1∩╗┐∩╗┐qH├áR≤¡¢«±äêå≥░ò▓%=≥»Öÿ?S==≤ùç½`

thread 'prop_no_panic::prop_parse_arbitrary_text_no_panic' (299488) panicked at crates\copybook-lexer\src\lib.rs:522:14:
byte index 7 is not a char boundary; it is inside '≡ºÄÉ' (bytes 6..10) of `AA≡ÉÇü≡ºÄÉ"∩┐╜
≤Ñ╜áIe(≥éô▓*/&#∩┐╜Xwy]&├ò1∩╗┐∩╗┐qH├áR≤¡¢«±äêå≥░ò▓%=≥»Öÿ?S==≤ùç½`

thread 'prop_no_panic::prop_parse_arbitrary_text_no_panic' (299488) panicked at crates\copybook-lexer\src\lib.rs:522:14:
byte index 7 is not a char boundary; it is inside '≡ºÄÉ' (bytes 6..10) of `AA≡ÉÇÇ≡ºÄÉ"∩┐╜
≤Ñ╜áIe(≥éô▓*/&#∩┐╜Xwy]&├ò1∩╗┐∩╗┐qH├áR≤¡¢«±äêå≥░ò▓%=≥»Öÿ?S==≤ùç½`

thread 'prop_no_panic::prop_parse_arbitrary_text_no_panic' (299488) panicked at crates\copybook-lexer\src\lib.rs:522:14:
byte index 7 is not a char boundary; it is inside '≡ºÄÉ' (bytes 6..10) of `AA≡ÉÇÇ≡ºÄÉ"∩┐╜
≤Ñ╜áIe(≥éô▓*/&#∩┐╜Xwy]&├ò1∩╗┐∩╗┐qH├áR≤¡¢«±äêå≥░ò▓%=≥»Öÿ?S==≤ùç½`

thread 'prop_no_panic::prop_parse_arbitrary_text_no_panic' (299488) panicked at crates\copybook-lexer\src\lib.rs:522:14:
byte index 7 is not a char boundary; it is inside '≡ô¿ÿ' (bytes 6..10) of `AA≡ÉÇÇ≡ô¿ÿ"∩┐╜
≤Ñ╜áIe(≥éô▓*/&#∩┐╜Xwy]&├ò1∩╗┐∩╗┐qH├áR≤¡¢«±äêå≥░ò▓%=≥»Öÿ?S==≤ùç½`

thread 'prop_no_panic::prop_parse_arbitrary_text_no_panic' (299488) panicked at crates\copybook-lexer\src\lib.rs:522:14:
byte index 7 is not a char boundary; it is inside '\u{112e9}' (bytes 6..10) of `AA≡ÉÇÇ≡æï⌐"∩┐╜
≤Ñ╜áIe(≥éô▓*/&#∩┐╜Xwy]&├ò1∩╗┐∩╗┐qH├áR≤¡¢«±äêå≥░ò▓%=≥»Öÿ?S==≤ùç½`

thread 'prop_no_panic::prop_parse_arbitrary_text_no_panic' (299488) panicked at crates\copybook-lexer\src\lib.rs:522:14:
byte index 7 is not a char boundary; it is inside '\u{1091e}' (bytes 6..10) of `AA≡ÉÇÇ≡Éñ₧"∩┐╜
≤Ñ╜áIe(≥éô▓*/&#∩┐╜Xwy]&├ò1∩╗┐∩╗┐qH├áR≤¡¢«±äêå≥░ò▓%=≥»Öÿ?S==≤ùç½`

thread 'prop_no_panic::prop_parse_arbitrary_text_no_panic' (299488) panicked at crates\copybook-lexer\src\lib.rs:522:14:
byte index 7 is not a char boundary; it is inside '≡ÉÉ╕' (bytes 6..10) of `AA≡ÉÇÇ≡ÉÉ╕"∩┐╜
≤Ñ╜áIe(≥éô▓*/&#∩┐╜Xwy]&├ò1∩╗┐∩╗┐qH├áR≤¡¢«±äêå≥░ò▓%=≥»Öÿ?S==≤ùç½`

thread 'prop_no_panic::prop_parse_arbitrary_text_no_panic' (299488) panicked at crates\copybook-lexer\src\lib.rs:522:14:
byte index 7 is not a char boundary; it is inside '\u{101c5}' (bytes 6..10) of `AA≡ÉÇÇ≡Éçà"∩┐╜
≤Ñ╜áIe(≥éô▓*/&#∩┐╜Xwy]&├ò1∩╗┐∩╗┐qH├áR≤¡¢«±äêå≥░ò▓%=≥»Öÿ?S==≤ùç½`

thread 'prop_no_panic::prop_parse_arbitrary_text_no_panic' (299488) panicked at crates\copybook-lexer\src\lib.rs:522:14:
byte index 7 is not a char boundary; it is inside '≡Ééî' (bytes 6..10) of `AA≡ÉÇÇ≡Ééî"∩┐╜
≤Ñ╜áIe(≥éô▓*/&#∩┐╜Xwy]&├ò1∩╗┐∩╗┐qH├áR≤¡¢«±äêå≥░ò▓%=≥»Öÿ?S==≤ùç½`

thread 'prop_no_panic::prop_parse_arbitrary_text_no_panic' (299488) panicked at crates\copybook-lexer\src\lib.rs:522:14:
byte index 7 is not a char boundary; it is inside '\u{1003e}' (bytes 6..10) of `AA≡ÉÇÇ≡ÉÇ╛"∩┐╜
≤Ñ╜áIe(≥éô▓*/&#∩┐╜Xwy]&├ò1∩╗┐∩╗┐qH├áR≤¡¢«±äêå≥░ò▓%=≥»Öÿ?S==≤ùç½`

thread 'prop_no_panic::prop_parse_arbitrary_text_no_panic' (299488) panicked at crates\copybook-lexer\src\lib.rs:522:14:
byte index 7 is not a char boundary; it is inside '≡ÉÇù' (bytes 6..10) of `AA≡ÉÇÇ≡ÉÇù"∩┐╜
≤Ñ╜áIe(≥éô▓*/&#∩┐╜Xwy]&├ò1∩╗┐∩╗┐qH├áR≤¡¢«±äêå≥░ò▓%=≥»Öÿ?S==≤ùç½`

thread 'prop_no_panic::prop_parse_arbitrary_text_no_panic' (299488) panicked at crates\copybook-lexer\src\lib.rs:522:14:
byte index 7 is not a char boundary; it is inside '≡ÉÇâ' (bytes 6..10) of `AA≡ÉÇÇ≡ÉÇâ"∩┐╜
≤Ñ╜áIe(≥éô▓*/&#∩┐╜Xwy]&├ò1∩╗┐∩╗┐qH├áR≤¡¢«±äêå≥░ò▓%=≥»Öÿ?S==≤ùç½`

thread 'prop_no_panic::prop_parse_arbitrary_text_no_panic' (299488) panicked at crates\copybook-lexer\src\lib.rs:522:14:
byte index 7 is not a char boundary; it is inside '≡ÉÇü' (bytes 6..10) of `AA≡ÉÇÇ≡ÉÇü"∩┐╜
≤Ñ╜áIe(≥éô▓*/&#∩┐╜Xwy]&├ò1∩╗┐∩╗┐qH├áR≤¡¢«±äêå≥░ò▓%=≥»Öÿ?S==≤ùç½`

thread 'prop_no_panic::prop_parse_arbitrary_text_no_panic' (299488) panicked at crates\copybook-lexer\src\lib.rs:522:14:
byte index 7 is not a char boundary; it is inside '≡ÉÇÇ' (bytes 6..10) of `AA≡ÉÇÇ≡ÉÇÇ"∩┐╜
≤Ñ╜áIe(≥éô▓*/&#∩┐╜Xwy]&├ò1∩╗┐∩╗┐qH├áR≤¡¢«±äêå≥░ò▓%=≥»Öÿ?S==≤ùç½`

thread 'prop_no_panic::prop_parse_arbitrary_text_no_panic' (299488) panicked at crates\copybook-lexer\src\lib.rs:522:14:
byte index 7 is not a char boundary; it is inside '≡ÉÇÇ' (bytes 6..10) of `AA≡ÉÇÇ≡ÉÇÇ"∩┐╜
≤Ñ╜áIe(≥éô▓*/&#∩┐╜Xwy]&├ò1∩╗┐∩╗┐qH├áR≤¡¢«±äêå≥░ò▓%=≥»Öÿ?S==≤ùç½`

thread 'prop_no_panic::prop_parse_arbitrary_text_no_panic' (299488) panicked at crates\copybook-lexer\src\lib.rs:522:14:
byte index 7 is not a char boundary; it is inside '≡ÉÇÇ' (bytes 6..10) of `AA≡ÉÇÇ≡ÉÇÇ!∩┐╜
≤Ñ╜áIe(≥éô▓*/&#∩┐╜Xwy]&├ò1∩╗┐∩╗┐qH├áR≤¡¢«±äêå≥░ò▓%=≥»Öÿ?S==≤ùç½`

thread 'prop_no_panic::prop_parse_arbitrary_text_no_panic' (299488) panicked at crates\copybook-lexer\src\lib.rs:522:14:
byte index 7 is not a char boundary; it is inside '≡ÉÇÇ' (bytes 6..10) of `AA≡ÉÇÇ≡ÉÇÇ ∩┐╜
≤Ñ╜áIe(≥éô▓*/&#∩┐╜Xwy]&├ò1∩╗┐∩╗┐qH├áR≤¡¢«±äêå≥░ò▓%=≥»Öÿ?S==≤ùç½`

thread 'prop_no_panic::prop_parse_arbitrary_text_no_panic' (299488) panicked at crates\copybook-lexer\src\lib.rs:522:14:
byte index 7 is not a char boundary; it is inside '≡ÉÇÇ' (bytes 6..10) of `AA≡ÉÇÇ≡ÉÇÇ ΦüÅ
≤Ñ╜áIe(≥éô▓*/&#∩┐╜Xwy]&├ò1∩╗┐∩╗┐qH├áR≤¡¢«±äêå≥░ò▓%=≥»Öÿ?S==≤ùç½`

thread 'prop_no_panic::prop_parse_arbitrary_text_no_panic' (299488) panicked at crates\copybook-lexer\src\lib.rs:522:14:
byte index 7 is not a char boundary; it is inside '≡ÉÇÇ' (bytes 6..10) of `AA≡ÉÇÇ≡ÉÇÇ Σü╕
≤Ñ╜áIe(≥éô▓*/&#∩┐╜Xwy]&├ò1∩╗┐∩╗┐qH├áR≤¡¢«±äêå≥░ò▓%=≥»Öÿ?S==≤ùç½`

thread 'prop_no_panic::prop_parse_arbitrary_text_no_panic' (299488) panicked at crates\copybook-lexer\src\lib.rs:522:14:
byte index 7 is not a char boundary; it is inside '≡ÉÇÇ' (bytes 6..10) of `AA≡ÉÇÇ≡ÉÇÇ Γéî
≤Ñ╜áIe(≥éô▓*/&#∩┐╜Xwy]&├ò1∩╗┐∩╗┐qH├áR≤¡¢«±äêå≥░ò▓%=≥»Öÿ?S==≤ùç½`

thread 'prop_no_panic::prop_parse_arbitrary_text_no_panic' (299488) panicked at crates\copybook-lexer\src\lib.rs:522:14:
byte index 7 is not a char boundary; it is inside '≡ÉÇÇ' (bytes 6..10) of `AA≡ÉÇÇ≡ÉÇÇ ßéû
≤Ñ╜áIe(≥éô▓*/&#∩┐╜Xwy]&├ò1∩╗┐∩╗┐qH├áR≤¡¢«±äêå≥░ò▓%=≥»Öÿ?S==≤ùç½`

thread 'prop_no_panic::prop_parse_arbitrary_text_no_panic' (299488) panicked at crates\copybook-lexer\src\lib.rs:522:14:
byte index 7 is not a char boundary; it is inside '≡ÉÇÇ' (bytes 6..10) of `AA≡ÉÇÇ≡ÉÇÇ αó¢
≤Ñ╜áIe(≥éô▓*/&#∩┐╜Xwy]&├ò1∩╗┐∩╗┐qH├áR≤¡¢«±äêå≥░ò▓%=≥»Öÿ?S==≤ùç½`

thread 'prop_no_panic::prop_parse_arbitrary_text_no_panic' (299488) panicked at crates\copybook-lexer\src\lib.rs:522:14:
byte index 7 is not a char boundary; it is inside '≡ÉÇÇ' (bytes 6..10) of `AA≡ÉÇÇ≡ÉÇÇ αá£
≤Ñ╜áIe(≥éô▓*/&#∩┐╜Xwy]&├ò1∩╗┐∩╗┐qH├áR≤¡¢«±äêå≥░ò▓%=≥»Öÿ?S==≤ùç½`

thread 'prop_no_panic::prop_parse_arbitrary_text_no_panic' (299488) panicked at crates\copybook-lexer\src\lib.rs:522:14:
byte index 7 is not a char boundary; it is inside '≡ÉÇÇ' (bytes 6..10) of `AA≡ÉÇÇ≡ÉÇÇ αáî
≤Ñ╜áIe(≥éô▓*/&#∩┐╜Xwy]&├ò1∩╗┐∩╗┐qH├áR≤¡¢«±äêå≥░ò▓%=≥»Öÿ?S==≤ùç½`

thread 'prop_no_panic::prop_parse_arbitrary_text_no_panic' (299488) panicked at crates\copybook-lexer\src\lib.rs:522:14:
byte index 7 is not a char boundary; it is inside '≡ÉÇÇ' (bytes 6..10) of `AA≡ÉÇÇ≡ÉÇÇ αáä
≤Ñ╜áIe(≥éô▓*/&#∩┐╜Xwy]&├ò1∩╗┐∩╗┐qH├áR≤¡¢«±äêå≥░ò▓%=≥»Öÿ?S==≤ùç½`

thread 'prop_no_panic::prop_parse_arbitrary_text_no_panic' (299488) panicked at crates\copybook-lexer\src\lib.rs:522:14:
byte index 7 is not a char boundary; it is inside '≡ÉÇÇ' (bytes 6..10) of `AA≡ÉÇÇ≡ÉÇÇ αáÇ
≤Ñ╜áIe(≥éô▓*/&#∩┐╜Xwy]&├ò1∩╗┐∩╗┐qH├áR≤¡¢«±äêå≥░ò▓%=≥»Öÿ?S==≤ùç½`

thread 'prop_no_panic::prop_parse_arbitrary_text_no_panic' (299488) panicked at crates\copybook-lexer\src\lib.rs:522:14:
byte index 7 is not a char boundary; it is inside '≡ÉÇÇ' (bytes 6..10) of `AA≡ÉÇÇ≡ÉÇÇ αáÇ
≤Ñ╜áIe(≥éô▓*/&#∩┐╜Xwy]&├ò1∩╗┐∩╗┐qH├áR≤¡¢«±äêå≥░ò▓%=≥»Öÿ?S==≤ùç½`

thread 'prop_no_panic::prop_parse_arbitrary_text_no_panic' (299488) panicked at crates\copybook-lexer\src\lib.rs:522:14:
byte index 7 is not a char boundary; it is inside '≡ÉÇÇ' (bytes 6..10) of `AA≡ÉÇÇ≡ÉÇÇ αáÇ≤Ñ╜áIe(≥éô▓*/&#∩┐╜Xwy]&├ò1∩╗┐∩╗┐qH├áR≤¡¢«±äêå≥░ò▓%=≥»Öÿ?S==≤ùç½`

thread 'prop_no_panic::prop_parse_arbitrary_text_no_panic' (299488) panicked at crates\copybook-lexer\src\lib.rs:522:14:
byte index 7 is not a char boundary; it is inside '≡ÉÇÇ' (bytes 6..10) of `AA≡ÉÇÇ≡ÉÇÇ αáÇ≤Ñ╜áIe(≥éô▓*/&#∩┐╜Xwy]&├ò1∩╗┐∩╗┐qH├áR≤¡¢«±äêå≥░ò▓%=≥»Öÿ?S==≤ùç½`

thread 'prop_no_panic::prop_parse_arbitrary_text_no_panic' (299488) panicked at crates\copybook-lexer\src\lib.rs:522:14:
byte index 7 is not a char boundary; it is inside '≡ÉÇÇ' (bytes 6..10) of `AA≡ÉÇÇ≡ÉÇÇ αáÇ±│ÇÇIe(≥éô▓*/&#∩┐╜Xwy]&├ò1∩╗┐∩╗┐qH├áR≤¡¢«±äêå≥░ò▓%=≥»Öÿ?S==≤ùç½`

thread 'prop_no_panic::prop_parse_arbitrary_text_no_panic' (299488) panicked at crates\copybook-lexer\src\lib.rs:522:14:
byte index 7 is not a char boundary; it is inside '≡ÉÇÇ' (bytes 6..10) of `AA≡ÉÇÇ≡ÉÇÇ αáÇ≡╣íÉIe(≥éô▓*/&#∩┐╜Xwy]&├ò1∩╗┐∩╗┐qH├áR≤¡¢«±äêå≥░ò▓%=≥»Öÿ?S==≤ùç½`

thread 'prop_no_panic::prop_parse_arbitrary_text_no_panic' (299488) panicked at crates\copybook-lexer\src\lib.rs:522:14:
byte index 7 is not a char boundary; it is inside '≡ÉÇÇ' (bytes 6..10) of `AA≡ÉÇÇ≡ÉÇÇ αáÇ≡£▒╕Ie(≥éô▓*/&#∩┐╜Xwy]&├ò1∩╗┐∩╗┐qH├áR≤¡¢«±äêå≥░ò▓%=≥»Öÿ?S==≤ùç½`

thread 'prop_no_panic::prop_parse_arbitrary_text_no_panic' (299488) panicked at crates\copybook-lexer\src\lib.rs:522:14:
byte index 7 is not a char boundary; it is inside '≡ÉÇÇ' (bytes 6..10) of `AA≡ÉÇÇ≡ÉÇÇ αáÇ≡òªéIe(≥éô▓*/&#∩┐╜Xwy]&├ò1∩╗┐∩╗┐qH├áR≤¡¢«±äêå≥░ò▓%=≥»Öÿ?S==≤ùç½`

thread 'prop_no_panic::prop_parse_arbitrary_text_no_panic' (299488) panicked at crates\copybook-lexer\src\lib.rs:522:14:
byte index 7 is not a char boundary; it is inside '≡ÉÇÇ' (bytes 6..10) of `AA≡ÉÇÇ≡ÉÇÇ αáÇ≡ÆÇçIe(≥éô▓*/&#∩┐╜Xwy]&├ò1∩╗┐∩╗┐qH├áR≤¡¢«±äêå≥░ò▓%=≥»Öÿ?S==≤ùç½`

thread 'prop_no_panic::prop_parse_arbitrary_text_no_panic' (299488) panicked at crates\copybook-lexer\src\lib.rs:522:14:
byte index 7 is not a char boundary; it is inside '≡ÉÇÇ' (bytes 6..10) of `AA≡ÉÇÇ≡ÉÇÇ αáÇ≡ÉìèIe(≥éô▓*/&#∩┐╜Xwy]&├ò1∩╗┐∩╗┐qH├áR≤¡¢«±äêå≥░ò▓%=≥»Öÿ?S==≤ùç½`

thread 'prop_no_panic::prop_parse_arbitrary_text_no_panic' (299488) panicked at crates\copybook-lexer\src\lib.rs:522:14:
byte index 7 is not a char boundary; it is inside '≡ÉÇÇ' (bytes 6..10) of `AA≡ÉÇÇ≡ÉÇÇ αáÇ≡Éà┐Ie(≥éô▓*/&#∩┐╜Xwy]&├ò1∩╗┐∩╗┐qH├áR≤¡¢«±äêå≥░ò▓%=≥»Öÿ?S==≤ùç½`

thread 'prop_no_panic::prop_parse_arbitrary_text_no_panic' (299488) panicked at crates\copybook-lexer\src\lib.rs:522:14:
byte index 7 is not a char boundary; it is inside '≡ÉÇÇ' (bytes 6..10) of `AA≡ÉÇÇ≡ÉÇÇ αáÇ≡ÉéÖIe(≥éô▓*/&#∩┐╜Xwy]&├ò1∩╗┐∩╗┐qH├áR≤¡¢«±äêå≥░ò▓%=≥»Öÿ?S==≤ùç½`

thread 'prop_no_panic::prop_parse_arbitrary_text_no_panic' (299488) panicked at crates\copybook-lexer\src\lib.rs:522:14:
byte index 7 is not a char boundary; it is inside '≡ÉÇÇ' (bytes 6..10) of `AA≡ÉÇÇ≡ÉÇÇ αáÇ≡ÉÇªIe(≥éô▓*/&#∩┐╜Xwy]&├ò1∩╗┐∩╗┐qH├áR≤¡¢«±äêå≥░ò▓%=≥»Öÿ?S==≤ùç½`

thread 'prop_no_panic::prop_parse_arbitrary_text_no_panic' (299488) panicked at crates\copybook-lexer\src\lib.rs:522:14:
byte index 7 is not a char boundary; it is inside '≡ÉÇÇ' (bytes 6..10) of `AA≡ÉÇÇ≡ÉÇÇ αáÇ≡ÉÇèIe(≥éô▓*/&#∩┐╜Xwy]&├ò1∩╗┐∩╗┐qH├áR≤¡¢«±äêå≥░ò▓%=≥»Öÿ?S==≤ùç½`

thread 'prop_no_panic::prop_parse_arbitrary_text_no_panic' (299488) panicked at crates\copybook-lexer\src\lib.rs:522:14:
byte index 7 is not a char boundary; it is inside '≡ÉÇÇ' (bytes 6..10) of `AA≡ÉÇÇ≡ÉÇÇ αáÇ≡ÉÇâIe(≥éô▓*/&#∩┐╜Xwy]&├ò1∩╗┐∩╗┐qH├áR≤¡¢«±äêå≥░ò▓%=≥»Öÿ?S==≤ùç½`

thread 'prop_no_panic::prop_parse_arbitrary_text_no_panic' (299488) panicked at crates\copybook-lexer\src\lib.rs:522:14:
byte index 7 is not a char boundary; it is inside '≡ÉÇÇ' (bytes 6..10) of `AA≡ÉÇÇ≡ÉÇÇ αáÇ≡ÉÇÇIe(≥éô▓*/&#∩┐╜Xwy]&├ò1∩╗┐∩╗┐qH├áR≤¡¢«±äêå≥░ò▓%=≥»Öÿ?S==≤ùç½`

thread 'prop_no_panic::prop_parse_arbitrary_text_no_panic' (299488) panicked at crates\copybook-lexer\src\lib.rs:522:14:
byte index 7 is not a char boundary; it is inside '≡ÉÇÇ' (bytes 6..10) of `AA≡ÉÇÇ≡ÉÇÇ αáÇ≡ÉÇÇIe(≥éô▓*/&#∩┐╜Xwy]&├ò1∩╗┐∩╗┐qH├áR≤¡¢«±äêå≥░ò▓%=≥»Öÿ?S==≤ùç½`

thread 'prop_no_panic::prop_parse_arbitrary_text_no_panic' (299488) panicked at crates\copybook-lexer\src\lib.rs:522:14:
byte index 7 is not a char boundary; it is inside '≡ÉÇÇ' (bytes 6..10) of `AA≡ÉÇÇ≡ÉÇÇ αáÇ≡ÉÇÇEe(≥éô▓*/&#∩┐╜Xwy]&├ò1∩╗┐∩╗┐qH├áR≤¡¢«±äêå≥░ò▓%=≥»Öÿ?S==≤ùç½`

thread 'prop_no_panic::prop_parse_arbitrary_text_no_panic' (299488) panicked at crates\copybook-lexer\src\lib.rs:522:14:
byte index 7 is not a char boundary; it is inside '≡ÉÇÇ' (bytes 6..10) of `AA≡ÉÇÇ≡ÉÇÇ αáÇ≡ÉÇÇCe(≥éô▓*/&#∩┐╜Xwy]&├ò1∩╗┐∩╗┐qH├áR≤¡¢«±äêå≥░ò▓%=≥»Öÿ?S==≤ùç½`

thread 'prop_no_panic::prop_parse_arbitrary_text_no_panic' (299488) panicked at crates\copybook-lexer\src\lib.rs:522:14:
byte index 7 is not a char boundary; it is inside '≡ÉÇÇ' (bytes 6..10) of `AA≡ÉÇÇ≡ÉÇÇ αáÇ≡ÉÇÇBe(≥éô▓*/&#∩┐╜Xwy]&├ò1∩╗┐∩╗┐qH├áR≤¡¢«±äêå≥░ò▓%=≥»Öÿ?S==≤ùç½`

thread 'prop_no_panic::prop_parse_arbitrary_text_no_panic' (299488) panicked at crates\copybook-lexer\src\lib.rs:522:14:
byte index 7 is not a char boundary; it is inside '≡ÉÇÇ' (bytes 6..10) of `AA≡ÉÇÇ≡ÉÇÇ αáÇ≡ÉÇÇAe(≥éô▓*/&#∩┐╜Xwy]&├ò1∩╗┐∩╗┐qH├áR≤¡¢«±äêå≥░ò▓%=≥»Öÿ?S==≤ùç½`

thread 'prop_no_panic::prop_parse_arbitrary_text_no_panic' (299488) panicked at crates\copybook-lexer\src\lib.rs:522:14:
byte index 7 is not a char boundary; it is inside '≡ÉÇÇ' (bytes 6..10) of `AA≡ÉÇÇ≡ÉÇÇ αáÇ≡ÉÇÇAc(≥éô▓*/&#∩┐╜Xwy]&├ò1∩╗┐∩╗┐qH├áR≤¡¢«±äêå≥░ò▓%=≥»Öÿ?S==≤ùç½`

thread 'prop_no_panic::prop_parse_arbitrary_text_no_panic' (299488) panicked at crates\copybook-lexer\src\lib.rs:522:14:
byte index 7 is not a char boundary; it is inside '≡ÉÇÇ' (bytes 6..10) of `AA≡ÉÇÇ≡ÉÇÇ αáÇ≡ÉÇÇAb(≥éô▓*/&#∩┐╜Xwy]&├ò1∩╗┐∩╗┐qH├áR≤¡¢«±äêå≥░ò▓%=≥»Öÿ?S==≤ùç½`

thread 'prop_no_panic::prop_parse_arbitrary_text_no_panic' (299488) panicked at crates\copybook-lexer\src\lib.rs:522:14:
byte index 7 is not a char boundary; it is inside '≡ÉÇÇ' (bytes 6..10) of `AA≡ÉÇÇ≡ÉÇÇ αáÇ≡ÉÇÇAa(≥éô▓*/&#∩┐╜Xwy]&├ò1∩╗┐∩╗┐qH├áR≤¡¢«±äêå≥░ò▓%=≥»Öÿ?S==≤ùç½`

thread 'prop_no_panic::prop_parse_arbitrary_text_no_panic' (299488) panicked at crates\copybook-lexer\src\lib.rs:522:14:
byte index 7 is not a char boundary; it is inside '≡ÉÇÇ' (bytes 6..10) of `AA≡ÉÇÇ≡ÉÇÇ αáÇ≡ÉÇÇAa$≥éô▓*/&#∩┐╜Xwy]&├ò1∩╗┐∩╗┐qH├áR≤¡¢«±äêå≥░ò▓%=≥»Öÿ?S==≤ùç½`

thread 'prop_no_panic::prop_parse_arbitrary_text_no_panic' (299488) panicked at crates\copybook-lexer\src\lib.rs:522:14:
byte index 7 is not a char boundary; it is inside '≡ÉÇÇ' (bytes 6..10) of `AA≡ÉÇÇ≡ÉÇÇ αáÇ≡ÉÇÇAa"≥éô▓*/&#∩┐╜Xwy]&├ò1∩╗┐∩╗┐qH├áR≤¡¢«±äêå≥░ò▓%=≥»Öÿ?S==≤ùç½`

thread 'prop_no_panic::prop_parse_arbitrary_text_no_panic' (299488) panicked at crates\copybook-lexer\src\lib.rs:522:14:
byte index 7 is not a char boundary; it is inside '≡ÉÇÇ' (bytes 6..10) of `AA≡ÉÇÇ≡ÉÇÇ αáÇ≡ÉÇÇAa!≥éô▓*/&#∩┐╜Xwy]&├ò1∩╗┐∩╗┐qH├áR≤¡¢«±äêå≥░ò▓%=≥»Öÿ?S==≤ùç½`

thread 'prop_no_panic::prop_parse_arbitrary_text_no_panic' (299488) panicked at crates\copybook-lexer\src\lib.rs:522:14:
byte index 7 is not a char boundary; it is inside '≡ÉÇÇ' (bytes 6..10) of `AA≡ÉÇÇ≡ÉÇÇ αáÇ≡ÉÇÇAa ≥éô▓*/&#∩┐╜Xwy]&├ò1∩╗┐∩╗┐qH├áR≤¡¢«±äêå≥░ò▓%=≥»Öÿ?S==≤ùç½`

thread 'prop_no_panic::prop_parse_arbitrary_text_no_panic' (299488) panicked at crates\copybook-lexer\src\lib.rs:522:14:
byte index 7 is not a char boundary; it is inside '≡ÉÇÇ' (bytes 6..10) of `AA≡ÉÇÇ≡ÉÇÇ αáÇ≡ÉÇÇAa ±üïë*/&#∩┐╜Xwy]&├ò1∩╗┐∩╗┐qH├áR≤¡¢«±äêå≥░ò▓%=≥»Öÿ?S==≤ùç½`

thread 'prop_no_panic::prop_parse_arbitrary_text_no_panic' (299488) panicked at crates\copybook-lexer\src\lib.rs:522:14:
byte index 7 is not a char boundary; it is inside '≡ÉÇÇ' (bytes 6..10) of `AA≡ÉÇÇ≡ÉÇÇ αáÇ≡ÉÇÇAa ≡áª╡*/&#∩┐╜Xwy]&├ò1∩╗┐∩╗┐qH├áR≤¡¢«±äêå≥░ò▓%=≥»Öÿ?S==≤ùç½`

thread 'prop_no_panic::prop_parse_arbitrary_text_no_panic' (299488) panicked at crates\copybook-lexer\src\lib.rs:522:14:
byte index 7 is not a char boundary; it is inside '≡ÉÇÇ' (bytes 6..10) of `AA≡ÉÇÇ≡ÉÇÇ αáÇ≡ÉÇÇAa ≡Éö½*/&#∩┐╜Xwy]&├ò1∩╗┐∩╗┐qH├áR≤¡¢«±äêå≥░ò▓%=≥»Öÿ?S==≤ùç½`

thread 'prop_no_panic::prop_parse_arbitrary_text_no_panic' (299488) panicked at crates\copybook-lexer\src\lib.rs:522:14:
byte index 7 is not a char boundary; it is inside '≡ÉÇÇ' (bytes 6..10) of `AA≡ÉÇÇ≡ÉÇÇ αáÇ≡ÉÇÇAa ≡ÉäÖ*/&#∩┐╜Xwy]&├ò1∩╗┐∩╗┐qH├áR≤¡¢«±äêå≥░ò▓%=≥»Öÿ?S==≤ùç½`

thread 'prop_no_panic::prop_parse_arbitrary_text_no_panic' (299488) panicked at crates\copybook-lexer\src\lib.rs:522:14:
byte index 7 is not a char boundary; it is inside '≡ÉÇÇ' (bytes 6..10) of `AA≡ÉÇÇ≡ÉÇÇ αáÇ≡ÉÇÇAa ≡ÉÇò*/&#∩┐╜Xwy]&├ò1∩╗┐∩╗┐qH├áR≤¡¢«±äêå≥░ò▓%=≥»Öÿ?S==≤ùç½`

thread 'prop_no_panic::prop_parse_arbitrary_text_no_panic' (299488) panicked at crates\copybook-lexer\src\lib.rs:522:14:
byte index 7 is not a char boundary; it is inside '≡ÉÇÇ' (bytes 6..10) of `AA≡ÉÇÇ≡ÉÇÇ αáÇ≡ÉÇÇAa ≡ÉÇà*/&#∩┐╜Xwy]&├ò1∩╗┐∩╗┐qH├áR≤¡¢«±äêå≥░ò▓%=≥»Öÿ?S==≤ùç½`

thread 'prop_no_panic::prop_parse_arbitrary_text_no_panic' (299488) panicked at crates\copybook-lexer\src\lib.rs:522:14:
byte index 7 is not a char boundary; it is inside '≡ÉÇÇ' (bytes 6..10) of `AA≡ÉÇÇ≡ÉÇÇ αáÇ≡ÉÇÇAa ≡ÉÇü*/&#∩┐╜Xwy]&├ò1∩╗┐∩╗┐qH├áR≤¡¢«±äêå≥░ò▓%=≥»Öÿ?S==≤ùç½`

thread 'prop_no_panic::prop_parse_arbitrary_text_no_panic' (299488) panicked at crates\copybook-lexer\src\lib.rs:522:14:
byte index 7 is not a char boundary; it is inside '≡ÉÇÇ' (bytes 6..10) of `AA≡ÉÇÇ≡ÉÇÇ αáÇ≡ÉÇÇAa ≡ÉÇÇ*/&#∩┐╜Xwy]&├ò1∩╗┐∩╗┐qH├áR≤¡¢«±äêå≥░ò▓%=≥»Öÿ?S==≤ùç½`

thread 'prop_no_panic::prop_parse_arbitrary_text_no_panic' (299488) panicked at crates\copybook-lexer\src\lib.rs:522:14:
byte index 7 is not a char boundary; it is inside '≡ÉÇÇ' (bytes 6..10) of `AA≡ÉÇÇ≡ÉÇÇ αáÇ≡ÉÇÇAa ≡ÉÇÇ%/&#∩┐╜Xwy]&├ò1∩╗┐∩╗┐qH├áR≤¡¢«±äêå≥░ò▓%=≥»Öÿ?S==≤ùç½`

thread 'prop_no_panic::prop_parse_arbitrary_text_no_panic' (299488) panicked at crates\copybook-lexer\src\lib.rs:522:14:
byte index 7 is not a char boundary; it is inside '≡ÉÇÇ' (bytes 6..10) of `AA≡ÉÇÇ≡ÉÇÇ αáÇ≡ÉÇÇAa ≡ÉÇÇ"/&#∩┐╜Xwy]&├ò1∩╗┐∩╗┐qH├áR≤¡¢«±äêå≥░ò▓%=≥»Öÿ?S==≤ùç½`

thread 'prop_no_panic::prop_parse_arbitrary_text_no_panic' (299488) panicked at crates\copybook-lexer\src\lib.rs:522:14:
byte index 7 is not a char boundary; it is inside '≡ÉÇÇ' (bytes 6..10) of `AA≡ÉÇÇ≡ÉÇÇ αáÇ≡ÉÇÇAa ≡ÉÇÇ!/&#∩┐╜Xwy]&├ò1∩╗┐∩╗┐qH├áR≤¡¢«±äêå≥░ò▓%=≥»Öÿ?S==≤ùç½`

thread 'prop_no_panic::prop_parse_arbitrary_text_no_panic' (299488) panicked at crates\copybook-lexer\src\lib.rs:522:14:
byte index 7 is not a char boundary; it is inside '≡ÉÇÇ' (bytes 6..10) of `AA≡ÉÇÇ≡ÉÇÇ αáÇ≡ÉÇÇAa ≡ÉÇÇ /&#∩┐╜Xwy]&├ò1∩╗┐∩╗┐qH├áR≤¡¢«±äêå≥░ò▓%=≥»Öÿ?S==≤ùç½`

thread 'prop_no_panic::prop_parse_arbitrary_text_no_panic' (299488) panicked at crates\copybook-lexer\src\lib.rs:522:14:
byte index 7 is not a char boundary; it is inside '≡ÉÇÇ' (bytes 6..10) of `AA≡ÉÇÇ≡ÉÇÇ αáÇ≡ÉÇÇAa ≡ÉÇÇ '&#∩┐╜Xwy]&├ò1∩╗┐∩╗┐qH├áR≤¡¢«±äêå≥░ò▓%=≥»Öÿ?S==≤ùç½`

thread 'prop_no_panic::prop_parse_arbitrary_text_no_panic' (299488) panicked at crates\copybook-lexer\src\lib.rs:522:14:
byte index 7 is not a char boundary; it is inside '≡ÉÇÇ' (bytes 6..10) of `AA≡ÉÇÇ≡ÉÇÇ αáÇ≡ÉÇÇAa ≡ÉÇÇ #&#∩┐╜Xwy]&├ò1∩╗┐∩╗┐qH├áR≤¡¢«±äêå≥░ò▓%=≥»Öÿ?S==≤ùç½`

thread 'prop_no_panic::prop_parse_arbitrary_text_no_panic' (299488) panicked at crates\copybook-lexer\src\lib.rs:522:14:
byte index 7 is not a char boundary; it is inside '≡ÉÇÇ' (bytes 6..10) of `AA≡ÉÇÇ≡ÉÇÇ αáÇ≡ÉÇÇAa ≡ÉÇÇ !&#∩┐╜Xwy]&├ò1∩╗┐∩╗┐qH├áR≤¡¢«±äêå≥░ò▓%=≥»Öÿ?S==≤ùç½`

thread 'prop_no_panic::prop_parse_arbitrary_text_no_panic' (299488) panicked at crates\copybook-lexer\src\lib.rs:522:14:
byte index 7 is not a char boundary; it is inside '≡ÉÇÇ' (bytes 6..10) of `AA≡ÉÇÇ≡ÉÇÇ αáÇ≡ÉÇÇAa ≡ÉÇÇ  &#∩┐╜Xwy]&├ò1∩╗┐∩╗┐qH├áR≤¡¢«±äêå≥░ò▓%=≥»Öÿ?S==≤ùç½`

thread 'prop_no_panic::prop_parse_arbitrary_text_no_panic' (299488) panicked at crates\copybook-lexer\src\lib.rs:522:14:
byte index 7 is not a char boundary; it is inside '≡ÉÇÇ' (bytes 6..10) of `AA≡ÉÇÇ≡ÉÇÇ αáÇ≡ÉÇÇAa ≡ÉÇÇ  ##∩┐╜Xwy]&├ò1∩╗┐∩╗┐qH├áR≤¡¢«±äêå≥░ò▓%=≥»Öÿ?S==≤ùç½`

thread 'prop_no_panic::prop_parse_arbitrary_text_no_panic' (299488) panicked at crates\copybook-lexer\src\lib.rs:522:14:
byte index 7 is not a char boundary; it is inside '≡ÉÇÇ' (bytes 6..10) of `AA≡ÉÇÇ≡ÉÇÇ αáÇ≡ÉÇÇAa ≡ÉÇÇ  !#∩┐╜Xwy]&├ò1∩╗┐∩╗┐qH├áR≤¡¢«±äêå≥░ò▓%=≥»Öÿ?S==≤ùç½`

thread 'prop_no_panic::prop_parse_arbitrary_text_no_panic' (299488) panicked at crates\copybook-lexer\src\lib.rs:522:14:
byte index 7 is not a char boundary; it is inside '≡ÉÇÇ' (bytes 6..10) of `AA≡ÉÇÇ≡ÉÇÇ αáÇ≡ÉÇÇAa ≡ÉÇÇ   #∩┐╜Xwy]&├ò1∩╗┐∩╗┐qH├áR≤¡¢«±äêå≥░ò▓%=≥»Öÿ?S==≤ùç½`

thread 'prop_no_panic::prop_parse_arbitrary_text_no_panic' (299488) panicked at crates\copybook-lexer\src\lib.rs:522:14:
byte index 7 is not a char boundary; it is inside '≡ÉÇÇ' (bytes 6..10) of `AA≡ÉÇÇ≡ÉÇÇ αáÇ≡ÉÇÇAa ≡ÉÇÇ   !∩┐╜Xwy]&├ò1∩╗┐∩╗┐qH├áR≤¡¢«±äêå≥░ò▓%=≥»Öÿ?S==≤ùç½`

thread 'prop_no_panic::prop_parse_arbitrary_text_no_panic' (299488) panicked at crates\copybook-lexer\src\lib.rs:522:14:
byte index 7 is not a char boundary; it is inside '≡ÉÇÇ' (bytes 6..10) of `AA≡ÉÇÇ≡ÉÇÇ αáÇ≡ÉÇÇAa ≡ÉÇÇ    ∩┐╜Xwy]&├ò1∩╗┐∩╗┐qH├áR≤¡¢«±äêå≥░ò▓%=≥»Öÿ?S==≤ùç½`

thread 'prop_no_panic::prop_parse_arbitrary_text_no_panic' (299488) panicked at crates\copybook-lexer\src\lib.rs:522:14:
byte index 7 is not a char boundary; it is inside '≡ÉÇÇ' (bytes 6..10) of `AA≡ÉÇÇ≡ÉÇÇ αáÇ≡ÉÇÇAa ≡ÉÇÇ    ΦüÅXwy]&├ò1∩╗┐∩╗┐qH├áR≤¡¢«±äêå≥░ò▓%=≥»Öÿ?S==≤ùç½`

thread 'prop_no_panic::prop_parse_arbitrary_text_no_panic' (299488) panicked at crates\copybook-lexer\src\lib.rs:522:14:
byte index 7 is not a char boundary; it is inside '≡ÉÇÇ' (bytes 6..10) of `AA≡ÉÇÇ≡ÉÇÇ αáÇ≡ÉÇÇAa ≡ÉÇÇ    Σü╕Xwy]&├ò1∩╗┐∩╗┐qH├áR≤¡¢«±äêå≥░ò▓%=≥»Öÿ?S==≤ùç½`

thread 'prop_no_panic::prop_parse_arbitrary_text_no_panic' (299488) panicked at crates\copybook-lexer\src\lib.rs:522:14:
byte index 7 is not a char boundary; it is inside '≡ÉÇÇ' (bytes 6..10) of `AA≡ÉÇÇ≡ÉÇÇ αáÇ≡ÉÇÇAa ≡ÉÇÇ    ΓéîXwy]&├ò1∩╗┐∩╗┐qH├áR≤¡¢«±äêå≥░ò▓%=≥»Öÿ?S==≤ùç½`

thread 'prop_no_panic::prop_parse_arbitrary_text_no_panic' (299488) panicked at crates\copybook-lexer\src\lib.rs:522:14:
byte index 7 is not a char boundary; it is inside '≡ÉÇÇ' (bytes 6..10) of `AA≡ÉÇÇ≡ÉÇÇ αáÇ≡ÉÇÇAa ≡ÉÇÇ    ßéûXwy]&├ò1∩╗┐∩╗┐qH├áR≤¡¢«±äêå≥░ò▓%=≥»Öÿ?S==≤ùç½`

thread 'prop_no_panic::prop_parse_arbitrary_text_no_panic' (299488) panicked at crates\copybook-lexer\src\lib.rs:522:14:
byte index 7 is not a char boundary; it is inside '≡ÉÇÇ' (bytes 6..10) of `AA≡ÉÇÇ≡ÉÇÇ αáÇ≡ÉÇÇAa ≡ÉÇÇ    αó¢Xwy]&├ò1∩╗┐∩╗┐qH├áR≤¡¢«±äêå≥░ò▓%=≥»Öÿ?S==≤ùç½`

thread 'prop_no_panic::prop_parse_arbitrary_text_no_panic' (299488) panicked at crates\copybook-lexer\src\lib.rs:522:14:
byte index 7 is not a char boundary; it is inside '≡ÉÇÇ' (bytes 6..10) of `AA≡ÉÇÇ≡ÉÇÇ αáÇ≡ÉÇÇAa ≡ÉÇÇ    αá£Xwy]&├ò1∩╗┐∩╗┐qH├áR≤¡¢«±äêå≥░ò▓%=≥»Öÿ?S==≤ùç½`

thread 'prop_no_panic::prop_parse_arbitrary_text_no_panic' (299488) panicked at crates\copybook-lexer\src\lib.rs:522:14:
byte index 7 is not a char boundary; it is inside '≡ÉÇÇ' (bytes 6..10) of `AA≡ÉÇÇ≡ÉÇÇ αáÇ≡ÉÇÇAa ≡ÉÇÇ    αáîXwy]&├ò1∩╗┐∩╗┐qH├áR≤¡¢«±äêå≥░ò▓%=≥»Öÿ?S==≤ùç½`

thread 'prop_no_panic::prop_parse_arbitrary_text_no_panic' (299488) panicked at crates\copybook-lexer\src\lib.rs:522:14:
byte index 7 is not a char boundary; it is inside '≡ÉÇÇ' (bytes 6..10) of `AA≡ÉÇÇ≡ÉÇÇ αáÇ≡ÉÇÇAa ≡ÉÇÇ    αáäXwy]&├ò1∩╗┐∩╗┐qH├áR≤¡¢«±äêå≥░ò▓%=≥»Öÿ?S==≤ùç½`

thread 'prop_no_panic::prop_parse_arbitrary_text_no_panic' (299488) panicked at crates\copybook-lexer\src\lib.rs:522:14:
byte index 7 is not a char boundary; it is inside '≡ÉÇÇ' (bytes 6..10) of `AA≡ÉÇÇ≡ÉÇÇ αáÇ≡ÉÇÇAa ≡ÉÇÇ    αáÇXwy]&├ò1∩╗┐∩╗┐qH├áR≤¡¢«±äêå≥░ò▓%=≥»Öÿ?S==≤ùç½`

thread 'prop_no_panic::prop_parse_arbitrary_text_no_panic' (299488) panicked at crates\copybook-lexer\src\lib.rs:522:14:
byte index 7 is not a char boundary; it is inside '≡ÉÇÇ' (bytes 6..10) of `AA≡ÉÇÇ≡ÉÇÇ αáÇ≡ÉÇÇAa ≡ÉÇÇ    αáÇXwy]&├ò1∩╗┐∩╗┐qH├áR≤¡¢«±äêå≥░ò▓%=≥»Öÿ?S==≤ùç½`

thread 'prop_no_panic::prop_parse_arbitrary_text_no_panic' (299488) panicked at crates\copybook-lexer\src\lib.rs:522:14:
byte index 7 is not a char boundary; it is inside '≡ÉÇÇ' (bytes 6..10) of `AA≡ÉÇÇ≡ÉÇÇ αáÇ≡ÉÇÇAa ≡ÉÇÇ    αáÇLwy]&├ò1∩╗┐∩╗┐qH├áR≤¡¢«±äêå≥░ò▓%=≥»Öÿ?S==≤ùç½`

thread 'prop_no_panic::prop_parse_arbitrary_text_no_panic' (299488) panicked at crates\copybook-lexer\src\lib.rs:522:14:
byte index 7 is not a char boundary; it is inside '≡ÉÇÇ' (bytes 6..10) of `AA≡ÉÇÇ≡ÉÇÇ αáÇ≡ÉÇÇAa ≡ÉÇÇ    αáÇFwy]&├ò1∩╗┐∩╗┐qH├áR≤¡¢«±äêå≥░ò▓%=≥»Öÿ?S==≤ùç½`

thread 'prop_no_panic::prop_parse_arbitrary_text_no_panic' (299488) panicked at crates\copybook-lexer\src\lib.rs:522:14:
byte index 7 is not a char boundary; it is inside '≡ÉÇÇ' (bytes 6..10) of `AA≡ÉÇÇ≡ÉÇÇ αáÇ≡ÉÇÇAa ≡ÉÇÇ    αáÇCwy]&├ò1∩╗┐∩╗┐qH├áR≤¡¢«±äêå≥░ò▓%=≥»Öÿ?S==≤ùç½`

thread 'prop_no_panic::prop_parse_arbitrary_text_no_panic' (299488) panicked at crates\copybook-lexer\src\lib.rs:522:14:
byte index 7 is not a char boundary; it is inside '≡ÉÇÇ' (bytes 6..10) of `AA≡ÉÇÇ≡ÉÇÇ αáÇ≡ÉÇÇAa ≡ÉÇÇ    αáÇBwy]&├ò1∩╗┐∩╗┐qH├áR≤¡¢«±äêå≥░ò▓%=≥»Öÿ?S==≤ùç½`

thread 'prop_no_panic::prop_parse_arbitrary_text_no_panic' (299488) panicked at crates\copybook-lexer\src\lib.rs:522:14:
byte index 7 is not a char boundary; it is inside '≡ÉÇÇ' (bytes 6..10) of `AA≡ÉÇÇ≡ÉÇÇ αáÇ≡ÉÇÇAa ≡ÉÇÇ    αáÇAwy]&├ò1∩╗┐∩╗┐qH├áR≤¡¢«±äêå≥░ò▓%=≥»Öÿ?S==≤ùç½`

thread 'prop_no_panic::prop_parse_arbitrary_text_no_panic' (299488) panicked at crates\copybook-lexer\src\lib.rs:522:14:
byte index 7 is not a char boundary; it is inside '≡ÉÇÇ' (bytes 6..10) of `AA≡ÉÇÇ≡ÉÇÇ αáÇ≡ÉÇÇAa ≡ÉÇÇ    αáÇAly]&├ò1∩╗┐∩╗┐qH├áR≤¡¢«±äêå≥░ò▓%=≥»Öÿ?S==≤ùç½`

thread 'prop_no_panic::prop_parse_arbitrary_text_no_panic' (299488) panicked at crates\copybook-lexer\src\lib.rs:522:14:
byte index 7 is not a char boundary; it is inside '≡ÉÇÇ' (bytes 6..10) of `AA≡ÉÇÇ≡ÉÇÇ αáÇ≡ÉÇÇAa ≡ÉÇÇ    αáÇAfy]&├ò1∩╗┐∩╗┐qH├áR≤¡¢«±äêå≥░ò▓%=≥»Öÿ?S==≤ùç½`

thread 'prop_no_panic::prop_parse_arbitrary_text_no_panic' (299488) panicked at crates\copybook-lexer\src\lib.rs:522:14:
byte index 7 is not a char boundary; it is inside '≡ÉÇÇ' (bytes 6..10) of `AA≡ÉÇÇ≡ÉÇÇ αáÇ≡ÉÇÇAa ≡ÉÇÇ    αáÇAcy]&├ò1∩╗┐∩╗┐qH├áR≤¡¢«±äêå≥░ò▓%=≥»Öÿ?S==≤ùç½`

thread 'prop_no_panic::prop_parse_arbitrary_text_no_panic' (299488) panicked at crates\copybook-lexer\src\lib.rs:522:14:
byte index 7 is not a char boundary; it is inside '≡ÉÇÇ' (bytes 6..10) of `AA≡ÉÇÇ≡ÉÇÇ αáÇ≡ÉÇÇAa ≡ÉÇÇ    αáÇAby]&├ò1∩╗┐∩╗┐qH├áR≤¡¢«±äêå≥░ò▓%=≥»Öÿ?S==≤ùç½`

thread 'prop_no_panic::prop_parse_arbitrary_text_no_panic' (299488) panicked at crates\copybook-lexer\src\lib.rs:522:14:
byte index 7 is not a char boundary; it is inside '≡ÉÇÇ' (bytes 6..10) of `AA≡ÉÇÇ≡ÉÇÇ αáÇ≡ÉÇÇAa ≡ÉÇÇ    αáÇAay]&├ò1∩╗┐∩╗┐qH├áR≤¡¢«±äêå≥░ò▓%=≥»Öÿ?S==≤ùç½`

thread 'prop_no_panic::prop_parse_arbitrary_text_no_panic' (299488) panicked at crates\copybook-lexer\src\lib.rs:522:14:
byte index 7 is not a char boundary; it is inside '≡ÉÇÇ' (bytes 6..10) of `AA≡ÉÇÇ≡ÉÇÇ αáÇ≡ÉÇÇAa ≡ÉÇÇ    αáÇAay]&├ò1∩╗┐∩╗┐qH├áR≤¡¢«±äêå≥░ò▓%=≥»Öÿ?S==≤ùç½`

thread 'prop_no_panic::prop_parse_arbitrary_text_no_panic' (299488) panicked at crates\copybook-lexer\src\lib.rs:522:14:
byte index 7 is not a char boundary; it is inside '≡ÉÇÇ' (bytes 6..10) of `AA≡ÉÇÇ≡ÉÇÇ αáÇ≡ÉÇÇAa ≡ÉÇÇ    αáÇAay]&├ò1∩╗┐∩╗┐qH├áR≤¡¢«±äêå≥░ò▓%=≥»Öÿ?S==≤ùç½`

thread 'prop_no_panic::prop_parse_arbitrary_text_no_panic' (299488) panicked at crates\copybook-lexer\src\lib.rs:522:14:
byte index 7 is not a char boundary; it is inside '≡ÉÇÇ' (bytes 6..10) of `AA≡ÉÇÇ≡ÉÇÇ αáÇ≡ÉÇÇAa ≡ÉÇÇ    αáÇAa
y]&├ò1∩╗┐∩╗┐qH├áR≤¡¢«±äêå≥░ò▓%=≥»Öÿ?S==≤ùç½`

thread 'prop_no_panic::prop_parse_arbitrary_text_no_panic' (299488) panicked at crates\copybook-lexer\src\lib.rs:522:14:
byte index 7 is not a char boundary; it is inside '≡ÉÇÇ' (bytes 6..10) of `AA≡ÉÇÇ≡ÉÇÇ αáÇ≡ÉÇÇAa ≡ÉÇÇ    αáÇAay]&├ò1∩╗┐∩╗┐qH├áR≤¡¢«±äêå≥░ò▓%=≥»Öÿ?S==≤ùç½`

thread 'prop_no_panic::prop_parse_arbitrary_text_no_panic' (299488) panicked at crates\copybook-lexer\src\lib.rs:522:14:
byte index 7 is not a char boundary; it is inside '≡ÉÇÇ' (bytes 6..10) of `AA≡ÉÇÇ≡ÉÇÇ αáÇ≡ÉÇÇAa ≡ÉÇÇ    αáÇAay]&├ò1∩╗┐∩╗┐qH├áR≤¡¢«±äêå≥░ò▓%=≥»Öÿ?S==≤ùç½`

thread 'prop_no_panic::prop_parse_arbitrary_text_no_panic' (299488) panicked at crates\copybook-lexer\src\lib.rs:522:14:
byte index 7 is not a char boundary; it is inside '≡ÉÇÇ' (bytes 6..10) of `AA≡ÉÇÇ≡ÉÇÇ αáÇ≡ÉÇÇAa ≡ÉÇÇ    αáÇAam]&├ò1∩╗┐∩╗┐qH├áR≤¡¢«±äêå≥░ò▓%=≥»Öÿ?S==≤ùç½`

thread 'prop_no_panic::prop_parse_arbitrary_text_no_panic' (299488) panicked at crates\copybook-lexer\src\lib.rs:522:14:
byte index 7 is not a char boundary; it is inside '≡ÉÇÇ' (bytes 6..10) of `AA≡ÉÇÇ≡ÉÇÇ αáÇ≡ÉÇÇAa ≡ÉÇÇ    αáÇAag]&├ò1∩╗┐∩╗┐qH├áR≤¡¢«±äêå≥░ò▓%=≥»Öÿ?S==≤ùç½`

thread 'prop_no_panic::prop_parse_arbitrary_text_no_panic' (299488) panicked at crates\copybook-lexer\src\lib.rs:522:14:
byte index 7 is not a char boundary; it is inside '≡ÉÇÇ' (bytes 6..10) of `AA≡ÉÇÇ≡ÉÇÇ αáÇ≡ÉÇÇAa ≡ÉÇÇ    αáÇAad]&├ò1∩╗┐∩╗┐qH├áR≤¡¢«±äêå≥░ò▓%=≥»Öÿ?S==≤ùç½`

thread 'prop_no_panic::prop_parse_arbitrary_text_no_panic' (299488) panicked at crates\copybook-lexer\src\lib.rs:522:14:
byte index 7 is not a char boundary; it is inside '≡ÉÇÇ' (bytes 6..10) of `AA≡ÉÇÇ≡ÉÇÇ αáÇ≡ÉÇÇAa ≡ÉÇÇ    αáÇAab]&├ò1∩╗┐∩╗┐qH├áR≤¡¢«±äêå≥░ò▓%=≥»Öÿ?S==≤ùç½`

thread 'prop_no_panic::prop_parse_arbitrary_text_no_panic' (299488) panicked at crates\copybook-lexer\src\lib.rs:522:14:
byte index 7 is not a char boundary; it is inside '≡ÉÇÇ' (bytes 6..10) of `AA≡ÉÇÇ≡ÉÇÇ αáÇ≡ÉÇÇAa ≡ÉÇÇ    αáÇAaa]&├ò1∩╗┐∩╗┐qH├áR≤¡¢«±äêå≥░ò▓%=≥»Öÿ?S==≤ùç½`

thread 'prop_no_panic::prop_parse_arbitrary_text_no_panic' (299488) panicked at crates\copybook-lexer\src\lib.rs:522:14:
byte index 7 is not a char boundary; it is inside '≡ÉÇÇ' (bytes 6..10) of `AA≡ÉÇÇ≡ÉÇÇ αáÇ≡ÉÇÇAa ≡ÉÇÇ    αáÇAaaO&├ò1∩╗┐∩╗┐qH├áR≤¡¢«±äêå≥░ò▓%=≥»Öÿ?S==≤ùç½`

thread 'prop_no_panic::prop_parse_arbitrary_text_no_panic' (299488) panicked at crates\copybook-lexer\src\lib.rs:522:14:
byte index 7 is not a char boundary; it is inside '≡ÉÇÇ' (bytes 6..10) of `AA≡ÉÇÇ≡ÉÇÇ αáÇ≡ÉÇÇAa ≡ÉÇÇ    αáÇAaaH&├ò1∩╗┐∩╗┐qH├áR≤¡¢«±äêå≥░ò▓%=≥»Öÿ?S==≤ùç½`

thread 'prop_no_panic::prop_parse_arbitrary_text_no_panic' (299488) panicked at crates\copybook-lexer\src\lib.rs:522:14:
byte index 7 is not a char boundary; it is inside '≡ÉÇÇ' (bytes 6..10) of `AA≡ÉÇÇ≡ÉÇÇ αáÇ≡ÉÇÇAa ≡ÉÇÇ    αáÇAaaD&├ò1∩╗┐∩╗┐qH├áR≤¡¢«±äêå≥░ò▓%=≥»Öÿ?S==≤ùç½`

thread 'prop_no_panic::prop_parse_arbitrary_text_no_panic' (299488) panicked at crates\copybook-lexer\src\lib.rs:522:14:
byte index 7 is not a char boundary; it is inside '≡ÉÇÇ' (bytes 6..10) of `AA≡ÉÇÇ≡ÉÇÇ αáÇ≡ÉÇÇAa ≡ÉÇÇ    αáÇAaaB&├ò1∩╗┐∩╗┐qH├áR≤¡¢«±äêå≥░ò▓%=≥»Öÿ?S==≤ùç½`

thread 'prop_no_panic::prop_parse_arbitrary_text_no_panic' (299488) panicked at crates\copybook-lexer\src\lib.rs:522:14:
byte index 7 is not a char boundary; it is inside '≡ÉÇÇ' (bytes 6..10) of `AA≡ÉÇÇ≡ÉÇÇ αáÇ≡ÉÇÇAa ≡ÉÇÇ    αáÇAaaA&├ò1∩╗┐∩╗┐qH├áR≤¡¢«±äêå≥░ò▓%=≥»Öÿ?S==≤ùç½`

thread 'prop_no_panic::prop_parse_arbitrary_text_no_panic' (299488) panicked at crates\copybook-lexer\src\lib.rs:522:14:
byte index 7 is not a char boundary; it is inside '≡ÉÇÇ' (bytes 6..10) of `AA≡ÉÇÇ≡ÉÇÇ αáÇ≡ÉÇÇAa ≡ÉÇÇ    αáÇAaaA#├ò1∩╗┐∩╗┐qH├áR≤¡¢«±äêå≥░ò▓%=≥»Öÿ?S==≤ùç½`

thread 'prop_no_panic::prop_parse_arbitrary_text_no_panic' (299488) panicked at crates\copybook-lexer\src\lib.rs:522:14:
byte index 7 is not a char boundary; it is inside '≡ÉÇÇ' (bytes 6..10) of `AA≡ÉÇÇ≡ÉÇÇ αáÇ≡ÉÇÇAa ≡ÉÇÇ    αáÇAaaA!├ò1∩╗┐∩╗┐qH├áR≤¡¢«±äêå≥░ò▓%=≥»Öÿ?S==≤ùç½`

thread 'prop_no_panic::prop_parse_arbitrary_text_no_panic' (299488) panicked at crates\copybook-lexer\src\lib.rs:522:14:
byte index 7 is not a char boundary; it is inside '≡ÉÇÇ' (bytes 6..10) of `AA≡ÉÇÇ≡ÉÇÇ αáÇ≡ÉÇÇAa ≡ÉÇÇ    αáÇAaaA ├ò1∩╗┐∩╗┐qH├áR≤¡¢«±äêå≥░ò▓%=≥»Öÿ?S==≤ùç½`

thread 'prop_no_panic::prop_parse_arbitrary_text_no_panic' (299488) panicked at crates\copybook-lexer\src\lib.rs:522:14:
byte index 7 is not a char boundary; it is inside '≡ÉÇÇ' (bytes 6..10) of `AA≡ÉÇÇ≡ÉÇÇ αáÇ≡ÉÇÇAa ≡ÉÇÇ    αáÇAaaA ┬╗1∩╗┐∩╗┐qH├áR≤¡¢«±äêå≥░ò▓%=≥»Öÿ?S==≤ùç½`

thread 'prop_no_panic::prop_parse_arbitrary_text_no_panic' (299488) panicked at crates\copybook-lexer\src\lib.rs:522:14:
byte index 7 is not a char boundary; it is inside '≡ÉÇÇ' (bytes 6..10) of `AA≡ÉÇÇ≡ÉÇÇ αáÇ≡ÉÇÇAa ≡ÉÇÇ    αáÇAaaA ┬«1∩╗┐∩╗┐qH├áR≤¡¢«±äêå≥░ò▓%=≥»Öÿ?S==≤ùç½`

thread 'prop_no_panic::prop_parse_arbitrary_text_no_panic' (299488) panicked at crates\copybook-lexer\src\lib.rs:522:14:
byte index 7 is not a char boundary; it is inside '≡ÉÇÇ' (bytes 6..10) of `AA≡ÉÇÇ≡ÉÇÇ αáÇ≡ÉÇÇAa ≡ÉÇÇ    αáÇAaaA ┬º1∩╗┐∩╗┐qH├áR≤¡¢«±äêå≥░ò▓%=≥»Öÿ?S==≤ùç½`

thread 'prop_no_panic::prop_parse_arbitrary_text_no_panic' (299488) panicked at crates\copybook-lexer\src\lib.rs:522:14:
byte index 7 is not a char boundary; it is inside '≡ÉÇÇ' (bytes 6..10) of `AA≡ÉÇÇ≡ÉÇÇ αáÇ≡ÉÇÇAa ≡ÉÇÇ    αáÇAaaA ┬ñ1∩╗┐∩╗┐qH├áR≤¡¢«±äêå≥░ò▓%=≥»Öÿ?S==≤ùç½`

thread 'prop_no_panic::prop_parse_arbitrary_text_no_panic' (299488) panicked at crates\copybook-lexer\src\lib.rs:522:14:
byte index 7 is not a char boundary; it is inside '≡ÉÇÇ' (bytes 6..10) of `AA≡ÉÇÇ≡ÉÇÇ αáÇ≡ÉÇÇAa ≡ÉÇÇ    αáÇAaaA ┬ó1∩╗┐∩╗┐qH├áR≤¡¢«±äêå≥░ò▓%=≥»Öÿ?S==≤ùç½`

thread 'prop_no_panic::prop_parse_arbitrary_text_no_panic' (299488) panicked at crates\copybook-lexer\src\lib.rs:522:14:
byte index 7 is not a char boundary; it is inside '≡ÉÇÇ' (bytes 6..10) of `AA≡ÉÇÇ≡ÉÇÇ αáÇ≡ÉÇÇAa ≡ÉÇÇ    αáÇAaaA ┬í1∩╗┐∩╗┐qH├áR≤¡¢«±äêå≥░ò▓%=≥»Öÿ?S==≤ùç½`

thread 'prop_no_panic::prop_parse_arbitrary_text_no_panic' (299488) panicked at crates\copybook-lexer\src\lib.rs:522:14:
byte index 7 is not a char boundary; it is inside '≡ÉÇÇ' (bytes 6..10) of `AA≡ÉÇÇ≡ÉÇÇ αáÇ≡ÉÇÇAa ≡ÉÇÇ    αáÇAaaA ┬í0∩╗┐∩╗┐qH├áR≤¡¢«±äêå≥░ò▓%=≥»Öÿ?S==≤ùç½`

thread 'prop_no_panic::prop_parse_arbitrary_text_no_panic' (299488) panicked at crates\copybook-lexer\src\lib.rs:522:14:
byte index 7 is not a char boundary; it is inside '≡ÉÇÇ' (bytes 6..10) of `AA≡ÉÇÇ≡ÉÇÇ αáÇ≡ÉÇÇAa ≡ÉÇÇ    αáÇAaaA ┬í0τ┐É∩╗┐qH├áR≤¡¢«±äêå≥░ò▓%=≥»Öÿ?S==≤ùç½`

thread 'prop_no_panic::prop_parse_arbitrary_text_no_panic' (299488) panicked at crates\copybook-lexer\src\lib.rs:522:14:
byte index 7 is not a char boundary; it is inside '≡ÉÇÇ' (bytes 6..10) of `AA≡ÉÇÇ≡ÉÇÇ αáÇ≡ÉÇÇAa ≡ÉÇÇ    αáÇAaaA ┬í0ΣÇ╕∩╗┐qH├áR≤¡¢«±äêå≥░ò▓%=≥»Öÿ?S==≤ùç½`

thread 'prop_no_panic::prop_parse_arbitrary_text_no_panic' (299488) panicked at crates\copybook-lexer\src\lib.rs:522:14:
byte index 7 is not a char boundary; it is inside '≡ÉÇÇ' (bytes 6..10) of `AA≡ÉÇÇ≡ÉÇÇ αáÇ≡ÉÇÇAa ≡ÉÇÇ    αáÇAaaA ┬í0Γü¼∩╗┐qH├áR≤¡¢«±äêå≥░ò▓%=≥»Öÿ?S==≤ùç½`

thread 'prop_no_panic::prop_parse_arbitrary_text_no_panic' (299488) panicked at crates\copybook-lexer\src\lib.rs:522:14:
byte index 7 is not a char boundary; it is inside '≡ÉÇÇ' (bytes 6..10) of `AA≡ÉÇÇ≡ÉÇÇ αáÇ≡ÉÇÇAa ≡ÉÇÇ    αáÇAaaA ┬í0ßéå∩╗┐qH├áR≤¡¢«±äêå≥░ò▓%=≥»Öÿ?S==≤ùç½`

thread 'prop_no_panic::prop_parse_arbitrary_text_no_panic' (299488) panicked at crates\copybook-lexer\src\lib.rs:522:14:
byte index 7 is not a char boundary; it is inside '≡ÉÇÇ' (bytes 6..10) of `AA≡ÉÇÇ≡ÉÇÇ αáÇ≡ÉÇÇAa ≡ÉÇÇ    αáÇAaaA ┬í0αóô∩╗┐qH├áR≤¡¢«±äêå≥░ò▓%=≥»Öÿ?S==≤ùç½`

thread 'prop_no_panic::prop_parse_arbitrary_text_no_panic' (299488) panicked at crates\copybook-lexer\src\lib.rs:522:14:
byte index 7 is not a char boundary; it is inside '≡ÉÇÇ' (bytes 6..10) of `AA≡ÉÇÇ≡ÉÇÇ αáÇ≡ÉÇÇAa ≡ÉÇÇ    αáÇAaaA ┬í0αáö∩╗┐qH├áR≤¡¢«±äêå≥░ò▓%=≥»Öÿ?S==≤ùç½`

thread 'prop_no_panic::prop_parse_arbitrary_text_no_panic' (299488) panicked at crates\copybook-lexer\src\lib.rs:522:14:
byte index 7 is not a char boundary; it is inside '≡ÉÇÇ' (bytes 6..10) of `AA≡ÉÇÇ≡ÉÇÇ αáÇ≡ÉÇÇAa ≡ÉÇÇ    αáÇAaaA ┬í0αáà∩╗┐qH├áR≤¡¢«±äêå≥░ò▓%=≥»Öÿ?S==≤ùç½`

thread 'prop_no_panic::prop_parse_arbitrary_text_no_panic' (299488) panicked at crates\copybook-lexer\src\lib.rs:522:14:
byte index 7 is not a char boundary; it is inside '≡ÉÇÇ' (bytes 6..10) of `AA≡ÉÇÇ≡ÉÇÇ αáÇ≡ÉÇÇAa ≡ÉÇÇ    αáÇAaaA ┬í0αáü∩╗┐qH├áR≤¡¢«±äêå≥░ò▓%=≥»Öÿ?S==≤ùç½`

thread 'prop_no_panic::prop_parse_arbitrary_text_no_panic' (299488) panicked at crates\copybook-lexer\src\lib.rs:522:14:
byte index 7 is not a char boundary; it is inside '≡ÉÇÇ' (bytes 6..10) of `AA≡ÉÇÇ≡ÉÇÇ αáÇ≡ÉÇÇAa ≡ÉÇÇ    αáÇAaaA ┬í0αáÇ∩╗┐qH├áR≤¡¢«±äêå≥░ò▓%=≥»Öÿ?S==≤ùç½`

thread 'prop_no_panic::prop_parse_arbitrary_text_no_panic' (299488) panicked at crates\copybook-lexer\src\lib.rs:522:14:
byte index 7 is not a char boundary; it is inside '≡ÉÇÇ' (bytes 6..10) of `AA≡ÉÇÇ≡ÉÇÇ αáÇ≡ÉÇÇAa ≡ÉÇÇ    αáÇAaaA ┬í0αáÇτ┐ÉqH├áR≤¡¢«±äêå≥░ò▓%=≥»Öÿ?S==≤ùç½`

thread 'prop_no_panic::prop_parse_arbitrary_text_no_panic' (299488) panicked at crates\copybook-lexer\src\lib.rs:522:14:
byte index 7 is not a char boundary; it is inside '≡ÉÇÇ' (bytes 6..10) of `AA≡ÉÇÇ≡ÉÇÇ αáÇ≡ÉÇÇAa ≡ÉÇÇ    αáÇAaaA ┬í0αáÇΣÇ╕qH├áR≤¡¢«±äêå≥░ò▓%=≥»Öÿ?S==≤ùç½`

thread 'prop_no_panic::prop_parse_arbitrary_text_no_panic' (299488) panicked at crates\copybook-lexer\src\lib.rs:522:14:
byte index 7 is not a char boundary; it is inside '≡ÉÇÇ' (bytes 6..10) of `AA≡ÉÇÇ≡ÉÇÇ αáÇ≡ÉÇÇAa ≡ÉÇÇ    αáÇAaaA ┬í0αáÇΓü¼qH├áR≤¡¢«±äêå≥░ò▓%=≥»Öÿ?S==≤ùç½`

thread 'prop_no_panic::prop_parse_arbitrary_text_no_panic' (299488) panicked at crates\copybook-lexer\src\lib.rs:522:14:
byte index 7 is not a char boundary; it is inside '≡ÉÇÇ' (bytes 6..10) of `AA≡ÉÇÇ≡ÉÇÇ αáÇ≡ÉÇÇAa ≡ÉÇÇ    αáÇAaaA ┬í0αáÇßéåqH├áR≤¡¢«±äêå≥░ò▓%=≥»Öÿ?S==≤ùç½`

thread 'prop_no_panic::prop_parse_arbitrary_text_no_panic' (299488) panicked at crates\copybook-lexer\src\lib.rs:522:14:
byte index 7 is not a char boundary; it is inside '≡ÉÇÇ' (bytes 6..10) of `AA≡ÉÇÇ≡ÉÇÇ αáÇ≡ÉÇÇAa ≡ÉÇÇ    αáÇAaaA ┬í0αáÇαóôqH├áR≤¡¢«±äêå≥░ò▓%=≥»Öÿ?S==≤ùç½`

thread 'prop_no_panic::prop_parse_arbitrary_text_no_panic' (299488) panicked at crates\copybook-lexer\src\lib.rs:522:14:
byte index 7 is not a char boundary; it is inside '≡ÉÇÇ' (bytes 6..10) of `AA≡ÉÇÇ≡ÉÇÇ αáÇ≡ÉÇÇAa ≡ÉÇÇ    αáÇAaaA ┬í0αáÇαáöqH├áR≤¡¢«±äêå≥░ò▓%=≥»Öÿ?S==≤ùç½`

thread 'prop_no_panic::prop_parse_arbitrary_text_no_panic' (299488) panicked at crates\copybook-lexer\src\lib.rs:522:14:
byte index 7 is not a char boundary; it is inside '≡ÉÇÇ' (bytes 6..10) of `AA≡ÉÇÇ≡ÉÇÇ αáÇ≡ÉÇÇAa ≡ÉÇÇ    αáÇAaaA ┬í0αáÇαáàqH├áR≤¡¢«±äêå≥░ò▓%=≥»Öÿ?S==≤ùç½`

thread 'prop_no_panic::prop_parse_arbitrary_text_no_panic' (299488) panicked at crates\copybook-lexer\src\lib.rs:522:14:
byte index 7 is not a char boundary; it is inside '≡ÉÇÇ' (bytes 6..10) of `AA≡ÉÇÇ≡ÉÇÇ αáÇ≡ÉÇÇAa ≡ÉÇÇ    αáÇAaaA ┬í0αáÇαáüqH├áR≤¡¢«±äêå≥░ò▓%=≥»Öÿ?S==≤ùç½`

thread 'prop_no_panic::prop_parse_arbitrary_text_no_panic' (299488) panicked at crates\copybook-lexer\src\lib.rs:522:14:
byte index 7 is not a char boundary; it is inside '≡ÉÇÇ' (bytes 6..10) of `AA≡ÉÇÇ≡ÉÇÇ αáÇ≡ÉÇÇAa ≡ÉÇÇ    αáÇAaaA ┬í0αáÇαáÇqH├áR≤¡¢«±äêå≥░ò▓%=≥»Öÿ?S==≤ùç½`

thread 'prop_no_panic::prop_parse_arbitrary_text_no_panic' (299488) panicked at crates\copybook-lexer\src\lib.rs:522:14:
byte index 7 is not a char boundary; it is inside '≡ÉÇÇ' (bytes 6..10) of `AA≡ÉÇÇ≡ÉÇÇ αáÇ≡ÉÇÇAa ≡ÉÇÇ    αáÇAaaA ┬í0αáÇαáÇiH├áR≤¡¢«±äêå≥░ò▓%=≥»Öÿ?S==≤ùç½`

thread 'prop_no_panic::prop_parse_arbitrary_text_no_panic' (299488) panicked at crates\copybook-lexer\src\lib.rs:522:14:
byte index 7 is not a char boundary; it is inside '≡ÉÇÇ' (bytes 6..10) of `AA≡ÉÇÇ≡ÉÇÇ αáÇ≡ÉÇÇAa ≡ÉÇÇ    αáÇAaaA ┬í0αáÇαáÇeH├áR≤¡¢«±äêå≥░ò▓%=≥»Öÿ?S==≤ùç½`

thread 'prop_no_panic::prop_parse_arbitrary_text_no_panic' (299488) panicked at crates\copybook-lexer\src\lib.rs:522:14:
byte index 7 is not a char boundary; it is inside '≡ÉÇÇ' (bytes 6..10) of `AA≡ÉÇÇ≡ÉÇÇ αáÇ≡ÉÇÇAa ≡ÉÇÇ    αáÇAaaA ┬í0αáÇαáÇcH├áR≤¡¢«±äêå≥░ò▓%=≥»Öÿ?S==≤ùç½`

thread 'prop_no_panic::prop_parse_arbitrary_text_no_panic' (299488) panicked at crates\copybook-lexer\src\lib.rs:522:14:
byte index 7 is not a char boundary; it is inside '≡ÉÇÇ' (bytes 6..10) of `AA≡ÉÇÇ≡ÉÇÇ αáÇ≡ÉÇÇAa ≡ÉÇÇ    αáÇAaaA ┬í0αáÇαáÇbH├áR≤¡¢«±äêå≥░ò▓%=≥»Öÿ?S==≤ùç½`

thread 'prop_no_panic::prop_parse_arbitrary_text_no_panic' (299488) panicked at crates\copybook-lexer\src\lib.rs:522:14:
byte index 7 is not a char boundary; it is inside '≡ÉÇÇ' (bytes 6..10) of `AA≡ÉÇÇ≡ÉÇÇ αáÇ≡ÉÇÇAa ≡ÉÇÇ    αáÇAaaA ┬í0αáÇαáÇaH├áR≤¡¢«±äêå≥░ò▓%=≥»Öÿ?S==≤ùç½`

thread 'prop_no_panic::prop_parse_arbitrary_text_no_panic' (299488) panicked at crates\copybook-lexer\src\lib.rs:522:14:
byte index 7 is not a char boundary; it is inside '≡ÉÇÇ' (bytes 6..10) of `AA≡ÉÇÇ≡ÉÇÇ αáÇ≡ÉÇÇAa ≡ÉÇÇ    αáÇAaaA ┬í0αáÇαáÇaD├áR≤¡¢«±äêå≥░ò▓%=≥»Öÿ?S==≤ùç½`

thread 'prop_no_panic::prop_parse_arbitrary_text_no_panic' (299488) panicked at crates\copybook-lexer\src\lib.rs:522:14:
byte index 7 is not a char boundary; it is inside '≡ÉÇÇ' (bytes 6..10) of `AA≡ÉÇÇ≡ÉÇÇ αáÇ≡ÉÇÇAa ≡ÉÇÇ    αáÇAaaA ┬í0αáÇαáÇaB├áR≤¡¢«±äêå≥░ò▓%=≥»Öÿ?S==≤ùç½`

thread 'prop_no_panic::prop_parse_arbitrary_text_no_panic' (299488) panicked at crates\copybook-lexer\src\lib.rs:522:14:
byte index 7 is not a char boundary; it is inside '≡ÉÇÇ' (bytes 6..10) of `AA≡ÉÇÇ≡ÉÇÇ αáÇ≡ÉÇÇAa ≡ÉÇÇ    αáÇAaaA ┬í0αáÇαáÇaA├áR≤¡¢«±äêå≥░ò▓%=≥»Öÿ?S==≤ùç½`

thread 'prop_no_panic::prop_parse_arbitrary_text_no_panic' (299488) panicked at crates\copybook-lexer\src\lib.rs:522:14:
byte index 7 is not a char boundary; it is inside '≡ÉÇÇ' (bytes 6..10) of `AA≡ÉÇÇ≡ÉÇÇ αáÇ≡ÉÇÇAa ≡ÉÇÇ    αáÇAaaA ┬í0αáÇαáÇaA├ÇR≤¡¢«±äêå≥░ò▓%=≥»Öÿ?S==≤ùç½`

thread 'prop_no_panic::prop_parse_arbitrary_text_no_panic' (299488) panicked at crates\copybook-lexer\src\lib.rs:522:14:
byte index 7 is not a char boundary; it is inside '≡ÉÇÇ' (bytes 6..10) of `AA≡ÉÇÇ≡ÉÇÇ αáÇ≡ÉÇÇAa ≡ÉÇÇ    αáÇAaaA ┬í0αáÇαáÇaA┬░R≤¡¢«±äêå≥░ò▓%=≥»Öÿ?S==≤ùç½`

thread 'prop_no_panic::prop_parse_arbitrary_text_no_panic' (299488) panicked at crates\copybook-lexer\src\lib.rs:522:14:
byte index 7 is not a char boundary; it is inside '≡ÉÇÇ' (bytes 6..10) of `AA≡ÉÇÇ≡ÉÇÇ αáÇ≡ÉÇÇAa ≡ÉÇÇ    αáÇAaaA ┬í0αáÇαáÇaA┬¿R≤¡¢«±äêå≥░ò▓%=≥»Öÿ?S==≤ùç½`

thread 'prop_no_panic::prop_parse_arbitrary_text_no_panic' (299488) panicked at crates\copybook-lexer\src\lib.rs:522:14:
byte index 7 is not a char boundary; it is inside '≡ÉÇÇ' (bytes 6..10) of `AA≡ÉÇÇ≡ÉÇÇ αáÇ≡ÉÇÇAa ≡ÉÇÇ    αáÇAaaA ┬í0αáÇαáÇaA┬ñR≤¡¢«±äêå≥░ò▓%=≥»Öÿ?S==≤ùç½`

thread 'prop_no_panic::prop_parse_arbitrary_text_no_panic' (299488) panicked at crates\copybook-lexer\src\lib.rs:522:14:
byte index 7 is not a char boundary; it is inside '≡ÉÇÇ' (bytes 6..10) of `AA≡ÉÇÇ≡ÉÇÇ αáÇ≡ÉÇÇAa ≡ÉÇÇ    αáÇAaaA ┬í0αáÇαáÇaA┬óR≤¡¢«±äêå≥░ò▓%=≥»Öÿ?S==≤ùç½`

thread 'prop_no_panic::prop_parse_arbitrary_text_no_panic' (299488) panicked at crates\copybook-lexer\src\lib.rs:522:14:
byte index 7 is not a char boundary; it is inside '≡ÉÇÇ' (bytes 6..10) of `AA≡ÉÇÇ≡ÉÇÇ αáÇ≡ÉÇÇAa ≡ÉÇÇ    αáÇAaaA ┬í0αáÇαáÇaA┬íR≤¡¢«±äêå≥░ò▓%=≥»Öÿ?S==≤ùç½`

thread 'prop_no_panic::prop_parse_arbitrary_text_no_panic' (299488) panicked at crates\copybook-lexer\src\lib.rs:522:14:
byte index 7 is not a char boundary; it is inside '≡ÉÇÇ' (bytes 6..10) of `AA≡ÉÇÇ≡ÉÇÇ αáÇ≡ÉÇÇAa ≡ÉÇÇ    αáÇAaaA ┬í0αáÇαáÇaA┬íI≤¡¢«±äêå≥░ò▓%=≥»Öÿ?S==≤ùç½`

thread 'prop_no_panic::prop_parse_arbitrary_text_no_panic' (299488) panicked at crates\copybook-lexer\src\lib.rs:522:14:
byte index 7 is not a char boundary; it is inside '≡ÉÇÇ' (bytes 6..10) of `AA≡ÉÇÇ≡ÉÇÇ αáÇ≡ÉÇÇAa ≡ÉÇÇ    αáÇAaaA ┬í0αáÇαáÇaA┬íE≤¡¢«±äêå≥░ò▓%=≥»Öÿ?S==≤ùç½`

thread 'prop_no_panic::prop_parse_arbitrary_text_no_panic' (299488) panicked at crates\copybook-lexer\src\lib.rs:522:14:
byte index 7 is not a char boundary; it is inside '≡ÉÇÇ' (bytes 6..10) of `AA≡ÉÇÇ≡ÉÇÇ αáÇ≡ÉÇÇAa ≡ÉÇÇ    αáÇAaaA ┬í0αáÇαáÇaA┬íC≤¡¢«±äêå≥░ò▓%=≥»Öÿ?S==≤ùç½`

thread 'prop_no_panic::prop_parse_arbitrary_text_no_panic' (299488) panicked at crates\copybook-lexer\src\lib.rs:522:14:
byte index 7 is not a char boundary; it is inside '≡ÉÇÇ' (bytes 6..10) of `AA≡ÉÇÇ≡ÉÇÇ αáÇ≡ÉÇÇAa ≡ÉÇÇ    αáÇAaaA ┬í0αáÇαáÇaA┬íB≤¡¢«±äêå≥░ò▓%=≥»Öÿ?S==≤ùç½`

thread 'prop_no_panic::prop_parse_arbitrary_text_no_panic' (299488) panicked at crates\copybook-lexer\src\lib.rs:522:14:
byte index 7 is not a char boundary; it is inside '≡ÉÇÇ' (bytes 6..10) of `AA≡ÉÇÇ≡ÉÇÇ αáÇ≡ÉÇÇAa ≡ÉÇÇ    αáÇAaaA ┬í0αáÇαáÇaA┬íA≤¡¢«±äêå≥░ò▓%=≥»Öÿ?S==≤ùç½`

thread 'prop_no_panic::prop_parse_arbitrary_text_no_panic' (299488) panicked at crates\copybook-lexer\src\lib.rs:522:14:
byte index 7 is not a char boundary; it is inside '≡ÉÇÇ' (bytes 6..10) of `AA≡ÉÇÇ≡ÉÇÇ αáÇ≡ÉÇÇAa ≡ÉÇÇ    αáÇAaaA ┬í0αáÇαáÇaA┬íA±╢»ç±äêå≥░ò▓%=≥»Öÿ?S==≤ùç½`

thread 'prop_no_panic::prop_parse_arbitrary_text_no_panic' (299488) panicked at crates\copybook-lexer\src\lib.rs:522:14:
byte index 7 is not a char boundary; it is inside '≡ÉÇÇ' (bytes 6..10) of `AA≡ÉÇÇ≡ÉÇÇ αáÇ≡ÉÇÇAa ≡ÉÇÇ    αáÇAaaA ┬í0αáÇαáÇaA┬íA≡╗ÿ┤±äêå≥░ò▓%=≥»Öÿ?S==≤ùç½`

thread 'prop_no_panic::prop_parse_arbitrary_text_no_panic' (299488) panicked at crates\copybook-lexer\src\lib.rs:522:14:
byte index 7 is not a char boundary; it is inside '≡ÉÇÇ' (bytes 6..10) of `AA≡ÉÇÇ≡ÉÇÇ αáÇ≡ÉÇÇAa ≡ÉÇÇ    αáÇAaaA ┬í0αáÇαáÇaA┬íA≡¥¡¬±äêå≥░ò▓%=≥»Öÿ?S==≤ùç½`

thread 'prop_no_panic::prop_parse_arbitrary_text_no_panic' (299488) panicked at crates\copybook-lexer\src\lib.rs:522:14:
byte index 7 is not a char boundary; it is inside '≡ÉÇÇ' (bytes 6..10) of `AA≡ÉÇÇ≡ÉÇÇ αáÇ≡ÉÇÇAa ≡ÉÇÇ    αáÇAaaA ┬í0αáÇαáÇaA┬íA≡ûÆ╕±äêå≥░ò▓%=≥»Öÿ?S==≤ùç½`

thread 'prop_no_panic::prop_parse_arbitrary_text_no_panic' (299488) panicked at crates\copybook-lexer\src\lib.rs:522:14:
byte index 7 is not a char boundary; it is inside '≡ÉÇÇ' (bytes 6..10) of `AA≡ÉÇÇ≡ÉÇÇ αáÇ≡ÉÇÇAa ≡ÉÇÇ    αáÇAaaA ┬í0αáÇαáÇaA┬íA≡ÆÑƒ±äêå≥░ò▓%=≥»Öÿ?S==≤ùç½`

thread 'prop_no_panic::prop_parse_arbitrary_text_no_panic' (299488) panicked at crates\copybook-lexer\src\lib.rs:522:14:
byte index 7 is not a char boundary; it is inside '≡ÉÇÇ' (bytes 6..10) of `AA≡ÉÇÇ≡ÉÇÇ αáÇ≡ÉÇÇAa ≡ÉÇÇ    αáÇAaaA ┬í0αáÇαáÇaA┬íA≡É«▓±äêå≥░ò▓%=≥»Öÿ?S==≤ùç½`

thread 'prop_no_panic::prop_parse_arbitrary_text_no_panic' (299488) panicked at crates\copybook-lexer\src\lib.rs:522:14:
byte index 7 is not a char boundary; it is inside '≡ÉÇÇ' (bytes 6..10) of `AA≡ÉÇÇ≡ÉÇÇ αáÇ≡ÉÇÇAa ≡ÉÇÇ    αáÇAaaA ┬í0αáÇαáÇaA┬íA≡Éæç±äêå≥░ò▓%=≥»Öÿ?S==≤ùç½`

thread 'prop_no_panic::prop_parse_arbitrary_text_no_panic' (299488) panicked at crates\copybook-lexer\src\lib.rs:522:14:
byte index 7 is not a char boundary; it is inside '≡ÉÇÇ' (bytes 6..10) of `AA≡ÉÇÇ≡ÉÇÇ αáÇ≡ÉÇÇAa ≡ÉÇÇ    αáÇAaaA ┬í0αáÇαáÇaA┬íA≡ÉéÆ±äêå≥░ò▓%=≥»Öÿ?S==≤ùç½`

thread 'prop_no_panic::prop_parse_arbitrary_text_no_panic' (299488) panicked at crates\copybook-lexer\src\lib.rs:522:14:
byte index 7 is not a char boundary; it is inside '≡ÉÇÇ' (bytes 6..10) of `AA≡ÉÇÇ≡ÉÇÇ αáÇ≡ÉÇÇAa ≡ÉÇÇ    αáÇAaaA ┬í0αáÇαáÇaA┬íA≡ÉÇ£±äêå≥░ò▓%=≥»Öÿ?S==≤ùç½`

thread 'prop_no_panic::prop_parse_arbitrary_text_no_panic' (299488) panicked at crates\copybook-lexer\src\lib.rs:522:14:
byte index 7 is not a char boundary; it is inside '≡ÉÇÇ' (bytes 6..10) of `AA≡ÉÇÇ≡ÉÇÇ αáÇ≡ÉÇÇAa ≡ÉÇÇ    αáÇAaaA ┬í0αáÇαáÇaA┬íA≡ÉÇÄ±äêå≥░ò▓%=≥»Öÿ?S==≤ùç½`

thread 'prop_no_panic::prop_parse_arbitrary_text_no_panic' (299488) panicked at crates\copybook-lexer\src\lib.rs:522:14:
byte index 7 is not a char boundary; it is inside '≡ÉÇÇ' (bytes 6..10) of `AA≡ÉÇÇ≡ÉÇÇ αáÇ≡ÉÇÇAa ≡ÉÇÇ    αáÇAaaA ┬í0αáÇαáÇaA┬íA≡ÉÇç±äêå≥░ò▓%=≥»Öÿ?S==≤ùç½`

thread 'prop_no_panic::prop_parse_arbitrary_text_no_panic' (299488) panicked at crates\copybook-lexer\src\lib.rs:522:14:
byte index 7 is not a char boundary; it is inside '≡ÉÇÇ' (bytes 6..10) of `AA≡ÉÇÇ≡ÉÇÇ αáÇ≡ÉÇÇAa ≡ÉÇÇ    αáÇAaaA ┬í0αáÇαáÇaA┬íA≡ÉÇâ±äêå≥░ò▓%=≥»Öÿ?S==≤ùç½`

thread 'prop_no_panic::prop_parse_arbitrary_text_no_panic' (299488) panicked at crates\copybook-lexer\src\lib.rs:522:14:
byte index 7 is not a char boundary; it is inside '≡ÉÇÇ' (bytes 6..10) of `AA≡ÉÇÇ≡ÉÇÇ αáÇ≡ÉÇÇAa ≡ÉÇÇ    αáÇAaaA ┬í0αáÇαáÇaA┬íA≡ÉÇü±äêå≥░ò▓%=≥»Öÿ?S==≤ùç½`

thread 'prop_no_panic::prop_parse_arbitrary_text_no_panic' (299488) panicked at crates\copybook-lexer\src\lib.rs:522:14:
byte index 7 is not a char boundary; it is inside '≡ÉÇÇ' (bytes 6..10) of `AA≡ÉÇÇ≡ÉÇÇ αáÇ≡ÉÇÇAa ≡ÉÇÇ    αáÇAaaA ┬í0αáÇαáÇaA┬íA≡ÉÇÇ±äêå≥░ò▓%=≥»Öÿ?S==≤ùç½`

thread 'prop_no_panic::prop_parse_arbitrary_text_no_panic' (299488) panicked at crates\copybook-lexer\src\lib.rs:522:14:
byte index 7 is not a char boundary; it is inside '≡ÉÇÇ' (bytes 6..10) of `AA≡ÉÇÇ≡ÉÇÇ αáÇ≡ÉÇÇAa ≡ÉÇÇ    αáÇAaaA ┬í0αáÇαáÇaA┬íA≡ÉÇÇ≡óàô≥░ò▓%=≥»Öÿ?S==≤ùç½`

thread 'prop_no_panic::prop_parse_arbitrary_text_no_panic' (299488) panicked at crates\copybook-lexer\src\lib.rs:522:14:
byte index 7 is not a char boundary; it is inside '≡ÉÇÇ' (bytes 6..10) of `AA≡ÉÇÇ≡ÉÇÇ αáÇ≡ÉÇÇAa ≡ÉÇÇ    αáÇAaaA ┬í0αáÇαáÇaA┬íA≡ÉÇÇ≡æâ║≥░ò▓%=≥»Öÿ?S==≤ùç½`

thread 'prop_no_panic::prop_parse_arbitrary_text_no_panic' (299488) panicked at crates\copybook-lexer\src\lib.rs:522:14:
byte index 7 is not a char boundary; it is inside '≡ÉÇÇ' (bytes 6..10) of `AA≡ÉÇÇ≡ÉÇÇ αáÇ≡ÉÇÇAa ≡ÉÇÇ    αáÇAaaA ┬í0αáÇαáÇaA┬íA≡ÉÇÇ≡Éí╕≥░ò▓%=≥»Öÿ?S==≤ùç½`

thread 'prop_no_panic::prop_parse_arbitrary_text_no_panic' (299488) panicked at crates\copybook-lexer\src\lib.rs:522:14:
byte index 7 is not a char boundary; it is inside '≡ÉÇÇ' (bytes 6..10) of `AA≡ÉÇÇ≡ÉÇÇ αáÇ≡ÉÇÇAa ≡ÉÇÇ    αáÇAaaA ┬í0αáÇαáÇaA┬íA≡ÉÇÇ≡ÉÉ╖≥░ò▓%=≥»Öÿ?S==≤ùç½`

thread 'prop_no_panic::prop_parse_arbitrary_text_no_panic' (299488) panicked at crates\copybook-lexer\src\lib.rs:522:14:
byte index 7 is not a char boundary; it is inside '≡ÉÇÇ' (bytes 6..10) of `AA≡ÉÇÇ≡ÉÇÇ αáÇ≡ÉÇÇAa ≡ÉÇÇ    αáÇAaaA ┬í0αáÇαáÇaA┬íA≡ÉÇÇ≡Éêû≥░ò▓%=≥»Öÿ?S==≤ùç½`

thread 'prop_no_panic::prop_parse_arbitrary_text_no_panic' (299488) panicked at crates\copybook-lexer\src\lib.rs:522:14:
byte index 7 is not a char boundary; it is inside '≡ÉÇÇ' (bytes 6..10) of `AA≡ÉÇÇ≡ÉÇÇ αáÇ≡ÉÇÇAa ≡ÉÇÇ    αáÇAaaA ┬í0αáÇαáÇaA┬íA≡ÉÇÇ≡Éäå≥░ò▓%=≥»Öÿ?S==≤ùç½`

thread 'prop_no_panic::prop_parse_arbitrary_text_no_panic' (299488) panicked at crates\copybook-lexer\src\lib.rs:522:14:
byte index 7 is not a char boundary; it is inside '≡ÉÇÇ' (bytes 6..10) of `AA≡ÉÇÇ≡ÉÇÇ αáÇ≡ÉÇÇAa ≡ÉÇÇ    αáÇAaaA ┬í0αáÇαáÇaA┬íA≡ÉÇÇ≡Éü╛≥░ò▓%=≥»Öÿ?S==≤ùç½`

thread 'prop_no_panic::prop_parse_arbitrary_text_no_panic' (299488) panicked at crates\copybook-lexer\src\lib.rs:522:14:
byte index 7 is not a char boundary; it is inside '≡ÉÇÇ' (bytes 6..10) of `AA≡ÉÇÇ≡ÉÇÇ αáÇ≡ÉÇÇAa ≡ÉÇÇ    αáÇAaaA ┬í0αáÇαáÇaA┬íA≡ÉÇÇ≡ÉÇ║≥░ò▓%=≥»Öÿ?S==≤ùç½`

thread 'prop_no_panic::prop_parse_arbitrary_text_no_panic' (299488) panicked at crates\copybook-lexer\src\lib.rs:522:14:
byte index 7 is not a char boundary; it is inside '≡ÉÇÇ' (bytes 6..10) of `AA≡ÉÇÇ≡ÉÇÇ αáÇ≡ÉÇÇAa ≡ÉÇÇ    αáÇAaaA ┬í0αáÇαáÇaA┬íA≡ÉÇÇ≡ÉÇÿ≥░ò▓%=≥»Öÿ?S==≤ùç½`

thread 'prop_no_panic::prop_parse_arbitrary_text_no_panic' (299488) panicked at crates\copybook-lexer\src\lib.rs:522:14:
byte index 7 is not a char boundary; it is inside '≡ÉÇÇ' (bytes 6..10) of `AA≡ÉÇÇ≡ÉÇÇ αáÇ≡ÉÇÇAa ≡ÉÇÇ    αáÇAaaA ┬í0αáÇαáÇaA┬íA≡ÉÇÇ≡ÉÇç≥░ò▓%=≥»Öÿ?S==≤ùç½`

thread 'prop_no_panic::prop_parse_arbitrary_text_no_panic' (299488) panicked at crates\copybook-lexer\src\lib.rs:522:14:
byte index 7 is not a char boundary; it is inside '≡ÉÇÇ' (bytes 6..10) of `AA≡ÉÇÇ≡ÉÇÇ αáÇ≡ÉÇÇAa ≡ÉÇÇ    αáÇAaaA ┬í0αáÇαáÇaA┬íA≡ÉÇÇ≡ÉÇâ≥░ò▓%=≥»Öÿ?S==≤ùç½`

thread 'prop_no_panic::prop_parse_arbitrary_text_no_panic' (299488) panicked at crates\copybook-lexer\src\lib.rs:522:14:
byte index 7 is not a char boundary; it is inside '≡ÉÇÇ' (bytes 6..10) of `AA≡ÉÇÇ≡ÉÇÇ αáÇ≡ÉÇÇAa ≡ÉÇÇ    αáÇAaaA ┬í0αáÇαáÇaA┬íA≡ÉÇÇ≡ÉÇü≥░ò▓%=≥»Öÿ?S==≤ùç½`

thread 'prop_no_panic::prop_parse_arbitrary_text_no_panic' (299488) panicked at crates\copybook-lexer\src\lib.rs:522:14:
byte index 7 is not a char boundary; it is inside '≡ÉÇÇ' (bytes 6..10) of `AA≡ÉÇÇ≡ÉÇÇ αáÇ≡ÉÇÇAa ≡ÉÇÇ    αáÇAaaA ┬í0αáÇαáÇaA┬íA≡ÉÇÇ≡ÉÇÇ≥░ò▓%=≥»Öÿ?S==≤ùç½`

thread 'prop_no_panic::prop_parse_arbitrary_text_no_panic' (299488) panicked at crates\copybook-lexer\src\lib.rs:522:14:
byte index 7 is not a char boundary; it is inside '≡ÉÇÇ' (bytes 6..10) of `AA≡ÉÇÇ≡ÉÇÇ αáÇ≡ÉÇÇAa ≡ÉÇÇ    αáÇAaaA ┬í0αáÇαáÇaA┬íA≡ÉÇÇ≡ÉÇÇ≥░ò▓%=≥»Öÿ?S==≤ùç½`

thread 'prop_no_panic::prop_parse_arbitrary_text_no_panic' (299488) panicked at crates\copybook-lexer\src\lib.rs:522:14:
byte index 7 is not a char boundary; it is inside '≡ÉÇÇ' (bytes 6..10) of `AA≡ÉÇÇ≡ÉÇÇ αáÇ≡ÉÇÇAa ≡ÉÇÇ    αáÇAaaA ┬í0αáÇαáÇaA┬íA≡ÉÇÇ≡ÉÇÇ±ÿîë%=≥»Öÿ?S==≤ùç½`

thread 'prop_no_panic::prop_parse_arbitrary_text_no_panic' (299488) panicked at crates\copybook-lexer\src\lib.rs:522:14:
byte index 7 is not a char boundary; it is inside '≡ÉÇÇ' (bytes 6..10) of `AA≡ÉÇÇ≡ÉÇÇ αáÇ≡ÉÇÇAa ≡ÉÇÇ    αáÇAaaA ┬í0αáÇαáÇaA┬íA≡ÉÇÇ≡ÉÇÇ≡¼çò%=≥»Öÿ?S==≤ùç½`

thread 'prop_no_panic::prop_parse_arbitrary_text_no_panic' (299488) panicked at crates\copybook-lexer\src\lib.rs:522:14:
byte index 7 is not a char boundary; it is inside '≡ÉÇÇ' (bytes 6..10) of `AA≡ÉÇÇ≡ÉÇÇ αáÇ≡ÉÇÇAa ≡ÉÇÇ    αáÇAaaA ┬í0αáÇαáÇaA┬íA≡ÉÇÇ≡ÉÇÇ≡ûä╗%=≥»Öÿ?S==≤ùç½`

thread 'prop_no_panic::prop_parse_arbitrary_text_no_panic' (299488) panicked at crates\copybook-lexer\src\lib.rs:522:14:
byte index 7 is not a char boundary; it is inside '≡ÉÇÇ' (bytes 6..10) of `AA≡ÉÇÇ≡ÉÇÇ αáÇ≡ÉÇÇAa ≡ÉÇÇ    αáÇAaaA ┬í0αáÇαáÇaA┬íA≡ÉÇÇ≡ÉÇÇ≡Éñò%=≥»Öÿ?S==≤ùç½`

thread 'prop_no_panic::prop_parse_arbitrary_text_no_panic' (299488) panicked at crates\copybook-lexer\src\lib.rs:522:14:
byte index 7 is not a char boundary; it is inside '≡ÉÇÇ' (bytes 6..10) of `AA≡ÉÇÇ≡ÉÇÇ αáÇ≡ÉÇÇAa ≡ÉÇÇ    αáÇAaaA ┬í0αáÇαáÇaA┬íA≡ÉÇÇ≡ÉÇÇ≡ÉÄô%=≥»Öÿ?S==≤ùç½`

thread 'prop_no_panic::prop_parse_arbitrary_text_no_panic' (299488) panicked at crates\copybook-lexer\src\lib.rs:522:14:
byte index 7 is not a char boundary; it is inside '≡ÉÇÇ' (bytes 6..10) of `AA≡ÉÇÇ≡ÉÇÇ αáÇ≡ÉÇÇAa ≡ÉÇÇ    αáÇAaaA ┬í0αáÇαáÇaA┬íA≡ÉÇÇ≡ÉÇÇ≡ÉâÆ%=≥»Öÿ?S==≤ùç½`

thread 'prop_no_panic::prop_parse_arbitrary_text_no_panic' (299488) panicked at crates\copybook-lexer\src\lib.rs:522:14:
byte index 7 is not a char boundary; it is inside '≡ÉÇÇ' (bytes 6..10) of `AA≡ÉÇÇ≡ÉÇÇ αáÇ≡ÉÇÇAa ≡ÉÇÇ    αáÇAaaA ┬í0αáÇαáÇaA┬íA≡ÉÇÇ≡ÉÇÇ≡ÉÇó%=≥»Öÿ?S==≤ùç½`

thread 'prop_no_panic::prop_parse_arbitrary_text_no_panic' (299488) panicked at crates\copybook-lexer\src\lib.rs:522:14:
byte index 7 is not a char boundary; it is inside '≡ÉÇÇ' (bytes 6..10) of `AA≡ÉÇÇ≡ÉÇÇ αáÇ≡ÉÇÇAa ≡ÉÇÇ    αáÇAaaA ┬í0αáÇαáÇaA┬íA≡ÉÇÇ≡ÉÇÇ≡ÉÇî%=≥»Öÿ?S==≤ùç½`

thread 'prop_no_panic::prop_parse_arbitrary_text_no_panic' (299488) panicked at crates\copybook-lexer\src\lib.rs:522:14:
byte index 7 is not a char boundary; it is inside '≡ÉÇÇ' (bytes 6..10) of `AA≡ÉÇÇ≡ÉÇÇ αáÇ≡ÉÇÇAa ≡ÉÇÇ    αáÇAaaA ┬í0αáÇαáÇaA┬íA≡ÉÇÇ≡ÉÇÇ≡ÉÇü%=≥»Öÿ?S==≤ùç½`

thread 'prop_no_panic::prop_parse_arbitrary_text_no_panic' (299488) panicked at crates\copybook-lexer\src\lib.rs:522:14:
byte index 7 is not a char boundary; it is inside '≡ÉÇÇ' (bytes 6..10) of `AA≡ÉÇÇ≡ÉÇÇ αáÇ≡ÉÇÇAa ≡ÉÇÇ    αáÇAaaA ┬í0αáÇαáÇaA┬íA≡ÉÇÇ≡ÉÇÇ≡ÉÇÇ%=≥»Öÿ?S==≤ùç½`

thread 'prop_no_panic::prop_parse_arbitrary_text_no_panic' (299488) panicked at crates\copybook-lexer\src\lib.rs:522:14:
byte index 7 is not a char boundary; it is inside '≡ÉÇÇ' (bytes 6..10) of `AA≡ÉÇÇ≡ÉÇÇ αáÇ≡ÉÇÇAa ≡ÉÇÇ    αáÇAaaA ┬í0αáÇαáÇaA┬íA≡ÉÇÇ≡ÉÇÇ≡ÉÇÇ"=≥»Öÿ?S==≤ùç½`

thread 'prop_no_panic::prop_parse_arbitrary_text_no_panic' (299488) panicked at crates\copybook-lexer\src\lib.rs:522:14:
byte index 7 is not a char boundary; it is inside '≡ÉÇÇ' (bytes 6..10) of `AA≡ÉÇÇ≡ÉÇÇ αáÇ≡ÉÇÇAa ≡ÉÇÇ    αáÇAaaA ┬í0αáÇαáÇaA┬íA≡ÉÇÇ≡ÉÇÇ≡ÉÇÇ!=≥»Öÿ?S==≤ùç½`

thread 'prop_no_panic::prop_parse_arbitrary_text_no_panic' (299488) panicked at crates\copybook-lexer\src\lib.rs:522:14:
byte index 7 is not a char boundary; it is inside '≡ÉÇÇ' (bytes 6..10) of `AA≡ÉÇÇ≡ÉÇÇ αáÇ≡ÉÇÇAa ≡ÉÇÇ    αáÇAaaA ┬í0αáÇαáÇaA┬íA≡ÉÇÇ≡ÉÇÇ≡ÉÇÇ =≥»Öÿ?S==≤ùç½`

thread 'prop_no_panic::prop_parse_arbitrary_text_no_panic' (299488) panicked at crates\copybook-lexer\src\lib.rs:522:14:
byte index 7 is not a char boundary; it is inside '≡ÉÇÇ' (bytes 6..10) of `AA≡ÉÇÇ≡ÉÇÇ αáÇ≡ÉÇÇAa ≡ÉÇÇ    αáÇAaaA ┬í0αáÇαáÇaA┬íA≡ÉÇÇ≡ÉÇÇ≡ÉÇÇ 6≥»Öÿ?S==≤ùç½`

thread 'prop_no_panic::prop_parse_arbitrary_text_no_panic' (299488) panicked at crates\copybook-lexer\src\lib.rs:522:14:
byte index 7 is not a char boundary; it is inside '≡ÉÇÇ' (bytes 6..10) of `AA≡ÉÇÇ≡ÉÇÇ αáÇ≡ÉÇÇAa ≡ÉÇÇ    αáÇAaaA ┬í0αáÇαáÇaA┬íA≡ÉÇÇ≡ÉÇÇ≡ÉÇÇ 3≥»Öÿ?S==≤ùç½`

thread 'prop_no_panic::prop_parse_arbitrary_text_no_panic' (299488) panicked at crates\copybook-lexer\src\lib.rs:522:14:
byte index 7 is not a char boundary; it is inside '≡ÉÇÇ' (bytes 6..10) of `AA≡ÉÇÇ≡ÉÇÇ αáÇ≡ÉÇÇAa ≡ÉÇÇ    αáÇAaaA ┬í0αáÇαáÇaA┬íA≡ÉÇÇ≡ÉÇÇ≡ÉÇÇ 1≥»Öÿ?S==≤ùç½`

thread 'prop_no_panic::prop_parse_arbitrary_text_no_panic' (299488) panicked at crates\copybook-lexer\src\lib.rs:522:14:
byte index 7 is not a char boundary; it is inside '≡ÉÇÇ' (bytes 6..10) of `AA≡ÉÇÇ≡ÉÇÇ αáÇ≡ÉÇÇAa ≡ÉÇÇ    αáÇAaaA ┬í0αáÇαáÇaA┬íA≡ÉÇÇ≡ÉÇÇ≡ÉÇÇ 0≥»Öÿ?S==≤ùç½`

thread 'prop_no_panic::prop_parse_arbitrary_text_no_panic' (299488) panicked at crates\copybook-lexer\src\lib.rs:522:14:
byte index 7 is not a char boundary; it is inside '≡ÉÇÇ' (bytes 6..10) of `AA≡ÉÇÇ≡ÉÇÇ αáÇ≡ÉÇÇAa ≡ÉÇÇ    αáÇAaaA ┬í0αáÇαáÇaA┬íA≡ÉÇÇ≡ÉÇÇ≡ÉÇÇ 0±ù¡╝?S==≤ùç½`

thread 'prop_no_panic::prop_parse_arbitrary_text_no_panic' (299488) panicked at crates\copybook-lexer\src\lib.rs:522:14:
byte index 7 is not a char boundary; it is inside '≡ÉÇÇ' (bytes 6..10) of `AA≡ÉÇÇ≡ÉÇÇ αáÇ≡ÉÇÇAa ≡ÉÇÇ    αáÇAaaA ┬í0αáÇαáÇaA┬íA≡ÉÇÇ≡ÉÇÇ≡ÉÇÇ 0≡½╕Ä?S==≤ùç½`

thread 'prop_no_panic::prop_parse_arbitrary_text_no_panic' (299488) panicked at crates\copybook-lexer\src\lib.rs:522:14:
byte index 7 is not a char boundary; it is inside '≡ÉÇÇ' (bytes 6..10) of `AA≡ÉÇÇ≡ÉÇÇ αáÇ≡ÉÇÇAa ≡ÉÇÇ    αáÇAaaA ┬í0αáÇαáÇaA┬íA≡ÉÇÇ≡ÉÇÇ≡ÉÇÇ 0≡ò╜ù?S==≤ùç½`

thread 'prop_no_panic::prop_parse_arbitrary_text_no_panic' (299488) panicked at crates\copybook-lexer\src\lib.rs:522:14:
byte index 7 is not a char boundary; it is inside '≡ÉÇÇ' (bytes 6..10) of `AA≡ÉÇÇ≡ÉÇÇ αáÇ≡ÉÇÇAa ≡ÉÇÇ    αáÇAaaA ┬í0αáÇαáÇaA┬íA≡ÉÇÇ≡ÉÇÇ≡ÉÇÇ 0≡É₧¬?S==≤ùç½`

thread 'prop_no_panic::prop_parse_arbitrary_text_no_panic' (299488) panicked at crates\copybook-lexer\src\lib.rs:522:14:
byte index 7 is not a char boundary; it is inside '≡ÉÇÇ' (bytes 6..10) of `AA≡ÉÇÇ≡ÉÇÇ αáÇ≡ÉÇÇAa ≡ÉÇÇ    αáÇAaaA ┬í0αáÇαáÇaA┬íA≡ÉÇÇ≡ÉÇÇ≡ÉÇÇ 0≡Éê░?S==≤ùç½`

thread 'prop_no_panic::prop_parse_arbitrary_text_no_panic' (299488) panicked at crates\copybook-lexer\src\lib.rs:522:14:
byte index 7 is not a char boundary; it is inside '≡ÉÇÇ' (bytes 6..10) of `AA≡ÉÇÇ≡ÉÇÇ αáÇ≡ÉÇÇAa ≡ÉÇÇ    αáÇAaaA ┬í0αáÇαáÇaA┬íA≡ÉÇÇ≡ÉÇÇ≡ÉÇÇ 0≡ÉâÆ?S==≤ùç½`

thread 'prop_no_panic::prop_parse_arbitrary_text_no_panic' (299488) panicked at crates\copybook-lexer\src\lib.rs:522:14:
byte index 7 is not a char boundary; it is inside '≡ÉÇÇ' (bytes 6..10) of `AA≡ÉÇÇ≡ÉÇÇ αáÇ≡ÉÇÇAa ≡ÉÇÇ    αáÇAaaA ┬í0αáÇαáÇaA┬íA≡ÉÇÇ≡ÉÇÇ≡ÉÇÇ 0≡ÉÇú?S==≤ùç½`

thread 'prop_no_panic::prop_parse_arbitrary_text_no_panic' (299488) panicked at crates\copybook-lexer\src\lib.rs:522:14:
byte index 7 is not a char boundary; it is inside '≡ÉÇÇ' (bytes 6..10) of `AA≡ÉÇÇ≡ÉÇÇ αáÇ≡ÉÇÇAa ≡ÉÇÇ    αáÇAaaA ┬í0αáÇαáÇaA┬íA≡ÉÇÇ≡ÉÇÇ≡ÉÇÇ 0≡ÉÇì?S==≤ùç½`

thread 'prop_no_panic::prop_parse_arbitrary_text_no_panic' (299488) panicked at crates\copybook-lexer\src\lib.rs:522:14:
byte index 7 is not a char boundary; it is inside '≡ÉÇÇ' (bytes 6..10) of `AA≡ÉÇÇ≡ÉÇÇ αáÇ≡ÉÇÇAa ≡ÉÇÇ    αáÇAaaA ┬í0αáÇαáÇaA┬íA≡ÉÇÇ≡ÉÇÇ≡ÉÇÇ 0≡ÉÇé?S==≤ùç½`

thread 'prop_no_panic::prop_parse_arbitrary_text_no_panic' (299488) panicked at crates\copybook-lexer\src\lib.rs:522:14:
byte index 7 is not a char boundary; it is inside '≡ÉÇÇ' (bytes 6..10) of `AA≡ÉÇÇ≡ÉÇÇ αáÇ≡ÉÇÇAa ≡ÉÇÇ    αáÇAaaA ┬í0αáÇαáÇaA┬íA≡ÉÇÇ≡ÉÇÇ≡ÉÇÇ 0≡ÉÇÇ?S==≤ùç½`

thread 'prop_no_panic::prop_parse_arbitrary_text_no_panic' (299488) panicked at crates\copybook-lexer\src\lib.rs:522:14:
byte index 7 is not a char boundary; it is inside '≡ÉÇÇ' (bytes 6..10) of `AA≡ÉÇÇ≡ÉÇÇ αáÇ≡ÉÇÇAa ≡ÉÇÇ    αáÇAaaA ┬í0αáÇαáÇaA┬íA≡ÉÇÇ≡ÉÇÇ≡ÉÇÇ 0≡ÉÇÇ?S==≤ùç½`

thread 'prop_no_panic::prop_parse_arbitrary_text_no_panic' (299488) panicked at crates\copybook-lexer\src\lib.rs:522:14:
byte index 7 is not a char boundary; it is inside '≡ÉÇÇ' (bytes 6..10) of `AA≡ÉÇÇ≡ÉÇÇ αáÇ≡ÉÇÇAa ≡ÉÇÇ    αáÇAaaA ┬í0αáÇαáÇaA┬íA≡ÉÇÇ≡ÉÇÇ≡ÉÇÇ 0≡ÉÇÇ7S==≤ùç½`

thread 'prop_no_panic::prop_parse_arbitrary_text_no_panic' (299488) panicked at crates\copybook-lexer\src\lib.rs:522:14:
byte index 7 is not a char boundary; it is inside '≡ÉÇÇ' (bytes 6..10) of `AA≡ÉÇÇ≡ÉÇÇ αáÇ≡ÉÇÇAa ≡ÉÇÇ    αáÇAaaA ┬í0αáÇαáÇaA┬íA≡ÉÇÇ≡ÉÇÇ≡ÉÇÇ 0≡ÉÇÇ3S==≤ùç½`

thread 'prop_no_panic::prop_parse_arbitrary_text_no_panic' (299488) panicked at crates\copybook-lexer\src\lib.rs:522:14:
byte index 7 is not a char boundary; it is inside '≡ÉÇÇ' (bytes 6..10) of `AA≡ÉÇÇ≡ÉÇÇ αáÇ≡ÉÇÇAa ≡ÉÇÇ    αáÇAaaA ┬í0αáÇαáÇaA┬íA≡ÉÇÇ≡ÉÇÇ≡ÉÇÇ 0≡ÉÇÇ1S==≤ùç½`

thread 'prop_no_panic::prop_parse_arbitrary_text_no_panic' (299488) panicked at crates\copybook-lexer\src\lib.rs:522:14:
byte index 7 is not a char boundary; it is inside '≡ÉÇÇ' (bytes 6..10) of `AA≡ÉÇÇ≡ÉÇÇ αáÇ≡ÉÇÇAa ≡ÉÇÇ    αáÇAaaA ┬í0αáÇαáÇaA┬íA≡ÉÇÇ≡ÉÇÇ≡ÉÇÇ 0≡ÉÇÇ0S==≤ùç½`

thread 'prop_no_panic::prop_parse_arbitrary_text_no_panic' (299488) panicked at crates\copybook-lexer\src\lib.rs:522:14:
byte index 7 is not a char boundary; it is inside '≡ÉÇÇ' (bytes 6..10) of `AA≡ÉÇÇ≡ÉÇÇ αáÇ≡ÉÇÇAa ≡ÉÇÇ    αáÇAaaA ┬í0αáÇαáÇaA┬íA≡ÉÇÇ≡ÉÇÇ≡ÉÇÇ 0≡ÉÇÇ0J==≤ùç½`

thread 'prop_no_panic::prop_parse_arbitrary_text_no_panic' (299488) panicked at crates\copybook-lexer\src\lib.rs:522:14:
byte index 7 is not a char boundary; it is inside '≡ÉÇÇ' (bytes 6..10) of `AA≡ÉÇÇ≡ÉÇÇ αáÇ≡ÉÇÇAa ≡ÉÇÇ    αáÇAaaA ┬í0αáÇαáÇaA┬íA≡ÉÇÇ≡ÉÇÇ≡ÉÇÇ 0≡ÉÇÇ0E==≤ùç½`

thread 'prop_no_panic::prop_parse_arbitrary_text_no_panic' (299488) panicked at crates\copybook-lexer\src\lib.rs:522:14:
byte index 7 is not a char boundary; it is inside '≡ÉÇÇ' (bytes 6..10) of `AA≡ÉÇÇ≡ÉÇÇ αáÇ≡ÉÇÇAa ≡ÉÇÇ    αáÇAaaA ┬í0αáÇαáÇaA┬íA≡ÉÇÇ≡ÉÇÇ≡ÉÇÇ 0≡ÉÇÇ0C==≤ùç½`

thread 'prop_no_panic::prop_parse_arbitrary_text_no_panic' (299488) panicked at crates\copybook-lexer\src\lib.rs:522:14:
byte index 7 is not a char boundary; it is inside '≡ÉÇÇ' (bytes 6..10) of `AA≡ÉÇÇ≡ÉÇÇ αáÇ≡ÉÇÇAa ≡ÉÇÇ    αáÇAaaA ┬í0αáÇαáÇaA┬íA≡ÉÇÇ≡ÉÇÇ≡ÉÇÇ 0≡ÉÇÇ0B==≤ùç½`

thread 'prop_no_panic::prop_parse_arbitrary_text_no_panic' (299488) panicked at crates\copybook-lexer\src\lib.rs:522:14:
byte index 7 is not a char boundary; it is inside '≡ÉÇÇ' (bytes 6..10) of `AA≡ÉÇÇ≡ÉÇÇ αáÇ≡ÉÇÇAa ≡ÉÇÇ    αáÇAaaA ┬í0αáÇαáÇaA┬íA≡ÉÇÇ≡ÉÇÇ≡ÉÇÇ 0≡ÉÇÇ0A==≤ùç½`

thread 'prop_no_panic::prop_parse_arbitrary_text_no_panic' (299488) panicked at crates\copybook-lexer\src\lib.rs:522:14:
byte index 7 is not a char boundary; it is inside '≡ÉÇÇ' (bytes 6..10) of `AA≡ÉÇÇ≡ÉÇÇ αáÇ≡ÉÇÇAa ≡ÉÇÇ    αáÇAaaA ┬í0αáÇαáÇaA┬íA≡ÉÇÇ≡ÉÇÇ≡ÉÇÇ 0≡ÉÇÇ0A6=≤ùç½`

thread 'prop_no_panic::prop_parse_arbitrary_text_no_panic' (299488) panicked at crates\copybook-lexer\src\lib.rs:522:14:
byte index 7 is not a char boundary; it is inside '≡ÉÇÇ' (bytes 6..10) of `AA≡ÉÇÇ≡ÉÇÇ αáÇ≡ÉÇÇAa ≡ÉÇÇ    αáÇAaaA ┬í0αáÇαáÇaA┬íA≡ÉÇÇ≡ÉÇÇ≡ÉÇÇ 0≡ÉÇÇ0A3=≤ùç½`

thread 'prop_no_panic::prop_parse_arbitrary_text_no_panic' (299488) panicked at crates\copybook-lexer\src\lib.rs:522:14:
byte index 7 is not a char boundary; it is inside '≡ÉÇÇ' (bytes 6..10) of `AA≡ÉÇÇ≡ÉÇÇ αáÇ≡ÉÇÇAa ≡ÉÇÇ    αáÇAaaA ┬í0αáÇαáÇaA┬íA≡ÉÇÇ≡ÉÇÇ≡ÉÇÇ 0≡ÉÇÇ0A1=≤ùç½`

thread 'prop_no_panic::prop_parse_arbitrary_text_no_panic' (299488) panicked at crates\copybook-lexer\src\lib.rs:522:14:
byte index 7 is not a char boundary; it is inside '≡ÉÇÇ' (bytes 6..10) of `AA≡ÉÇÇ≡ÉÇÇ αáÇ≡ÉÇÇAa ≡ÉÇÇ    αáÇAaaA ┬í0αáÇαáÇaA┬íA≡ÉÇÇ≡ÉÇÇ≡ÉÇÇ 0≡ÉÇÇ0A0=≤ùç½`

thread 'prop_no_panic::prop_parse_arbitrary_text_no_panic' (299488) panicked at crates\copybook-lexer\src\lib.rs:522:14:
byte index 7 is not a char boundary; it is inside '≡ÉÇÇ' (bytes 6..10) of `AA≡ÉÇÇ≡ÉÇÇ αáÇ≡ÉÇÇAa ≡ÉÇÇ    αáÇAaaA ┬í0αáÇαáÇaA┬íA≡ÉÇÇ≡ÉÇÇ≡ÉÇÇ 0≡ÉÇÇ0A0=≤ùç½`

thread 'prop_no_panic::prop_parse_arbitrary_text_no_panic' (299488) panicked at crates\copybook-lexer\src\lib.rs:522:14:
byte index 7 is not a char boundary; it is inside '≡ÉÇÇ' (bytes 6..10) of `AA≡ÉÇÇ≡ÉÇÇ αáÇ≡ÉÇÇAa ≡ÉÇÇ    αáÇAaaA ┬í0αáÇαáÇaA┬íA≡ÉÇÇ≡ÉÇÇ≡ÉÇÇ 0≡ÉÇÇ0A0=≤ùç½`

thread 'prop_no_panic::prop_parse_arbitrary_text_no_panic' (299488) panicked at crates\copybook-lexer\src\lib.rs:522:14:
byte index 7 is not a char boundary; it is inside '≡ÉÇÇ' (bytes 6..10) of `AA≡ÉÇÇ≡ÉÇÇ αáÇ≡ÉÇÇAa ≡ÉÇÇ    αáÇAaaA ┬í0αáÇαáÇaA┬íA≡ÉÇÇ≡ÉÇÇ≡ÉÇÇ 0≡ÉÇÇ0A0 =≤ùç½`

thread 'prop_no_panic::prop_parse_arbitrary_text_no_panic' (299488) panicked at crates\copybook-lexer\src\lib.rs:522:14:
byte index 7 is not a char boundary; it is inside '≡ÉÇÇ' (bytes 6..10) of `AA≡ÉÇÇ≡ÉÇÇ αáÇ≡ÉÇÇAa ≡ÉÇÇ    αáÇAaaA ┬í0αáÇαáÇaA┬íA≡ÉÇÇ≡ÉÇÇ≡ÉÇÇ 0≡ÉÇÇ0A0 6≤ùç½`

thread 'prop_no_panic::prop_parse_arbitrary_text_no_panic' (299488) panicked at crates\copybook-lexer\src\lib.rs:522:14:
byte index 7 is not a char boundary; it is inside '≡ÉÇÇ' (bytes 6..10) of `AA≡ÉÇÇ≡ÉÇÇ αáÇ≡ÉÇÇAa ≡ÉÇÇ    αáÇAaaA ┬í0αáÇαáÇaA┬íA≡ÉÇÇ≡ÉÇÇ≡ÉÇÇ 0≡ÉÇÇ0A0 3≤ùç½`

thread 'prop_no_panic::prop_parse_arbitrary_text_no_panic' (299488) panicked at crates\copybook-lexer\src\lib.rs:522:14:
byte index 7 is not a char boundary; it is inside '≡ÉÇÇ' (bytes 6..10) of `AA≡ÉÇÇ≡ÉÇÇ αáÇ≡ÉÇÇAa ≡ÉÇÇ    αáÇAaaA ┬í0αáÇαáÇaA┬íA≡ÉÇÇ≡ÉÇÇ≡ÉÇÇ 0≡ÉÇÇ0A0 1≤ùç½`

thread 'prop_no_panic::prop_parse_arbitrary_text_no_panic' (299488) panicked at crates\copybook-lexer\src\lib.rs:522:14:
byte index 7 is not a char boundary; it is inside '≡ÉÇÇ' (bytes 6..10) of `AA≡ÉÇÇ≡ÉÇÇ αáÇ≡ÉÇÇAa ≡ÉÇÇ    αáÇAaaA ┬í0αáÇαáÇaA┬íA≡ÉÇÇ≡ÉÇÇ≡ÉÇÇ 0≡ÉÇÇ0A0 0≤ùç½`

thread 'prop_no_panic::prop_parse_arbitrary_text_no_panic' (299488) panicked at crates\copybook-lexer\src\lib.rs:522:14:
byte index 7 is not a char boundary; it is inside '≡ÉÇÇ' (bytes 6..10) of `AA≡ÉÇÇ≡ÉÇÇ αáÇ≡ÉÇÇAa ≡ÉÇÇ    αáÇAaaA ┬í0αáÇαáÇaA┬íA≡ÉÇÇ≡ÉÇÇ≡ÉÇÇ 0≡ÉÇÇ0A0 0±½Ñå`

thread 'prop_no_panic::prop_parse_arbitrary_text_no_panic' (299488) panicked at crates\copybook-lexer\src\lib.rs:522:14:
byte index 7 is not a char boundary; it is inside '≡ÉÇÇ' (bytes 6..10) of `AA≡ÉÇÇ≡ÉÇÇ αáÇ≡ÉÇÇAa ≡ÉÇÇ    αáÇAaaA ┬í0αáÇαáÇaA┬íA≡ÉÇÇ≡ÉÇÇ≡ÉÇÇ 0≡ÉÇÇ0A0 0≡╡││`

thread 'prop_no_panic::prop_parse_arbitrary_text_no_panic' (299488) panicked at crates\copybook-lexer\src\lib.rs:522:14:
byte index 7 is not a char boundary; it is inside '≡ÉÇÇ' (bytes 6..10) of `AA≡ÉÇÇ≡ÉÇÇ αáÇ≡ÉÇÇAa ≡ÉÇÇ    αáÇAaaA ┬í0αáÇαáÇaA┬íA≡ÉÇÇ≡ÉÇÇ≡ÉÇÇ 0≡ÉÇÇ0A0 0≡Ü╗è`

thread 'prop_no_panic::prop_parse_arbitrary_text_no_panic' (299488) panicked at crates\copybook-lexer\src\lib.rs:522:14:
byte index 7 is not a char boundary; it is inside '≡ÉÇÇ' (bytes 6..10) of `AA≡ÉÇÇ≡ÉÇÇ αáÇ≡ÉÇÇAa ≡ÉÇÇ    αáÇAaaA ┬í0αáÇαáÇaA┬íA≡ÉÇÇ≡ÉÇÇ≡ÉÇÇ 0≡ÉÇÇ0A0 0≡öìÇ`

thread 'prop_no_panic::prop_parse_arbitrary_text_no_panic' (299488) panicked at crates\copybook-lexer\src\lib.rs:522:14:
byte index 7 is not a char boundary; it is inside '≡ÉÇÇ' (bytes 6..10) of `AA≡ÉÇÇ≡ÉÇÇ αáÇ≡ÉÇÇAa ≡ÉÇÇ    αáÇAaaA ┬í0αáÇαáÇaA┬íA≡ÉÇÇ≡ÉÇÇ≡ÉÇÇ 0≡ÉÇÇ0A0 0≡É╡╗`

thread 'prop_no_panic::prop_parse_arbitrary_text_no_panic' (299488) panicked at crates\copybook-lexer\src\lib.rs:522:14:
byte index 7 is not a char boundary; it is inside '≡ÉÇÇ' (bytes 6..10) of `AA≡ÉÇÇ≡ÉÇÇ αáÇ≡ÉÇÇAa ≡ÉÇÇ    αáÇAaaA ┬í0αáÇαáÇaA┬íA≡ÉÇÇ≡ÉÇÇ≡ÉÇÇ 0≡ÉÇÇ0A0 0≡ÉÇè`

thread 'prop_no_panic::prop_parse_arbitrary_text_no_panic' (299488) panicked at crates\copybook-lexer\src\lib.rs:522:14:
byte index 7 is not a char boundary; it is inside '≡ÉÇÇ' (bytes 6..10) of `AA≡ÉÇÇ≡ÉÇÇ αáÇ≡ÉÇÇAa ≡ÉÇÇ    αáÇAaaA ┬í0αáÇαáÇaA┬íA≡ÉÇÇ≡ÉÇÇ≡ÉÇÇ 0≡ÉÇÇ0A0 0≡ÉÇä`

thread 'prop_no_panic::prop_parse_arbitrary_text_no_panic' (299488) panicked at crates\copybook-lexer\src\lib.rs:522:14:
byte index 7 is not a char boundary; it is inside '≡ÉÇÇ' (bytes 6..10) of `AA≡ÉÇÇ≡ÉÇÇ αáÇ≡ÉÇÇAa ≡ÉÇÇ    αáÇAaaA ┬í0αáÇαáÇaA┬íA≡ÉÇÇ≡ÉÇÇ≡ÉÇÇ 0≡ÉÇÇ0A0 0≡ÉÇü`

thread 'prop_no_panic::prop_parse_arbitrary_text_no_panic' (299488) panicked at crates\copybook-lexer\src\lib.rs:522:14:
byte index 7 is not a char boundary; it is inside '≡ÉÇÇ' (bytes 6..10) of `AA≡ÉÇÇ≡ÉÇÇ αáÇ≡ÉÇÇAa ≡ÉÇÇ    αáÇAaaA ┬í0αáÇαáÇaA┬íA≡ÉÇÇ≡ÉÇÇ≡ÉÇÇ 0≡ÉÇÇ0A0 0≡ÉÇÇ`

thread 'prop_no_panic::prop_parse_arbitrary_text_no_panic' (299488) panicked at tests\proptest\prop_no_panic.rs:105:1:
Test failed: parse_copybook panicked at tests\proptest\prop_no_panic.rs:116.
minimal failing input: text = "AA≡ÉÇÇ≡ÉÇÇ αáÇ\u{b}≡ÉÇÇAa ≡ÉÇÇ    αáÇAa\u{b}aA ┬í0αáÇαáÇaA┬íA≡ÉÇÇ≡ÉÇÇ≡ÉÇÇ 0≡ÉÇÇ0A0\00≡ÉÇÇ"
	successes: 0
	local rejects: 0
	global rejects: 0



failures:
    prop_no_panic::prop_parse_arbitrary_text_no_panic

test result: FAILED. 198 passed; 1 failed; 2 ignored; 0 measured; 0 filtered out; finished in 0.62s

error: test failed, to rerun pass `-p copybook-proptest --bin proptest`
     Running unittests src\lib.rs (target\debug\deps\copybook_rdw-6e38d3ee29138c7c.exe)

running 61 tests
test tests::ascii_corruption_heuristic_matches_digits_only ... ok
test tests::header_from_payload_len_oversize_fails ... ok
test tests::rdw_header_length_one ... ok
test tests::rdw_header_big_endian_length_parsing ... ok
test tests::header_from_payload_len_roundtrips ... ok
test tests::rdw_payload_len_to_u16_too_large ... ok
test tests::rdw_payload_len_to_u16_max ... ok
test tests::rdw_header_looks_ascii_corrupt_false_for_binary ... ok
test tests::rdw_reader_empty_file_returns_none ... ok
test tests::rdw_header_zero_length_zero_reserved ... ok
test tests::rdw_read_len_consumes_two_bytes ... ok
test tests::rdw_multi_record_write_read_roundtrip ... ok
test tests::rdw_reader_ascii_corruption_is_detected ... ok
test tests::rdw_reader_reads_single_record ... ok
test tests::rdw_reader_single_byte_header_lenient_is_eof ... ok
test tests::rdw_read_len_incomplete_is_error ... ok
test tests::rdw_reader_reads_multiple_records ... ok
test tests::rdw_reader_empty_file_strict_returns_none ... ok
test tests::rdw_reader_reserved_nonzero_is_warning_in_lenient_mode ... ok
test tests::rdw_reader_incomplete_header_lenient_is_eof ... ok
test tests::rdw_reader_reserved_nonzero_is_error_in_strict_mode ... ok
test tests::prop_ascii_corruption_heuristic_matches_manual ... ok
test tests::rdw_reader_incomplete_payload_is_cbkf102 ... ok
test tests::rdw_header_max_payload_len_plus_one_fails ... ok
test tests::rdw_header_reserved_bytes_preserved ... ok
test tests::rdw_payload_len_to_u16_zero ... ok
test tests::rdw_header_looks_ascii_corrupt_true_for_digits ... ok
test tests::rdw_header_max_payload_len ... ok
test tests::rdw_reader_zero_length_record ... ok
test tests::rdw_reader_zero_length_validation_obeys_schema_prefix ... ok
test tests::rdw_reader_single_byte_header_strict_is_underflow ... ok
test tests::rdw_record_clone ... ok
test tests::rdw_record_debug_format ... ok
test tests::rdw_reader_three_byte_header_strict_is_underflow ... ok
test tests::rdw_reader_incomplete_header_strict_is_underflow ... ok
test tests::rdw_record_oversize_try_recompute_is_cbkf102 ... ok
test tests::rdw_reader_max_record_size ... ok
test tests::rdw_record_as_bytes_prepends_header ... ok
test tests::rdw_record_try_recompute_updates_length ... ok
test tests::rdw_record_oversize_try_new_is_cbkf102 ... ok
test tests::rdw_record_try_new_roundtrip ... ok
test tests::rdw_validate_and_finish_identity ... ok
test tests::rdw_record_try_with_reserved_roundtrip ... ok
test tests::rdw_record_oversize_try_with_reserved_is_cbkf102 ... ok
test tests::rdw_reader_three_byte_header_lenient_is_eof ... ok
test tests::rdw_try_peek_len_two_bytes_returns_some ... ok
test tests::rdw_streaming_many_records ... ok
test tests::rdw_peek_len_none_on_short_buffer ... ok
test tests::rdw_writer_flush_succeeds ... ok
test tests::rdw_slice_body_zero_length_returns_empty ... ok
test tests::rdw_writer_multiple_records_count ... ok
test tests::rdw_slice_body_short_is_cbkf102 ... ok
test tests::rdw_writer_payload_too_large_is_cbke501 ... ok
test tests::prop_header_payload_len_roundtrip ... ok
test tests::rdw_writer_writes_record ... ok
test tests::rdw_writer_writes_record_from_payload_with_reserved ... ok
test tests::rdw_record_new_panics_on_oversize_payload - should panic ... ok
test tests::rdw_record_empty_payload ... ok
test tests::prop_rdw_writer_from_payload_encodes_header ... ok
test tests::prop_rdw_record_length_matches_payload ... ok
test tests::prop_rdw_writer_reader_roundtrip ... ok

test result: ok. 61 passed; 0 failed; 0 ignored; 0 measured; 0 filtered out; finished in 0.05s

     Running tests\api_lock.rs (target\debug\deps\api_lock-fbe3bab7678af140.exe)

running 4 tests
test facade_exposes_rdw_reader_surface ... ok
test facade_exposes_rdw_record_surface ... ok
test facade_exposes_length_conversion_function ... ok
test facade_exposes_rdw_writer_surface ... ok

test result: ok. 4 passed; 0 failed; 0 ignored; 0 measured; 0 filtered out; finished in 0.01s

     Running tests\rdw_comprehensive.rs (target\debug\deps\rdw_comprehensive-340aaaff7c537951.exe)

running 62 tests
test binary_payload_preserved_through_roundtrip ... ok
test empty_input_lenient_returns_none ... ok
test header_from_bytes_max_length ... ok
test ascii_corruption_detected_when_length_bytes_are_digits ... ok
test header_from_bytes_small_length ... ok
test header_from_payload_len_exceeds_max_returns_error ... ok
test header_from_payload_len_zero ... ok
test invalid_rdw_incomplete_header_2_bytes_lenient ... ok
test header_looks_ascii_corrupt_false_for_binary ... ok
test payload_len_to_u16_exceeds_max ... ok
test invalid_rdw_incomplete_header_1_byte_lenient ... ok
test invalid_rdw_incomplete_header_1_byte_strict ... ok
test header_from_payload_len_roundtrip ... ok
test empty_input_repeated_reads_all_none ... ok
test invalid_rdw_length_exceeds_data ... ok
test empty_input_strict_returns_none ... ok
test header_from_payload_len_max ... ok
test header_from_bytes_zero_length_zero_reserved ... ok
test invalid_rdw_max_length_no_payload ... ok
test invalid_rdw_incomplete_header_2_bytes_strict ... ok
test invalid_rdw_partial_payload_after_valid_record ... ok
test header_looks_ascii_corrupt_false_one_digit_one_binary ... ok
test header_looks_ascii_corrupt_with_digits ... ok
test minimum_rdw_record_zero_payload ... ok
test payload_len_to_u16_max ... ok
test max_payload_size_u16_max ... ok
test output_size_matches_header_plus_payload ... ok
test header_from_bytes_big_endian_256 ... ok
test invalid_rdw_incomplete_header_3_bytes_lenient ... ok
test invalid_rdw_incomplete_header_3_bytes_strict ... ok
test payload_len_to_u16_one ... ok
test large_record_32kb_roundtrip ... ok
test header_from_bytes_big_endian_4096 ... ok
test multiple_zero_length_records ... ok
test payload_len_to_u16_zero ... ok
test rdw_header_len_constant ... ok
test rdw_record_try_with_reserved_preserves ... ok
test rdw_record_as_bytes_prepends_header ... ok
test rdw_record_empty_payload ... ok
test rdw_record_try_recompute_length_updates_after_mutation ... ok
test reserved_bytes_nonzero_strict_errors ... ok
test repeated_reads_after_eof_always_return_none ... ok
test rdw_max_payload_len_constant ... ok
test rdw_record_try_new_sets_zero_reserved ... ok
test reserved_bytes_nonzero_lenient_preserves ... ok
test roundtrip_multiple_records ... ok
test rdw_record_try_new_oversized_returns_error ... ok
test reserved_bytes_zero_in_lenient_mode ... ok
test reserved_bytes_roundtrip_via_writer ... ok
test roundtrip_preserves_all_byte_values ... ok
test roundtrip_500_records_with_varying_sizes ... ok
test variable_length_records_with_sizes_1_10_100_1000 ... ok
test writer_empty_payload_writes_header_only ... ok
test roundtrip_single_record ... ok
test variable_length_records_in_sequence ... ok
test writer_empty_output_after_flush_no_records ... ok
test writer_from_payload_with_reserved ... ok
test writer_rejects_payload_exceeding_u16_max ... ok
test writer_writes_single_record ... ok
test zero_and_nonzero_records_interleaved ... ok
test writer_from_payload_writes_correct_header ... ok
test writer_record_count_increments_correctly ... ok

test result: ok. 62 passed; 0 failed; 0 ignored; 0 measured; 0 filtered out; finished in 0.01s

     Running tests\rdw_edge_cases.rs (target\debug\deps\rdw_edge_cases-baa772a0843ad11e.exe)

running 31 tests
test multiple_consecutive_rdw_records ... ok
test multiple_records_with_varying_sizes ... ok
test large_rdw_record_32kb_payload ... ok
test rdw_header_from_payload_len_encodes_big_endian ... ok
test rdw_if_interpreted_as_little_endian_would_give_wrong_length ... ok
test rdw_empty_input_returns_none ... ok
test rdw_length_exceeds_available_data_returns_error ... ok
test rdw_partial_payload_after_valid_record_returns_error ... ok
test large_rdw_record_u16_max_payload ... ok
test rdw_two_byte_header_lenient_returns_none ... ok
test rdw_max_length_with_no_payload_data_returns_error ... ok
test valid_rdw_header_extracts_correct_payload ... ok
test write_empty_record_list_produces_empty_output ... ok
test rdw_reserved_nonzero_lenient_succeeds ... ok
test rdw_one_byte_header_lenient_returns_none ... ok
test rdw_three_byte_header_lenient_returns_none ... ok
test rdw_reserved_0x0001_lenient_preserves_value ... ok
test rdw_three_byte_header_strict_returns_underflow ... ok
test rdw_reserved_nonzero_strict_returns_error ... ok
test rdw_length_exceeds_remaining_data_returns_error_not_panic ... ok
test rdw_two_byte_header_strict_returns_underflow ... ok
test rdw_zero_length_yields_empty_payload ... ok
test rdw_payload_exceeding_u16_max_rejected_by_writer ... ok
test write_empty_record_list_then_read_returns_none ... ok
test rdw_reader_interprets_length_as_big_endian ... ok
test rdw_big_endian_length_interpretation ... ok
test write_read_roundtrip_identity ... ok
test write_read_roundtrip_preserves_reserved_bytes ... ok
test valid_rdw_header_big_endian_256_byte_payload ... ok
test rdw_one_byte_header_strict_returns_underflow ... ok
test write_read_roundtrip_1000_records ... ok

test result: ok. 31 passed; 0 failed; 0 ignored; 0 measured; 0 filtered out; finished in 0.00s

     Running unittests src\lib.rs (target\debug\deps\copybook_rdw_predicates-37223adf51f57570.exe)

running 15 tests
test tests::slice_uses_same_rule_as_array ... ok
test tests::all_ascii_digit_pairs_suspect ... ok
test tests::all_zeros_not_suspect ... ok
test tests::second_byte_non_digit_not_suspect ... ok
test tests::short_headers_are_not_suspect ... ok
test tests::ascii_digit_bytes_are_suspect ... ok
test tests::slice_3_bytes_not_suspect ... ok
test tests::slice_empty_not_suspect ... ok
test tests::all_0xff_not_suspect ... ok
test tests::rdw_header_len_is_four ... ok
test tests::reserved_bytes_do_not_affect_detection ... ok
test tests::first_byte_non_digit_not_suspect ... ok
test tests::non_ascii_digit_length_bytes_are_not_suspect ... ok
test tests::slice_exactly_4_bytes ... ok
test tests::slice_longer_than_4_uses_first_4 ... ok

test result: ok. 15 passed; 0 failed; 0 ignored; 0 measured; 0 filtered out; finished in 0.02s

     Running tests\api_lock.rs (target\debug\deps\api_lock-5fc50fcb890e9635.exe)

running 3 tests
test slices_with_incomplete_headers_are_false ... ok
test exposes_ascii_corruption_heuristic_function ... ok
test rdw_heuristic_is_shared_and_stable ... ok

test result: ok. 3 passed; 0 failed; 0 ignored; 0 measured; 0 filtered out; finished in 0.00s

     Running tests\comprehensive_predicate_tests.rs (target\debug\deps\comprehensive_predicate_tests-243fb5c308901e5c.exe)

running 18 tests
test both_ascii_digits_are_suspect ... ok
test boundary_exactly_ascii_nine ... ok
test boundary_just_below_ascii_zero ... ok
test boundary_just_above_ascii_nine ... ok
test header_len_is_four ... ok
test exhaustive_all_digit_pairs_suspect ... ok
test reserved_bytes_do_not_influence_detection ... ok
test first_byte_non_digit_not_suspect ... ok
test clean_binary_headers_not_suspect ... ok
test second_byte_non_digit_not_suspect ... ok
test boundary_exactly_ascii_zero ... ok
test slice_1_byte_not_suspect ... ok
test slice_3_bytes_not_suspect ... ok
test slice_2_bytes_not_suspect ... ok
test slice_agrees_with_array_variant ... ok
test slice_longer_than_4_uses_first_4 ... ok
test slice_empty_not_suspect ... ok
test slice_exactly_4_bytes_uses_array_logic ... ok

test result: ok. 18 passed; 0 failed; 0 ignored; 0 measured; 0 filtered out; finished in 0.00s

     Running unittests src\lib.rs (target\debug\deps\copybook_record_io-0ae674e6b33499af.exe)

running 8 tests
test tests::read_fixed_record_delegates_to_fixed_microcrate ... ok
test tests::read_rdw_record_returns_payload_only ... ok
test tests::write_rdw_record_emits_header_and_payload ... ok
test tests::write_rdw_record_rejects_oversized_payload ... ok
test tests::read_record_fixed_requires_lrecl ... ok
test tests::write_fixed_record_passthrough ... ok
test tests::prop_fixed_roundtrip_when_lrecl_equals_payload_len ... ok
test tests::prop_rdw_roundtrip_preserves_payload ... ok

test result: ok. 8 passed; 0 failed; 0 ignored; 0 measured; 0 filtered out; finished in 0.04s

     Running tests\api_lock.rs (target\debug\deps\api_lock-3442edf83a56c8d2.exe)

running 3 tests
test facade_exposes_fixed_record_surface ... ok
test facade_exposes_dispatch_functions ... ok
test facade_exposes_rdw_record_surface ... ok

test result: ok. 3 passed; 0 failed; 0 ignored; 0 measured; 0 filtered out; finished in 0.00s

     Running tests\comprehensive_dispatch_tests.rs (target\debug\deps\comprehensive_dispatch_tests-fdb1751c15c3c6b3.exe)

running 24 tests
test fixed_missing_lrecl_returns_invalid_state_error ... ok
test fixed_large_lrecl_exact ... ok
test fixed_reads_multiple_consecutive_records ... ok
test fixed_preserves_binary_content ... ok
test fixed_truncated_input_returns_error ... ok
test rdw_empty_stream_returns_none ... ok
test fixed_single_byte_lrecl ... ok
test rdw_ignores_lrecl_hint ... ok
test record_format_fixed_properties ... ok
test read_rdw_io_error_propagates ... ok
test record_format_rdw_properties ... ok
test read_fixed_io_error_propagates ... ok
test roundtrip_fixed_various_sizes ... ok
test write_rdw_io_error_propagates ... ok
test write_rdw_produces_header_plus_payload ... ok
test roundtrip_mixed_formats_do_not_cross ... ok
test rdw_reads_multiple_variable_length_records ... ok
test rdw_reads_zero_length_payload ... ok
test roundtrip_rdw_various_sizes ... ok
test rdw_truncated_header_returns_none_in_lenient_mode ... ok
test write_fixed_io_error_propagates ... ok
test write_fixed_produces_exact_bytes ... ok
test rdw_preserves_binary_content ... ok
test write_rdw_rejects_oversized_payload ... ok

test result: ok. 24 passed; 0 failed; 0 ignored; 0 measured; 0 filtered out; finished in 0.00s

     Running tests\dispatch_tests.rs (target\debug\deps\dispatch_tests-9f8969cc06b08771.exe)

running 20 tests
test dispatch_fixed_reads_exact_lrecl_bytes ... ok
test dispatch_rdw_multiple_records_via_reexported_reader ... ok
test dispatch_rdw_reads_single_variable_length_record ... ok
test dispatch_write_fixed_then_read_fixed_roundtrip ... ok
test read_fixed_propagates_io_error ... ok
test read_rdw_empty_input_returns_none ... ok
test read_rdw_ignores_lrecl_parameter ... ok
test record_format_fixed_config_accessors ... ok
test reexport_fixed_reader_writer_roundtrip ... ok
test read_fixed_truncated_record_returns_error ... ok
test read_fixed_empty_input_returns_none ... ok
test reexport_rdw_record_is_constructible ... ok
test write_fixed_empty_payload ... ok
test write_rdw_empty_payload ... ok
test record_format_rdw_config_accessors ... ok
test reexport_rdw_reader_writer_roundtrip ... ok
test write_fixed_propagates_io_error ... ok
test write_rdw_propagates_io_error ... ok
test read_rdw_propagates_io_error_on_header ... ok
test dispatch_write_rdw_then_read_rdw_roundtrip ... ok

test result: ok. 20 passed; 0 failed; 0 ignored; 0 measured; 0 filtered out; finished in 0.00s

     Running tests\record_io_dispatch_tests.rs (target\debug\deps\record_io_dispatch_tests-dfc7292ba8f0306a.exe)

running 30 tests
test dispatch_fixed_requires_lrecl_propagates_error ... ok
test error_io_propagates_on_fixed_read ... ok
test dispatch_rdw_ignores_lrecl_configuration ... ok
test dispatch_selects_rdw_format_correctly ... ok
test error_fixed_record_shorter_than_lrecl ... ok
test dispatch_selects_fixed_format_correctly ... ok
test error_io_propagates_on_fixed_write ... ok
test error_io_propagates_on_rdw_write ... ok
test error_io_propagates_on_rdw_read ... ok
test error_rdw_header_length_exceeds_available_data ... ok
test error_rdw_oversized_payload_rejected ... ok
test error_rdw_truncated_header_strict_mode_errors ... ok
test rdw_multiple_variable_length_records_via_reader ... ok
test reexported_fixed_reader_matches_dispatch ... ok
test rdw_valid_header_single_record ... ok
test fixed_preserves_all_byte_values ... ok
test rdw_large_payload_roundtrip ... ok
test fixed_reads_exact_lrecl_single_record ... ok
test fixed_single_byte_record ... ok
test fixed_write_empty_payload_produces_nothing ... ok
test rdw_boundary_single_byte_payload ... ok
test fixed_empty_input_returns_none ... ok
test rdw_minimum_size_header_only_empty_payload ... ok
test rdw_preserves_all_byte_values ... ok
test fixed_partial_final_record_returns_error ... ok
test reexported_rdw_reader_matches_dispatch ... ok
test error_rdw_corrupted_header_truncated ... ok
test rdw_empty_stream_returns_none ... ok
test rdw_write_empty_payload_produces_header_only ... ok
test fixed_reads_multiple_records_in_sequence ... ok

test result: ok. 30 passed; 0 failed; 0 ignored; 0 measured; 0 filtered out; finished in 0.00s

     Running unittests src\lib.rs (target\debug\deps\copybook_safe_index-afecfab4fa729f39.exe)

running 16 tests
test tests::safe_divide_by_zero_is_error ... ok
test tests::safe_slice_get_exactly_out_of_bounds ... ok
test tests::safe_divide_integer_truncation ... ok
test tests::safe_divide_large_values ... ok
test tests::safe_divide_ok ... ok
test tests::safe_divide_same_values ... ok
test tests::safe_divide_zero_numerator ... ok
test tests::safe_slice_get_empty_slice ... ok
test tests::safe_divide_error_message_contains_context ... ok
test tests::safe_slice_get_first_element ... ok
test tests::safe_slice_get_last_element ... ok
test tests::safe_slice_get_ok ... ok
test tests::safe_slice_get_out_of_range_is_error ... ok
test tests::safe_slice_get_with_i32_type ... ok
test tests::safe_divide_round_trip ... ok
test tests::safe_slice_get_round_trip ... ok

test result: ok. 16 passed; 0 failed; 0 ignored; 0 measured; 0 filtered out; finished in 0.01s

     Running tests\comprehensive.rs (target\debug\deps\comprehensive-6be3c19ac0e1de72.exe)

running 18 tests
test divide_by_zero_returns_syntax_error ... ok
test divide_exact ... ok
test divide_max_by_max ... ok
test slice_get_first ... ok
test slice_get_never_panics_on_empty ... ok
test divide_one_by_max ... ok
test divide_with_remainder_truncates ... ok
test divide_zero_numerator ... ok
test slice_get_bool_type ... ok
test slice_get_empty_returns_error ... ok
test slice_get_error_message_contains_index_and_length ... ok
test slice_get_exactly_at_length_is_error ... ok
test divide_max_by_one ... ok
test slice_get_never_panics_on_max_index ... ok
test divide_never_panics_on_zero ... ok
test slice_get_single_element ... ok
test slice_get_way_past_end ... ok
test slice_get_last ... ok

test result: ok. 18 passed; 0 failed; 0 ignored; 0 measured; 0 filtered out; finished in 0.00s

     Running tests\contract.rs (target\debug\deps\contract-0a430873b507801a.exe)

running 2 tests
test safe_slice_get_contract ... ok
test safe_divide_contract ... ok

test result: ok. 2 passed; 0 failed; 0 ignored; 0 measured; 0 filtered out; finished in 0.00s

     Running unittests src\lib.rs (target\debug\deps\copybook_safe_ops-ae82eee90d4ac145.exe)

running 12 tests
test tests::safe_array_bound_behavior ... ok
test tests::safe_parse_isize ... ok
test tests::safe_divide_returns_quotient_or_syntax_error ... ok
test tests::safe_parse_u16_valid_and_invalid ... ok
test tests::safe_parse_usize ... ok
test tests::safe_parse_usize_invalid ... ok
test tests::safe_string_char_at_behavior ... ok
test tests::safe_u64_to_u32_round_trip ... ok
test tests::safe_array_bound_matches_reference ... ok
test tests::safe_u64_to_u16_round_trip ... ok
test tests::safe_parse_usize_round_trip ... ok
test tests::safe_slice_get_round_trip ... ok

test result: ok. 12 passed; 0 failed; 0 ignored; 0 measured; 0 filtered out; finished in 0.00s

     Running tests\comprehensive.rs (target\debug\deps\comprehensive-bb8b2e842b83fe91.exe)

running 23 tests
test array_bound_all_zeros ... ok
test array_bound_overflow_add_base ... ok
test array_bound_never_panics_on_overflow ... ok
test array_bound_overflow_count_times_item ... ok
test array_bound_zero_base_returns_product ... ok
test u64_to_u16_never_panics_on_max ... ok
test reexport_parse_isize ... ok
test u64_to_u32_never_panics_on_max ... ok
test usize_to_u32_zero ... ok
test reexport_safe_divide ... ok
test reexport_safe_parse_u16 ... ok
test reexport_safe_slice_get ... ok
test reexport_safe_string_char_at ... ok
test reexport_safe_write_and_write_str ... ok
test array_bound_zero_count_returns_base ... ok
test u64_to_u16_overflow ... ok
test u64_to_u32_overflow ... ok
test u64_to_u16_zero ... ok
test reexport_parse_usize ... ok
test u64_to_u32_zero ... ok
test u64_to_u16_max_valid ... ok
test u64_to_u32_max_valid ... ok
test usize_to_u32_max_valid ... ok

test result: ok. 23 passed; 0 failed; 0 ignored; 0 measured; 0 filtered out; finished in 0.00s

     Running unittests src\lib.rs (target\debug\deps\copybook_safe_text-4da8875e5c543c90.exe)

running 25 tests
test tests::parse_isize_empty_err ... ok
test tests::parse_usize_negative_err ... ok
test tests::parse_isize_positive ... ok
test tests::safe_parse_u16_zero ... ok
test tests::safe_string_char_at_err ... ok
test tests::parse_isize_ok ... ok
test tests::parse_usize_ok ... ok
test tests::test_safe_write_basic ... ok
test tests::parse_usize_zero ... ok
test tests::test_safe_write_str_unicode ... ok
test tests::safe_parse_u16_negative_err ... ok
test tests::safe_parse_u16_ok_and_err ... ok
test tests::parse_isize_zero ... ok
test tests::safe_string_char_at_empty_string ... ok
test tests::parse_usize_err ... ok
test tests::safe_string_char_at_first_char ... ok
test tests::safe_string_char_at_ok ... ok
test tests::test_safe_write_append ... ok
test tests::test_safe_write_empty_format ... ok
test tests::parse_usize_whitespace_err ... ok
test tests::test_safe_write_str_append ... ok
test tests::test_safe_write_str_basic ... ok
test tests::test_safe_write_str_empty ... ok
test tests::safe_parse_u16_max ... ok
test tests::safe_string_char_at_unicode ... ok

test result: ok. 25 passed; 0 failed; 0 ignored; 0 measured; 0 filtered out; finished in 0.00s

     Running tests\comprehensive.rs (target\debug\deps\comprehensive-b565805dad5d3c4b.exe)

running 26 tests
test char_at_ascii ... ok
test char_at_emoji ... ok
test char_at_past_end_is_error ... ok
test char_at_multibyte_utf8 ... ok
test parse_u16_boundaries ... ok
test parse_usize_empty_is_error ... ok
test parse_usize_never_panics ... ok
test parse_usize_whitespace_is_error ... ok
test parse_isize_positive_and_negative ... ok
test write_formats_correctly ... ok
test parse_u16_overflow_is_error ... ok
test write_str_multiple_appends ... ok
test parse_usize_negative_is_error ... ok
test parse_isize_empty_is_error ... ok
test parse_usize_non_numeric_is_error ... ok
test parse_usize_valid ... ok
test write_appends_to_existing ... ok
test parse_isize_float_is_error ... ok
test parse_u16_negative_is_error ... ok
test char_at_never_panics_on_max_index ... ok
test write_str_unicode ... ok
test char_at_empty_string_is_error ... ok
test write_empty_format ... ok
test write_str_basic ... ok
test write_str_empty ... ok
test char_at_never_panics_on_empty ... ok

test result: ok. 26 passed; 0 failed; 0 ignored; 0 measured; 0 filtered out; finished in 0.00s

     Running tests\contract.rs (target\debug\deps\contract-46828ad118c684c3.exe)

running 1 test
test safe_ops_and_safe_text_contract ... ok

test result: ok. 1 passed; 0 failed; 0 ignored; 0 measured; 0 filtered out; finished in 0.00s

     Running unittests src\lib.rs (target\debug\deps\copybook_sequence_ring-8a8243d8694b455b.exe)

running 30 tests
test tests::capacity_power_of_two_boundary_2 ... ok
test tests::capacity_power_of_two_boundary_4 ... ok
test tests::sender_respects_channel_capacity ... ok
test tests::interleaved_try_recv_and_send ... ok
test tests::multiple_senders_work ... ok
test tests::large_window_reorder ... ok
test tests::stats_reflect_progress ... ok
test tests::channel_close_drains_buffered_records ... ok
test tests::sequence_ids_larger_than_capacity ... ok
test tests::sequenced_record_creation ... ok
test tests::sequenced_record_debug_format ... ok
test tests::try_recv_empty_reports_empty ... ok
test tests::recv_ordered_returns_none_on_channel_close ... ok
test tests::stats_after_partial_drain ... ok
test tests::single_element_send_recv ... ok
test tests::recv_ordered_already_in_order ... ok
test tests::stats_initial_state ... ok
test tests::sequence_ring_stats_clone_and_debug ... ok
test tests::stats_shows_buffered_count ... ok
test tests::try_recv_buffers_future_record ... ok
test tests::sequenced_record_clone ... ok
test tests::try_recv_disconnected_after_drain ... ok
test tests::large_gap_reordering ... ok
test tests::recv_ordered_reverse_order ... ok
test tests::empty_ring_try_recv_is_empty ... ok
test tests::concurrent_senders_from_threads ... ok
test tests::sequenced_record_with_complex_data ... ok
test tests::try_recv_returns_in_order_record ... ok
test tests::try_recv_ignores_past_record ... ok
test tests::recv_ordered_emits_input_order ... ok

test result: ok. 30 passed; 0 failed; 0 ignored; 0 measured; 0 filtered out; finished in 0.00s

     Running tests\ordering_invariants.rs (target\debug\deps\ordering_invariants-958bc22afbc1afa3.exe)

running 13 tests
test capacity_boundary_exact_fill_and_refill ... ok
test capacity_one_must_drain_before_next_send ... ok
test capacity_one_serial_behavior ... ok
test large_gap_eventually_resolves ... ok
test elements_emitted_exactly_once_no_duplicates_no_loss ... ok
test out_of_order_insert_emits_in_order ... ok
test stats_consistent_after_reorder_drain ... ok
test gap_blocks_until_filled ... ok
test fully_reversed_input_emits_in_order ... ok
test concurrent_producers_interleaved ... ok
test wrap_around_at_capacity_boundary ... ok
test concurrent_exactly_once_guarantee ... ok
test concurrent_producers_single_consumer_in_sequence ... ok

test result: ok. 13 passed; 0 failed; 0 ignored; 0 measured; 0 filtered out; finished in 0.00s

     Running tests\ring_deep_tests.rs (target\debug\deps\ring_deep_tests-5b96ffef42446816.exe)

running 26 tests
test capacity_exhaustion_recovers_after_drain ... ok
test empty_ring_after_full_drain_returns_empty ... ok
test high_sequence_ids_work ... ok
test empty_ring_try_recv_returns_empty ... ok
test duplicate_sequence_ids_ignored ... ok
test single_item_capacity_1 ... ok
test channel_close_flushes_reorder_buffer ... ok
test repeated_fill_drain_cycles_small_capacity ... ok
test capacity_exhaustion_try_send_fails ... ok
test multiple_past_records_skipped ... ok
test single_item_large_capacity ... ok
test stress_rapid_submit_drain_cycles ... ok
test exactly_once_500_items_permuted ... ok
test pairwise_swap_ordering ... ok
test string_data_integrity_preserved ... ok
test stats_reorder_buffer_tracks_buffered_items ... ok
test output_strictly_monotonic_under_random_insertion ... ok
test single_producer_sequential_100_items ... ok
test large_batch_10000_in_order ... ok
test wrap_around_producer_consumer_interleaved ... ok
test mixed_try_recv_and_recv_ordered ... ok
test eight_producers_contiguous_ranges ... ok
test vec_payload_integrity_concurrent ... ok
test sixteen_threads_barrier_start ... ok
test stress_concurrent_produce_consume_10000 ... ok
test large_batch_10000_reverse_chunks ... ok

test result: ok. 26 passed; 0 failed; 0 ignored; 0 measured; 0 filtered out; finished in 0.01s

     Running unittests src\lib.rs (target\debug\deps\copybook_support_matrix-6cb36b95c1a0f3d5.exe)

running 18 tests
test tests::test_all_features_have_doc_ref ... ok
test tests::test_all_features_have_nonempty_name_and_description ... ok
test tests::test_all_features_nonempty ... ok
test tests::test_feature_id_serde_all_variants ... ok
test tests::test_find_feature_all_kebab_strings ... ok
test tests::test_find_feature_by_id ... ok
test tests::test_feature_id_serde_roundtrip ... ok
test tests::test_find_feature_by_id_all_variants ... ok
test tests::test_find_feature_level88 ... ok
test tests::test_feature_support_json_serialization ... ok
test tests::test_all_features_returns_seven_entries ... ok
test tests::test_feature_id_deserialize_roundtrip ... ok
test tests::test_find_feature_unknown ... ok
test tests::test_find_feature_empty_string_returns_none ... ok
test tests::test_partial_status_for_known_features ... ok
test tests::test_support_status_serialization ... ok
test tests::test_no_duplicate_feature_ids ... ok
test tests::test_supported_status_for_known_features ... ok

test result: ok. 18 passed; 0 failed; 0 ignored; 0 measured; 0 filtered out; finished in 0.00s

     Running tests\support_matrix_tests.rs (target\debug\deps\support_matrix_tests-b693589b500f5db2.exe)

running 15 tests
test all_entries_have_nonempty_name_and_description ... ok
test feature_support_clone_preserves_identity ... ok
test find_feature_returns_none_for_unknown ... ok
test feature_support_json_has_expected_shape ... ok
test registry_contains_exactly_seven_entries ... ok
test feature_id_json_roundtrip ... ok
test all_entries_have_doc_ref ... ok
test find_feature_by_id_returns_matching_metadata ... ok
test find_feature_returns_correct_entry_for_all_kebab_ids ... ok
test no_duplicate_ids_in_registry ... ok
test every_feature_id_variant_is_registered ... ok
test support_status_serializes_to_kebab_case ... ok
test partial_features_are_correctly_classified ... ok
test supported_features_are_correctly_classified ... ok
test feature_id_serde_plain_roundtrip_all_variants ... ok

test result: ok. 15 passed; 0 failed; 0 ignored; 0 measured; 0 filtered out; finished in 0.00s

     Running unittests src\lib.rs (target\debug\deps\copybook_utils-31a4d971c1a5ce32.exe)

running 6 tests
test tests::test_option_ext_none ... ok
test tests::test_vec_ext_pop_empty ... ok
test tests::test_option_ext_some ... ok
test tests::test_safe_parse ... ok
test tests::test_vec_ext_pop ... ok
test tests::test_safe_divide ... ok

test result: ok. 6 passed; 0 failed; 0 ignored; 0 measured; 0 filtered out; finished in 0.00s

     Running tests\comprehensive.rs (target\debug\deps\comprehensive-fbbc42ba1e421745.exe)

running 23 tests
test option_ext_never_panics_on_none ... ok
test option_ext_some_returns_value ... ok
test option_ext_ok_or_error_some ... ok
test option_ext_ok_or_error_none ... ok
test option_ext_none_returns_error_with_code ... ok
test vec_pop_never_panics_on_empty ... ok
test safe_ops_reexport_parse_usize ... ok
test slice_get_empty_slice ... ok
test slice_get_max_index_is_error ... ok
test slice_get_mut_modifies_in_place ... ok
test slice_get_mut_out_of_bounds ... ok
test slice_get_never_panics_on_oob ... ok
test slice_get_out_of_bounds ... ok
test option_ext_with_string_type ... ok
test vec_last_mut_modifies_in_place ... ok
test vec_last_empty_returns_error ... ok
test vec_last_returns_ref ... ok
test vec_pop_empty_returns_error ... ok
test safe_ops_reexport_divide ... ok
test vec_pop_returns_last ... ok
test vec_pop_single_element ... ok
test slice_get_valid_index ... ok
test vec_last_mut_empty_returns_error ... ok

test result: ok. 23 passed; 0 failed; 0 ignored; 0 measured; 0 filtered out; finished in 0.00s

     Running tests\safe_ops_contract.rs (target\debug\deps\safe_ops_contract-f8acb5a670231ea0.exe)

running 2 tests
test safe_ops_reexport_contract ... ok
test safe_ops_error_shape_is_stable ... ok

test result: ok. 2 passed; 0 failed; 0 ignored; 0 measured; 0 filtered out; finished in 0.00s

     Running unittests src\lib.rs (target\debug\deps\copybook_zoned_format-0cc3a072c63775c8.exe)

running 12 tests
test tests::detect_from_byte_known_bytes ... ok
test tests::test_detect_from_byte_all_ebcdic_digits ... ok
test tests::test_detect_from_byte_invalid_zones ... ok
test tests::display_and_predicates ... ok
test tests::test_display_all_variants ... ok
test tests::test_is_auto ... ok
test tests::test_clone_and_eq ... ok
test tests::test_default_is_auto ... ok
test tests::test_serde_roundtrip ... ok
test tests::test_is_ebcdic ... ok
test tests::test_detect_from_byte_all_ascii_digits ... ok
test tests::test_description_all_variants ... ok

test result: ok. 12 passed; 0 failed; 0 ignored; 0 measured; 0 filtered out; finished in 0.01s

     Running tests\comprehensive.rs (target\debug\deps\comprehensive-154cdcaf78a970d7.exe)

running 19 tests
test clone_and_copy_semantics ... ok
test all_invalid_zone_nibbles ... ok
test default_is_auto ... ok
test description_all_variants_nonempty ... ok
test detect_boundary_0xef_and_0xf0 ... ok
test detect_boundary_0x2f_and_0x40 ... ok
test serde_roundtrip_all_variants ... ok
test detect_ebcdic_sign_zones_c_and_d ... ok
test equality_across_all_variants ... ok
test predicates_are_mutually_exclusive ... ok
test serde_deserialize_from_known_strings ... ok
test zone_nibble_extraction_for_all_256_bytes ... ok
test detect_ebcdic_non_digit_0xfa_to_0xff ... ok
test detect_ebcdic_digit_range_0xf0_to_0xf9 ... ok
test detect_max_byte ... ok
test display_format_all_variants ... ok
test detect_ascii_non_digit_0x3a_to_0x3f ... ok
test detect_zero_byte ... ok
test detect_ascii_digit_range_0x30_to_0x39 ... ok

test result: ok. 19 passed; 0 failed; 0 ignored; 0 measured; 0 filtered out; finished in 0.21s

     Running tests\prop_contract.rs (target\debug\deps\prop_contract-70a49fba54433300.exe)

running 1 test
test detect_from_byte_matches_zone_nibble ... ok

test result: ok. 1 passed; 0 failed; 0 ignored; 0 measured; 0 filtered out; finished in 0.03s

     Running unittests src\lib.rs (target\debug\deps\xtask-8981f6d4796488ab.exe)

running 15 tests
test perf::tests::test_evaluate_slo_clearly_good ... ok
test perf::tests::test_evaluate_slo_exactly_on_floor ... ok
test perf::tests::test_evaluate_slo_both_under ... ok
test perf::tests::test_delta_percentage_calculation ... ok
test perf::tests::test_format_slo_summary_pass ... ok
test perf::tests::test_parse_flat_receipt ... ok
test perf::tests::test_parse_nested_receipt ... ok
test perf::tests::test_parse_negative_throughput ... ok
test perf::tests::test_parse_missing_comp3 ... ok
test perf::tests::test_parse_throughput ... ok
test perf::tests::test_format_slo_summary_fail ... ok
test perf::tests::test_parse_malformed_json ... ok
test perf::tests::test_evaluate_slo_comp3_just_under ... ok
test perf::tests::test_evaluate_slo_display_just_under ... ok
test perf::tests::test_parse_missing_display ... ok

test result: ok. 15 passed; 0 failed; 0 ignored; 0 measured; 0 filtered out; finished in 0.01s

     Running unittests src\main.rs (target\debug\deps\xtask-f976cccabae582c9.exe)

running 0 tests

test result: ok. 0 passed; 0 failed; 0 ignored; 0 measured; 0 filtered out; finished in 0.00s

     Running tests\perf_integration.rs (target\debug\deps\perf_integration-e3e9f82f6ec8f7e9.exe)

running 5 tests
test test_summarize_missing_perf_json ... ok
test test_summarize_nested_summary_structure ... ok
test test_summarize_with_synthetic_perf_json ... ok
test test_summarize_with_failing_slo ... ok
test test_summarize_malformed_json ... ok

test result: ok. 5 passed; 0 failed; 0 ignored; 0 measured; 0 filtered out; finished in 0.15s

   Doc-tests copybook_arrow

running 0 tests

test result: ok. 0 passed; 0 failed; 0 ignored; 0 measured; 0 filtered out; finished in 0.00s

   Doc-tests copybook_bench

running 0 tests

test result: ok. 0 passed; 0 failed; 0 ignored; 0 measured; 0 filtered out; finished in 0.00s

   Doc-tests copybook_charset

running 0 tests

test result: ok. 0 passed; 0 failed; 0 ignored; 0 measured; 0 filtered out; finished in 0.00s

   Doc-tests copybook_cli_determinism

running 0 tests

test result: ok. 0 passed; 0 failed; 0 ignored; 0 measured; 0 filtered out; finished in 0.00s

   Doc-tests copybook_codec

running 55 tests
test crates\copybook-codec\src\iterator.rs - iterator::RecordIterator (line 230) - compile ... ok
test crates\copybook-codec\src\iterator.rs - iterator::iter_records_from_file (line 539) - compile ... ok
test crates\copybook-codec\src\numeric.rs - numeric::decode_packed_decimal (line 1769) - compile ... ok
test crates\copybook-codec\src\numeric.rs - numeric::decode_packed_decimal (line 1781) - compile ... ok
test crates\copybook-codec\src\numeric.rs - numeric (line 86) - compile ... ok
test crates\copybook-codec\src\numeric.rs - numeric (line 99) - compile ... ok
test crates\copybook-codec\src\iterator.rs - iterator::iter_records_from_file (line 508) - compile ... ok
test crates\copybook-codec\src\iterator.rs - iterator::iter_records (line 626) - compile ... ok
test crates\copybook-codec\src\numeric.rs - numeric::decode_binary_int (line 2185) - compile ... ok
test crates\copybook-codec\src\numeric.rs - numeric::decode_zoned_decimal_with_encoding (line 1514) - compile ... ok
test crates\copybook-codec\src\numeric.rs - numeric::decode_binary_int (line 2197) - compile ... ok
test crates\copybook-codec\src\numeric.rs - numeric::decode_binary_int (line 2221) - compile ... ok
test crates\copybook-codec\src\numeric.rs - numeric::decode_zoned_decimal_with_encoding (line 1529) - compile ... ok
test crates\copybook-codec\src\numeric.rs - numeric::decode_zoned_decimal (line 943) - compile ... ok
test crates\copybook-codec\src\numeric.rs - numeric::decode_packed_decimal (line 1805) - compile ... ok
test crates\copybook-codec\src\numeric.rs - numeric::decode_zoned_decimal (line 956) - compile ... ok
test crates\copybook-codec\src\numeric.rs - numeric::decode_zoned_decimal (line 969) - compile ... ok
test crates\copybook-codec\src\numeric.rs - numeric::decode_zoned_decimal (line 982) - compile ... ok
test crates\copybook-codec\src\numeric.rs - numeric::decode_zoned_decimal (line 995) - compile ... ok
test crates\copybook-codec\src\numeric.rs - numeric::decode_packed_decimal (line 1817) - compile ... ok
test crates\copybook-codec\src\numeric.rs - numeric::decode_zoned_decimal_sign_separate (line 1156) - compile ... ok
test crates\copybook-codec\src\numeric.rs - numeric::decode_zoned_decimal_sign_separate (line 1172) - compile ... ok
test crates\copybook-codec\src\numeric.rs - numeric::decode_zoned_decimal_with_scratch (line 3486) - compile ... ok
test crates\copybook-codec\src\numeric.rs - numeric::decode_zoned_decimal_with_scratch (line 3500) - compile ... ok
test crates\copybook-codec\src\numeric.rs - numeric::encode_binary_int (line 2886) - compile ... ok
test crates\copybook-codec\src\numeric.rs - numeric::encode_packed_decimal (line 2673) - compile ... ok
test crates\copybook-codec\src\numeric.rs - numeric::encode_binary_int (line 2897) - compile ... ok
test crates\copybook-codec\src\numeric.rs - numeric::decode_binary_int (line 2209) - compile ... ok
test crates\copybook-codec\src\numeric.rs - numeric::encode_binary_int (line 2908) - compile ... ok
test crates\copybook-codec\src\numeric.rs - numeric::decode_packed_decimal (line 1793) - compile ... ok
test crates\copybook-codec\src\numeric.rs - numeric::encode_binary_int (line 2919) - compile ... ok
test crates\copybook-codec\src\numeric.rs - numeric::encode_packed_decimal (line 2684) - compile ... ok
test crates\copybook-codec\src\numeric.rs - numeric::decode_zoned_decimal_sign_separate (line 1140) - compile ... ok
test crates\copybook-codec\src\numeric.rs - numeric::encode_packed_decimal (line 2695) - compile ... ok
test crates\copybook-codec\src\numeric.rs - numeric::encode_packed_decimal (line 2706) - compile ... ok
test crates\copybook-codec\src\numeric.rs - numeric::encode_packed_decimal (line 2717) - compile ... ok
test crates\copybook-codec\src\numeric.rs - numeric::encode_zoned_decimal (line 2348) - compile ... ok
test crates\copybook-codec\src\numeric.rs - numeric::encode_zoned_decimal (line 2360) - compile ... ok
test crates\copybook-codec\src\numeric.rs - numeric::encode_zoned_decimal (line 2373) - compile ... ok
test crates\copybook-codec\src\numeric.rs - numeric::encode_zoned_decimal (line 2385) - compile ... ok
test crates\copybook-codec\src\numeric.rs - numeric::encode_zoned_decimal_with_format (line 2468) - compile ... ok
test crates\copybook-codec\src\numeric.rs - numeric::encode_zoned_decimal_with_format (line 2483) - compile ... ok
test crates\copybook-codec\src\numeric.rs - numeric::encode_zoned_decimal_with_format (line 2453) - compile ... ok
test crates\copybook-codec\src\lib.rs - iterator (line 151) ... ok
test crates\copybook-codec\src\lib.rs - iterator (line 99) ... ok
test crates\copybook-codec\src\iterator.rs - iterator::RecordIterator<R>::read_raw_record (line 346) ... ok
test crates\copybook-codec\src\lib.rs - iterator (line 207) ... ok
test crates\copybook-codec\src\iterator.rs - iterator::iter_records (line 602) ... ok
test crates\copybook-codec\src\numeric.rs - numeric::create_normalized_decimal (line 233) ... ok
test crates\copybook-codec\src\lib.rs - iterator (line 57) ... ok
test crates\copybook-codec\src\numeric.rs - numeric::zoned_space_byte (line 3202) ... ok
test crates\copybook-codec\src\numeric.rs - numeric::zoned_zone_label (line 3269) ... ok
test crates\copybook-codec\src\numeric.rs - numeric::scale_abs_to_u32 (line 904) ... ok
test crates\copybook-codec\src\lib.rs - iterator (line 181) ... ok
test crates\copybook-codec\src\numeric.rs - numeric::zoned_expected_zone (line 3235) ... ok

test result: ok. 55 passed; 0 failed; 0 ignored; 0 measured; 0 filtered out; finished in 0.11s

all doctests ran in 1.69s; merged doctests compilation took 1.45s
   Doc-tests copybook_codepage

running 0 tests

test result: ok. 0 passed; 0 failed; 0 ignored; 0 measured; 0 filtered out; finished in 0.00s

   Doc-tests copybook_contracts

running 0 tests

test result: ok. 0 passed; 0 failed; 0 ignored; 0 measured; 0 filtered out; finished in 0.00s

   Doc-tests copybook_core

running 3 tests
test crates\copybook-core\src\schema.rs - schema::Schema::find_field_or_alias (line 382) - compile ... ok
test crates\copybook-core\src\schema.rs - schema::Schema::resolve_alias_to_target (line 438) - compile ... ok
test crates\copybook-core\src\lib.rs - (line 29) ... ok

test result: ok. 3 passed; 0 failed; 0 ignored; 0 measured; 0 filtered out; finished in 0.05s

all doctests ran in 1.25s; merged doctests compilation took 1.09s
   Doc-tests copybook_corruption

running 0 tests

test result: ok. 0 passed; 0 failed; 0 ignored; 0 measured; 0 filtered out; finished in 0.00s

   Doc-tests copybook_corruption_detectors

running 0 tests

test result: ok. 0 passed; 0 failed; 0 ignored; 0 measured; 0 filtered out; finished in 0.00s

   Doc-tests copybook_corruption_predicates

running 0 tests

test result: ok. 0 passed; 0 failed; 0 ignored; 0 measured; 0 filtered out; finished in 0.00s

   Doc-tests copybook_corruption_rdw

running 0 tests

test result: ok. 0 passed; 0 failed; 0 ignored; 0 measured; 0 filtered out; finished in 0.00s

   Doc-tests copybook_determinism

running 1 test
test crates\copybook-determinism\src\lib.rs - (line 14) ... ignored

test result: ok. 0 passed; 0 failed; 1 ignored; 0 measured; 0 filtered out; finished in 0.00s

all doctests ran in 1.00s; merged doctests compilation took 0.86s
   Doc-tests copybook_dialect

running 2 tests
test crates\copybook-dialect\src\lib.rs - Dialect (line 27) ... ok
test crates\copybook-dialect\src\lib.rs - effective_min_count (line 114) ... ok

test result: ok. 2 passed; 0 failed; 0 ignored; 0 measured; 0 filtered out; finished in 0.09s

all doctests ran in 1.29s; merged doctests compilation took 1.02s
   Doc-tests copybook_error

running 1 test
test crates\copybook-error\src\lib.rs - Error::new (line 454) ... ok

test result: ok. 1 passed; 0 failed; 0 ignored; 0 measured; 0 filtered out; finished in 0.06s

all doctests ran in 1.00s; merged doctests compilation took 0.85s
   Doc-tests copybook_error_reporter

running 0 tests

test result: ok. 0 passed; 0 failed; 0 ignored; 0 measured; 0 filtered out; finished in 0.00s

   Doc-tests copybook_fixed

running 0 tests

test result: ok. 0 passed; 0 failed; 0 ignored; 0 measured; 0 filtered out; finished in 0.00s

   Doc-tests copybook_gen

running 0 tests

test result: ok. 0 passed; 0 failed; 0 ignored; 0 measured; 0 filtered out; finished in 0.00s

   Doc-tests copybook_governance

running 0 tests

test result: ok. 0 passed; 0 failed; 0 ignored; 0 measured; 0 filtered out; finished in 0.00s

   Doc-tests copybook_governance_contracts

running 0 tests

test result: ok. 0 passed; 0 failed; 0 ignored; 0 measured; 0 filtered out; finished in 0.00s

   Doc-tests copybook_governance_grid

running 0 tests

test result: ok. 0 passed; 0 failed; 0 ignored; 0 measured; 0 filtered out; finished in 0.00s

   Doc-tests copybook_governance_runtime

running 0 tests

test result: ok. 0 passed; 0 failed; 0 ignored; 0 measured; 0 filtered out; finished in 0.00s

   Doc-tests copybook_lexer

running 0 tests

test result: ok. 0 passed; 0 failed; 0 ignored; 0 measured; 0 filtered out; finished in 0.00s

   Doc-tests copybook_options

running 0 tests

test result: ok. 0 passed; 0 failed; 0 ignored; 0 measured; 0 filtered out; finished in 0.00s

   Doc-tests copybook_overflow

running 0 tests

test result: ok. 0 passed; 0 failed; 0 ignored; 0 measured; 0 filtered out; finished in 0.00s

   Doc-tests copybook_overpunch

running 0 tests

test result: ok. 0 passed; 0 failed; 0 ignored; 0 measured; 0 filtered out; finished in 0.00s

   Doc-tests copybook_proptest

running 0 tests

test result: ok. 0 passed; 0 failed; 0 ignored; 0 measured; 0 filtered out; finished in 0.00s

   Doc-tests copybook_rdw

running 0 tests

test result: ok. 0 passed; 0 failed; 0 ignored; 0 measured; 0 filtered out; finished in 0.00s

   Doc-tests copybook_rdw_predicates

running 0 tests

test result: ok. 0 passed; 0 failed; 0 ignored; 0 measured; 0 filtered out; finished in 0.00s

   Doc-tests copybook_record_io

running 0 tests

test result: ok. 0 passed; 0 failed; 0 ignored; 0 measured; 0 filtered out; finished in 0.00s

   Doc-tests copybook_safe_index

running 0 tests

test result: ok. 0 passed; 0 failed; 0 ignored; 0 measured; 0 filtered out; finished in 0.00s

   Doc-tests copybook_safe_ops

running 0 tests

test result: ok. 0 passed; 0 failed; 0 ignored; 0 measured; 0 filtered out; finished in 0.00s

   Doc-tests copybook_safe_text

running 0 tests

test result: ok. 0 passed; 0 failed; 0 ignored; 0 measured; 0 filtered out; finished in 0.00s

   Doc-tests copybook_sequence_ring

running 6 tests
test crates\copybook-sequence-ring\src\lib.rs - SequenceRing (line 94) ... ok
test crates\copybook-sequence-ring\src\lib.rs - SequenceRing<T>::stats (line 319) ... ok
test crates\copybook-sequence-ring\src\lib.rs - SequenceRing<T>::sender (line 184) ... ok
test crates\copybook-sequence-ring\src\lib.rs - SequencedRecord (line 21) ... ok
test crates\copybook-sequence-ring\src\lib.rs - SequenceRing<T>::new (line 152) ... ok
test crates\copybook-sequence-ring\src\lib.rs - SequencedRecord<T>::new (line 54) ... ok

test result: ok. 6 passed; 0 failed; 0 ignored; 0 measured; 0 filtered out; finished in 0.20s

all doctests ran in 1.88s; merged doctests compilation took 1.29s
   Doc-tests copybook_support_matrix

running 0 tests

test result: ok. 0 passed; 0 failed; 0 ignored; 0 measured; 0 filtered out; finished in 0.00s

   Doc-tests copybook_utils

running 0 tests

test result: ok. 0 passed; 0 failed; 0 ignored; 0 measured; 0 filtered out; finished in 0.00s

   Doc-tests copybook_zoned_format

running 0 tests

test result: ok. 0 passed; 0 failed; 0 ignored; 0 measured; 0 filtered out; finished in 0.00s

   Doc-tests xtask

running 0 tests

test result: ok. 0 passed; 0 failed; 0 ignored; 0 measured; 0 filtered out; finished in 0.00s

error: 2 targets failed:
    `-p copybook-proptest --lib`
    `-p copybook-proptest --bin proptest`
